<testsuites id="" name="" tests="725" failures="128" skipped="0" errors="0" time="4036.3463370000004">
<testsuite name="ai-identity-flows.spec.ts" timestamp="2026-03-22T13:31:33.877Z" hostname="chromium" tests="12" failures="0" skipped="0" time="53.191" errors="0">
<testcase name="AI Identity Flows - Navigation &amp; UI › AI Identity Architectures › loads AI Identity Architectures page with V9 styling" classname="ai-identity-flows.spec.ts" time="5.003">
</testcase>
<testcase name="AI Identity Flows - Navigation &amp; UI › AI Identity Architectures › displays collapsible sections properly" classname="ai-identity-flows.spec.ts" time="5.218">
</testcase>
<testcase name="AI Identity Flows - Navigation &amp; UI › OIDC for AI › loads OIDC for AI page with V9 styling" classname="ai-identity-flows.spec.ts" time="3.193">
</testcase>
<testcase name="AI Identity Flows - Navigation &amp; UI › OIDC for AI › shows proper OIDC content and links" classname="ai-identity-flows.spec.ts" time="3.827">
</testcase>
<testcase name="AI Identity Flows - Navigation &amp; UI › OAuth for AI › loads OAuth for AI page with V9 styling" classname="ai-identity-flows.spec.ts" time="8.108">
</testcase>
<testcase name="AI Identity Flows - Navigation &amp; UI › OAuth for AI › displays OAuth compatibility table" classname="ai-identity-flows.spec.ts" time="2.706">
</testcase>
<testcase name="AI Identity Flows - Navigation &amp; UI › PingOne AI Perspective › loads PingOne AI Perspective page with V9 styling" classname="ai-identity-flows.spec.ts" time="1.973">
</testcase>
<testcase name="AI Identity Flows - Navigation &amp; UI › PingOne AI Perspective › shows PingOne-specific content" classname="ai-identity-flows.spec.ts" time="2.793">
</testcase>
<testcase name="AI Identity Flows - Navigation &amp; UI › Ping AI Resources › loads Ping AI Resources page with V9 styling" classname="ai-identity-flows.spec.ts" time="3.424">
</testcase>
<testcase name="AI Identity Flows - Navigation &amp; UI › Ping AI Resources › displays resource cards and links" classname="ai-identity-flows.spec.ts" time="3.418">
</testcase>
<testcase name="AI Identity Flows - Navigation &amp; UI › Cross-navigation between AI flows › can navigate between all AI flows" classname="ai-identity-flows.spec.ts" time="8.379">
</testcase>
<testcase name="AI Identity Flows - Navigation &amp; UI › Cross-navigation between AI flows › all AI flows have proper V9 fluid layout" classname="ai-identity-flows.spec.ts" time="5.149">
</testcase>
</testsuite>
<testsuite name="dashboard-groups-simple.spec.ts" timestamp="2026-03-22T13:31:33.877Z" hostname="chromium" tests="13" failures="0" skipped="0" time="92.714" errors="0">
<testcase name="Dashboard Groups - Simple Tests › dashboard loads with all section headers" classname="dashboard-groups-simple.spec.ts" time="7.667">
<system-out>
<![CDATA[✅ Found 6 elements with selector: button[id^="header-"]
✅ Found 1 elements with selector: h3:has-text("Dashboard")
✅ Found 1 elements with selector: h3:has-text("API Status")
✅ Found 1 elements with selector: h3:has-text("Custom Domain")
✅ Found 1 elements with selector: h3:has-text("API Endpoints")
✅ Found 1 elements with selector: h3:has-text("Quick Access")
✅ Found 1 elements with selector: h3:has-text("Recent Activity")
Total dashboard sections found: 12
]]>
</system-out>
</testcase>
<testcase name="Dashboard Groups - Simple Tests › can find and interact with Dashboard section" classname="dashboard-groups-simple.spec.ts" time="7.429">
<system-out>
<![CDATA[Found Dashboard header by ID
✅ Dashboard section header is visible
]]>
</system-out>
</testcase>
<testcase name="Dashboard Groups - Simple Tests › can find API Status section" classname="dashboard-groups-simple.spec.ts" time="6.124">
<system-out>
<![CDATA[✅ Found API Status with selector: #header-api-status
]]>
</system-out>
</testcase>
<testcase name="Dashboard Groups - Simple Tests › can find Custom Domain Config section" classname="dashboard-groups-simple.spec.ts" time="6.188">
<system-out>
<![CDATA[✅ Found Custom Domain Config with selector: #header-custom-domain-config
]]>
</system-out>
</testcase>
<testcase name="Dashboard Groups - Simple Tests › can find API Endpoints section" classname="dashboard-groups-simple.spec.ts" time="7.161">
<system-out>
<![CDATA[✅ Found API Endpoints with selector: #header-available-api-endpoints
]]>
</system-out>
</testcase>
<testcase name="Dashboard Groups - Simple Tests › can find Quick Access Flows section" classname="dashboard-groups-simple.spec.ts" time="7.143">
<system-out>
<![CDATA[✅ Found Quick Access Flows with selector: #header-quick-access-flows
]]>
</system-out>
</testcase>
<testcase name="Dashboard Groups - Simple Tests › can find Recent Activity section" classname="dashboard-groups-simple.spec.ts" time="6.175">
<system-out>
<![CDATA[✅ Found Recent Activity with selector: #header-recent-activity
]]>
</system-out>
</testcase>
<testcase name="Dashboard Groups - Simple Tests › sections have proper structure with titles and subtitles" classname="dashboard-groups-simple.spec.ts" time="7.876">
<system-out>
<![CDATA[✅ Found title: Dashboard
✅ Found title: API Status
✅ Found title: Custom Domain Config
✅ Found title: Available API Endpoints
✅ Found title: Quick Access Flows
✅ Found title: Recent Activity
Found 6 out of 6 expected titles
]]>
</system-out>
</testcase>
<testcase name="Dashboard Groups - Simple Tests › page contains dashboard-related content" classname="dashboard-groups-simple.spec.ts" time="7.243">
<system-out>
<![CDATA[✅ Found content: text=Monitor system status
✅ Found content: text=explore OAuth flows
✅ Found content: text=track recent activity
✅ Found content: text=Server health
✅ Found content: text=API endpoints
✅ Found content: text=OAuth 2.0
✅ Found content: text=OpenID Connect
Found 7 dashboard content elements
]]>
</system-out>
</testcase>
<testcase name="Dashboard Groups - Simple Tests › sections have interactive elements" classname="dashboard-groups-simple.spec.ts" time="8.126">
<system-out>
<![CDATA[✅ Found 27 button elements
✅ Found 131 a[href] elements
✅ Found 14 .btn elements
Total interactive elements found: 172
]]>
</system-out>
</testcase>
<testcase name="Dashboard Groups - Simple Tests › dashboard has proper visual structure" classname="dashboard-groups-simple.spec.ts" time="7.3">
<system-out>
<![CDATA[✅ Found 6 .section-wrap elements
✅ Found 6 [class*="section"] elements
✅ Found 19 [class*="header"] elements
✅ Found 2 .card elements
Total visual structure elements found: 33
]]>
</system-out>
</testcase>
<testcase name="Dashboard Groups - Simple Tests › dashboard contains status indicators or badges" classname="dashboard-groups-simple.spec.ts" time="6.64">
<system-out>
<![CDATA[✅ Found 3 .badge elements
✅ Found 94 .version-badge elements
✅ Found 4 [class*="success"] elements
✅ Found 1 [class*="danger"] elements
Found 102 status indicators
]]>
</system-out>
</testcase>
<testcase name="Dashboard Groups - Simple Tests › dashboard is accessible and keyboard navigable" classname="dashboard-groups-simple.spec.ts" time="7.642">
<system-out>
<![CDATA[✅ Found 27 keyboard-navigable button:not([disabled]) elements
✅ Found 131 keyboard-navigable a[href] elements
✅ Found 2 keyboard-navigable input:not([disabled]) elements
✅ Found 1 keyboard-navigable select:not([disabled]) elements
Total keyboard-navigable elements found: 161
]]>
</system-out>
</testcase>
</testsuite>
<testsuite name="dashboard-groups-targeted.spec.ts" timestamp="2026-03-22T13:31:33.877Z" hostname="chromium" tests="12" failures="2" skipped="0" time="99.954" errors="0">
<testcase name="Dashboard Groups - Targeted Tests › dashboard page loads with all six main sections" classname="dashboard-groups-targeted.spec.ts" time="3.016">
<failure message="dashboard-groups-targeted.spec.ts:15:2 dashboard page loads with all six main sections" type="FAILURE">
<![CDATA[  [chromium] › dashboard-groups-targeted.spec.ts:15:2 › Dashboard Groups - Targeted Tests › dashboard page loads with all six main sections 

    Error: expect(received).toBe(expected) // Object.is equality

    Expected: 6
    Received: 0

      21 | 		const headerCount = await sectionHeaders.count();
      22 |
    > 23 | 		expect(headerCount).toBe(6); // Should have exactly 6 sections
         | 		                    ^
      24 | 		console.log(`Found ${headerCount} dashboard sections`);
      25 |
      26 | 		// Verify specific section titles
        at /Users/cmuir/P1Import-apps/oauth-playground/tests/e2e/dashboard-groups-targeted.spec.ts:23:23

    attachment #1: screenshot (image/png) ──────────────────────────────────────────────────────────
    ../../test-results/dashboard-groups-targeted--6b2d3--with-all-six-main-sections-chromium/test-failed-1.png
    ────────────────────────────────────────────────────────────────────────────────────────────────

    attachment #2: video (video/webm) ──────────────────────────────────────────────────────────────
    ../../test-results/dashboard-groups-targeted--6b2d3--with-all-six-main-sections-chromium/video.webm
    ────────────────────────────────────────────────────────────────────────────────────────────────

    Error Context: ../../test-results/dashboard-groups-targeted--6b2d3--with-all-six-main-sections-chromium/error-context.md
]]>
</failure>
<system-out>
<![CDATA[
[[ATTACHMENT|dashboard-groups-targeted--6b2d3--with-all-six-main-sections-chromium/test-failed-1.png]]

[[ATTACHMENT|dashboard-groups-targeted--6b2d3--with-all-six-main-sections-chromium/video.webm]]

[[ATTACHMENT|dashboard-groups-targeted--6b2d3--with-all-six-main-sections-chromium/error-context.md]]
]]>
</system-out>
</testcase>
<testcase name="Dashboard Groups - Targeted Tests › each section has proper CollapsibleHeader structure" classname="dashboard-groups-targeted.spec.ts" time="3.651">
</testcase>
<testcase name="Dashboard Groups - Targeted Tests › all sections are collapsible and expandable" classname="dashboard-groups-targeted.spec.ts" time="3.401">
</testcase>
<testcase name="Dashboard Groups - Targeted Tests › Dashboard section content validation" classname="dashboard-groups-targeted.spec.ts" time="2.246">
<system-out>
<![CDATA[✅ Dashboard section has icon
]]>
</system-out>
</testcase>
<testcase name="Dashboard Groups - Targeted Tests › API Status section functionality" classname="dashboard-groups-targeted.spec.ts" time="4.034">
<system-out>
<![CDATA[Found 3 status indicators in API Status
]]>
</system-out>
</testcase>
<testcase name="Dashboard Groups - Targeted Tests › Custom Domain Config section" classname="dashboard-groups-targeted.spec.ts" time="2.547">
<system-out>
<![CDATA[Found 2 configuration inputs
✅ Custom Domain Config has action buttons
]]>
</system-out>
</testcase>
<testcase name="Dashboard Groups - Targeted Tests › API Endpoints section displays endpoints" classname="dashboard-groups-targeted.spec.ts" time="4.49">
<system-out>
<![CDATA[Found 22 method badges
✅ Found GET method
✅ Found POST method
Found 22 API endpoints
]]>
</system-out>
</testcase>
<testcase name="Dashboard Groups - Targeted Tests › Quick Access Flows section" classname="dashboard-groups-targeted.spec.ts" time="3.398">
<system-out>
<![CDATA[Found 11 flow links/buttons
✅ Found Authorization Code flow
✅ Found Client Credentials flow
✅ Found Implicit flow
✅ Found Device flow
]]>
</system-out>
</testcase>
<testcase name="Dashboard Groups - Targeted Tests › Recent Activity section" classname="dashboard-groups-targeted.spec.ts" time="2.795">
<system-out>
<![CDATA[Found 2 activity items
]]>
</system-out>
</testcase>
<testcase name="Dashboard Groups - Targeted Tests › section independence - toggling one doesn&apos;t affect others" classname="dashboard-groups-targeted.spec.ts" time="5.831">
<system-out>
<![CDATA[✅ Section independence verified
]]>
</system-out>
</testcase>
<testcase name="Dashboard Groups - Targeted Tests › keyboard navigation works for all sections" classname="dashboard-groups-targeted.spec.ts" time="3.338">
<system-out>
<![CDATA[✅ Keyboard navigation works for all sections
]]>
</system-out>
</testcase>
<testcase name="Dashboard Groups - Targeted Tests › responsive behavior across screen sizes" classname="dashboard-groups-targeted.spec.ts" time="61.207">
<failure message="dashboard-groups-targeted.spec.ts:387:2 responsive behavior across screen sizes" type="FAILURE">
<![CDATA[  [chromium] › dashboard-groups-targeted.spec.ts:387:2 › Dashboard Groups - Targeted Tests › responsive behavior across screen sizes 

    Test timeout of 60000ms exceeded.

    Error: locator.click: Test timeout of 60000ms exceeded.
    Call log:
      - waiting for locator('button[id^="header-"]').first()
        - locator resolved to <button aria-expanded="true" id="header-dashboard" class="sc-eBwKMo jQesht" aria-controls="content-dashboard">…</button>
      - attempting click action
        - waiting for element to be visible, enabled and stable
        - element is visible, enabled and stable
        - scrolling into view if needed
        - done scrolling
        - element is outside of the viewport
      - retrying click action
        - waiting for element to be visible, enabled and stable
        - element is visible, enabled and stable
        - scrolling into view if needed
        - done scrolling
        - <span class="version-badge" title="V9 Modern Messaging + Ping UI v9.16.23">V9 v9.16.23</span> from <div class="sc-ggpjZP cFafLi sidebar--ping sidebar--ping-admin">…</div> subtree intercepts pointer events
      - retrying click action
        - waiting 20ms
        - waiting for element to be visible, enabled and stable
        - element is visible, enabled and stable
        - scrolling into view if needed
        - done scrolling
        - <div class="sc-cmaqme jAwPgd" title="Drag to resize sidebar"></div> from <div class="sc-ggpjZP cFafLi sidebar--ping sidebar--ping-admin">…</div> subtree intercepts pointer events
      2 × retrying click action
          - waiting 100ms
          - waiting for element to be visible, enabled and stable
          - element is visible, enabled and stable
          - scrolling into view if needed
          - done scrolling
          - element is outside of the viewport
      24 × retrying click action
           - waiting 500ms
           - waiting for element to be visible, enabled and stable
           - element is visible, enabled and stable
           - scrolling into view if needed
           - done scrolling
           - <span class="version-badge" title="V9 Modern Messaging + Ping UI v9.16.23">V9 v9.16.23</span> from <div class="sc-ggpjZP cFafLi sidebar--ping sidebar--ping-admin">…</div> subtree intercepts pointer events
         - retrying click action
           - waiting 500ms
           - waiting for element to be visible, enabled and stable
           - element is visible, enabled and stable
           - scrolling into view if needed
           - done scrolling
           - <div class="sc-cmaqme jAwPgd" title="Drag to resize sidebar"></div> from <div class="sc-ggpjZP cFafLi sidebar--ping sidebar--ping-admin">…</div> subtree intercepts pointer events
         - retrying click action
           - waiting 500ms
           - waiting for element to be visible, enabled and stable
           - element is visible, enabled and stable
           - scrolling into view if needed
           - done scrolling
           - element is outside of the viewport
         - retrying click action
           - waiting 500ms
           - waiting for element to be visible, enabled and stable
           - element is visible, enabled and stable
           - scrolling into view if needed
           - done scrolling
           - element is outside of the viewport
      - retrying click action
        - waiting 500ms
        - waiting for element to be visible, enabled and stable
        - element is visible, enabled and stable
        - scrolling into view if needed
        - done scrolling
        - <span class="version-badge" title="V9 Modern Messaging + Ping UI v9.16.23">V9 v9.16.23</span> from <div class="sc-ggpjZP cFafLi sidebar--ping sidebar--ping-admin">…</div> subtree intercepts pointer events
      - retrying click action
        - waiting 500ms
        - waiting for element to be visible, enabled and stable
        - element is visible, enabled and stable
        - scrolling into view if needed
        - done scrolling
        - <div class="sc-cmaqme jAwPgd" title="Drag to resize sidebar"></div> from <div class="sc-ggpjZP cFafLi sidebar--ping sidebar--ping-admin">…</div> subtree intercepts pointer events
      - retrying click action
        - waiting 500ms
        - waiting for element to be visible, enabled and stable
        - element is visible, enabled and stable
        - scrolling into view if needed
        - done scrolling


      415 | 		const firstHeader = sectionHeaders.first();
      416 | 		const initialExpanded = await firstHeader.getAttribute('aria-expanded');
    > 417 | 		await firstHeader.click();
          | 		                  ^
      418 | 		await page.waitForTimeout(500);
      419 | 		const newExpanded = await firstHeader.getAttribute('aria-expanded');
      420 | 		expect(newExpanded).not.toBe(initialExpanded);
        at /Users/cmuir/P1Import-apps/oauth-playground/tests/e2e/dashboard-groups-targeted.spec.ts:417:21

    attachment #1: screenshot (image/png) ──────────────────────────────────────────────────────────
    ../../test-results/dashboard-groups-targeted--7d0bd-ehavior-across-screen-sizes-chromium/test-failed-1.png
    ────────────────────────────────────────────────────────────────────────────────────────────────

    attachment #2: video (video/webm) ──────────────────────────────────────────────────────────────
    ../../test-results/dashboard-groups-targeted--7d0bd-ehavior-across-screen-sizes-chromium/video.webm
    ────────────────────────────────────────────────────────────────────────────────────────────────

    Error Context: ../../test-results/dashboard-groups-targeted--7d0bd-ehavior-across-screen-sizes-chromium/error-context.md
]]>
</failure>
<system-out>
<![CDATA[✅ Responsive: Desktop(6), Tablet(6), Mobile(6)

[[ATTACHMENT|dashboard-groups-targeted--7d0bd-ehavior-across-screen-sizes-chromium/test-failed-1.png]]

[[ATTACHMENT|dashboard-groups-targeted--7d0bd-ehavior-across-screen-sizes-chromium/video.webm]]

[[ATTACHMENT|dashboard-groups-targeted--7d0bd-ehavior-across-screen-sizes-chromium/error-context.md]]
]]>
</system-out>
</testcase>
</testsuite>
<testsuite name="dashboard-groups.spec.ts" timestamp="2026-03-22T13:31:33.877Z" hostname="chromium" tests="15" failures="11" skipped="0" time="233.541" errors="0">
<testcase name="Dashboard Groups - Core Functionality › dashboard page loads with all sections" classname="dashboard-groups.spec.ts" time="4.895">
<system-out>
<![CDATA[✅ Found section: Dashboard
✅ Found section: API Status
✅ Found section: Custom Domain Config
✅ Found section: Available API Endpoints
✅ Found section: Quick Access Flows
✅ Found section: Recent Activity
]]>
</system-out>
</testcase>
<testcase name="Dashboard Groups - Core Functionality › all dashboard groups are collapsible" classname="dashboard-groups.spec.ts" time="3.505">
<failure message="dashboard-groups.spec.ts:39:2 all dashboard groups are collapsible" type="FAILURE">
<![CDATA[  [chromium] › dashboard-groups.spec.ts:39:2 › Dashboard Groups - Core Functionality › all dashboard groups are collapsible 

    Error: expect(received).toBeGreaterThan(expected)

    Expected: > 0
    Received:   0

      44 | 		const headerCount = await collapsibleHeaders.count();
      45 |
    > 46 | 		expect(headerCount).toBeGreaterThan(0);
         | 		                    ^
      47 | 		console.log(`Found ${headerCount} collapsible headers`);
      48 |
      49 | 		// Test each collapsible section
        at /Users/cmuir/P1Import-apps/oauth-playground/tests/e2e/dashboard-groups.spec.ts:46:23

    attachment #1: screenshot (image/png) ──────────────────────────────────────────────────────────
    ../../test-results/dashboard-groups-Dashboard-37e98-oard-groups-are-collapsible-chromium/test-failed-1.png
    ────────────────────────────────────────────────────────────────────────────────────────────────

    attachment #2: video (video/webm) ──────────────────────────────────────────────────────────────
    ../../test-results/dashboard-groups-Dashboard-37e98-oard-groups-are-collapsible-chromium/video.webm
    ────────────────────────────────────────────────────────────────────────────────────────────────

    Error Context: ../../test-results/dashboard-groups-Dashboard-37e98-oard-groups-are-collapsible-chromium/error-context.md
]]>
</failure>
<system-out>
<![CDATA[
[[ATTACHMENT|dashboard-groups-Dashboard-37e98-oard-groups-are-collapsible-chromium/test-failed-1.png]]

[[ATTACHMENT|dashboard-groups-Dashboard-37e98-oard-groups-are-collapsible-chromium/video.webm]]

[[ATTACHMENT|dashboard-groups-Dashboard-37e98-oard-groups-are-collapsible-chromium/error-context.md]]
]]>
</system-out>
</testcase>
<testcase name="Dashboard Groups - Core Functionality › dashboard header section content" classname="dashboard-groups.spec.ts" time="3.682">
</testcase>
<testcase name="Dashboard Groups - Core Functionality › API Status section functionality" classname="dashboard-groups.spec.ts" time="3.324">
<failure message="dashboard-groups.spec.ts:94:2 API Status section functionality" type="FAILURE">
<![CDATA[  [chromium] › dashboard-groups.spec.ts:94:2 › Dashboard Groups - Core Functionality › API Status section functionality 

    Error: expect(locator).toBeVisible() failed

    Locator: getByText(/Server health|Backend health|Global Configuration/i)
    Expected: visible
    Error: strict mode violation: getByText(/Server health|Backend health|Global Configuration/i) resolved to 2 elements:
        1) <p class="sc-duAPiq lcTxkG">Server health (shared with API Status page)</p> aka getByRole('button', { name: 'API Status Server health (' })
        2) <p class="text-small text-muted mb-1">Backend health check</p> aka getByText('Backend health check')

    Call log:
      - Expect "toBeVisible" with timeout 5000ms
      - waiting for getByText(/Server health|Backend health|Global Configuration/i)


      105 |
      106 | 		// Check for API status content
    > 107 | 		await expect(page.getByText(/Server health|Backend health|Global Configuration/i)).toBeVisible({
          | 		                                                                                   ^
      108 | 			timeout: 5000,
      109 | 		});
      110 |
        at /Users/cmuir/P1Import-apps/oauth-playground/tests/e2e/dashboard-groups.spec.ts:107:86

    attachment #1: screenshot (image/png) ──────────────────────────────────────────────────────────
    ../../test-results/dashboard-groups-Dashboard-24af3-tatus-section-functionality-chromium/test-failed-1.png
    ────────────────────────────────────────────────────────────────────────────────────────────────

    attachment #2: video (video/webm) ──────────────────────────────────────────────────────────────
    ../../test-results/dashboard-groups-Dashboard-24af3-tatus-section-functionality-chromium/video.webm
    ────────────────────────────────────────────────────────────────────────────────────────────────

    Error Context: ../../test-results/dashboard-groups-Dashboard-24af3-tatus-section-functionality-chromium/error-context.md
]]>
</failure>
<system-out>
<![CDATA[
[[ATTACHMENT|dashboard-groups-Dashboard-24af3-tatus-section-functionality-chromium/test-failed-1.png]]

[[ATTACHMENT|dashboard-groups-Dashboard-24af3-tatus-section-functionality-chromium/video.webm]]

[[ATTACHMENT|dashboard-groups-Dashboard-24af3-tatus-section-functionality-chromium/error-context.md]]
]]>
</system-out>
</testcase>
<testcase name="Dashboard Groups - Core Functionality › Custom Domain Config section" classname="dashboard-groups.spec.ts" time="3.415">
<failure message="dashboard-groups.spec.ts:124:2 Custom Domain Config section" type="FAILURE">
<![CDATA[  [chromium] › dashboard-groups.spec.ts:124:2 › Dashboard Groups - Core Functionality › Custom Domain Config section 

    Error: expect(locator).toBeVisible() failed

    Locator: getByText(/App URL and custom domain|HTTPS|domain/i)
    Expected: visible
    Error: strict mode violation: getByText(/App URL and custom domain|HTTPS|domain/i) resolved to 13 elements:
        1) <span class="sidebar-ping__item-label">Custom Domain & API Test</span> aka getByRole('link', { name: 'Custom Domain & API Test ADMIN' })
        2) <span>3000 (HTTPS)</span> aka getByText('3000 (HTTPS)')
        3) <span>3001 (HTTPS)</span> aka getByText('3001 (HTTPS)')
        4) <h3 class="sc-lgjHQT bCIGuJ">Custom Domain Config</h3> aka getByRole('button', { name: 'Custom Domain Config App URL' })
        5) <p class="sc-fatcLE dMpeTv">App URL and custom domain (always HTTPS)</p> aka getByRole('button', { name: 'Custom Domain Config App URL' })
        6) <span class="fw-600 text-muted">App URL (HTTPS):</span> aka getByText('App URL (HTTPS):')
        7) <code class="text-small fw-600">https://api.pingdemo.com:3000</code> aka getByText('https://api.pingdemo.com:')
        8) <label for="dashboard-custom-domain" class="fw-600 text-muted text-small">Custom domain (hostname only)</label> aka getByText('Custom domain (hostname only)')
        9) <button type="button" class="btn btn-oauth align-self-start" aria-label="Save custom domain and open app at new URL">…</button> aka getByRole('button', { name: 'Save custom domain and open' })
        10) <code class="text-small fw-600">/api/settings/custom-domain</code> aka getByText('/api/settings/custom-domain').first()
        ...

    Call log:
      - Expect "toBeVisible" with timeout 5000ms
      - waiting for getByText(/App URL and custom domain|HTTPS|domain/i)


      135 |
      136 | 		// Check for domain configuration content
    > 137 | 		await expect(page.getByText(/App URL and custom domain|HTTPS|domain/i)).toBeVisible({
          | 		                                                                        ^
      138 | 			timeout: 5000,
      139 | 		});
      140 |
        at /Users/cmuir/P1Import-apps/oauth-playground/tests/e2e/dashboard-groups.spec.ts:137:75

    attachment #1: screenshot (image/png) ──────────────────────────────────────────────────────────
    ../../test-results/dashboard-groups-Dashboard-1dd9f-ustom-Domain-Config-section-chromium/test-failed-1.png
    ────────────────────────────────────────────────────────────────────────────────────────────────

    attachment #2: video (video/webm) ──────────────────────────────────────────────────────────────
    ../../test-results/dashboard-groups-Dashboard-1dd9f-ustom-Domain-Config-section-chromium/video.webm
    ────────────────────────────────────────────────────────────────────────────────────────────────

    Error Context: ../../test-results/dashboard-groups-Dashboard-1dd9f-ustom-Domain-Config-section-chromium/error-context.md
]]>
</failure>
<system-out>
<![CDATA[
[[ATTACHMENT|dashboard-groups-Dashboard-1dd9f-ustom-Domain-Config-section-chromium/test-failed-1.png]]

[[ATTACHMENT|dashboard-groups-Dashboard-1dd9f-ustom-Domain-Config-section-chromium/video.webm]]

[[ATTACHMENT|dashboard-groups-Dashboard-1dd9f-ustom-Domain-Config-section-chromium/error-context.md]]
]]>
</system-out>
</testcase>
<testcase name="Dashboard Groups - Core Functionality › API Endpoints section displays endpoints" classname="dashboard-groups.spec.ts" time="4.112">
<failure message="dashboard-groups.spec.ts:156:2 API Endpoints section displays endpoints" type="FAILURE">
<![CDATA[  [chromium] › dashboard-groups.spec.ts:156:2 › Dashboard Groups - Core Functionality › API Endpoints section displays endpoints 

    Error: expect(locator).toBeVisible() failed

    Locator: getByText(/Backend API endpoints|OAuth|OIDC/i)
    Expected: visible
    Error: strict mode violation: getByText(/Backend API endpoints|OAuth|OIDC/i) resolved to 26 elements:
        1) <span>OIDC Discovery</span> aka getByRole('link', { name: 'OIDC Discovery tool' })
        2) <span class="sidebar-ping__item-label">OIDC Discovery</span> aka getByRole('link', { name: 'OIDC Discovery V9 v9.16.23' })
        3) <span class="sidebar-ping__item-label">Unified OAuth & OIDC</span> aka getByRole('link', { name: 'Unified OAuth & OIDC LIVE' })
        4) <span class="sidebar-ping__item-label">OIDC Overview</span> aka getByRole('link', { name: 'OIDC Overview DOCS' })
        5) <span class="sidebar-ping__item-label">OAuth 2.1 Specification</span> aka getByRole('link', { name: 'OAuth 2.1 Specification DOCS' })
        6) <span class="sidebar-ping__item-label">OAuth 2.0 Security Best Practices</span> aka getByRole('link', { name: 'OAuth 2.0 Security Best' })
        7) <span class="sidebar-ping__item-label">OAuth Education</span> aka getByRole('link', { name: 'OAuth Education DOCS' })
        8) <span class="sidebar-ping__item-label">Advanced OAuth Parameters Demo</span> aka getByRole('link', { name: 'Advanced OAuth Parameters' })
        9) <span class="sidebar-ping__item-label">OAuth Scopes Reference</span> aka getByRole('link', { name: 'OAuth Scopes Reference DOCS' })
        10) <span class="sidebar-ping__item-label">OIDC Specifications</span> aka getByRole('link', { name: 'OIDC Specifications DOCS' })
        ...

    Call log:
      - Expect "toBeVisible" with timeout 5000ms
      - waiting for getByText(/Backend API endpoints|OAuth|OIDC/i)


      167 |
      168 | 		// Check for API endpoints content
    > 169 | 		await expect(page.getByText(/Backend API endpoints|OAuth|OIDC/i)).toBeVisible({
          | 		                                                                  ^
      170 | 			timeout: 5000,
      171 | 		});
      172 |
        at /Users/cmuir/P1Import-apps/oauth-playground/tests/e2e/dashboard-groups.spec.ts:169:69

    attachment #1: screenshot (image/png) ──────────────────────────────────────────────────────────
    ../../test-results/dashboard-groups-Dashboard-8d65a--section-displays-endpoints-chromium/test-failed-1.png
    ────────────────────────────────────────────────────────────────────────────────────────────────

    attachment #2: video (video/webm) ──────────────────────────────────────────────────────────────
    ../../test-results/dashboard-groups-Dashboard-8d65a--section-displays-endpoints-chromium/video.webm
    ────────────────────────────────────────────────────────────────────────────────────────────────

    Error Context: ../../test-results/dashboard-groups-Dashboard-8d65a--section-displays-endpoints-chromium/error-context.md
]]>
</failure>
<system-out>
<![CDATA[
[[ATTACHMENT|dashboard-groups-Dashboard-8d65a--section-displays-endpoints-chromium/test-failed-1.png]]

[[ATTACHMENT|dashboard-groups-Dashboard-8d65a--section-displays-endpoints-chromium/video.webm]]

[[ATTACHMENT|dashboard-groups-Dashboard-8d65a--section-displays-endpoints-chromium/error-context.md]]
]]>
</system-out>
</testcase>
<testcase name="Dashboard Groups - Core Functionality › Quick Access Flows section" classname="dashboard-groups.spec.ts" time="2.908">
<failure message="dashboard-groups.spec.ts:195:2 Quick Access Flows section" type="FAILURE">
<![CDATA[  [chromium] › dashboard-groups.spec.ts:195:2 › Dashboard Groups - Core Functionality › Quick Access Flows section 

    Error: expect(locator).toBeVisible() failed

    Locator: getByText(/OAuth 2\.0|OpenID Connect|flows/i)
    Expected: visible
    Error: strict mode violation: getByText(/OAuth 2\.0|OpenID Connect|flows/i) resolved to 12 elements:
        1) <span>…</span> aka getByRole('button', { name: 'Mock Flows' })
        2) <span class="sidebar-ping__item-label">OAuth 2.0 Security Best Practices</span> aka getByRole('link', { name: 'OAuth 2.0 Security Best' })
        3) <p class="sc-duAPiq lcTxkG">Monitor system status, explore OAuth flows, and t…</p> aka getByRole('button', { name: 'Dashboard Monitor system' })
        4) <h3 class="sc-hLwbit bHZzOJ">Quick Access Flows</h3> aka getByRole('button', { name: 'Quick Access Flows Explore' })
        5) <p class="sc-duAPiq lcTxkG">Explore OAuth 2.0 and OpenID Connect flows</p> aka getByRole('button', { name: 'Quick Access Flows Explore' })
        6) <p class="text-muted mb-3">Explore OAuth 2.0 and OpenID Connect flows. Defau…</p> aka getByText('Explore OAuth 2.0 and OpenID Connect flows. Defaults are secure-by-default (')
        7) <h3>OAuth 2.0</h3> aka getByRole('heading', { name: 'OAuth' })
        8) <p>Standards-based authorization flows. Recommended:…</p> aka getByText('Standards-based authorization')
        9) <h3>OpenID Connect</h3> aka getByRole('heading', { name: 'OpenID Connect' })
        10) <p>Identity layer on top of OAuth 2.0.</p> aka getByText('Identity layer on top of OAuth')
        ...

    Call log:
      - Expect "toBeVisible" with timeout 5000ms
      - waiting for getByText(/OAuth 2\.0|OpenID Connect|flows/i)


      206 |
      207 | 		// Check for flows content
    > 208 | 		await expect(page.getByText(/OAuth 2\.0|OpenID Connect|flows/i)).toBeVisible({ timeout: 5000 });
          | 		                                                                 ^
      209 |
      210 | 		// Look for flow links or buttons
      211 | 		const flowLinks = page.locator(
        at /Users/cmuir/P1Import-apps/oauth-playground/tests/e2e/dashboard-groups.spec.ts:208:68

    attachment #1: screenshot (image/png) ──────────────────────────────────────────────────────────
    ../../test-results/dashboard-groups-Dashboard-1dc4e--Quick-Access-Flows-section-chromium/test-failed-1.png
    ────────────────────────────────────────────────────────────────────────────────────────────────

    attachment #2: video (video/webm) ──────────────────────────────────────────────────────────────
    ../../test-results/dashboard-groups-Dashboard-1dc4e--Quick-Access-Flows-section-chromium/video.webm
    ────────────────────────────────────────────────────────────────────────────────────────────────

    Error Context: ../../test-results/dashboard-groups-Dashboard-1dc4e--Quick-Access-Flows-section-chromium/error-context.md
]]>
</failure>
<system-out>
<![CDATA[
[[ATTACHMENT|dashboard-groups-Dashboard-1dc4e--Quick-Access-Flows-section-chromium/test-failed-1.png]]

[[ATTACHMENT|dashboard-groups-Dashboard-1dc4e--Quick-Access-Flows-section-chromium/video.webm]]

[[ATTACHMENT|dashboard-groups-Dashboard-1dc4e--Quick-Access-Flows-section-chromium/error-context.md]]
]]>
</system-out>
</testcase>
<testcase name="Dashboard Groups - Core Functionality › Recent Activity section" classname="dashboard-groups.spec.ts" time="2.444">
<system-out>
<![CDATA[Found 4 activity items
✅ Refresh button found
]]>
</system-out>
</testcase>
<testcase name="Dashboard Groups - Interaction Tests › can toggle multiple sections independently" classname="dashboard-groups.spec.ts" time="60.636">
<failure message="dashboard-groups.spec.ts:277:2 can toggle multiple sections independently" type="FAILURE">
<![CDATA[  [chromium] › dashboard-groups.spec.ts:277:2 › Dashboard Groups - Interaction Tests › can toggle multiple sections independently 

    Test timeout of 60000ms exceeded.

    Error: locator.click: Test timeout of 60000ms exceeded.
    Call log:
      - waiting for locator('text=Dashboard').first()
        - locator resolved to <span>Dashboard</span>
      - attempting click action
        2 × waiting for element to be visible, enabled and stable
          - element is visible, enabled and stable
          - scrolling into view if needed
          - done scrolling
          - element is outside of the viewport
        - retrying click action
        - waiting 20ms
        2 × waiting for element to be visible, enabled and stable
          - element is visible, enabled and stable
          - scrolling into view if needed
          - done scrolling
          - element is outside of the viewport
        - retrying click action
          - waiting 100ms
        110 × waiting for element to be visible, enabled and stable
            - element is visible, enabled and stable
            - scrolling into view if needed
            - done scrolling
            - element is outside of the viewport
          - retrying click action
            - waiting 500ms


      295 |
      296 | 			// Toggle
    > 297 | 			await sectionHeader.click();
          | 			                    ^
      298 | 			await page.waitForTimeout(300);
      299 |
      300 | 			// Verify state changed
        at /Users/cmuir/P1Import-apps/oauth-playground/tests/e2e/dashboard-groups.spec.ts:297:24

    attachment #1: screenshot (image/png) ──────────────────────────────────────────────────────────
    ../../test-results/dashboard-groups-Dashboard-88950-iple-sections-independently-chromium/test-failed-1.png
    ────────────────────────────────────────────────────────────────────────────────────────────────

    attachment #2: video (video/webm) ──────────────────────────────────────────────────────────────
    ../../test-results/dashboard-groups-Dashboard-88950-iple-sections-independently-chromium/video.webm
    ────────────────────────────────────────────────────────────────────────────────────────────────

    Error Context: ../../test-results/dashboard-groups-Dashboard-88950-iple-sections-independently-chromium/error-context.md
]]>
</failure>
<system-out>
<![CDATA[
[[ATTACHMENT|dashboard-groups-Dashboard-88950-iple-sections-independently-chromium/test-failed-1.png]]

[[ATTACHMENT|dashboard-groups-Dashboard-88950-iple-sections-independently-chromium/video.webm]]

[[ATTACHMENT|dashboard-groups-Dashboard-88950-iple-sections-independently-chromium/error-context.md]]
]]>
</system-out>
</testcase>
<testcase name="Dashboard Groups - Interaction Tests › section states persist during page interactions" classname="dashboard-groups.spec.ts" time="61.34">
<failure message="dashboard-groups.spec.ts:308:2 section states persist during page interactions" type="FAILURE">
<![CDATA[  [chromium] › dashboard-groups.spec.ts:308:2 › Dashboard Groups - Interaction Tests › section states persist during page interactions 

    Test timeout of 60000ms exceeded.

    Error: locator.click: Test timeout of 60000ms exceeded.
    Call log:
      - waiting for locator('text=API Status').first()
        - locator resolved to <span>API Status</span>
      - attempting click action
        2 × waiting for element to be visible, enabled and stable
          - element is visible, enabled and stable
          - scrolling into view if needed
          - done scrolling
          - element is outside of the viewport
        - retrying click action
        - waiting 20ms
        2 × waiting for element to be visible, enabled and stable
          - element is visible, enabled and stable
          - scrolling into view if needed
          - done scrolling
          - element is outside of the viewport
        - retrying click action
          - waiting 100ms
        105 × waiting for element to be visible, enabled and stable
            - element is visible, enabled and stable
            - scrolling into view if needed
            - done scrolling
            - element is outside of the viewport
          - retrying click action
            - waiting 500ms


      309 | 		// Expand API Status section
      310 | 		const apiStatusHeader = page.locator('text=API Status').first();
    > 311 | 		await apiStatusHeader.click();
          | 		                      ^
      312 | 		await page.waitForTimeout(500);
      313 |
      314 | 		// Verify it's expanded
        at /Users/cmuir/P1Import-apps/oauth-playground/tests/e2e/dashboard-groups.spec.ts:311:25

    attachment #1: screenshot (image/png) ──────────────────────────────────────────────────────────
    ../../test-results/dashboard-groups-Dashboard-d52a5-st-during-page-interactions-chromium/test-failed-1.png
    ────────────────────────────────────────────────────────────────────────────────────────────────

    attachment #2: video (video/webm) ──────────────────────────────────────────────────────────────
    ../../test-results/dashboard-groups-Dashboard-d52a5-st-during-page-interactions-chromium/video.webm
    ────────────────────────────────────────────────────────────────────────────────────────────────

    Error Context: ../../test-results/dashboard-groups-Dashboard-d52a5-st-during-page-interactions-chromium/error-context.md
]]>
</failure>
<system-out>
<![CDATA[
[[ATTACHMENT|dashboard-groups-Dashboard-d52a5-st-during-page-interactions-chromium/test-failed-1.png]]

[[ATTACHMENT|dashboard-groups-Dashboard-d52a5-st-during-page-interactions-chromium/video.webm]]

[[ATTACHMENT|dashboard-groups-Dashboard-d52a5-st-during-page-interactions-chromium/error-context.md]]
]]>
</system-out>
</testcase>
<testcase name="Dashboard Groups - Interaction Tests › all sections have proper accessibility attributes" classname="dashboard-groups.spec.ts" time="3.659">
<failure message="dashboard-groups.spec.ts:330:2 all sections have proper accessibility attributes" type="FAILURE">
<![CDATA[  [chromium] › dashboard-groups.spec.ts:330:2 › Dashboard Groups - Interaction Tests › all sections have proper accessibility attributes 

    TypeError: header.isTabbable is not a function

      354 |
      355 | 			// Should be keyboard navigable
    > 356 | 			const isTabbable = await header.isTabbable();
          | 			                                ^
      357 | 			if (isTabbable) {
      358 | 				console.log(`✅ Header ${i + 1} is keyboard navigable`);
      359 | 			}
        at /Users/cmuir/P1Import-apps/oauth-playground/tests/e2e/dashboard-groups.spec.ts:356:36

    attachment #1: screenshot (image/png) ──────────────────────────────────────────────────────────
    ../../test-results/dashboard-groups-Dashboard-2791d-er-accessibility-attributes-chromium/test-failed-1.png
    ────────────────────────────────────────────────────────────────────────────────────────────────

    attachment #2: video (video/webm) ──────────────────────────────────────────────────────────────
    ../../test-results/dashboard-groups-Dashboard-2791d-er-accessibility-attributes-chromium/video.webm
    ────────────────────────────────────────────────────────────────────────────────────────────────

    Error Context: ../../test-results/dashboard-groups-Dashboard-2791d-er-accessibility-attributes-chromium/error-context.md
]]>
</failure>
<system-out>
<![CDATA[✅ Header 1 has aria-expanded
✅ Header 1 has proper interactive role

[[ATTACHMENT|dashboard-groups-Dashboard-2791d-er-accessibility-attributes-chromium/test-failed-1.png]]

[[ATTACHMENT|dashboard-groups-Dashboard-2791d-er-accessibility-attributes-chromium/video.webm]]

[[ATTACHMENT|dashboard-groups-Dashboard-2791d-er-accessibility-attributes-chromium/error-context.md]]
]]>
</system-out>
</testcase>
<testcase name="Dashboard Groups - Interaction Tests › sections work with keyboard navigation" classname="dashboard-groups.spec.ts" time="2.638">
<failure message="dashboard-groups.spec.ts:363:2 sections work with keyboard navigation" type="FAILURE">
<![CDATA[  [chromium] › dashboard-groups.spec.ts:363:2 › Dashboard Groups - Interaction Tests › sections work with keyboard navigation 

    Error: expect(received).toBeTruthy()

    Received: false

      368 | 		// Verify focus
      369 | 		const isFocused = await firstHeader.evaluate((el) => document.activeElement === el);
    > 370 | 		expect(isFocused).toBeTruthy();
          | 		                  ^
      371 |
      372 | 		// Test Enter key to toggle
      373 | 		await page.keyboard.press('Enter');
        at /Users/cmuir/P1Import-apps/oauth-playground/tests/e2e/dashboard-groups.spec.ts:370:21

    attachment #1: screenshot (image/png) ──────────────────────────────────────────────────────────
    ../../test-results/dashboard-groups-Dashboard-00b73-rk-with-keyboard-navigation-chromium/test-failed-1.png
    ────────────────────────────────────────────────────────────────────────────────────────────────

    attachment #2: video (video/webm) ──────────────────────────────────────────────────────────────
    ../../test-results/dashboard-groups-Dashboard-00b73-rk-with-keyboard-navigation-chromium/video.webm
    ────────────────────────────────────────────────────────────────────────────────────────────────

    Error Context: ../../test-results/dashboard-groups-Dashboard-00b73-rk-with-keyboard-navigation-chromium/error-context.md
]]>
</failure>
<system-out>
<![CDATA[
[[ATTACHMENT|dashboard-groups-Dashboard-00b73-rk-with-keyboard-navigation-chromium/test-failed-1.png]]

[[ATTACHMENT|dashboard-groups-Dashboard-00b73-rk-with-keyboard-navigation-chromium/video.webm]]

[[ATTACHMENT|dashboard-groups-Dashboard-00b73-rk-with-keyboard-navigation-chromium/error-context.md]]
]]>
</system-out>
</testcase>
<testcase name="Dashboard Groups - Content Validation › all sections contain meaningful content" classname="dashboard-groups.spec.ts" time="61.098">
<failure message="dashboard-groups.spec.ts:405:2 all sections contain meaningful content" type="FAILURE">
<![CDATA[  [chromium] › dashboard-groups.spec.ts:405:2 › Dashboard Groups - Content Validation › all sections contain meaningful content 

    Test timeout of 60000ms exceeded.

    Error: locator.click: Test timeout of 60000ms exceeded.
    Call log:
      - waiting for locator('text=Dashboard').first()
        - locator resolved to <span>Dashboard</span>
      - attempting click action
        2 × waiting for element to be visible, enabled and stable
          - element is visible, enabled and stable
          - scrolling into view if needed
          - done scrolling
          - element is outside of the viewport
        - retrying click action
        - waiting 20ms
        2 × waiting for element to be visible, enabled and stable
          - element is visible, enabled and stable
          - scrolling into view if needed
          - done scrolling
          - element is outside of the viewport
        - retrying click action
          - waiting 100ms
        97 × waiting for element to be visible, enabled and stable
           - element is visible, enabled and stable
           - scrolling into view if needed
           - done scrolling
           - element is outside of the viewport
         - retrying click action
           - waiting 500ms


      416 | 			// Find and expand section
      417 | 			const header = page.locator(`text=${section.name}`).first();
    > 418 | 			await header.click();
          | 			             ^
      419 | 			await page.waitForTimeout(500);
      420 |
      421 | 			// Check for expected content
        at /Users/cmuir/P1Import-apps/oauth-playground/tests/e2e/dashboard-groups.spec.ts:418:17

    attachment #1: screenshot (image/png) ──────────────────────────────────────────────────────────
    ../../test-results/dashboard-groups-Dashboard-a9373--contain-meaningful-content-chromium/test-failed-1.png
    ────────────────────────────────────────────────────────────────────────────────────────────────

    attachment #2: video (video/webm) ──────────────────────────────────────────────────────────────
    ../../test-results/dashboard-groups-Dashboard-a9373--contain-meaningful-content-chromium/video.webm
    ────────────────────────────────────────────────────────────────────────────────────────────────

    Error Context: ../../test-results/dashboard-groups-Dashboard-a9373--contain-meaningful-content-chromium/error-context.md
]]>
</failure>
<system-out>
<![CDATA[
[[ATTACHMENT|dashboard-groups-Dashboard-a9373--contain-meaningful-content-chromium/test-failed-1.png]]

[[ATTACHMENT|dashboard-groups-Dashboard-a9373--contain-meaningful-content-chromium/video.webm]]

[[ATTACHMENT|dashboard-groups-Dashboard-a9373--contain-meaningful-content-chromium/error-context.md]]
]]>
</system-out>
</testcase>
<testcase name="Dashboard Groups - Content Validation › sections display appropriate icons and visual elements" classname="dashboard-groups.spec.ts" time="7.709">
<system-out>
<![CDATA[Found 118 icons in dashboard sections
✅ Found chart-box icon
✅ Found cog icon
✅ Found lightning-bolt icon
]]>
</system-out>
</testcase>
<testcase name="Dashboard Groups - Content Validation › sections are responsive and adapt to screen size" classname="dashboard-groups.spec.ts" time="8.176">
<failure message="dashboard-groups.spec.ts:455:2 sections are responsive and adapt to screen size" type="FAILURE">
<![CDATA[  [chromium] › dashboard-groups.spec.ts:455:2 › Dashboard Groups - Content Validation › sections are responsive and adapt to screen size 

    Error: expect(received).toBeGreaterThan(expected)

    Expected: > 0
    Received:   0

      475 |
      476 | 		// All sections should be visible across screen sizes
    > 477 | 		expect(desktopVisible).toBeGreaterThan(0);
          | 		                       ^
      478 | 		expect(tabletVisible).toBeGreaterThan(0);
      479 | 		expect(mobileVisible).toBeGreaterThan(0);
      480 |
        at /Users/cmuir/P1Import-apps/oauth-playground/tests/e2e/dashboard-groups.spec.ts:477:26

    attachment #1: screenshot (image/png) ──────────────────────────────────────────────────────────
    ../../test-results/dashboard-groups-Dashboard-ec111-ve-and-adapt-to-screen-size-chromium/test-failed-1.png
    ────────────────────────────────────────────────────────────────────────────────────────────────

    attachment #2: video (video/webm) ──────────────────────────────────────────────────────────────
    ../../test-results/dashboard-groups-Dashboard-ec111-ve-and-adapt-to-screen-size-chromium/video.webm
    ────────────────────────────────────────────────────────────────────────────────────────────────

    Error Context: ../../test-results/dashboard-groups-Dashboard-ec111-ve-and-adapt-to-screen-size-chromium/error-context.md
]]>
</failure>
<system-out>
<![CDATA[
[[ATTACHMENT|dashboard-groups-Dashboard-ec111-ve-and-adapt-to-screen-size-chromium/test-failed-1.png]]

[[ATTACHMENT|dashboard-groups-Dashboard-ec111-ve-and-adapt-to-screen-size-chromium/video.webm]]

[[ATTACHMENT|dashboard-groups-Dashboard-ec111-ve-and-adapt-to-screen-size-chromium/error-context.md]]
]]>
</system-out>
</testcase>
</testsuite>
<testsuite name="mock-flows-comprehensive-validation.spec.ts" timestamp="2026-03-22T13:31:33.877Z" hostname="chromium" tests="2" failures="0" skipped="0" time="42.668" errors="0">
<testcase name="Mock Flows - Comprehensive Field Validation › comprehensive field validation for all mock flows" classname="mock-flows-comprehensive-validation.spec.ts" time="30.938">
<system-out>
<![CDATA[
=== Testing: /flows/oidc-authorization-code-v9 ===
Found 1 input fields in container: body
⚠️  Empty optional: Search flows and pages... (⌘K) (text) - Search flows and pages... (⌘K)
Summary for /flows/oidc-authorization-code-v9:
  Fields found: Yes
  Total fields: 1
  Filled: 0
  Empty: 1
  Empty required: 0

=== Testing: /flows/client-credentials-v9 ===
Found 4 input fields in container: main
✅ Filled: field-0 = "v7m-client-credentials"
✅ Filled: field-1 = "topsecret"
✅ Filled: field-2 = "read write"
⚠️  Empty optional: https://api.example.com (input) - https://api.example.com
Summary for /flows/client-credentials-v9:
  Fields found: Yes
  Total fields: 4
  Filled: 3
  Empty: 1
  Empty required: 0

=== Testing: /flows/device-authorization-v9 ===
Found 4 input fields in container: main
✅ Filled: field-0 = "v7m-device-client"
✅ Filled: field-1 = "read write"
✅ Filled: field-2 = "jane.doe@example.com"
✅ Filled: field-3 = "topsecret"
Summary for /flows/device-authorization-v9:
  Fields found: Yes
  Total fields: 4
  Filled: 4
  Empty: 0
  Empty required: 0

=== Testing: /flows/implicit-v9 ===
Found 5 input fields in container: main
✅ Filled: field-0 = "v7m-client"
✅ Filled: field-1 = "/implicit-callback"
✅ Filled: field-2 = "read write"
✅ Filled: field-3 = "abc123state"
✅ Filled: field-4 = "jane.doe@example.com"
Summary for /flows/implicit-v9:
  Fields found: Yes
  Total fields: 5
  Filled: 5
  Empty: 0
  Empty required: 0

=== Testing: /flows/oidc-hybrid-v9 ===
Found 9 input fields in container: main
✅ Filled: responseType = "checked"
⚠️  Empty optional: responseType (radio) - 
⚠️  Empty optional: responseType (radio) - 
✅ Filled: field-3 = "v7m-hybrid-client"
✅ Filled: field-4 = "/hybrid-callback"
✅ Filled: field-5 = "openid profile email"
✅ Filled: field-6 = "hybrid-state-xyz"
✅ Filled: field-7 = "hybrid-nonce-abc"
✅ Filled: field-8 = "jane.doe@example.com"
Summary for /flows/oidc-hybrid-v9:
  Fields found: Yes
  Total fields: 9
  Filled: 7
  Empty: 2
  Empty required: 0

=== Testing: /flows/dpop-authorization-code-v9 ===
Found 1 input fields in container: body
⚠️  Empty optional: Search flows and pages... (⌘K) (text) - Search flows and pages... (⌘K)
Summary for /flows/dpop-authorization-code-v9:
  Fields found: Yes
  Total fields: 1
  Filled: 0
  Empty: 1
  Empty required: 0

=== Testing: /flows/mock-mcp-agent-flow ===
Found 1 input fields in container: body
⚠️  Empty optional: Search flows and pages... (⌘K) (text) - Search flows and pages... (⌘K)
Summary for /flows/mock-mcp-agent-flow:
  Fields found: Yes
  Total fields: 1
  Filled: 0
  Empty: 1
  Empty required: 0

=== COMPREHENSIVE VALIDATION SUMMARY ===
Total flows tested: 7
Flows with input fields: 7
Flows without input fields: 0
Total input fields: 25
Total filled fields: 19
Total empty fields: 6
Total empty required fields: 0

=== DETAILED BREAKDOWN ===

/flows/oidc-authorization-code-v9:
  Fields: 1 total, 0 filled, 1 empty
  Empty fields:
    - Search flows and pages... (⌘K) (text) - optional - "Search flows and pages... (⌘K)"

/flows/client-credentials-v9:
  Fields: 4 total, 3 filled, 1 empty
  Empty fields:
    - https://api.example.com (input) - optional - "https://api.example.com"

/flows/device-authorization-v9:
  Fields: 4 total, 4 filled, 0 empty

/flows/implicit-v9:
  Fields: 5 total, 5 filled, 0 empty

/flows/oidc-hybrid-v9:
  Fields: 9 total, 7 filled, 2 empty
  Empty fields:
    - responseType (radio) - optional - ""
    - responseType (radio) - optional - ""

/flows/dpop-authorization-code-v9:
  Fields: 1 total, 0 filled, 1 empty
  Empty fields:
    - Search flows and pages... (⌘K) (text) - optional - "Search flows and pages... (⌘K)"

/flows/mock-mcp-agent-flow:
  Fields: 1 total, 0 filled, 1 empty
  Empty fields:
    - Search flows and pages... (⌘K) (text) - optional - "Search flows and pages... (⌘K)"

Field fill rate: 76.0%
🎉 All required fields are filled in all mock flows!
]]>
</system-out>
</testcase>
<testcase name="Mock Flows - Comprehensive Field Validation › mock flows work without user interaction" classname="mock-flows-comprehensive-validation.spec.ts" time="11.73">
<system-out>
<![CDATA[
Testing flow without user interaction: /flows/oidc-authorization-code-v9
  ✅ Flow already shows token/results
  ✅ Flow is ready to use without user input

Testing flow without user interaction: /flows/client-credentials-v9
  ✅ Found actionable button: "Request Access Token"
  ✅ Flow already shows token/results
  ✅ Flow is ready to use without user input
]]>
</system-out>
</testcase>
</testsuite>
<testsuite name="mock-flows-field-validation.spec.ts" timestamp="2026-03-22T13:31:33.877Z" hostname="chromium" tests="2" failures="0" skipped="0" time="57.298" errors="0">
<testcase name="Mock Flows - Field Validation › all mock flows have pre-filled values in all fields" classname="mock-flows-field-validation.spec.ts" time="32.96">
<system-out>
<![CDATA[
=== Testing: /flows/oidc-authorization-code-v9 ===
Found 9 input fields
✅ Filled: ac-client-id = "v7m-client"
✅ Filled: ac-redirect-uri = "/callback"
✅ Filled: ac-scope = "openid profile email offline_a..."
✅ Filled: ac-state = "abc123state"
✅ Filled: ac-nonce = "n-0S6_WzA2Mj"
✅ Filled: ac-user = "jane.doe@example.com"
✅ Filled: ac-method = "S256 (recommended)"
✅ Filled: ac-verifier = "sample-code-verifier-123456789..."
✅ Filled: ac-secret = "topsecret"
Summary for /flows/oidc-authorization-code-v9:
  Total fields: 9
  Filled fields: 9
  Empty fields: 0
  Empty required fields: 0

=== Testing: /flows/client-credentials-v9 ===
Found 4 input fields
✅ Filled: field-0 = "v7m-client-credentials"
✅ Filled: field-1 = "topsecret"
✅ Filled: field-2 = "read write"
⚠️  Empty optional field: field-3 (input) - https://api.example.com
Summary for /flows/client-credentials-v9:
  Total fields: 4
  Filled fields: 3
  Empty fields: 1
  Empty required fields: 0

=== Testing: /flows/device-authorization-v9 ===
Found 4 input fields
✅ Filled: field-0 = "v7m-device-client"
✅ Filled: field-1 = "read write"
✅ Filled: field-2 = "jane.doe@example.com"
✅ Filled: field-3 = "topsecret"
Summary for /flows/device-authorization-v9:
  Total fields: 4
  Filled fields: 4
  Empty fields: 0
  Empty required fields: 0

=== Testing: /flows/implicit-v9 ===
Found 5 input fields
✅ Filled: field-0 = "v7m-client"
✅ Filled: field-1 = "/implicit-callback"
✅ Filled: field-2 = "read write"
✅ Filled: field-3 = "abc123state"
✅ Filled: field-4 = "jane.doe@example.com"
Summary for /flows/implicit-v9:
  Total fields: 5
  Filled fields: 5
  Empty fields: 0
  Empty required fields: 0

=== Testing: /flows/oidc-hybrid-v9 ===
Found 9 input fields
✅ Filled: responseType = "code id_token"
✅ Filled: responseType = "code token"
✅ Filled: responseType = "code id_token token"
✅ Filled: field-3 = "v7m-hybrid-client"
✅ Filled: field-4 = "/hybrid-callback"
✅ Filled: field-5 = "openid profile email"
✅ Filled: field-6 = "hybrid-state-xyz"
✅ Filled: field-7 = "hybrid-nonce-abc"
✅ Filled: field-8 = "jane.doe@example.com"
Summary for /flows/oidc-hybrid-v9:
  Total fields: 9
  Filled fields: 9
  Empty fields: 0
  Empty required fields: 0

=== Testing: /flows/dpop-authorization-code-v9 ===
Found 30 input fields
✅ Filled: field-0 = "on"
✅ Filled: specVersion = "oauth2.0"
✅ Filled: specVersion = "oidc"
✅ Filled: specVersion = "oauth2.1"
✅ Filled: flowTypeSelect = "Authorization Code"
✅ Filled: client-type = "public"
✅ Filled: client-type = "confidential"
✅ Filled: application-type = "Web Application"
✅ Filled: environment-id = "b9817c16-9910-4415-b67e-4ac687..."
✅ Filled: field-9 = "on"
✅ Filled: field-10 = "on"
⚠️  Empty optional field: client-id (text) - abc123def456...
⚠️  Empty optional field: client-secret (password) - ••••••••••••••••
✅ Filled: field-13 = "🔓 OPTIONAL - PKCE is optional..."
⚠️  Empty optional field: issuer-url (text) - Using: b9817c16-9910-4415-b67e-4ac687da74d9 (or enter custom)
✅ Filled: field-15 = "📝 Client Secret Post (Form Bo..."
✅ Filled: field-16 = "🔐 code (Recommended)"
✅ Filled: redirect-uris = "https://api.pingdemo.com:3000/..."
✅ Filled: field-18 = "🔗 Query String (Recommended)"
✅ Filled: field-19 = "openid"
✅ Filled: field-20 = "on"
✅ Filled: field-21 = "🟡 Optional"
✅ Filled: field-22 = "🔗 Query String (Recommended)"
✅ Filled: field-23 = "on"
⚠️  Empty optional field: field-24 (text) - https://auth.example.com
⚠️  Empty optional field: login-hint-dropdown (text) - Worker token required
✅ Filled: field-26 = "✏️ Custom value..."
⚠️  Empty optional field: field-27 (number) - Enter seconds (e.g., 300 for 5 minutes)
✅ Filled: display-mode-select = "Default (page)"
✅ Filled: field-29 = "Default (server decides)"
Summary for /flows/dpop-authorization-code-v9:
  Total fields: 30
  Filled fields: 24
  Empty fields: 6
  Empty required fields: 0

=== Testing: /flows/mock-mcp-agent-flow ===
Found 0 input fields
Summary for /flows/mock-mcp-agent-flow:
  Total fields: 0
  Filled fields: 0
  Empty fields: 0
  Empty required fields: 0

=== OVERALL VALIDATION SUMMARY ===
Total fields across all flows: 61
Total filled fields: 54
Total empty fields: 7
Total empty required fields: 0

⚠️  Found 7 empty optional fields (this may be acceptable)

/flows/client-credentials-v9 - 1 empty optional fields:
  - field-3 (input)

/flows/dpop-authorization-code-v9 - 6 empty optional fields:
  - client-id (text)
  - client-secret (password)
  - issuer-url (text)
  - field-24 (text)
  - login-hint-dropdown (text)
  - field-27 (number)
]]>
</system-out>
</testcase>
<testcase name="Mock Flows - Field Validation › mock flows display educational/mock indicators" classname="mock-flows-field-validation.spec.ts" time="24.338">
<system-out>
<![CDATA[
Checking mock indicators for: /flows/oidc-authorization-code-v9
✅ Found mock indicator: "Educational Mock Mode"

Checking mock indicators for: /flows/client-credentials-v9
✅ Found mock indicator: "Educational Mock Mode"

Checking mock indicators for: /flows/device-authorization-v9
✅ Found mock indicator: "Educational Mock Mode"

Checking mock indicators for: /flows/implicit-v9
✅ Found mock indicator: "Educational Mock Mode"

Checking mock indicators for: /flows/oidc-hybrid-v9
✅ Found mock indicator: "Educational Mock Mode"

Checking mock indicators for: /flows/dpop-authorization-code-v9
✅ Found mock indicator: "EDUCATIONAL"

Checking mock indicators for: /flows/mock-mcp-agent-flow
✅ Found mock indicator: "Educational Mock Mode"
]]>
</system-out>
</testcase>
</testsuite>
<testsuite name="mock-flows-final.spec.ts" timestamp="2026-03-22T13:31:33.877Z" hostname="chromium" tests="4" failures="1" skipped="0" time="39.941" errors="0">
<testcase name="Mock Flows - Core Functionality › all mock flows load successfully" classname="mock-flows-final.spec.ts" time="18.875">
<system-out>
<![CDATA[Testing: /flows/oidc-authorization-code-v9
✓ /flows/oidc-authorization-code-v9 loaded successfully
Testing: /flows/client-credentials-v9
✓ /flows/client-credentials-v9 loaded successfully
Testing: /flows/device-authorization-v9
✓ /flows/device-authorization-v9 loaded successfully
Testing: /flows/implicit-v9
✓ /flows/implicit-v9 loaded successfully
Testing: /flows/oidc-hybrid-v9
✓ /flows/oidc-hybrid-v9 loaded successfully
Testing: /flows/dpop-authorization-code-v9
✓ /flows/dpop-authorization-code-v9 loaded successfully
Testing: /flows/mock-mcp-agent-flow
✓ /flows/mock-mcp-agent-flow loaded successfully
]]>
</system-out>
</testcase>
<testcase name="Mock Flows - Core Functionality › mock flows have pre-filled form data" classname="mock-flows-final.spec.ts" time="9.594">
<system-out>
<![CDATA[✓ /flows/oidc-authorization-code-v9 has pre-filled data: v7m-client...
✓ /flows/oidc-authorization-code-v9 - Form data check completed
✓ /flows/client-credentials-v9 has pre-filled data: v7m-client-credentia...
✓ /flows/client-credentials-v9 - Form data check completed
]]>
</system-out>
</testcase>
<testcase name="Mock Flows - Core Functionality › mock flows do not require user credentials" classname="mock-flows-final.spec.ts" time="5.272">
<failure message="mock-flows-final.spec.ts:80:2 mock flows do not require user credentials" type="FAILURE">
<![CDATA[  [chromium] › mock-flows-final.spec.ts:80:2 › Mock Flows - Core Functionality › mock flows do not require user credentials 

    Error: locator.isVisible: Error: strict mode violation: getByText(/access_token|id_token|code=/) resolved to 3 elements:
        1) <pre class="sc-itktkX iKlOV">{↵  "redirect_uri": "https://api.pingdemo.com/cal…</pre> aka getByText('{ "redirect_uri": "https://')
        2) <pre class="sc-itktkX iKlOV">{↵  "access_token": "eyJhbGciOiJSUzI1NiIsImtpZCI6…</pre> aka getByText('{ "access_token": "')
        3) <li>The response includes <ParameterHighlight>access_…</li> aka getByText('The response includes <')

    Call log:
        - checking visibility of getByText(/access_token|id_token|code=/)


      105 | 		} else {
      106 | 			// Check if flow already shows results/tokens
    > 107 | 			const hasTokens = await page.getByText(/access_token|id_token|code=/).isVisible();
          | 			                                                                      ^
      108 | 			if (hasTokens) {
      109 | 				console.log('✓ Flow already shows token results');
      110 | 			} else {
        at /Users/cmuir/P1Import-apps/oauth-playground/tests/e2e/mock-flows-final.spec.ts:107:74

    attachment #1: screenshot (image/png) ──────────────────────────────────────────────────────────
    ../../test-results/mock-flows-final-Mock-Flow-06f7d-ot-require-user-credentials-chromium/test-failed-1.png
    ────────────────────────────────────────────────────────────────────────────────────────────────

    attachment #2: video (video/webm) ──────────────────────────────────────────────────────────────
    ../../test-results/mock-flows-final-Mock-Flow-06f7d-ot-require-user-credentials-chromium/video.webm
    ────────────────────────────────────────────────────────────────────────────────────────────────

    Error Context: ../../test-results/mock-flows-final-Mock-Flow-06f7d-ot-require-user-credentials-chromium/error-context.md
]]>
</failure>
<system-out>
<![CDATA[
[[ATTACHMENT|mock-flows-final-Mock-Flow-06f7d-ot-require-user-credentials-chromium/test-failed-1.png]]

[[ATTACHMENT|mock-flows-final-Mock-Flow-06f7d-ot-require-user-credentials-chromium/video.webm]]

[[ATTACHMENT|mock-flows-final-Mock-Flow-06f7d-ot-require-user-credentials-chromium/error-context.md]]
]]>
</system-out>
</testcase>
<testcase name="Mock Flows - Core Functionality › mock flows handle navigation gracefully" classname="mock-flows-final.spec.ts" time="6.2">
<system-out>
<![CDATA[✓ /flows/client-credentials-v9 navigation handled gracefully
]]>
</system-out>
</testcase>
</testsuite>
<testsuite name="mock-flows-simple.spec.ts" timestamp="2026-03-22T13:31:33.877Z" hostname="chromium" tests="3" failures="0" skipped="0" time="16.925" errors="0">
<testcase name="Mock Flows - Basic Connectivity › can access frontend server" classname="mock-flows-simple.spec.ts" time="1.42">
</testcase>
<testcase name="Mock Flows - Basic Connectivity › can access a mock flow route" classname="mock-flows-simple.spec.ts" time="6.356">
<system-out>
<![CDATA[Page content length: [33m958523[39m
Has mock content: [33mtrue[39m
Has inputs/buttons: [33mtrue[39m
]]>
</system-out>
</testcase>
<testcase name="Mock Flows - Basic Connectivity › test multiple mock flow routes for basic loading" classname="mock-flows-simple.spec.ts" time="9.149">
<system-out>
<![CDATA[Testing: /flows/oidc-authorization-code-v9
  Title: MasterFlow API - PingOne Integration Platform
  Has errors: true
  ✓ Page loaded successfully
Testing: /flows/client-credentials-v9
  Title: MasterFlow API - PingOne Integration Platform
  Has errors: true
  ✓ Page loaded successfully
Testing: /flows/device-authorization-v9
  Title: MasterFlow API - PingOne Integration Platform
  Has errors: true
  ✓ Page loaded successfully
]]>
</system-out>
</testcase>
</testsuite>
<testsuite name="mock-flows.spec.ts" timestamp="2026-03-22T13:31:33.877Z" hostname="chromium" tests="9" failures="1" skipped="0" time="107.396" errors="0">
<testcase name="Mock Flows - OIDC › Authorization Code Flow › loads and displays pre-filled mock data" classname="mock-flows.spec.ts" time="7.435">
</testcase>
<testcase name="Mock Flows - OIDC › Authorization Code Flow › can navigate to authorization endpoint" classname="mock-flows.spec.ts" time="4.367">
</testcase>
<testcase name="Mock Flows - OIDC › Hybrid Flow › loads with pre-filled mock credentials" classname="mock-flows.spec.ts" time="7.529">
<system-out>
<![CDATA[Empty input found: Search flows and pages... (⌘K)
]]>
</system-out>
</testcase>
<testcase name="Mock Flows - OIDC › Implicit Flow › loads implicit grant flow with mock data" classname="mock-flows.spec.ts" time="6.55">
</testcase>
<testcase name="Mock Flows - OIDC › DPoP Flow › loads DPoP Authorization Code flow" classname="mock-flows.spec.ts" time="6.834">
</testcase>
<testcase name="Mock Flows - MCP &amp; Agent › Mock MCP Agent Flow › loads MCP agent flow with mock data" classname="mock-flows.spec.ts" time="7.569">
</testcase>
<testcase name="Mock Flows - Error Handling › all mock flows handle navigation gracefully" classname="mock-flows.spec.ts" time="52.465">
<system-out>
<![CDATA[✗ /flows/oidc-authorization-code-v9 - Error: Error: locator.isVisible: Error: strict mode violation: locator('main, .main-content, .flow-container, .container').first().getByText(/OAuth|OIDC|Authorization|Client|Token|Flow|Mock|Educational/i) resolved to 51 elements:
    1) <strong>📚 Educational Mock Mode</strong> aka getByText('📚 Educational Mock Mode')
    2) <p>This flow is a simulated sandbox — no real networ…</p> aka getByText('This flow is a simulated')
    3) <h1 class="sc-gHCuMo gaKhVK">Authorization Code Flow (V9)</h1> aka getByRole('heading', { name: 'Authorization Code Flow (V9)' })
    4) <p class="sc-dkkA-Db iMQAPf">🔐 V9: Production-grade Authorization Code Flow wi…</p> aka getByText('🔐 V9: Production-grade')
    5) <div class="sc-eRdibq dgqIrI">PingOne MasterFlow API v9.16.23</div> aka getByText('PingOne MasterFlow API v9.16.')
    6) <button type="button" title="Reset flow">↻ Reset Flow</button> aka getByRole('button', { name: '↻ Reset Flow' })
    7) <h2>How Authorization Code Flow Works</h2> aka getByRole('heading', { name: 'How Authorization Code Flow' })
    8) <strong>authorization server</strong> aka getByText('authorization server')
    9) <div>Step 1 — Build the Authorization URL</div> aka getByText('Step 1 — Build the')
    10) <div>Your app redirects the user to PingOne with param…</div> aka getByText('Your app redirects the user')
    ...

Call log:
[2m    - checking visibility of locator('main, .main-content, .flow-container, .container').first().getByText(/OAuth|OIDC|Authorization|Client|Token|Flow|Mock|Educational/i)[22m

✗ /flows/oidc-hybrid-v9 - Error: Error: locator.isVisible: Error: strict mode violation: locator('main, .main-content, .flow-container, .container').first().getByText(/OAuth|OIDC|Authorization|Client|Token|Flow|Mock|Educational/i) resolved to 47 elements:
    1) <strong>📚 Educational Mock Mode</strong> aka getByText('📚 Educational Mock Mode')
    2) <p>Simulates OIDC Hybrid Flow in-browser. No externa…</p> aka getByText('Simulates OIDC Hybrid Flow in')
    3) <p>…</p> aka getByText('OIDC Hybrid Flow is')
    4) <h1 class="sc-gVcfYx jOAyXA">Hybrid Flow - Unified OAuth/OIDC</h1> aka getByRole('heading', { name: 'Hybrid Flow - Unified OAuth/' })
    5) <p class="sc-iBUNwM dikIpr">🔄 Unified OAuth/OIDC hybrid flow implementation -…</p> aka getByText('🔄 Unified OAuth/OIDC hybrid')
    6) <div class="sc-bguTAo gvuZNz">PingOne MasterFlow API v9.16.23</div> aka getByText('PingOne MasterFlow API v9.16.')
    7) <button type="button" title="Reset flow">↻ Reset Flow</button> aka getByRole('button', { name: '↻ Reset Flow' })
    8) <header>…</header> aka getByText('ℹ️ About this flow')
    9) <p>OIDC Hybrid flow returns both an authorization co…</p> aka getByText('OIDC Hybrid flow returns both')
    10) <p>The id_token in the front-channel response includ…</p> aka getByText('The id_token in the front-channel response includes a c_hash binding it to the')
    ...

Call log:
[2m    - checking visibility of locator('main, .main-content, .flow-container, .container').first().getByText(/OAuth|OIDC|Authorization|Client|Token|Flow|Mock|Educational/i)[22m

✗ /flows/ciba-v9 - Error: Error: locator.isVisible: Error: strict mode violation: locator('main, .main-content, .flow-container, .container').first().getByText(/OAuth|OIDC|Authorization|Client|Token|Flow|Mock|Educational/i) resolved to 17 elements:
    1) <strong>📚 Educational Mock Mode</strong> aka getByText('📚 Educational Mock Mode')
    2) <p>Simulates OIDC CIBA Core 1.0 in-browser. No exter…</p> aka getByText('Simulates OIDC CIBA Core 1.0')
    3) <h1 class="sc-cKccrY krYSpS">CIBA Flow (V9) — Client Initiated Backchannel Aut…</h1> aka getByRole('heading', { name: 'CIBA Flow (V9) — Client' })
    4) <p class="sc-cheYLD llesBS">🛡️ V9: Backchannel authentication flow for decoup…</p> aka getByText('🛡️ V9: Backchannel')
    5) <div class="sc-ebjlnS dKtRzF">PingOne MasterFlow API v9.16.23</div> aka getByText('PingOne MasterFlow API v9.16.')
    6) <button type="button" title="Reset flow">↻ Reset Flow</button> aka getByRole('button', { name: '↻ Reset Flow' })
    7) <header>…</header> aka getByText('ℹ️ About this flow')
    8) <p>CIBA (Client-Initiated Backchannel Authentication…</p> aka getByText('CIBA (Client-Initiated')
    9) <p>No browser redirect in the requesting app. The us…</p> aka getByText('No browser redirect in the requesting app. The user approves or denies on their')
    10) <p>OpenID Connect CIBA Core 1.0 (Client-Initiated Ba…</p> aka getByText('OpenID Connect CIBA Core 1.0')
    ...

Call log:
[2m    - checking visibility of locator('main, .main-content, .flow-container, .container').first().getByText(/OAuth|OIDC|Authorization|Client|Token|Flow|Mock|Educational/i)[22m

✗ /flows/client-credentials-v9 - Error: Error: locator.isVisible: Error: strict mode violation: locator('main, .main-content, .flow-container, .container').first().getByText(/OAuth|OIDC|Authorization|Client|Token|Flow|Mock|Educational/i) resolved to 33 elements:
    1) <strong>📚 Educational Mock Mode</strong> aka getByText('📚 Educational Mock Mode')
    2) <p>This flow simulates OAuth Client Credentials (RFC…</p> aka getByText('This flow simulates OAuth')
    3) <h1 class="sc-gHCuMo gaKhVK">Client Credentials Flow (V9)</h1> aka getByRole('heading', { name: 'Client Credentials Flow (V9)' })
    4) <p class="sc-dkkA-Db iMQAPf">🔑 V9: Machine-to-machine authentication for backe…</p> aka getByText('🔑 V9: Machine-to-machine')
    5) <div class="sc-eRdibq dgqIrI">PingOne MasterFlow API v9.16.23</div> aka getByText('PingOne MasterFlow API v9.16.')
    6) <button type="button" title="Reset flow">↻ Reset Flow</button> aka getByRole('button', { name: '↻ Reset Flow' })
    7) <header>…</header> aka getByText('ℹ️ About this flow')
    8) <p>The client credentials grant is used when the cli…</p> aka getByText('The client credentials grant')
    9) <p>No user is present; the client is the resource ow…</p> aka getByText('No user is present; the')
    10) <p>OAuth 2.0 Client Credentials Grant (RFC 6749 §4.4…</p> aka getByText('OAuth 2.0 Client Credentials')
    ...

Call log:
[2m    - checking visibility of locator('main, .main-content, .flow-container, .container').first().getByText(/OAuth|OIDC|Authorization|Client|Token|Flow|Mock|Educational/i)[22m

✗ /flows/device-authorization-v9 - Error: Error: locator.isVisible: Error: strict mode violation: locator('main, .main-content, .flow-container, .container').first().getByText(/OAuth|OIDC|Authorization|Client|Token|Flow|Mock|Educational/i) resolved to 20 elements:
    1) <strong>📚 Educational Mock Mode</strong> aka getByText('📚 Educational Mock Mode')
    2) <p>This flow simulates OAuth Device Authorization (R…</p> aka getByText('This flow simulates OAuth')
    3) <h1 class="sc-gHCuMo gaKhVK">Device Authorization Flow (V9)</h1> aka getByRole('heading', { name: 'Device Authorization Flow (V9)' })
    4) <p class="sc-dkkA-Db iMQAPf">📱 V9: Device Authorization Grant for TVs, IoT dev…</p> aka getByText('📱 V9: Device Authorization')
    5) <div class="sc-eRdibq dgqIrI">PingOne MasterFlow API v9.16.23</div> aka getByText('PingOne MasterFlow API v9.16.')
    6) <button type="button" title="Reset flow">↻ Reset Flow</button> aka getByRole('button', { name: '↻ Reset Flow' })
    7) <header>…</header> aka getByText('ℹ️ About this flow')
    8) <p>Device authorization is designed for input-constr…</p> aka getByText('Device authorization is')
    9) <p>Two steps: (1) device requests a user_code and ve…</p> aka getByText('Two steps: (1) device')
    10) <p>OAuth 2.0 Device Authorization Grant (RFC 8628).</p> aka getByText('OAuth 2.0 Device')
    ...

Call log:
[2m    - checking visibility of locator('main, .main-content, .flow-container, .container').first().getByText(/OAuth|OIDC|Authorization|Client|Token|Flow|Mock|Educational/i)[22m

✓ /flows/ropc-v9 loaded with content
✗ /flows/implicit-v9 - Error: Error: locator.isVisible: Error: strict mode violation: locator('main, .main-content, .flow-container, .container').first().getByText(/OAuth|OIDC|Authorization|Client|Token|Flow|Mock|Educational/i) resolved to 22 elements:
    1) <strong>📚 Educational Mock Mode</strong> aka getByText('📚 Educational Mock Mode')
    2) <p>This flow simulates OAuth/OIDC endpoints for lear…</p> aka getByText('This flow simulates OAuth/')
    3) <p>…</p> aka getByText('The Implicit Flow is')
    4) <h1 class="sc-fCmSaN dFHpUh">Implicit Flow (V9)</h1> aka getByRole('heading', { name: 'Implicit Flow (V9)' })
    5) <p class="sc-hKosrq gwnpvx">⚡ V9: Implicit Flow with OAuth 2.0 and OIDC varia…</p> aka getByText('⚡ V9: Implicit Flow with')
    6) <div class="sc-QKHsT gVmDGA">PingOne MasterFlow API v9.16.23</div> aka getByText('PingOne MasterFlow API v9.16.')
    7) <button type="button" title="Reset flow">↻ Reset Flow</button> aka getByRole('button', { name: '↻ Reset Flow' })
    8) <header>…</header> aka getByText('ℹ️ About this flow')
    9) <p>Implicit flow returns access tokens (and optional…</p> aka getByText('Implicit flow returns access')
    10) <p>Tokens appear in the redirect URL fragment (#...)…</p> aka getByText('Tokens appear in the redirect')
    ...

Call log:
[2m    - checking visibility of locator('main, .main-content, .flow-container, .container').first().getByText(/OAuth|OIDC|Authorization|Client|Token|Flow|Mock|Educational/i)[22m

✗ /flows/jwt-bearer-token-v9 - Error: Error: page.goto: net::ERR_TOO_MANY_RETRIES at https://localhost:3000/flows/jwt-bearer-token-v9
Call log:
[2m  - navigating to "https://localhost:3000/flows/jwt-bearer-token-v9", waiting until "load"[22m

✗ /flows/saml-bearer-assertion-v9 - Error: Error: page.goto: Navigation to "https://localhost:3000/flows/saml-bearer-assertion-v9" is interrupted by another navigation to "chrome-error://chromewebdata/"
Call log:
[2m  - navigating to "https://localhost:3000/flows/saml-bearer-assertion-v9", waiting until "load"[22m

✗ /flows/par-v9 - Error: Error: page.goto: Navigation to "https://localhost:3000/flows/par-v9" is interrupted by another navigation to "https://localhost:3000/flows/saml-bearer-assertion-v9"
Call log:
[2m  - navigating to "https://localhost:3000/flows/par-v9", waiting until "load"[22m

✗ /flows/rar-v9 - Error: Error: page.goto: Navigation to "https://localhost:3000/flows/rar-v9" is interrupted by another navigation to "https://localhost:3000/flows/par-v9"
Call log:
[2m  - navigating to "https://localhost:3000/flows/rar-v9", waiting until "load"[22m

✗ /flows/dpop-authorization-code-v9 - Error: Error: locator.isVisible: Error: strict mode violation: locator('main, .main-content, .flow-container, .container').first().getByText(/OAuth|OIDC|Authorization|Client|Token|Flow|Mock|Educational/i) resolved to 201 elements:
    1) <div>Worker Token Missing — API calls will fail until …</div> aka getByText('Worker Token Missing — API')
    2) <div>No worker token found.</div> aka locator('div').filter({ hasText: /^No worker token found\.$/ })
    3) <button type="button">🔑 Fix Token</button> aka getByRole('button', { name: '🔑 Fix Token' })
    4) <h1 class="sc-iBBJcU gqErUg">Unified OAuth/OIDC Flow</h1> aka getByRole('heading', { name: 'Unified OAuth/OIDC Flow' })
    5) <p class="sc-fHsjtB eNqpvI">Single UI for all OAuth 2.0, OAuth 2.1 / OIDC 2.1…</p> aka getByText('Single UI for all OAuth 2.0,')
    6) <div class="sc-behkuy exEuPd">PingOne MasterFlow API v9.16.23</div> aka getByText('PingOne MasterFlow API v9.16.')
    7) <button type="button" title="View comprehensive comparison guide for OAuth/OIDC specifications and flow types">…</button> aka getByRole('button', { name: '📖 📚 Flow & Spec Comparison' })
    8) <button type="button" title="Download comprehensive Postman collection for all Unified flows (Authorization Code, Implicit, Client Credentials, Device Code, Hybrid) grouped by Registration and Authentication">…</button> aka getByRole('button', { name: '📦 Postman Unified Flows' })
    9) <div class="sc-fnLEGL hNVabM">Show all educational content with detailed explan…</div> aka getByText('Show all educational content')
    10) <span>Educational Content</span> aka getByRole('button', { name: '📖 Educational Content ➡️' })
    ...

Call log:
[2m    - checking visibility of locator('main, .main-content, .flow-container, .container').first().getByText(/OAuth|OIDC|Authorization|Client|Token|Flow|Mock|Educational/i)[22m

✗ /flows/mock-mcp-agent-flow - Error: Error: locator.isVisible: Error: strict mode violation: locator('main, .main-content, .flow-container, .container').first().getByText(/OAuth|OIDC|Authorization|Client|Token|Flow|Mock|Educational/i) resolved to 29 elements:
    1) <strong>📚 Educational Mock Mode</strong> aka getByText('📚 Educational Mock Mode')
    2) <p>This flow simulates an AI Agent using MCP tools a…</p> aka getByText('This flow simulates an AI')
    3) <h1 class="sc-gVJvzG lbZpzN">Mock MCP Agent Flow</h1> aka getByRole('heading', { name: 'Mock MCP Agent Flow' })
    4) <p class="sc-dOoqMn jEJFFf">🤖 Educational: Simulated Agent, MCP server, and T…</p> aka getByText('🤖 Educational: Simulated')
    5) <div class="sc-DWsrY iHBRgm">PingOne MasterFlow API v9.16.23</div> aka getByText('PingOne MasterFlow API v9.16.')
    6) <p class="sc-gvPdwM gHlQFt">Token storage, exchange, and MCP consent — read b…</p> aka getByRole('button', { name: '🔐 Secure AI Agent' })
    7) <strong>Token storage:</strong> aka getByText('Token storage:')
    8) <strong>Token Exchange (RFC 8693):</strong> aka getByText('Token Exchange (RFC 8693):')
    9) <strong>Step 1 — Get initial token</strong> aka getByText('Step 1 — Get initial token')
    10) <p>Simulated Agent requests a worker token from the …</p> aka getByText('Simulated Agent requests a')
    ...

Call log:
[2m    - checking visibility of locator('main, .main-content, .flow-container, .container').first().getByText(/OAuth|OIDC|Authorization|Client|Token|Flow|Mock|Educational/i)[22m

]]>
</system-out>
</testcase>
<testcase name="Mock Flows - Error Handling › mock flows do not require user credentials" classname="mock-flows.spec.ts" time="12.84">
<system-out>
<![CDATA[✓ /flows/oidc-authorization-code-v9 - All required fields pre-filled
✓ /flows/client-credentials-v9 - All required fields pre-filled
✓ /flows/device-authorization-v9 - All required fields pre-filled
]]>
</system-out>
</testcase>
<testcase name="Mock Flows - UI Consistency › all mock flows have consistent styling and layout" classname="mock-flows.spec.ts" time="1.807">
<failure message="mock-flows.spec.ts:341:2 all mock flows have consistent styling and layout" type="FAILURE">
<![CDATA[  [chromium] › mock-flows.spec.ts:341:2 › Mock Flows - UI Consistency › all mock flows have consistent styling and layout 

    Error: expect(received).toBeTruthy()

    Received: false

      356 | 				.locator('h1, h2')
      357 | 				.evaluateAll((els) => els.some((el) => el.getBoundingClientRect().height > 0));
    > 358 | 			expect(hasVisibleHeading).toBeTruthy();
          | 			                          ^
      359 |
      360 | 			// V9 flow pages use styled-components — class names are hash-based, not semantic.
      361 | 			// Confirm styled-component rendering via button count (checked fully below).
        at /Users/cmuir/P1Import-apps/oauth-playground/tests/e2e/mock-flows.spec.ts:358:30

    attachment #1: screenshot (image/png) ──────────────────────────────────────────────────────────
    ../../test-results/mock-flows-Mock-Flows---UI-d708a-nsistent-styling-and-layout-chromium/test-failed-1.png
    ────────────────────────────────────────────────────────────────────────────────────────────────

    attachment #2: video (video/webm) ──────────────────────────────────────────────────────────────
    ../../test-results/mock-flows-Mock-Flows---UI-d708a-nsistent-styling-and-layout-chromium/video.webm
    ────────────────────────────────────────────────────────────────────────────────────────────────

    Error Context: ../../test-results/mock-flows-Mock-Flows---UI-d708a-nsistent-styling-and-layout-chromium/error-context.md
]]>
</failure>
<system-out>
<![CDATA[
[[ATTACHMENT|mock-flows-Mock-Flows---UI-d708a-nsistent-styling-and-layout-chromium/test-failed-1.png]]

[[ATTACHMENT|mock-flows-Mock-Flows---UI-d708a-nsistent-styling-and-layout-chromium/video.webm]]

[[ATTACHMENT|mock-flows-Mock-Flows---UI-d708a-nsistent-styling-and-layout-chromium/error-context.md]]
]]>
</system-out>
</testcase>
</testsuite>
<testsuite name="playwright-setup.spec.ts" timestamp="2026-03-22T13:31:33.877Z" hostname="chromium" tests="3" failures="0" skipped="0" time="4.179" errors="0">
<testcase name="Playwright Setup Verification › Playwright is properly installed and configured" classname="playwright-setup.spec.ts" time="1.507">
</testcase>
<testcase name="Playwright Setup Verification › Can access local development server" classname="playwright-setup.spec.ts" time="1.934">
<system-out>
<![CDATA[Development server not running - this is expected for setup verification
]]>
</system-out>
</testcase>
<testcase name="Playwright Setup Verification › Playwright configuration is valid" classname="playwright-setup.spec.ts" time="0.738">
</testcase>
</testsuite>
<testsuite name="simple-server-test.spec.ts" timestamp="2026-03-22T13:31:33.877Z" hostname="chromium" tests="6" failures="0" skipped="0" time="35.858" errors="0">
<testcase name="Server Connectivity Tests › frontend server responds" classname="simple-server-test.spec.ts" time="1.889">
</testcase>
<testcase name="Server Connectivity Tests › backend API health check" classname="simple-server-test.spec.ts" time="1.243">
</testcase>
<testcase name="Server Connectivity Tests › can access simple page without React errors" classname="simple-server-test.spec.ts" time="6.303">
<system-out>
<![CDATA[Page title: MasterFlow API - PingOne Integration Platform
]]>
</system-out>
</testcase>
<testcase name="Server Connectivity Tests › can handle navigation to MFA route" classname="simple-server-test.spec.ts" time="16.158">
<system-out>
<![CDATA[Page content length: [33m953021[39m
Has MFA content: [33mtrue[39m
]]>
</system-out>
</testcase>
<testcase name="Error Handling Tests › handles 404 routes gracefully" classname="simple-server-test.spec.ts" time="2.815">
<system-out>
<![CDATA[404 route status: [33m200[39m
]]>
</system-out>
</testcase>
<testcase name="Error Handling Tests › can access AI Identity routes" classname="simple-server-test.spec.ts" time="7.45">
<system-out>
<![CDATA[Has AI content: [33mtrue[39m
]]>
</system-out>
</testcase>
</testsuite>
<testsuite name="unified-mfa.spec.ts" timestamp="2026-03-22T13:31:33.877Z" hostname="chromium" tests="24" failures="0" skipped="0" time="76.863" errors="0">
<testcase name="Unified MFA Flow - Navigation &amp; UI › loads Unified MFA page with proper title and content" classname="unified-mfa.spec.ts" time="3.426">
</testcase>
<testcase name="Unified MFA Flow - Navigation &amp; UI › displays device type selection screen" classname="unified-mfa.spec.ts" time="3.73">
</testcase>
<testcase name="Unified MFA Flow - Navigation &amp; UI › shows proper flow navigation elements" classname="unified-mfa.spec.ts" time="1.679">
</testcase>
<testcase name="Unified MFA - Device Type Selection › can select SMS device type" classname="unified-mfa.spec.ts" time="2.55">
</testcase>
<testcase name="Unified MFA - Device Type Selection › can select Email device type" classname="unified-mfa.spec.ts" time="1.955">
</testcase>
<testcase name="Unified MFA - Device Type Selection › can select TOTP device type" classname="unified-mfa.spec.ts" time="2.273">
</testcase>
<testcase name="Unified MFA - Device Type Selection › can select Mobile Push device type" classname="unified-mfa.spec.ts" time="2.534">
</testcase>
<testcase name="Unified MFA - Device Type Selection › can select WhatsApp device type" classname="unified-mfa.spec.ts" time="3.639">
</testcase>
<testcase name="Unified MFA - Device Type Selection › can select FIDO2 device type" classname="unified-mfa.spec.ts" time="2.677">
</testcase>
<testcase name="Unified MFA - Registration Flow › SMS registration flow works" classname="unified-mfa.spec.ts" time="2.578">
</testcase>
<testcase name="Unified MFA - Registration Flow › Email registration flow works" classname="unified-mfa.spec.ts" time="3.061">
</testcase>
<testcase name="Unified MFA - Registration Flow › TOTP registration flow shows QR code" classname="unified-mfa.spec.ts" time="5.175">
</testcase>
<testcase name="Unified MFA - Registration Flow › FIDO2 registration flow shows security key prompt" classname="unified-mfa.spec.ts" time="6.054">
</testcase>
<testcase name="Unified MFA - Form Validation › validates required fields" classname="unified-mfa.spec.ts" time="7.461">
</testcase>
<testcase name="Unified MFA - Form Validation › validates phone number format" classname="unified-mfa.spec.ts" time="2.354">
</testcase>
<testcase name="Unified MFA - Form Validation › validates email format" classname="unified-mfa.spec.ts" time="2.5">
</testcase>
<testcase name="Unified MFA - Error Handling › handles network errors gracefully" classname="unified-mfa.spec.ts" time="2.391">
</testcase>
<testcase name="Unified MFA - Error Handling › displays helpful error messages" classname="unified-mfa.spec.ts" time="2.232">
</testcase>
<testcase name="Unified MFA - Accessibility › has proper heading structure" classname="unified-mfa.spec.ts" time="2.837">
</testcase>
<testcase name="Unified MFA - Accessibility › has accessible form controls" classname="unified-mfa.spec.ts" time="2.472">
</testcase>
<testcase name="Unified MFA - Accessibility › supports keyboard navigation" classname="unified-mfa.spec.ts" time="4.622">
</testcase>
<testcase name="Unified MFA - Responsive Design › displays properly on mobile viewport" classname="unified-mfa.spec.ts" time="2.811">
</testcase>
<testcase name="Unified MFA - Responsive Design › displays properly on tablet viewport" classname="unified-mfa.spec.ts" time="2.644">
</testcase>
<testcase name="Unified MFA - Responsive Design › displays properly on desktop viewport" classname="unified-mfa.spec.ts" time="3.208">
</testcase>
</testsuite>
<testsuite name="unified-oauth-comprehensive.spec.ts" timestamp="2026-03-22T13:31:33.877Z" hostname="chromium" tests="16" failures="1" skipped="0" time="67.611" errors="0">
<testcase name="Unified OAuth - Core Functionality › unified oauth page loads successfully" classname="unified-oauth-comprehensive.spec.ts" time="7.364">
<failure message="unified-oauth-comprehensive.spec.ts:32:2 unified oauth page loads successfully" type="FAILURE">
<![CDATA[  [chromium] › unified-oauth-comprehensive.spec.ts:32:2 › Unified OAuth - Core Functionality › unified oauth page loads successfully 

    Error: expect(locator).toBeVisible() failed

    Locator: getByText(/Unified OAuth|OAuth Flow|Authorization/i)
    Expected: visible
    Error: strict mode violation: getByText(/Unified OAuth|OAuth Flow|Authorization/i) resolved to 3 elements:
        1) <span class="sidebar-ping__item-label">Unified OAuth & OIDC</span> aka getByRole('link', { name: 'Unified OAuth & OIDC LIVE' })
        2) <span class="sidebar-ping__item-label">CIBA vs Device Authorization Guide</span> aka getByRole('link', { name: 'CIBA vs Device Authorization' })
        3) <div class="sc-gEkIjA jTVGlF">Loading Unified OAuth Flow...</div> aka getByText('Loading Unified OAuth Flow...')

    Call log:
      - Expect "toBeVisible" with timeout 10000ms
      - waiting for getByText(/Unified OAuth|OAuth Flow|Authorization/i)


      35 |
      36 | 		// Look for main unified flow elements
    > 37 | 		await expect(page.getByText(/Unified OAuth|OAuth Flow|Authorization/i)).toBeVisible({
         | 		                                                                        ^
      38 | 			timeout: 10000,
      39 | 		});
      40 |
        at /Users/cmuir/P1Import-apps/oauth-playground/tests/e2e/unified-oauth-comprehensive.spec.ts:37:75

    attachment #1: screenshot (image/png) ──────────────────────────────────────────────────────────
    ../../test-results/unified-oauth-comprehensiv-0bf31-uth-page-loads-successfully-chromium/test-failed-1.png
    ────────────────────────────────────────────────────────────────────────────────────────────────

    attachment #2: video (video/webm) ──────────────────────────────────────────────────────────────
    ../../test-results/unified-oauth-comprehensiv-0bf31-uth-page-loads-successfully-chromium/video.webm
    ────────────────────────────────────────────────────────────────────────────────────────────────

    Error Context: ../../test-results/unified-oauth-comprehensiv-0bf31-uth-page-loads-successfully-chromium/error-context.md
]]>
</failure>
<system-out>
<![CDATA[
[[ATTACHMENT|unified-oauth-comprehensiv-0bf31-uth-page-loads-successfully-chromium/test-failed-1.png]]

[[ATTACHMENT|unified-oauth-comprehensiv-0bf31-uth-page-loads-successfully-chromium/video.webm]]

[[ATTACHMENT|unified-oauth-comprehensiv-0bf31-uth-page-loads-successfully-chromium/error-context.md]]
]]>
</system-out>
</testcase>
<testcase name="Unified OAuth - Core Functionality › all flow types are available in selector" classname="unified-oauth-comprehensive.spec.ts" time="3.752">
</testcase>
<testcase name="Unified OAuth - Core Functionality › all spec versions are available in selector" classname="unified-oauth-comprehensive.spec.ts" time="1.434">
</testcase>
<testcase name="Unified OAuth - Core Functionality › can navigate to different flow types via URL" classname="unified-oauth-comprehensive.spec.ts" time="4.235">
<system-out>
<![CDATA[Testing flow type: oauth-authz
⚠️  oauth-authz content not immediately visible
Testing flow type: implicit
⚠️  implicit content not immediately visible
Testing flow type: client-credentials
⚠️  client-credentials content not immediately visible
Testing flow type: device-code
⚠️  device-code content not immediately visible
Testing flow type: hybrid
⚠️  hybrid content not immediately visible
]]>
</system-out>
</testcase>
<testcase name="Unified OAuth - Core Functionality › authorization code flow loads with proper components" classname="unified-oauth-comprehensive.spec.ts" time="8.194">
<system-out>
<![CDATA[⚠️  Element not found: text=Authorization Code Flow
⚠️  Element not found: text=Client ID
⚠️  Element not found: text=Client Secret
✅ Found element: text=Redirect URI
✅ Found element: text=Scope
✅ Found element: text=PKCE
Found 18 input fields
Found 4 action buttons
]]>
</system-out>
</testcase>
<testcase name="Unified OAuth - Core Functionality › client credentials flow loads with proper components" classname="unified-oauth-comprehensive.spec.ts" time="5.644">
<system-out>
<![CDATA[⚠️  Element not found: text=Client Credentials Flow
⚠️  Element not found: text=Client ID
✅ Found element: text=Client Secret
✅ Found element: text=Scope
✅ Found element: text=Token Endpoint
]]>
</system-out>
</testcase>
<testcase name="Unified OAuth - Core Functionality › implicit flow loads with proper components" classname="unified-oauth-comprehensive.spec.ts" time="3.097">
<system-out>
<![CDATA[⚠️  Element not found: text=Implicit Flow
⚠️  Element not found: text=Client ID
⚠️  Element not found: text=Redirect URI
⚠️  Element not found: text=Response Type
⚠️  Element not found: text=token
]]>
</system-out>
</testcase>
<testcase name="Unified OAuth - Core Functionality › device code flow loads with proper components" classname="unified-oauth-comprehensive.spec.ts" time="8.361">
<system-out>
<![CDATA[⚠️  Element not found: text=Device Code Flow
⚠️  Element not found: text=Device Code
⚠️  Element not found: text=User Code
⚠️  Element not found: text=Verification URI
⚠️  Element not found: text=Poll
]]>
</system-out>
</testcase>
<testcase name="Unified OAuth - Core Functionality › hybrid flow loads with proper components" classname="unified-oauth-comprehensive.spec.ts" time="2.693">
<system-out>
<![CDATA[⚠️  Element not found: text=Hybrid Flow
⚠️  Element not found: text=Authorization Code
⚠️  Element not found: text=ID Token
⚠️  Element not found: text=Response Type
⚠️  Element not found: text=code id_token
]]>
</system-out>
</testcase>
<testcase name="Unified OAuth - Core Functionality › spec version filtering works correctly" classname="unified-oauth-comprehensive.spec.ts" time="3.103">
</testcase>
<testcase name="Unified OAuth - Flow Type Changes › can switch between flow types" classname="unified-oauth-comprehensive.spec.ts" time="2.916">
</testcase>
<testcase name="Unified OAuth - Flow Type Changes › can change spec versions" classname="unified-oauth-comprehensive.spec.ts" time="6.399">
</testcase>
<testcase name="Unified OAuth - Form Interactions › authorization code form accepts input" classname="unified-oauth-comprehensive.spec.ts" time="2.112">
</testcase>
<testcase name="Unified OAuth - Form Interactions › form validation works" classname="unified-oauth-comprehensive.spec.ts" time="2.852">
</testcase>
<testcase name="Unified OAuth - Token Display › token display area exists" classname="unified-oauth-comprehensive.spec.ts" time="2.62">
</testcase>
<testcase name="Unified OAuth - Token Display › can copy token to clipboard" classname="unified-oauth-comprehensive.spec.ts" time="2.835">
</testcase>
</testsuite>
<testsuite name="unified-oauth-simple.spec.ts" timestamp="2026-03-22T13:31:33.877Z" hostname="chromium" tests="17" failures="2" skipped="0" time="76.427" errors="0">
<testcase name="Unified OAuth - Simple Tests › unified oauth page loads" classname="unified-oauth-simple.spec.ts" time="2.235">
<failure message="unified-oauth-simple.spec.ts:17:2 unified oauth page loads" type="FAILURE">
<![CDATA[  [chromium] › unified-oauth-simple.spec.ts:17:2 › Unified OAuth - Simple Tests › unified oauth page loads 

    Error: expect(received).toBeGreaterThan(expected)

    Expected: > 0
    Received:   0

      28 | 		const forms = page.locator('form, input, select, button');
      29 | 		const formCount = await forms.count();
    > 30 | 		expect(formCount).toBeGreaterThan(0);
         | 		                  ^
      31 | 		console.log(`Found ${formCount} form elements`);
      32 | 	});
      33 |
        at /Users/cmuir/P1Import-apps/oauth-playground/tests/e2e/unified-oauth-simple.spec.ts:30:21

    attachment #1: screenshot (image/png) ──────────────────────────────────────────────────────────
    ../../test-results/unified-oauth-simple-Unifi-a0108-ts-unified-oauth-page-loads-chromium/test-failed-1.png
    ────────────────────────────────────────────────────────────────────────────────────────────────

    attachment #2: video (video/webm) ──────────────────────────────────────────────────────────────
    ../../test-results/unified-oauth-simple-Unifi-a0108-ts-unified-oauth-page-loads-chromium/video.webm
    ────────────────────────────────────────────────────────────────────────────────────────────────

    Error Context: ../../test-results/unified-oauth-simple-Unifi-a0108-ts-unified-oauth-page-loads-chromium/error-context.md
]]>
</failure>
<system-out>
<![CDATA[
[[ATTACHMENT|unified-oauth-simple-Unifi-a0108-ts-unified-oauth-page-loads-chromium/test-failed-1.png]]

[[ATTACHMENT|unified-oauth-simple-Unifi-a0108-ts-unified-oauth-page-loads-chromium/video.webm]]

[[ATTACHMENT|unified-oauth-simple-Unifi-a0108-ts-unified-oauth-page-loads-chromium/error-context.md]]
]]>
</system-out>
</testcase>
<testcase name="Unified OAuth - Simple Tests › can navigate to authorization code flow" classname="unified-oauth-simple.spec.ts" time="3.055">
<system-out>
<![CDATA[✅ Found 1 input fields
]]>
</system-out>
</testcase>
<testcase name="Unified OAuth - Simple Tests › can navigate to client credentials flow" classname="unified-oauth-simple.spec.ts" time="4.966">
</testcase>
<testcase name="Unified OAuth - Simple Tests › can navigate to implicit flow" classname="unified-oauth-simple.spec.ts" time="1.957">
</testcase>
<testcase name="Unified OAuth - Simple Tests › can navigate to device code flow" classname="unified-oauth-simple.spec.ts" time="1.925">
</testcase>
<testcase name="Unified OAuth - Simple Tests › can navigate to hybrid flow" classname="unified-oauth-simple.spec.ts" time="2.428">
</testcase>
<testcase name="Unified OAuth - Simple Tests › can navigate with spec versions" classname="unified-oauth-simple.spec.ts" time="3.627">
</testcase>
<testcase name="Unified OAuth - Simple Tests › forms have input fields" classname="unified-oauth-simple.spec.ts" time="3.855">
<failure message="unified-oauth-simple.spec.ts:149:2 forms have input fields" type="FAILURE">
<![CDATA[  [chromium] › unified-oauth-simple.spec.ts:149:2 › Unified OAuth - Simple Tests › forms have input fields 

    Error: expect(received).toBeGreaterThan(expected)

    Expected: > 0
    Received:   0

      168 | 		// Should have at least some input fields
      169 | 		const totalInputs = textCount + passwordCount + textareaCount + selectCount;
    > 170 | 		expect(totalInputs).toBeGreaterThan(0);
          | 		                    ^
      171 | 	});
      172 |
      173 | 	test('has action buttons', async ({ page }) => {
        at /Users/cmuir/P1Import-apps/oauth-playground/tests/e2e/unified-oauth-simple.spec.ts:170:23

    attachment #1: screenshot (image/png) ──────────────────────────────────────────────────────────
    ../../test-results/unified-oauth-simple-Unifi-c8abf-sts-forms-have-input-fields-chromium/test-failed-1.png
    ────────────────────────────────────────────────────────────────────────────────────────────────

    attachment #2: video (video/webm) ──────────────────────────────────────────────────────────────
    ../../test-results/unified-oauth-simple-Unifi-c8abf-sts-forms-have-input-fields-chromium/video.webm
    ────────────────────────────────────────────────────────────────────────────────────────────────

    Error Context: ../../test-results/unified-oauth-simple-Unifi-c8abf-sts-forms-have-input-fields-chromium/error-context.md
]]>
</failure>
<system-out>
<![CDATA[Found: 0 text inputs, 0 password inputs, 0 textareas, 0 selects

[[ATTACHMENT|unified-oauth-simple-Unifi-c8abf-sts-forms-have-input-fields-chromium/test-failed-1.png]]

[[ATTACHMENT|unified-oauth-simple-Unifi-c8abf-sts-forms-have-input-fields-chromium/video.webm]]

[[ATTACHMENT|unified-oauth-simple-Unifi-c8abf-sts-forms-have-input-fields-chromium/error-context.md]]
]]>
</system-out>
</testcase>
<testcase name="Unified OAuth - Simple Tests › has action buttons" classname="unified-oauth-simple.spec.ts" time="4.558">
</testcase>
<testcase name="Unified OAuth - Simple Tests › has flow type selection mechanism" classname="unified-oauth-simple.spec.ts" time="3.184">
</testcase>
<testcase name="Unified OAuth - Simple Tests › has spec version selection mechanism" classname="unified-oauth-simple.spec.ts" time="2.55">
</testcase>
<testcase name="Unified OAuth - Simple Tests › handles invalid URLs gracefully" classname="unified-oauth-simple.spec.ts" time="10.561">
</testcase>
<testcase name="Unified OAuth - Simple Tests › page is responsive" classname="unified-oauth-simple.spec.ts" time="14.783">
<system-out>
<![CDATA[✅ Desktop size: 1200x800 - page loads
✅ Tablet size: 768x1024 - page loads
✅ Mobile size: 375x667 - page loads
]]>
</system-out>
</testcase>
<testcase name="Unified OAuth - Simple Tests › has token display area" classname="unified-oauth-simple.spec.ts" time="4.977">
</testcase>
<testcase name="Unified OAuth - Simple Tests › has help or documentation elements" classname="unified-oauth-simple.spec.ts" time="3.93">
</testcase>
<testcase name="Unified OAuth - Simple Tests › has navigation elements" classname="unified-oauth-simple.spec.ts" time="3.496">
</testcase>
<testcase name="Unified OAuth - Simple Tests › has status or feedback elements" classname="unified-oauth-simple.spec.ts" time="4.34">
<system-out>
<![CDATA[✅ Found 71 status elements
]]>
</system-out>
</testcase>
</testsuite>
<testsuite name="unified-oauth.spec.ts" timestamp="2026-03-22T13:31:33.877Z" hostname="chromium" tests="7" failures="2" skipped="0" time="35.877" errors="0">
<testcase name="Unified OAuth - Navigation &amp; UI › loads Unified OAuth page and shows flow content" classname="unified-oauth.spec.ts" time="3.771">
<failure message="unified-oauth.spec.ts:14:2 loads Unified OAuth page and shows flow content" type="FAILURE">
<![CDATA[  [chromium] › unified-oauth.spec.ts:14:2 › Unified OAuth - Navigation & UI › loads Unified OAuth page and shows flow content 

    Error: expect(locator).toBeVisible() failed

    Locator: getByRole('combobox', { name: /Flow Type|Grant type/i }).or(getByText(/Unified OAuth|Configure Credentials|Authorization Code/i))
    Expected: visible
    Error: strict mode violation: getByRole('combobox', { name: /Flow Type|Grant type/i }).or(getByText(/Unified OAuth|Configure Credentials|Authorization Code/i)) resolved to 2 elements:
        1) <span class="sidebar-ping__item-label">Unified OAuth & OIDC</span> aka getByRole('link', { name: 'Unified OAuth & OIDC LIVE' })
        2) <div class="sc-gEkIjA jTVGlF">Loading Unified OAuth Flow...</div> aka getByText('Loading Unified OAuth Flow...')

    Call log:
      - Expect "toBeVisible" with timeout 10000ms
      - waiting for getByRole('combobox', { name: /Flow Type|Grant type/i }).or(getByText(/Unified OAuth|Configure Credentials|Authorization Code/i))


      19 | 				page.getByText(/Unified OAuth|Configure Credentials|Authorization Code/i)
      20 | 			)
    > 21 | 		).toBeVisible({ timeout: 10000 });
         | 		  ^
      22 | 	});
      23 |
      24 | 	test('navigates to Authorization Code flow', async ({ page }) => {
        at /Users/cmuir/P1Import-apps/oauth-playground/tests/e2e/unified-oauth.spec.ts:21:5

    attachment #1: screenshot (image/png) ──────────────────────────────────────────────────────────
    ../../test-results/unified-oauth-Unified-OAut-12899-page-and-shows-flow-content-chromium/test-failed-1.png
    ────────────────────────────────────────────────────────────────────────────────────────────────

    attachment #2: video (video/webm) ──────────────────────────────────────────────────────────────
    ../../test-results/unified-oauth-Unified-OAut-12899-page-and-shows-flow-content-chromium/video.webm
    ────────────────────────────────────────────────────────────────────────────────────────────────

    Error Context: ../../test-results/unified-oauth-Unified-OAut-12899-page-and-shows-flow-content-chromium/error-context.md
]]>
</failure>
<system-out>
<![CDATA[
[[ATTACHMENT|unified-oauth-Unified-OAut-12899-page-and-shows-flow-content-chromium/test-failed-1.png]]

[[ATTACHMENT|unified-oauth-Unified-OAut-12899-page-and-shows-flow-content-chromium/video.webm]]

[[ATTACHMENT|unified-oauth-Unified-OAut-12899-page-and-shows-flow-content-chromium/error-context.md]]
]]>
</system-out>
</testcase>
<testcase name="Unified OAuth - Navigation &amp; UI › navigates to Authorization Code flow" classname="unified-oauth.spec.ts" time="4.033">
<failure message="unified-oauth.spec.ts:24:2 navigates to Authorization Code flow" type="FAILURE">
<![CDATA[  [chromium] › unified-oauth.spec.ts:24:2 › Unified OAuth - Navigation & UI › navigates to Authorization Code flow 

    Error: expect(locator).toBeVisible() failed

    Locator: getByText(/Authorization Code|Configure|Credentials/i)
    Expected: visible
    Error: strict mode violation: getByText(/Authorization Code|Configure|Credentials/i) resolved to 29 elements:
        1) <strong>Authorization Code Flow</strong> aka getByRole('strong').filter({ hasText: /^Authorization Code Flow$/ })
        2) <strong>Client Credentials Flow</strong> aka getByText('Client Credentials Flow')
        3) <button type="button" class="nav-link-btn nav-btn-authz active" title="OAuth 2.0 Authorization Code Flow">🔐 Authorization Code</button> aka getByRole('button', { name: '🔐 Authorization Code' })
        4) <button type="button" title="OAuth 2.0 Client Credentials Flow" class="nav-link-btn nav-btn-client-creds ">🔑 Client Credentials</button> aka getByRole('button', { name: '🔑 Client Credentials' })
        5) <option value="oauth-authz">Authorization Code</option> aka getByLabel('Flow Type (Grant type)')
        6) <option value="client-credentials">Client Credentials</option> aka getByLabel('Flow Type (Grant type)')
        7) <a target="_blank" rel="noopener noreferrer" href="https://apidocs.pingidentity.com/pingone/platform/v1/api/#authorization-and-authentication-apis-authorize-authorization-code">View PingOne API Docs for Authorization Code Flow</a> aka getByRole('link', { name: 'View PingOne API Docs for' })
        8) <a target="_blank" rel="noopener noreferrer" href="https://datatracker.ietf.org/doc/html/rfc6749#section-4.1">Section 4.1 - Authorization Code Grant</a> aka getByRole('link', { name: 'Section 4.1 - Authorization' })
        9) <span>…</span> aka getByText('Flow Type Security: Authorization code flow is secure')
        10) <span>Configuration & Credentials</span> aka getByRole('button', { name: '🔧 Configuration &' })
        ...

    Call log:
      - Expect "toBeVisible" with timeout 5000ms
      - waiting for getByText(/Authorization Code|Configure|Credentials/i)


      27 | 		await expect(
      28 | 			page.getByText(/Authorization Code|Configure|Credentials/i)
    > 29 | 		).toBeVisible({ timeout: 5000 });
         | 		  ^
      30 | 	});
      31 |
      32 | 	test('navigates to Implicit flow', async ({ page }) => {
        at /Users/cmuir/P1Import-apps/oauth-playground/tests/e2e/unified-oauth.spec.ts:29:5

    attachment #1: screenshot (image/png) ──────────────────────────────────────────────────────────
    ../../test-results/unified-oauth-Unified-OAut-7a777--to-Authorization-Code-flow-chromium/test-failed-1.png
    ────────────────────────────────────────────────────────────────────────────────────────────────

    attachment #2: video (video/webm) ──────────────────────────────────────────────────────────────
    ../../test-results/unified-oauth-Unified-OAut-7a777--to-Authorization-Code-flow-chromium/video.webm
    ────────────────────────────────────────────────────────────────────────────────────────────────

    Error Context: ../../test-results/unified-oauth-Unified-OAut-7a777--to-Authorization-Code-flow-chromium/error-context.md
]]>
</failure>
<system-out>
<![CDATA[
[[ATTACHMENT|unified-oauth-Unified-OAut-7a777--to-Authorization-Code-flow-chromium/test-failed-1.png]]

[[ATTACHMENT|unified-oauth-Unified-OAut-7a777--to-Authorization-Code-flow-chromium/video.webm]]

[[ATTACHMENT|unified-oauth-Unified-OAut-7a777--to-Authorization-Code-flow-chromium/error-context.md]]
]]>
</system-out>
</testcase>
<testcase name="Unified OAuth - Navigation &amp; UI › navigates to Implicit flow" classname="unified-oauth.spec.ts" time="6.466">
</testcase>
<testcase name="Unified OAuth - Navigation &amp; UI › navigates to Client Credentials flow" classname="unified-oauth.spec.ts" time="5.527">
</testcase>
<testcase name="Unified OAuth - Navigation &amp; UI › navigates to Device Code flow" classname="unified-oauth.spec.ts" time="8.921">
</testcase>
<testcase name="Unified OAuth - Navigation &amp; UI › sidebar link to Unified OAuth works" classname="unified-oauth.spec.ts" time="3.231">
</testcase>
<testcase name="Unified OAuth - Flow Type Selector › changing flow type updates URL" classname="unified-oauth.spec.ts" time="3.928">
</testcase>
</testsuite>
<testsuite name="ai-identity-flows.spec.ts" timestamp="2026-03-22T13:31:33.877Z" hostname="firefox" tests="12" failures="2" skipped="0" time="204.15" errors="0">
<testcase name="AI Identity Flows - Navigation &amp; UI › AI Identity Architectures › loads AI Identity Architectures page with V9 styling" classname="ai-identity-flows.spec.ts" time="24.811">
</testcase>
<testcase name="AI Identity Flows - Navigation &amp; UI › AI Identity Architectures › displays collapsible sections properly" classname="ai-identity-flows.spec.ts" time="25.703">
<failure message="ai-identity-flows.spec.ts:22:3 displays collapsible sections properly" type="FAILURE">
<![CDATA[  [firefox] › ai-identity-flows.spec.ts:22:3 › AI Identity Flows - Navigation & UI › AI Identity Architectures › displays collapsible sections properly 

    Error: expect(locator).toBeVisible() failed

    Locator: locator('text=AI Agent Identity Patterns').first()
    Expected: visible
    Timeout: 5000ms
    Error: element(s) not found

    Call log:
      - Expect "toBeVisible" with timeout 5000ms
      - waiting for locator('text=AI Agent Identity Patterns').first()


      23 | 			// Check that collapsible headers are present
      24 | 			const firstHeader = page.locator('text=AI Agent Identity Patterns').first();
    > 25 | 			await expect(firstHeader).toBeVisible();
         | 			                          ^
      26 |
      27 | 			// Click to expand/collapse
      28 | 			await firstHeader.click();
        at /Users/cmuir/P1Import-apps/oauth-playground/tests/e2e/ai-identity-flows.spec.ts:25:30

    attachment #1: screenshot (image/png) ──────────────────────────────────────────────────────────
    ../../test-results/ai-identity-flows-AI-Ident-5ee0f-llapsible-sections-properly-firefox/test-failed-1.png
    ────────────────────────────────────────────────────────────────────────────────────────────────

    attachment #2: video (video/webm) ──────────────────────────────────────────────────────────────
    ../../test-results/ai-identity-flows-AI-Ident-5ee0f-llapsible-sections-properly-firefox/video.webm
    ────────────────────────────────────────────────────────────────────────────────────────────────

    Error Context: ../../test-results/ai-identity-flows-AI-Ident-5ee0f-llapsible-sections-properly-firefox/error-context.md
]]>
</failure>
<system-out>
<![CDATA[
[[ATTACHMENT|ai-identity-flows-AI-Ident-5ee0f-llapsible-sections-properly-firefox/test-failed-1.png]]

[[ATTACHMENT|ai-identity-flows-AI-Ident-5ee0f-llapsible-sections-properly-firefox/video.webm]]

[[ATTACHMENT|ai-identity-flows-AI-Ident-5ee0f-llapsible-sections-properly-firefox/error-context.md]]
]]>
</system-out>
</testcase>
<testcase name="AI Identity Flows - Navigation &amp; UI › OIDC for AI › loads OIDC for AI page with V9 styling" classname="ai-identity-flows.spec.ts" time="10.286">
</testcase>
<testcase name="AI Identity Flows - Navigation &amp; UI › OIDC for AI › shows proper OIDC content and links" classname="ai-identity-flows.spec.ts" time="13.444">
</testcase>
<testcase name="AI Identity Flows - Navigation &amp; UI › OAuth for AI › loads OAuth for AI page with V9 styling" classname="ai-identity-flows.spec.ts" time="8.022">
</testcase>
<testcase name="AI Identity Flows - Navigation &amp; UI › OAuth for AI › displays OAuth compatibility table" classname="ai-identity-flows.spec.ts" time="8.593">
</testcase>
<testcase name="AI Identity Flows - Navigation &amp; UI › PingOne AI Perspective › loads PingOne AI Perspective page with V9 styling" classname="ai-identity-flows.spec.ts" time="7.65">
</testcase>
<testcase name="AI Identity Flows - Navigation &amp; UI › PingOne AI Perspective › shows PingOne-specific content" classname="ai-identity-flows.spec.ts" time="9.125">
</testcase>
<testcase name="AI Identity Flows - Navigation &amp; UI › Ping AI Resources › loads Ping AI Resources page with V9 styling" classname="ai-identity-flows.spec.ts" time="14.992">
</testcase>
<testcase name="AI Identity Flows - Navigation &amp; UI › Ping AI Resources › displays resource cards and links" classname="ai-identity-flows.spec.ts" time="17.237">
<failure message="ai-identity-flows.spec.ts:96:3 displays resource cards and links" type="FAILURE">
<![CDATA[  [firefox] › ai-identity-flows.spec.ts:96:3 › AI Identity Flows - Navigation & UI › Ping AI Resources › displays resource cards and links 

    Error: expect(locator).toBeVisible() failed

    Locator: getByRole('heading', { name: /Types of AI Agents/i })
    Expected: visible
    Timeout: 5000ms
    Error: element(s) not found

    Call log:
      - Expect "toBeVisible" with timeout 5000ms
      - waiting for getByRole('heading', { name: /Types of AI Agents/i })


       95 |
       96 | 		test('displays resource cards and links', async ({ page }) => {
    >  97 | 			await expect(page.getByRole('heading', { name: /Types of AI Agents/i })).toBeVisible();
          | 			                                                                         ^
       98 | 			await expect(page.getByText(/PingOne AI Solutions/i).first()).toBeVisible();
       99 | 		});
      100 | 	});
        at /Users/cmuir/P1Import-apps/oauth-playground/tests/e2e/ai-identity-flows.spec.ts:97:77

    attachment #1: screenshot (image/png) ──────────────────────────────────────────────────────────
    ../../test-results/ai-identity-flows-AI-Ident-46f80-ys-resource-cards-and-links-firefox/test-failed-1.png
    ────────────────────────────────────────────────────────────────────────────────────────────────

    attachment #2: video (video/webm) ──────────────────────────────────────────────────────────────
    ../../test-results/ai-identity-flows-AI-Ident-46f80-ys-resource-cards-and-links-firefox/video.webm
    ────────────────────────────────────────────────────────────────────────────────────────────────

    Error Context: ../../test-results/ai-identity-flows-AI-Ident-46f80-ys-resource-cards-and-links-firefox/error-context.md
]]>
</failure>
<system-out>
<![CDATA[
[[ATTACHMENT|ai-identity-flows-AI-Ident-46f80-ys-resource-cards-and-links-firefox/test-failed-1.png]]

[[ATTACHMENT|ai-identity-flows-AI-Ident-46f80-ys-resource-cards-and-links-firefox/video.webm]]

[[ATTACHMENT|ai-identity-flows-AI-Ident-46f80-ys-resource-cards-and-links-firefox/error-context.md]]
]]>
</system-out>
</testcase>
<testcase name="AI Identity Flows - Navigation &amp; UI › Cross-navigation between AI flows › can navigate between all AI flows" classname="ai-identity-flows.spec.ts" time="26.691">
</testcase>
<testcase name="AI Identity Flows - Navigation &amp; UI › Cross-navigation between AI flows › all AI flows have proper V9 fluid layout" classname="ai-identity-flows.spec.ts" time="37.596">
</testcase>
</testsuite>
<testsuite name="dashboard-groups-simple.spec.ts" timestamp="2026-03-22T13:31:33.877Z" hostname="firefox" tests="13" failures="0" skipped="0" time="139.663" errors="0">
<testcase name="Dashboard Groups - Simple Tests › dashboard loads with all section headers" classname="dashboard-groups-simple.spec.ts" time="13.767">
<system-out>
<![CDATA[✅ Found 6 elements with selector: button[id^="header-"]
✅ Found 1 elements with selector: h3:has-text("Dashboard")
✅ Found 1 elements with selector: h3:has-text("API Status")
✅ Found 1 elements with selector: h3:has-text("Custom Domain")
✅ Found 1 elements with selector: h3:has-text("API Endpoints")
✅ Found 1 elements with selector: h3:has-text("Quick Access")
✅ Found 1 elements with selector: h3:has-text("Recent Activity")
Total dashboard sections found: 12
]]>
</system-out>
</testcase>
<testcase name="Dashboard Groups - Simple Tests › can find and interact with Dashboard section" classname="dashboard-groups-simple.spec.ts" time="9.151">
<system-out>
<![CDATA[Found Dashboard header by ID
✅ Dashboard section header is visible
]]>
</system-out>
</testcase>
<testcase name="Dashboard Groups - Simple Tests › can find API Status section" classname="dashboard-groups-simple.spec.ts" time="11.268">
<system-out>
<![CDATA[✅ Found API Status with selector: :has-text("API Status")
]]>
</system-out>
</testcase>
<testcase name="Dashboard Groups - Simple Tests › can find Custom Domain Config section" classname="dashboard-groups-simple.spec.ts" time="14.292">
<system-out>
<![CDATA[✅ Found Custom Domain Config with selector: #header-custom-domain-config
]]>
</system-out>
</testcase>
<testcase name="Dashboard Groups - Simple Tests › can find API Endpoints section" classname="dashboard-groups-simple.spec.ts" time="13.636">
<system-out>
<![CDATA[✅ Found API Endpoints with selector: #header-available-api-endpoints
]]>
</system-out>
</testcase>
<testcase name="Dashboard Groups - Simple Tests › can find Quick Access Flows section" classname="dashboard-groups-simple.spec.ts" time="8.873">
<system-out>
<![CDATA[✅ Found Quick Access Flows with selector: #header-quick-access-flows
]]>
</system-out>
</testcase>
<testcase name="Dashboard Groups - Simple Tests › can find Recent Activity section" classname="dashboard-groups-simple.spec.ts" time="7.259">
<system-out>
<![CDATA[✅ Found Recent Activity with selector: #header-recent-activity
]]>
</system-out>
</testcase>
<testcase name="Dashboard Groups - Simple Tests › sections have proper structure with titles and subtitles" classname="dashboard-groups-simple.spec.ts" time="9.281">
<system-out>
<![CDATA[✅ Found title: Dashboard
✅ Found title: API Status
✅ Found title: Custom Domain Config
✅ Found title: Available API Endpoints
✅ Found title: Quick Access Flows
✅ Found title: Recent Activity
Found 6 out of 6 expected titles
]]>
</system-out>
</testcase>
<testcase name="Dashboard Groups - Simple Tests › page contains dashboard-related content" classname="dashboard-groups-simple.spec.ts" time="12.81">
<system-out>
<![CDATA[✅ Found content: text=Monitor system status
✅ Found content: text=explore OAuth flows
✅ Found content: text=track recent activity
✅ Found content: text=Server health
✅ Found content: text=API endpoints
✅ Found content: text=OAuth 2.0
✅ Found content: text=OpenID Connect
Found 7 dashboard content elements
]]>
</system-out>
</testcase>
<testcase name="Dashboard Groups - Simple Tests › sections have interactive elements" classname="dashboard-groups-simple.spec.ts" time="9.237">
<system-out>
<![CDATA[✅ Found 19 button elements
✅ Found 103 a[href] elements
Total interactive elements found: 122
]]>
</system-out>
</testcase>
<testcase name="Dashboard Groups - Simple Tests › dashboard has proper visual structure" classname="dashboard-groups-simple.spec.ts" time="8.271">
<system-out>
<![CDATA[✅ Found 6 .section-wrap elements
✅ Found 6 [class*="section"] elements
✅ Found 19 [class*="header"] elements
✅ Found 2 .card elements
Total visual structure elements found: 33
]]>
</system-out>
</testcase>
<testcase name="Dashboard Groups - Simple Tests › dashboard contains status indicators or badges" classname="dashboard-groups-simple.spec.ts" time="10.582">
<system-out>
<![CDATA[✅ Found 3 .badge elements
✅ Found 94 .version-badge elements
✅ Found 4 [class*="success"] elements
✅ Found 1 [class*="danger"] elements
Found 102 status indicators
]]>
</system-out>
</testcase>
<testcase name="Dashboard Groups - Simple Tests › dashboard is accessible and keyboard navigable" classname="dashboard-groups-simple.spec.ts" time="11.236">
<system-out>
<![CDATA[✅ Found 26 keyboard-navigable button:not([disabled]) elements
✅ Found 131 keyboard-navigable a[href] elements
✅ Found 2 keyboard-navigable input:not([disabled]) elements
✅ Found 1 keyboard-navigable select:not([disabled]) elements
Total keyboard-navigable elements found: 160
]]>
</system-out>
</testcase>
</testsuite>
<testsuite name="dashboard-groups-targeted.spec.ts" timestamp="2026-03-22T13:31:33.877Z" hostname="firefox" tests="12" failures="2" skipped="0" time="125.54" errors="0">
<testcase name="Dashboard Groups - Targeted Tests › dashboard page loads with all six main sections" classname="dashboard-groups-targeted.spec.ts" time="7.819">
<failure message="dashboard-groups-targeted.spec.ts:15:2 dashboard page loads with all six main sections" type="FAILURE">
<![CDATA[  [firefox] › dashboard-groups-targeted.spec.ts:15:2 › Dashboard Groups - Targeted Tests › dashboard page loads with all six main sections 

    Error: expect(received).toBe(expected) // Object.is equality

    Expected: 6
    Received: 0

      21 | 		const headerCount = await sectionHeaders.count();
      22 |
    > 23 | 		expect(headerCount).toBe(6); // Should have exactly 6 sections
         | 		                    ^
      24 | 		console.log(`Found ${headerCount} dashboard sections`);
      25 |
      26 | 		// Verify specific section titles
        at /Users/cmuir/P1Import-apps/oauth-playground/tests/e2e/dashboard-groups-targeted.spec.ts:23:23

    attachment #1: screenshot (image/png) ──────────────────────────────────────────────────────────
    ../../test-results/dashboard-groups-targeted--6b2d3--with-all-six-main-sections-firefox/test-failed-1.png
    ────────────────────────────────────────────────────────────────────────────────────────────────

    attachment #2: video (video/webm) ──────────────────────────────────────────────────────────────
    ../../test-results/dashboard-groups-targeted--6b2d3--with-all-six-main-sections-firefox/video.webm
    ────────────────────────────────────────────────────────────────────────────────────────────────

    Error Context: ../../test-results/dashboard-groups-targeted--6b2d3--with-all-six-main-sections-firefox/error-context.md
]]>
</failure>
<system-out>
<![CDATA[
[[ATTACHMENT|dashboard-groups-targeted--6b2d3--with-all-six-main-sections-firefox/test-failed-1.png]]

[[ATTACHMENT|dashboard-groups-targeted--6b2d3--with-all-six-main-sections-firefox/video.webm]]

[[ATTACHMENT|dashboard-groups-targeted--6b2d3--with-all-six-main-sections-firefox/error-context.md]]
]]>
</system-out>
</testcase>
<testcase name="Dashboard Groups - Targeted Tests › each section has proper CollapsibleHeader structure" classname="dashboard-groups-targeted.spec.ts" time="4.555">
</testcase>
<testcase name="Dashboard Groups - Targeted Tests › all sections are collapsible and expandable" classname="dashboard-groups-targeted.spec.ts" time="3.445">
</testcase>
<testcase name="Dashboard Groups - Targeted Tests › Dashboard section content validation" classname="dashboard-groups-targeted.spec.ts" time="18.859">
<system-out>
<![CDATA[✅ Dashboard section has icon
]]>
</system-out>
</testcase>
<testcase name="Dashboard Groups - Targeted Tests › API Status section functionality" classname="dashboard-groups-targeted.spec.ts" time="7.904">
<system-out>
<![CDATA[Found 3 status indicators in API Status
]]>
</system-out>
</testcase>
<testcase name="Dashboard Groups - Targeted Tests › Custom Domain Config section" classname="dashboard-groups-targeted.spec.ts" time="6.161">
<system-out>
<![CDATA[Found 2 configuration inputs
✅ Custom Domain Config has action buttons
]]>
</system-out>
</testcase>
<testcase name="Dashboard Groups - Targeted Tests › API Endpoints section displays endpoints" classname="dashboard-groups-targeted.spec.ts" time="10.541">
<system-out>
<![CDATA[Found 22 method badges
✅ Found GET method
✅ Found POST method
Found 22 API endpoints
]]>
</system-out>
</testcase>
<testcase name="Dashboard Groups - Targeted Tests › Quick Access Flows section" classname="dashboard-groups-targeted.spec.ts" time="13.545">
<system-out>
<![CDATA[Found 11 flow links/buttons
✅ Found Authorization Code flow
✅ Found Client Credentials flow
✅ Found Implicit flow
✅ Found Device flow
]]>
</system-out>
</testcase>
<testcase name="Dashboard Groups - Targeted Tests › Recent Activity section" classname="dashboard-groups-targeted.spec.ts" time="16.155">
<system-out>
<![CDATA[Found 2 activity items
]]>
</system-out>
</testcase>
<testcase name="Dashboard Groups - Targeted Tests › section independence - toggling one doesn&apos;t affect others" classname="dashboard-groups-targeted.spec.ts" time="16.031">
<system-out>
<![CDATA[✅ Section independence verified
]]>
</system-out>
</testcase>
<testcase name="Dashboard Groups - Targeted Tests › keyboard navigation works for all sections" classname="dashboard-groups-targeted.spec.ts" time="10.844">
<system-out>
<![CDATA[✅ Keyboard navigation works for all sections
]]>
</system-out>
</testcase>
<testcase name="Dashboard Groups - Targeted Tests › responsive behavior across screen sizes" classname="dashboard-groups-targeted.spec.ts" time="9.681">
<failure message="dashboard-groups-targeted.spec.ts:387:2 responsive behavior across screen sizes" type="FAILURE">
<![CDATA[  [firefox] › dashboard-groups-targeted.spec.ts:387:2 › Dashboard Groups - Targeted Tests › responsive behavior across screen sizes 

    Error: expect(received).toBe(expected) // Object.is equality

    Expected: 6
    Received: 0

      404 |
      405 | 		// All sections should be visible across all screen sizes
    > 406 | 		expect(desktopCount).toBe(6);
          | 		                     ^
      407 | 		expect(tabletCount).toBe(6);
      408 | 		expect(mobileCount).toBe(6);
      409 |
        at /Users/cmuir/P1Import-apps/oauth-playground/tests/e2e/dashboard-groups-targeted.spec.ts:406:24

    attachment #1: screenshot (image/png) ──────────────────────────────────────────────────────────
    ../../test-results/dashboard-groups-targeted--7d0bd-ehavior-across-screen-sizes-firefox/test-failed-1.png
    ────────────────────────────────────────────────────────────────────────────────────────────────

    attachment #2: video (video/webm) ──────────────────────────────────────────────────────────────
    ../../test-results/dashboard-groups-targeted--7d0bd-ehavior-across-screen-sizes-firefox/video.webm
    ────────────────────────────────────────────────────────────────────────────────────────────────

    Error Context: ../../test-results/dashboard-groups-targeted--7d0bd-ehavior-across-screen-sizes-firefox/error-context.md
]]>
</failure>
<system-out>
<![CDATA[
[[ATTACHMENT|dashboard-groups-targeted--7d0bd-ehavior-across-screen-sizes-firefox/test-failed-1.png]]

[[ATTACHMENT|dashboard-groups-targeted--7d0bd-ehavior-across-screen-sizes-firefox/video.webm]]

[[ATTACHMENT|dashboard-groups-targeted--7d0bd-ehavior-across-screen-sizes-firefox/error-context.md]]
]]>
</system-out>
</testcase>
</testsuite>
<testsuite name="dashboard-groups.spec.ts" timestamp="2026-03-22T13:31:33.877Z" hostname="firefox" tests="15" failures="12" skipped="0" time="399.274" errors="0">
<testcase name="Dashboard Groups - Core Functionality › dashboard page loads with all sections" classname="dashboard-groups.spec.ts" time="8.632">
<system-out>
<![CDATA[✅ Found section: Dashboard
✅ Found section: API Status
✅ Found section: Custom Domain Config
✅ Found section: Available API Endpoints
✅ Found section: Quick Access Flows
✅ Found section: Recent Activity
]]>
</system-out>
</testcase>
<testcase name="Dashboard Groups - Core Functionality › all dashboard groups are collapsible" classname="dashboard-groups.spec.ts" time="8.937">
<failure message="dashboard-groups.spec.ts:39:2 all dashboard groups are collapsible" type="FAILURE">
<![CDATA[  [firefox] › dashboard-groups.spec.ts:39:2 › Dashboard Groups - Core Functionality › all dashboard groups are collapsible 

    Error: expect(received).toBeGreaterThan(expected)

    Expected: > 0
    Received:   0

      44 | 		const headerCount = await collapsibleHeaders.count();
      45 |
    > 46 | 		expect(headerCount).toBeGreaterThan(0);
         | 		                    ^
      47 | 		console.log(`Found ${headerCount} collapsible headers`);
      48 |
      49 | 		// Test each collapsible section
        at /Users/cmuir/P1Import-apps/oauth-playground/tests/e2e/dashboard-groups.spec.ts:46:23

    attachment #1: screenshot (image/png) ──────────────────────────────────────────────────────────
    ../../test-results/dashboard-groups-Dashboard-37e98-oard-groups-are-collapsible-firefox/test-failed-1.png
    ────────────────────────────────────────────────────────────────────────────────────────────────

    attachment #2: video (video/webm) ──────────────────────────────────────────────────────────────
    ../../test-results/dashboard-groups-Dashboard-37e98-oard-groups-are-collapsible-firefox/video.webm
    ────────────────────────────────────────────────────────────────────────────────────────────────

    Error Context: ../../test-results/dashboard-groups-Dashboard-37e98-oard-groups-are-collapsible-firefox/error-context.md
]]>
</failure>
<system-out>
<![CDATA[
[[ATTACHMENT|dashboard-groups-Dashboard-37e98-oard-groups-are-collapsible-firefox/test-failed-1.png]]

[[ATTACHMENT|dashboard-groups-Dashboard-37e98-oard-groups-are-collapsible-firefox/video.webm]]

[[ATTACHMENT|dashboard-groups-Dashboard-37e98-oard-groups-are-collapsible-firefox/error-context.md]]
]]>
</system-out>
</testcase>
<testcase name="Dashboard Groups - Core Functionality › dashboard header section content" classname="dashboard-groups.spec.ts" time="21.878">
</testcase>
<testcase name="Dashboard Groups - Core Functionality › API Status section functionality" classname="dashboard-groups.spec.ts" time="28.588">
<failure message="dashboard-groups.spec.ts:94:2 API Status section functionality" type="FAILURE">
<![CDATA[  [firefox] › dashboard-groups.spec.ts:94:2 › Dashboard Groups - Core Functionality › API Status section functionality 

    Error: expect(locator).toBeVisible() failed

    Locator: getByText(/Server health|Backend health|Global Configuration/i)
    Expected: visible
    Error: strict mode violation: getByText(/Server health|Backend health|Global Configuration/i) resolved to 2 elements:
        1) <p class="sc-duAPiq lcTxkG">Server health (shared with API Status page)</p> aka getByRole('button', { name: 'API Status Server health (' })
        2) <p class="text-small text-muted mb-1">Backend health check</p> aka getByText('Backend health check')

    Call log:
      - Expect "toBeVisible" with timeout 5000ms
      - waiting for getByText(/Server health|Backend health|Global Configuration/i)


      105 |
      106 | 		// Check for API status content
    > 107 | 		await expect(page.getByText(/Server health|Backend health|Global Configuration/i)).toBeVisible({
          | 		                                                                                   ^
      108 | 			timeout: 5000,
      109 | 		});
      110 |
        at /Users/cmuir/P1Import-apps/oauth-playground/tests/e2e/dashboard-groups.spec.ts:107:86

    attachment #1: screenshot (image/png) ──────────────────────────────────────────────────────────
    ../../test-results/dashboard-groups-Dashboard-24af3-tatus-section-functionality-firefox/test-failed-1.png
    ────────────────────────────────────────────────────────────────────────────────────────────────

    attachment #2: video (video/webm) ──────────────────────────────────────────────────────────────
    ../../test-results/dashboard-groups-Dashboard-24af3-tatus-section-functionality-firefox/video.webm
    ────────────────────────────────────────────────────────────────────────────────────────────────

    Error Context: ../../test-results/dashboard-groups-Dashboard-24af3-tatus-section-functionality-firefox/error-context.md
]]>
</failure>
<system-out>
<![CDATA[
[[ATTACHMENT|dashboard-groups-Dashboard-24af3-tatus-section-functionality-firefox/test-failed-1.png]]

[[ATTACHMENT|dashboard-groups-Dashboard-24af3-tatus-section-functionality-firefox/video.webm]]

[[ATTACHMENT|dashboard-groups-Dashboard-24af3-tatus-section-functionality-firefox/error-context.md]]
]]>
</system-out>
</testcase>
<testcase name="Dashboard Groups - Core Functionality › Custom Domain Config section" classname="dashboard-groups.spec.ts" time="13.444">
<failure message="dashboard-groups.spec.ts:124:2 Custom Domain Config section" type="FAILURE">
<![CDATA[  [firefox] › dashboard-groups.spec.ts:124:2 › Dashboard Groups - Core Functionality › Custom Domain Config section 

    Error: expect(locator).toBeVisible() failed

    Locator: getByText(/App URL and custom domain|HTTPS|domain/i)
    Expected: visible
    Error: strict mode violation: getByText(/App URL and custom domain|HTTPS|domain/i) resolved to 13 elements:
        1) <span class="sidebar-ping__item-label">Custom Domain & API Test</span> aka getByRole('link', { name: 'Custom Domain & API Test ADMIN' })
        2) <span>3000 (HTTPS)</span> aka getByText('3000 (HTTPS)')
        ...

    Call log:
      - Expect "toBeVisible" with timeout 5000ms
      - waiting for getByText(/App URL and custom domain|HTTPS|domain/i)


      135 |
      136 | 		// Check for domain configuration content
    > 137 | 		await expect(page.getByText(/App URL and custom domain|HTTPS|domain/i)).toBeVisible({
          | 		                                                                        ^
      138 | 			timeout: 5000,
      139 | 		});
      140 |
        at /Users/cmuir/P1Import-apps/oauth-playground/tests/e2e/dashboard-groups.spec.ts:137:75

    attachment #1: screenshot (image/png) ──────────────────────────────────────────────────────────
    ../../test-results/dashboard-groups-Dashboard-1dd9f-ustom-Domain-Config-section-firefox/test-failed-1.png
    ────────────────────────────────────────────────────────────────────────────────────────────────

    attachment #2: video (video/webm) ──────────────────────────────────────────────────────────────
    ../../test-results/dashboard-groups-Dashboard-1dd9f-ustom-Domain-Config-section-firefox/video.webm
    ────────────────────────────────────────────────────────────────────────────────────────────────

    Error Context: ../../test-results/dashboard-groups-Dashboard-1dd9f-ustom-Domain-Config-section-firefox/error-context.md
]]>
</failure>
<system-out>
<![CDATA[
[[ATTACHMENT|dashboard-groups-Dashboard-1dd9f-ustom-Domain-Config-section-firefox/test-failed-1.png]]

[[ATTACHMENT|dashboard-groups-Dashboard-1dd9f-ustom-Domain-Config-section-firefox/video.webm]]

[[ATTACHMENT|dashboard-groups-Dashboard-1dd9f-ustom-Domain-Config-section-firefox/error-context.md]]
]]>
</system-out>
</testcase>
<testcase name="Dashboard Groups - Core Functionality › API Endpoints section displays endpoints" classname="dashboard-groups.spec.ts" time="29.515">
<failure message="dashboard-groups.spec.ts:156:2 API Endpoints section displays endpoints" type="FAILURE">
<![CDATA[  [firefox] › dashboard-groups.spec.ts:156:2 › Dashboard Groups - Core Functionality › API Endpoints section displays endpoints 

    Error: expect(locator).toBeVisible() failed

    Locator: getByText(/Backend API endpoints|OAuth|OIDC/i)
    Expected: visible
    Error: strict mode violation: getByText(/Backend API endpoints|OAuth|OIDC/i) resolved to 26 elements:
        1) <span>OIDC Discovery</span> aka getByRole('link', { name: 'OIDC Discovery tool' })
        2) <span class="sidebar-ping__item-label">OIDC Discovery</span> aka getByRole('link', { name: 'OIDC Discovery V9 v9.16.23' })
        ...

    Call log:
      - Expect "toBeVisible" with timeout 5000ms
      - waiting for getByText(/Backend API endpoints|OAuth|OIDC/i)


      167 |
      168 | 		// Check for API endpoints content
    > 169 | 		await expect(page.getByText(/Backend API endpoints|OAuth|OIDC/i)).toBeVisible({
          | 		                                                                  ^
      170 | 			timeout: 5000,
      171 | 		});
      172 |
        at /Users/cmuir/P1Import-apps/oauth-playground/tests/e2e/dashboard-groups.spec.ts:169:69

    attachment #1: screenshot (image/png) ──────────────────────────────────────────────────────────
    ../../test-results/dashboard-groups-Dashboard-8d65a--section-displays-endpoints-firefox/test-failed-1.png
    ────────────────────────────────────────────────────────────────────────────────────────────────

    attachment #2: video (video/webm) ──────────────────────────────────────────────────────────────
    ../../test-results/dashboard-groups-Dashboard-8d65a--section-displays-endpoints-firefox/video.webm
    ────────────────────────────────────────────────────────────────────────────────────────────────

    Error Context: ../../test-results/dashboard-groups-Dashboard-8d65a--section-displays-endpoints-firefox/error-context.md
]]>
</failure>
<system-out>
<![CDATA[
[[ATTACHMENT|dashboard-groups-Dashboard-8d65a--section-displays-endpoints-firefox/test-failed-1.png]]

[[ATTACHMENT|dashboard-groups-Dashboard-8d65a--section-displays-endpoints-firefox/video.webm]]

[[ATTACHMENT|dashboard-groups-Dashboard-8d65a--section-displays-endpoints-firefox/error-context.md]]
]]>
</system-out>
</testcase>
<testcase name="Dashboard Groups - Core Functionality › Quick Access Flows section" classname="dashboard-groups.spec.ts" time="26.319">
<failure message="dashboard-groups.spec.ts:195:2 Quick Access Flows section" type="FAILURE">
<![CDATA[  [firefox] › dashboard-groups.spec.ts:195:2 › Dashboard Groups - Core Functionality › Quick Access Flows section 

    Error: expect(locator).toBeVisible() failed

    Locator: locator('text=Quick Access Flows').first()
    Expected: visible
    Timeout: 5000ms
    Error: element(s) not found

    Call log:
      - Expect "toBeVisible" with timeout 5000ms
      - waiting for locator('text=Quick Access Flows').first()


      196 | 		// Find Quick Access Flows section
      197 | 		const quickAccessHeader = page.locator('text=Quick Access Flows').first();
    > 198 | 		await expect(quickAccessHeader).toBeVisible();
          | 		                                ^
      199 |
      200 | 		// Expand if collapsed
      201 | 		const isCollapsed = (await quickAccessHeader.getAttribute('aria-expanded')) === 'false';
        at /Users/cmuir/P1Import-apps/oauth-playground/tests/e2e/dashboard-groups.spec.ts:198:35

    attachment #1: screenshot (image/png) ──────────────────────────────────────────────────────────
    ../../test-results/dashboard-groups-Dashboard-1dc4e--Quick-Access-Flows-section-firefox/test-failed-1.png
    ────────────────────────────────────────────────────────────────────────────────────────────────

    attachment #2: video (video/webm) ──────────────────────────────────────────────────────────────
    ../../test-results/dashboard-groups-Dashboard-1dc4e--Quick-Access-Flows-section-firefox/video.webm
    ────────────────────────────────────────────────────────────────────────────────────────────────

    Error Context: ../../test-results/dashboard-groups-Dashboard-1dc4e--Quick-Access-Flows-section-firefox/error-context.md
]]>
</failure>
<system-out>
<![CDATA[
[[ATTACHMENT|dashboard-groups-Dashboard-1dc4e--Quick-Access-Flows-section-firefox/test-failed-1.png]]

[[ATTACHMENT|dashboard-groups-Dashboard-1dc4e--Quick-Access-Flows-section-firefox/video.webm]]

[[ATTACHMENT|dashboard-groups-Dashboard-1dc4e--Quick-Access-Flows-section-firefox/error-context.md]]
]]>
</system-out>
</testcase>
<testcase name="Dashboard Groups - Core Functionality › Recent Activity section" classname="dashboard-groups.spec.ts" time="16.242">
<failure message="dashboard-groups.spec.ts:228:2 Recent Activity section" type="FAILURE">
<![CDATA[  [firefox] › dashboard-groups.spec.ts:228:2 › Dashboard Groups - Core Functionality › Recent Activity section 

    Error: expect(locator).toBeVisible() failed

    Locator: locator('text=Recent Activity').first()
    Expected: visible
    Timeout: 5000ms
    Error: element(s) not found

    Call log:
      - Expect "toBeVisible" with timeout 5000ms
      - waiting for locator('text=Recent Activity').first()


      229 | 		// Find Recent Activity section
      230 | 		const recentActivityHeader = page.locator('text=Recent Activity').first();
    > 231 | 		await expect(recentActivityHeader).toBeVisible();
          | 		                                   ^
      232 |
      233 | 		// Expand if collapsed
      234 | 		const isCollapsed = (await recentActivityHeader.getAttribute('aria-expanded')) === 'false';
        at /Users/cmuir/P1Import-apps/oauth-playground/tests/e2e/dashboard-groups.spec.ts:231:38

    attachment #1: screenshot (image/png) ──────────────────────────────────────────────────────────
    ../../test-results/dashboard-groups-Dashboard-01be4-ity-Recent-Activity-section-firefox/test-failed-1.png
    ────────────────────────────────────────────────────────────────────────────────────────────────

    attachment #2: video (video/webm) ──────────────────────────────────────────────────────────────
    ../../test-results/dashboard-groups-Dashboard-01be4-ity-Recent-Activity-section-firefox/video.webm
    ────────────────────────────────────────────────────────────────────────────────────────────────

    Error Context: ../../test-results/dashboard-groups-Dashboard-01be4-ity-Recent-Activity-section-firefox/error-context.md
]]>
</failure>
<system-out>
<![CDATA[
[[ATTACHMENT|dashboard-groups-Dashboard-01be4-ity-Recent-Activity-section-firefox/test-failed-1.png]]

[[ATTACHMENT|dashboard-groups-Dashboard-01be4-ity-Recent-Activity-section-firefox/video.webm]]

[[ATTACHMENT|dashboard-groups-Dashboard-01be4-ity-Recent-Activity-section-firefox/error-context.md]]
]]>
</system-out>
</testcase>
<testcase name="Dashboard Groups - Interaction Tests › can toggle multiple sections independently" classname="dashboard-groups.spec.ts" time="61.516">
<failure message="dashboard-groups.spec.ts:277:2 can toggle multiple sections independently" type="FAILURE">
<![CDATA[  [firefox] › dashboard-groups.spec.ts:277:2 › Dashboard Groups - Interaction Tests › can toggle multiple sections independently 

    Test timeout of 60000ms exceeded.

    Error: locator.click: Test timeout of 60000ms exceeded.
    Call log:
      - waiting for locator('text=Dashboard').first()
        - locator resolved to <span>Dashboard</span>
      - attempting click action
        2 × waiting for element to be visible, enabled and stable
          - element is visible, enabled and stable
          - scrolling into view if needed
          - done scrolling
          - element is outside of the viewport
        - retrying click action
        - waiting 20ms
        2 × waiting for element to be visible, enabled and stable
          - element is visible, enabled and stable
          - scrolling into view if needed
          - done scrolling
          - element is outside of the viewport
        - retrying click action
          - waiting 100ms
        68 × waiting for element to be visible, enabled and stable
           - element is visible, enabled and stable
           - scrolling into view if needed
           - done scrolling
           - element is outside of the viewport
         - retrying click action
           - waiting 500ms
        - waiting for element to be visible, enabled and stable


      295 |
      296 | 			// Toggle
    > 297 | 			await sectionHeader.click();
          | 			                    ^
      298 | 			await page.waitForTimeout(300);
      299 |
      300 | 			// Verify state changed
        at /Users/cmuir/P1Import-apps/oauth-playground/tests/e2e/dashboard-groups.spec.ts:297:24

    attachment #1: screenshot (image/png) ──────────────────────────────────────────────────────────
    ../../test-results/dashboard-groups-Dashboard-88950-iple-sections-independently-firefox/test-failed-1.png
    ────────────────────────────────────────────────────────────────────────────────────────────────

    attachment #2: video (video/webm) ──────────────────────────────────────────────────────────────
    ../../test-results/dashboard-groups-Dashboard-88950-iple-sections-independently-firefox/video.webm
    ────────────────────────────────────────────────────────────────────────────────────────────────

    Error Context: ../../test-results/dashboard-groups-Dashboard-88950-iple-sections-independently-firefox/error-context.md
]]>
</failure>
<system-out>
<![CDATA[
[[ATTACHMENT|dashboard-groups-Dashboard-88950-iple-sections-independently-firefox/test-failed-1.png]]

[[ATTACHMENT|dashboard-groups-Dashboard-88950-iple-sections-independently-firefox/video.webm]]

[[ATTACHMENT|dashboard-groups-Dashboard-88950-iple-sections-independently-firefox/error-context.md]]
]]>
</system-out>
</testcase>
<testcase name="Dashboard Groups - Interaction Tests › section states persist during page interactions" classname="dashboard-groups.spec.ts" time="61.298">
<failure message="dashboard-groups.spec.ts:308:2 section states persist during page interactions" type="FAILURE">
<![CDATA[  [firefox] › dashboard-groups.spec.ts:308:2 › Dashboard Groups - Interaction Tests › section states persist during page interactions 

    Test timeout of 60000ms exceeded.

    Error: locator.click: Test timeout of 60000ms exceeded.
    Call log:
      - waiting for locator('text=API Status').first()
        - locator resolved to <span>API Status</span>
      - attempting click action
        2 × waiting for element to be visible, enabled and stable
          - element is visible, enabled and stable
          - scrolling into view if needed
          - done scrolling
          - element is outside of the viewport
        - retrying click action
        - waiting 20ms
        2 × waiting for element to be visible, enabled and stable
          - element is visible, enabled and stable
          - scrolling into view if needed
          - done scrolling
          - element is outside of the viewport
        - retrying click action
          - waiting 100ms
        67 × waiting for element to be visible, enabled and stable
           - element is visible, enabled and stable
           - scrolling into view if needed
           - done scrolling
           - element is outside of the viewport
         - retrying click action
           - waiting 500ms


      309 | 		// Expand API Status section
      310 | 		const apiStatusHeader = page.locator('text=API Status').first();
    > 311 | 		await apiStatusHeader.click();
          | 		                      ^
      312 | 		await page.waitForTimeout(500);
      313 |
      314 | 		// Verify it's expanded
        at /Users/cmuir/P1Import-apps/oauth-playground/tests/e2e/dashboard-groups.spec.ts:311:25

    attachment #1: screenshot (image/png) ──────────────────────────────────────────────────────────
    ../../test-results/dashboard-groups-Dashboard-d52a5-st-during-page-interactions-firefox/test-failed-1.png
    ────────────────────────────────────────────────────────────────────────────────────────────────

    attachment #2: video (video/webm) ──────────────────────────────────────────────────────────────
    ../../test-results/dashboard-groups-Dashboard-d52a5-st-during-page-interactions-firefox/video.webm
    ────────────────────────────────────────────────────────────────────────────────────────────────

    Error Context: ../../test-results/dashboard-groups-Dashboard-d52a5-st-during-page-interactions-firefox/error-context.md
]]>
</failure>
<system-out>
<![CDATA[
[[ATTACHMENT|dashboard-groups-Dashboard-d52a5-st-during-page-interactions-firefox/test-failed-1.png]]

[[ATTACHMENT|dashboard-groups-Dashboard-d52a5-st-during-page-interactions-firefox/video.webm]]

[[ATTACHMENT|dashboard-groups-Dashboard-d52a5-st-during-page-interactions-firefox/error-context.md]]
]]>
</system-out>
</testcase>
<testcase name="Dashboard Groups - Interaction Tests › all sections have proper accessibility attributes" classname="dashboard-groups.spec.ts" time="13.992">
<failure message="dashboard-groups.spec.ts:330:2 all sections have proper accessibility attributes" type="FAILURE">
<![CDATA[  [firefox] › dashboard-groups.spec.ts:330:2 › Dashboard Groups - Interaction Tests › all sections have proper accessibility attributes 

    Error: expect(received).toBeGreaterThan(expected)

    Expected: > 0
    Received:   0

      333 | 		const headerCount = await headers.count();
      334 |
    > 335 | 		expect(headerCount).toBeGreaterThan(0);
          | 		                    ^
      336 |
      337 | 		// Check accessibility attributes
      338 | 		for (let i = 0; i < Math.min(headerCount, 6); i++) {
        at /Users/cmuir/P1Import-apps/oauth-playground/tests/e2e/dashboard-groups.spec.ts:335:23

    attachment #1: screenshot (image/png) ──────────────────────────────────────────────────────────
    ../../test-results/dashboard-groups-Dashboard-2791d-er-accessibility-attributes-firefox/test-failed-1.png
    ────────────────────────────────────────────────────────────────────────────────────────────────

    attachment #2: video (video/webm) ──────────────────────────────────────────────────────────────
    ../../test-results/dashboard-groups-Dashboard-2791d-er-accessibility-attributes-firefox/video.webm
    ────────────────────────────────────────────────────────────────────────────────────────────────

    Error Context: ../../test-results/dashboard-groups-Dashboard-2791d-er-accessibility-attributes-firefox/error-context.md
]]>
</failure>
<system-out>
<![CDATA[
[[ATTACHMENT|dashboard-groups-Dashboard-2791d-er-accessibility-attributes-firefox/test-failed-1.png]]

[[ATTACHMENT|dashboard-groups-Dashboard-2791d-er-accessibility-attributes-firefox/video.webm]]

[[ATTACHMENT|dashboard-groups-Dashboard-2791d-er-accessibility-attributes-firefox/error-context.md]]
]]>
</system-out>
</testcase>
<testcase name="Dashboard Groups - Interaction Tests › sections work with keyboard navigation" classname="dashboard-groups.spec.ts" time="15.501">
<failure message="dashboard-groups.spec.ts:363:2 sections work with keyboard navigation" type="FAILURE">
<![CDATA[  [firefox] › dashboard-groups.spec.ts:363:2 › Dashboard Groups - Interaction Tests › sections work with keyboard navigation 

    Error: expect(received).toBeTruthy()

    Received: false

      368 | 		// Verify focus
      369 | 		const isFocused = await firstHeader.evaluate((el) => document.activeElement === el);
    > 370 | 		expect(isFocused).toBeTruthy();
          | 		                  ^
      371 |
      372 | 		// Test Enter key to toggle
      373 | 		await page.keyboard.press('Enter');
        at /Users/cmuir/P1Import-apps/oauth-playground/tests/e2e/dashboard-groups.spec.ts:370:21

    attachment #1: screenshot (image/png) ──────────────────────────────────────────────────────────
    ../../test-results/dashboard-groups-Dashboard-00b73-rk-with-keyboard-navigation-firefox/test-failed-1.png
    ────────────────────────────────────────────────────────────────────────────────────────────────

    attachment #2: video (video/webm) ──────────────────────────────────────────────────────────────
    ../../test-results/dashboard-groups-Dashboard-00b73-rk-with-keyboard-navigation-firefox/video.webm
    ────────────────────────────────────────────────────────────────────────────────────────────────

    Error Context: ../../test-results/dashboard-groups-Dashboard-00b73-rk-with-keyboard-navigation-firefox/error-context.md
]]>
</failure>
<system-out>
<![CDATA[
[[ATTACHMENT|dashboard-groups-Dashboard-00b73-rk-with-keyboard-navigation-firefox/test-failed-1.png]]

[[ATTACHMENT|dashboard-groups-Dashboard-00b73-rk-with-keyboard-navigation-firefox/video.webm]]

[[ATTACHMENT|dashboard-groups-Dashboard-00b73-rk-with-keyboard-navigation-firefox/error-context.md]]
]]>
</system-out>
</testcase>
<testcase name="Dashboard Groups - Content Validation › all sections contain meaningful content" classname="dashboard-groups.spec.ts" time="62.767">
<failure message="dashboard-groups.spec.ts:405:2 all sections contain meaningful content" type="FAILURE">
<![CDATA[  [firefox] › dashboard-groups.spec.ts:405:2 › Dashboard Groups - Content Validation › all sections contain meaningful content 

    Test timeout of 60000ms exceeded.

    Error: locator.click: Test timeout of 60000ms exceeded.
    Call log:
      - waiting for locator('text=Dashboard').first()
        - locator resolved to <span>Dashboard</span>
      - attempting click action
        2 × waiting for element to be visible, enabled and stable
          - element is visible, enabled and stable
          - scrolling into view if needed
          - done scrolling
          - element is outside of the viewport
        - retrying click action
        - waiting 20ms
        2 × waiting for element to be visible, enabled and stable
          - element is visible, enabled and stable
          - scrolling into view if needed
          - done scrolling
          - element is outside of the viewport
        - retrying click action
          - waiting 100ms
        70 × waiting for element to be visible, enabled and stable
           - element is visible, enabled and stable
           - scrolling into view if needed
           - done scrolling
           - element is outside of the viewport
         - retrying click action
           - waiting 500ms


      416 | 			// Find and expand section
      417 | 			const header = page.locator(`text=${section.name}`).first();
    > 418 | 			await header.click();
          | 			             ^
      419 | 			await page.waitForTimeout(500);
      420 |
      421 | 			// Check for expected content
        at /Users/cmuir/P1Import-apps/oauth-playground/tests/e2e/dashboard-groups.spec.ts:418:17

    attachment #1: screenshot (image/png) ──────────────────────────────────────────────────────────
    ../../test-results/dashboard-groups-Dashboard-a9373--contain-meaningful-content-firefox/test-failed-1.png
    ────────────────────────────────────────────────────────────────────────────────────────────────

    attachment #2: video (video/webm) ──────────────────────────────────────────────────────────────
    ../../test-results/dashboard-groups-Dashboard-a9373--contain-meaningful-content-firefox/video.webm
    ────────────────────────────────────────────────────────────────────────────────────────────────

    Error Context: ../../test-results/dashboard-groups-Dashboard-a9373--contain-meaningful-content-firefox/error-context.md
]]>
</failure>
<system-out>
<![CDATA[
[[ATTACHMENT|dashboard-groups-Dashboard-a9373--contain-meaningful-content-firefox/test-failed-1.png]]

[[ATTACHMENT|dashboard-groups-Dashboard-a9373--contain-meaningful-content-firefox/video.webm]]

[[ATTACHMENT|dashboard-groups-Dashboard-a9373--contain-meaningful-content-firefox/error-context.md]]
]]>
</system-out>
</testcase>
<testcase name="Dashboard Groups - Content Validation › sections display appropriate icons and visual elements" classname="dashboard-groups.spec.ts" time="17.44">
<system-out>
<![CDATA[Found 110 icons in dashboard sections
✅ Found chart-box icon
✅ Found server icon
✅ Found cog icon
✅ Found link icon
✅ Found lightning-bolt icon
✅ Found chart-line icon
]]>
</system-out>
</testcase>
<testcase name="Dashboard Groups - Content Validation › sections are responsive and adapt to screen size" classname="dashboard-groups.spec.ts" time="13.205">
<failure message="dashboard-groups.spec.ts:455:2 sections are responsive and adapt to screen size" type="FAILURE">
<![CDATA[  [firefox] › dashboard-groups.spec.ts:455:2 › Dashboard Groups - Content Validation › sections are responsive and adapt to screen size 

    Error: expect(received).toBeGreaterThan(expected)

    Expected: > 0
    Received:   0

      475 |
      476 | 		// All sections should be visible across screen sizes
    > 477 | 		expect(desktopVisible).toBeGreaterThan(0);
          | 		                       ^
      478 | 		expect(tabletVisible).toBeGreaterThan(0);
      479 | 		expect(mobileVisible).toBeGreaterThan(0);
      480 |
        at /Users/cmuir/P1Import-apps/oauth-playground/tests/e2e/dashboard-groups.spec.ts:477:26

    attachment #1: screenshot (image/png) ──────────────────────────────────────────────────────────
    ../../test-results/dashboard-groups-Dashboard-ec111-ve-and-adapt-to-screen-size-firefox/test-failed-1.png
    ────────────────────────────────────────────────────────────────────────────────────────────────

    attachment #2: video (video/webm) ──────────────────────────────────────────────────────────────
    ../../test-results/dashboard-groups-Dashboard-ec111-ve-and-adapt-to-screen-size-firefox/video.webm
    ────────────────────────────────────────────────────────────────────────────────────────────────

    Error Context: ../../test-results/dashboard-groups-Dashboard-ec111-ve-and-adapt-to-screen-size-firefox/error-context.md
]]>
</failure>
<system-out>
<![CDATA[
[[ATTACHMENT|dashboard-groups-Dashboard-ec111-ve-and-adapt-to-screen-size-firefox/test-failed-1.png]]

[[ATTACHMENT|dashboard-groups-Dashboard-ec111-ve-and-adapt-to-screen-size-firefox/video.webm]]

[[ATTACHMENT|dashboard-groups-Dashboard-ec111-ve-and-adapt-to-screen-size-firefox/error-context.md]]
]]>
</system-out>
</testcase>
</testsuite>
<testsuite name="mock-flows-comprehensive-validation.spec.ts" timestamp="2026-03-22T13:31:33.877Z" hostname="firefox" tests="2" failures="1" skipped="0" time="90.705" errors="0">
<testcase name="Mock Flows - Comprehensive Field Validation › comprehensive field validation for all mock flows" classname="mock-flows-comprehensive-validation.spec.ts" time="62.809">
<failure message="mock-flows-comprehensive-validation.spec.ts:20:2 comprehensive field validation for all mock flows" type="FAILURE">
<![CDATA[  [firefox] › mock-flows-comprehensive-validation.spec.ts:20:2 › Mock Flows - Comprehensive Field Validation › comprehensive field validation for all mock flows 

    Test timeout of 60000ms exceeded.

    Error: locator.getAttribute: Test timeout of 60000ms exceeded.
    Call log:
      - waiting for locator('main').first().locator('input:visible, textarea:visible, select:visible').nth(4)


      110 | 							const isRequired =
      111 | 								(await input.getAttribute('required')) !== null ||
    > 112 | 								(await input.getAttribute('aria-required')) === 'true';
          | 								             ^
      113 |
      114 | 							let value = '';
      115 | 							let isEmpty = false;
        at /Users/cmuir/P1Import-apps/oauth-playground/tests/e2e/mock-flows-comprehensive-validation.spec.ts:112:22

    attachment #1: screenshot (image/png) ──────────────────────────────────────────────────────────
    ../../test-results/mock-flows-comprehensive-v-04f08-lidation-for-all-mock-flows-firefox/test-failed-1.png
    ────────────────────────────────────────────────────────────────────────────────────────────────

    attachment #2: video (video/webm) ──────────────────────────────────────────────────────────────
    ../../test-results/mock-flows-comprehensive-v-04f08-lidation-for-all-mock-flows-firefox/video.webm
    ────────────────────────────────────────────────────────────────────────────────────────────────

    Error Context: ../../test-results/mock-flows-comprehensive-v-04f08-lidation-for-all-mock-flows-firefox/error-context.md
]]>
</failure>
<system-out>
<![CDATA[
=== Testing: /flows/oidc-authorization-code-v9 ===
Found 10 input fields in container: body
⚠️  Empty optional: Search flows and pages... (⌘K) (text) - Search flows and pages... (⌘K)
✅ Filled: ac-client-id = "v7m-client"
✅ Filled: ac-redirect-uri = "/callback"
✅ Filled: ac-scope = "openid profile email offline_a..."
✅ Filled: ac-state = "abc123state"
✅ Filled: ac-nonce = "n-0S6_WzA2Mj"
✅ Filled: ac-user = "jane.doe@example.com"
✅ Filled: ac-method = "S256 (recommended)"
✅ Filled: ac-verifier = "sample-code-verifier-123456789..."
✅ Filled: ac-secret = "topsecret"
Summary for /flows/oidc-authorization-code-v9:
  Fields found: Yes
  Total fields: 10
  Filled: 9
  Empty: 1
  Empty required: 0

=== Testing: /flows/client-credentials-v9 ===
Found 4 input fields in container: main
✅ Filled: field-0 = "v7m-client-credentials"
✅ Filled: field-1 = "topsecret"
✅ Filled: field-2 = "read write"
⚠️  Empty optional: https://api.example.com (input) - https://api.example.com
Summary for /flows/client-credentials-v9:
  Fields found: Yes
  Total fields: 4
  Filled: 3
  Empty: 1
  Empty required: 0

=== Testing: /flows/device-authorization-v9 ===
Found 4 input fields in container: main
✅ Filled: field-0 = "v7m-device-client"
✅ Filled: field-1 = "read write"
✅ Filled: field-2 = "jane.doe@example.com"
✅ Filled: field-3 = "topsecret"
Summary for /flows/device-authorization-v9:
  Fields found: Yes
  Total fields: 4
  Filled: 4
  Empty: 0
  Empty required: 0

=== Testing: /flows/implicit-v9 ===
Found 5 input fields in container: main
✅ Filled: field-0 = "v7m-client"
✅ Filled: field-1 = "/implicit-callback"
✅ Filled: field-2 = "read write"
✅ Filled: field-3 = "abc123state"

[[ATTACHMENT|mock-flows-comprehensive-v-04f08-lidation-for-all-mock-flows-firefox/test-failed-1.png]]

[[ATTACHMENT|mock-flows-comprehensive-v-04f08-lidation-for-all-mock-flows-firefox/video.webm]]

[[ATTACHMENT|mock-flows-comprehensive-v-04f08-lidation-for-all-mock-flows-firefox/error-context.md]]
]]>
</system-out>
</testcase>
<testcase name="Mock Flows - Comprehensive Field Validation › mock flows work without user interaction" classname="mock-flows-comprehensive-validation.spec.ts" time="27.896">
<system-out>
<![CDATA[
Testing flow without user interaction: /flows/oidc-authorization-code-v9
  ✅ Flow already shows token/results
  ✅ Flow is ready to use without user input

Testing flow without user interaction: /flows/client-credentials-v9
  ✅ Found actionable button: "Request Access Token"
  ✅ Flow already shows token/results
  ✅ Flow is ready to use without user input
]]>
</system-out>
</testcase>
</testsuite>
<testsuite name="mock-flows-field-validation.spec.ts" timestamp="2026-03-22T13:31:33.877Z" hostname="firefox" tests="2" failures="1" skipped="0" time="120.686" errors="0">
<testcase name="Mock Flows - Field Validation › all mock flows have pre-filled values in all fields" classname="mock-flows-field-validation.spec.ts" time="63.71">
<failure message="mock-flows-field-validation.spec.ts:20:2 all mock flows have pre-filled values in all fields" type="FAILURE">
<![CDATA[  [firefox] › mock-flows-field-validation.spec.ts:20:2 › Mock Flows - Field Validation › all mock flows have pre-filled values in all fields 

    Test timeout of 60000ms exceeded.

    Error: page.goto: Test timeout of 60000ms exceeded.
    Call log:
      - navigating to "https://localhost:3000/flows/mock-mcp-agent-flow", waiting until "load"


      36 | 			console.log(`\n=== Testing: ${flow} ===`);
      37 |
    > 38 | 			await page.goto(flow, { timeout: 15000 });
         | 			           ^
      39 | 			await page.waitForTimeout(3000);
      40 |
      41 | 			const flowResult = {
        at /Users/cmuir/P1Import-apps/oauth-playground/tests/e2e/mock-flows-field-validation.spec.ts:38:15

    attachment #1: screenshot (image/png) ──────────────────────────────────────────────────────────
    ../../test-results/mock-flows-field-validatio-c0562-filled-values-in-all-fields-firefox/test-failed-1.png
    ────────────────────────────────────────────────────────────────────────────────────────────────

    attachment #2: video (video/webm) ──────────────────────────────────────────────────────────────
    ../../test-results/mock-flows-field-validatio-c0562-filled-values-in-all-fields-firefox/video.webm
    ────────────────────────────────────────────────────────────────────────────────────────────────

    Error Context: ../../test-results/mock-flows-field-validatio-c0562-filled-values-in-all-fields-firefox/error-context.md
]]>
</failure>
<system-out>
<![CDATA[
=== Testing: /flows/oidc-authorization-code-v9 ===
Found 9 input fields
✅ Filled: ac-client-id = "v7m-client"
✅ Filled: ac-redirect-uri = "/callback"
✅ Filled: ac-scope = "openid profile email offline_a..."
✅ Filled: ac-state = "abc123state"
✅ Filled: ac-nonce = "n-0S6_WzA2Mj"
✅ Filled: ac-user = "jane.doe@example.com"
✅ Filled: ac-method = "S256 (recommended)"
✅ Filled: ac-verifier = "sample-code-verifier-123456789..."
✅ Filled: ac-secret = "topsecret"
Summary for /flows/oidc-authorization-code-v9:
  Total fields: 9
  Filled fields: 9
  Empty fields: 0
  Empty required fields: 0

=== Testing: /flows/client-credentials-v9 ===
Found 0 input fields
Summary for /flows/client-credentials-v9:
  Total fields: 0
  Filled fields: 0
  Empty fields: 0
  Empty required fields: 0

=== Testing: /flows/device-authorization-v9 ===
Found 4 input fields
✅ Filled: field-0 = "v7m-device-client"
✅ Filled: field-1 = "read write"
✅ Filled: field-2 = "jane.doe@example.com"
✅ Filled: field-3 = "topsecret"
Summary for /flows/device-authorization-v9:
  Total fields: 4
  Filled fields: 4
  Empty fields: 0
  Empty required fields: 0

=== Testing: /flows/implicit-v9 ===
Found 5 input fields
✅ Filled: field-0 = "v7m-client"
✅ Filled: field-1 = "/implicit-callback"
✅ Filled: field-2 = "read write"
✅ Filled: field-3 = "abc123state"
✅ Filled: field-4 = "jane.doe@example.com"
Summary for /flows/implicit-v9:
  Total fields: 5
  Filled fields: 5
  Empty fields: 0
  Empty required fields: 0

=== Testing: /flows/oidc-hybrid-v9 ===
Found 9 input fields
✅ Filled: responseType = "code id_token"
✅ Filled: responseType = "code token"
✅ Filled: responseType = "code id_token token"
✅ Filled: field-3 = "v7m-hybrid-client"
✅ Filled: field-4 = "/hybrid-callback"
✅ Filled: field-5 = "openid profile email"
✅ Filled: field-6 = "hybrid-state-xyz"
✅ Filled: field-7 = "hybrid-nonce-abc"
✅ Filled: field-8 = "jane.doe@example.com"
Summary for /flows/oidc-hybrid-v9:
  Total fields: 9
  Filled fields: 9
  Empty fields: 0
  Empty required fields: 0

=== Testing: /flows/dpop-authorization-code-v9 ===
Found 0 input fields
Summary for /flows/dpop-authorization-code-v9:
  Total fields: 0
  Filled fields: 0
  Empty fields: 0
  Empty required fields: 0

=== Testing: /flows/mock-mcp-agent-flow ===

[[ATTACHMENT|mock-flows-field-validatio-c0562-filled-values-in-all-fields-firefox/test-failed-1.png]]

[[ATTACHMENT|mock-flows-field-validatio-c0562-filled-values-in-all-fields-firefox/video.webm]]

[[ATTACHMENT|mock-flows-field-validatio-c0562-filled-values-in-all-fields-firefox/error-context.md]]
]]>
</system-out>
</testcase>
<testcase name="Mock Flows - Field Validation › mock flows display educational/mock indicators" classname="mock-flows-field-validation.spec.ts" time="56.976">
<system-out>
<![CDATA[
Checking mock indicators for: /flows/oidc-authorization-code-v9
✅ Found mock indicator: "EDUCATIONAL"

Checking mock indicators for: /flows/client-credentials-v9
⚠️  No explicit mock indicator found for /flows/client-credentials-v9

Checking mock indicators for: /flows/device-authorization-v9
⚠️  No explicit mock indicator found for /flows/device-authorization-v9

Checking mock indicators for: /flows/implicit-v9
✅ Found mock indicator: "MOCK"

Checking mock indicators for: /flows/oidc-hybrid-v9
⚠️  No explicit mock indicator found for /flows/oidc-hybrid-v9

Checking mock indicators for: /flows/dpop-authorization-code-v9
⚠️  No explicit mock indicator found for /flows/dpop-authorization-code-v9

Checking mock indicators for: /flows/mock-mcp-agent-flow
✅ Found mock indicator: "MOCK"
]]>
</system-out>
</testcase>
</testsuite>
<testsuite name="mock-flows-final.spec.ts" timestamp="2026-03-22T13:31:33.877Z" hostname="firefox" tests="4" failures="1" skipped="0" time="88.363" errors="0">
<testcase name="Mock Flows - Core Functionality › all mock flows load successfully" classname="mock-flows-final.spec.ts" time="47.46">
<system-out>
<![CDATA[Testing: /flows/oidc-authorization-code-v9
✓ /flows/oidc-authorization-code-v9 loaded successfully
Testing: /flows/client-credentials-v9
✓ /flows/client-credentials-v9 loaded successfully
Testing: /flows/device-authorization-v9
✓ /flows/device-authorization-v9 loaded successfully
Testing: /flows/implicit-v9
✓ /flows/implicit-v9 loaded successfully
Testing: /flows/oidc-hybrid-v9
✓ /flows/oidc-hybrid-v9 loaded successfully
Testing: /flows/dpop-authorization-code-v9
✓ /flows/dpop-authorization-code-v9 loaded successfully
Testing: /flows/mock-mcp-agent-flow
✓ /flows/mock-mcp-agent-flow loaded successfully
]]>
</system-out>
</testcase>
<testcase name="Mock Flows - Core Functionality › mock flows have pre-filled form data" classname="mock-flows-final.spec.ts" time="14.894">
<system-out>
<![CDATA[✓ /flows/oidc-authorization-code-v9 has pre-filled data: v7m-client...
✓ /flows/oidc-authorization-code-v9 - Form data check completed
⚠ /flows/client-credentials-v9 - No pre-filled data detected in visible inputs
✓ /flows/client-credentials-v9 - Form data check completed
]]>
</system-out>
</testcase>
<testcase name="Mock Flows - Core Functionality › mock flows do not require user credentials" classname="mock-flows-final.spec.ts" time="7.637">
<failure message="mock-flows-final.spec.ts:80:2 mock flows do not require user credentials" type="FAILURE">
<![CDATA[  [firefox] › mock-flows-final.spec.ts:80:2 › Mock Flows - Core Functionality › mock flows do not require user credentials 

    Error: locator.isVisible: Error: strict mode violation: getByText(/access_token|id_token|code=/) resolved to 3 elements:
        1) <pre class="sc-itktkX iKlOV">{↵  "redirect_uri": "https://api.pingdemo.com/cal…</pre> aka getByText('{ "redirect_uri": "https://')
        2) <pre class="sc-itktkX iKlOV">{↵  "access_token": "eyJhbGciOiJSUzI1NiIsImtpZCI6…</pre> aka getByText('{ "access_token": "')
        ...

    Call log:
        - checking visibility of getByText(/access_token|id_token|code=/)


      105 | 		} else {
      106 | 			// Check if flow already shows results/tokens
    > 107 | 			const hasTokens = await page.getByText(/access_token|id_token|code=/).isVisible();
          | 			                                                                      ^
      108 | 			if (hasTokens) {
      109 | 				console.log('✓ Flow already shows token results');
      110 | 			} else {
        at /Users/cmuir/P1Import-apps/oauth-playground/tests/e2e/mock-flows-final.spec.ts:107:74

    attachment #1: screenshot (image/png) ──────────────────────────────────────────────────────────
    ../../test-results/mock-flows-final-Mock-Flow-06f7d-ot-require-user-credentials-firefox/test-failed-1.png
    ────────────────────────────────────────────────────────────────────────────────────────────────

    attachment #2: video (video/webm) ──────────────────────────────────────────────────────────────
    ../../test-results/mock-flows-final-Mock-Flow-06f7d-ot-require-user-credentials-firefox/video.webm
    ────────────────────────────────────────────────────────────────────────────────────────────────

    Error Context: ../../test-results/mock-flows-final-Mock-Flow-06f7d-ot-require-user-credentials-firefox/error-context.md
]]>
</failure>
<system-out>
<![CDATA[
[[ATTACHMENT|mock-flows-final-Mock-Flow-06f7d-ot-require-user-credentials-firefox/test-failed-1.png]]

[[ATTACHMENT|mock-flows-final-Mock-Flow-06f7d-ot-require-user-credentials-firefox/video.webm]]

[[ATTACHMENT|mock-flows-final-Mock-Flow-06f7d-ot-require-user-credentials-firefox/error-context.md]]
]]>
</system-out>
</testcase>
<testcase name="Mock Flows - Core Functionality › mock flows handle navigation gracefully" classname="mock-flows-final.spec.ts" time="18.372">
<system-out>
<![CDATA[✓ /flows/client-credentials-v9 navigation handled gracefully
]]>
</system-out>
</testcase>
</testsuite>
<testsuite name="mock-flows-simple.spec.ts" timestamp="2026-03-22T13:31:33.877Z" hostname="firefox" tests="3" failures="0" skipped="0" time="29.041" errors="0">
<testcase name="Mock Flows - Basic Connectivity › can access frontend server" classname="mock-flows-simple.spec.ts" time="4.338">
</testcase>
<testcase name="Mock Flows - Basic Connectivity › can access a mock flow route" classname="mock-flows-simple.spec.ts" time="8.437">
<system-out>
<![CDATA[Page content length: [33m958527[39m
Has mock content: [33mtrue[39m
Has inputs/buttons: [33mtrue[39m
]]>
</system-out>
</testcase>
<testcase name="Mock Flows - Basic Connectivity › test multiple mock flow routes for basic loading" classname="mock-flows-simple.spec.ts" time="16.266">
<system-out>
<![CDATA[Testing: /flows/oidc-authorization-code-v9
  Title: MasterFlow API - PingOne Integration Platform
  Has errors: true
  ✓ Page loaded successfully
Testing: /flows/client-credentials-v9
  Title: MasterFlow API - PingOne Integration Platform
  Has errors: true
  ✓ Page loaded successfully
Testing: /flows/device-authorization-v9
  Title: MasterFlow API - PingOne Integration Platform
  Has errors: true
  ✓ Page loaded successfully
]]>
</system-out>
</testcase>
</testsuite>
<testsuite name="mock-flows.spec.ts" timestamp="2026-03-22T13:31:33.877Z" hostname="firefox" tests="9" failures="4" skipped="0" time="164.401" errors="0">
<testcase name="Mock Flows - OIDC › Authorization Code Flow › loads and displays pre-filled mock data" classname="mock-flows.spec.ts" time="9.48">
<failure message="mock-flows.spec.ts:12:3 loads and displays pre-filled mock data" type="FAILURE">
<![CDATA[  [firefox] › mock-flows.spec.ts:12:3 › Mock Flows - OIDC › Authorization Code Flow › loads and displays pre-filled mock data 

    Error: expect(received).toBeTruthy()

    Received: false

      29 | 						.getByText(/Authorization Code|Client Credentials|OAuth|OIDC/i)
      30 | 						.isVisible();
    > 31 | 					expect(hasFlowContent).toBeTruthy();
         | 					                       ^
      32 | 				}
      33 | 			} else {
      34 | 				// Fallback: check if page loaded at all
        at /Users/cmuir/P1Import-apps/oauth-playground/tests/e2e/mock-flows.spec.ts:31:29

    attachment #1: screenshot (image/png) ──────────────────────────────────────────────────────────
    ../../test-results/mock-flows-Mock-Flows---OI-4cda5-splays-pre-filled-mock-data-firefox/test-failed-1.png
    ────────────────────────────────────────────────────────────────────────────────────────────────

    attachment #2: video (video/webm) ──────────────────────────────────────────────────────────────
    ../../test-results/mock-flows-Mock-Flows---OI-4cda5-splays-pre-filled-mock-data-firefox/video.webm
    ────────────────────────────────────────────────────────────────────────────────────────────────

    Error Context: ../../test-results/mock-flows-Mock-Flows---OI-4cda5-splays-pre-filled-mock-data-firefox/error-context.md
]]>
</failure>
<system-out>
<![CDATA[
[[ATTACHMENT|mock-flows-Mock-Flows---OI-4cda5-splays-pre-filled-mock-data-firefox/test-failed-1.png]]

[[ATTACHMENT|mock-flows-Mock-Flows---OI-4cda5-splays-pre-filled-mock-data-firefox/video.webm]]

[[ATTACHMENT|mock-flows-Mock-Flows---OI-4cda5-splays-pre-filled-mock-data-firefox/error-context.md]]
]]>
</system-out>
</testcase>
<testcase name="Mock Flows - OIDC › Authorization Code Flow › can navigate to authorization endpoint" classname="mock-flows.spec.ts" time="6.624">
</testcase>
<testcase name="Mock Flows - OIDC › Hybrid Flow › loads with pre-filled mock credentials" classname="mock-flows.spec.ts" time="16.157">
<failure message="mock-flows.spec.ts:82:3 loads with pre-filled mock credentials" type="FAILURE">
<![CDATA[  [firefox] › mock-flows.spec.ts:82:3 › Mock Flows - OIDC › Hybrid Flow › loads with pre-filled mock credentials 

    Error: locator.isVisible: Error: strict mode violation: locator('main, .main-content, .flow-container, .container').first().getByText(/Hybrid|OAuth|OIDC/i) resolved to 15 elements:
        1) <p>Simulates OIDC Hybrid Flow in-browser. No externa…</p> aka getByText('Simulates OIDC Hybrid Flow in')
        2) <p>…</p> aka getByText('OIDC Hybrid Flow is')
        ...

    Call log:
        - checking visibility of locator('main, .main-content, .flow-container, .container').first().getByText(/Hybrid|OAuth|OIDC/i)


       96 | 				} else {
       97 | 					// Check if the page has flow-specific content as fallback
    >  98 | 					const hasFlowContent = await mainContent.getByText(/Hybrid|OAuth|OIDC/i).isVisible();
          | 					                                                                         ^
       99 | 					expect(hasFlowContent).toBeTruthy();
      100 | 				}
      101 | 			} else {
        at /Users/cmuir/P1Import-apps/oauth-playground/tests/e2e/mock-flows.spec.ts:98:79

    attachment #1: screenshot (image/png) ──────────────────────────────────────────────────────────
    ../../test-results/mock-flows-Mock-Flows---OI-d4081-pre-filled-mock-credentials-firefox/test-failed-1.png
    ────────────────────────────────────────────────────────────────────────────────────────────────

    attachment #2: video (video/webm) ──────────────────────────────────────────────────────────────
    ../../test-results/mock-flows-Mock-Flows---OI-d4081-pre-filled-mock-credentials-firefox/video.webm
    ────────────────────────────────────────────────────────────────────────────────────────────────

    Error Context: ../../test-results/mock-flows-Mock-Flows---OI-d4081-pre-filled-mock-credentials-firefox/error-context.md
]]>
</failure>
<system-out>
<![CDATA[
[[ATTACHMENT|mock-flows-Mock-Flows---OI-d4081-pre-filled-mock-credentials-firefox/test-failed-1.png]]

[[ATTACHMENT|mock-flows-Mock-Flows---OI-d4081-pre-filled-mock-credentials-firefox/video.webm]]

[[ATTACHMENT|mock-flows-Mock-Flows---OI-d4081-pre-filled-mock-credentials-firefox/error-context.md]]
]]>
</system-out>
</testcase>
<testcase name="Mock Flows - OIDC › Implicit Flow › loads implicit grant flow with mock data" classname="mock-flows.spec.ts" time="9.157">
</testcase>
<testcase name="Mock Flows - OIDC › DPoP Flow › loads DPoP Authorization Code flow" classname="mock-flows.spec.ts" time="12.077">
</testcase>
<testcase name="Mock Flows - MCP &amp; Agent › Mock MCP Agent Flow › loads MCP agent flow with mock data" classname="mock-flows.spec.ts" time="8.632">
</testcase>
<testcase name="Mock Flows - Error Handling › all mock flows handle navigation gracefully" classname="mock-flows.spec.ts" time="62.65">
<failure message="mock-flows.spec.ts:241:2 all mock flows handle navigation gracefully" type="FAILURE">
<![CDATA[  [firefox] › mock-flows.spec.ts:241:2 › Mock Flows - Error Handling › all mock flows handle navigation gracefully 

    Test timeout of 60000ms exceeded.

    attachment #1: screenshot (image/png) ──────────────────────────────────────────────────────────
    ../../test-results/mock-flows-Mock-Flows---Er-9be93-andle-navigation-gracefully-firefox/test-failed-1.png
    ────────────────────────────────────────────────────────────────────────────────────────────────

    attachment #2: video (video/webm) ──────────────────────────────────────────────────────────────
    ../../test-results/mock-flows-Mock-Flows---Er-9be93-andle-navigation-gracefully-firefox/video.webm
    ────────────────────────────────────────────────────────────────────────────────────────────────

    Error Context: ../../test-results/mock-flows-Mock-Flows---Er-9be93-andle-navigation-gracefully-firefox/error-context.md
]]>
</failure>
<system-out>
<![CDATA[✗ /flows/oidc-authorization-code-v9 - Error: Error: locator.isVisible: Error: strict mode violation: locator('main, .main-content, .flow-container, .container').first().getByText(/OAuth|OIDC|Authorization|Client|Token|Flow|Mock|Educational/i) resolved to 51 elements:
    1) <strong>📚 Educational Mock Mode</strong> aka getByText('📚 Educational Mock Mode')
    2) <p>This flow is a simulated sandbox — no real networ…</p> aka getByText('This flow is a simulated')
    ...

Call log:
[2m    - checking visibility of locator('main, .main-content, .flow-container, .container').first().getByText(/OAuth|OIDC|Authorization|Client|Token|Flow|Mock|Educational/i)[22m

✗ /flows/oidc-hybrid-v9 - Error: Error: locator.isVisible: Error: strict mode violation: locator('main, .main-content, .flow-container, .container').first().getByText(/OAuth|OIDC|Authorization|Client|Token|Flow|Mock|Educational/i) resolved to 47 elements:
    1) <strong>📚 Educational Mock Mode</strong> aka getByText('📚 Educational Mock Mode')
    2) <p>Simulates OIDC Hybrid Flow in-browser. No externa…</p> aka getByText('Simulates OIDC Hybrid Flow in')
    ...

Call log:
[2m    - checking visibility of locator('main, .main-content, .flow-container, .container').first().getByText(/OAuth|OIDC|Authorization|Client|Token|Flow|Mock|Educational/i)[22m

✗ /flows/ciba-v9 - Error: Error: locator.isVisible: Error: strict mode violation: locator('main, .main-content, .flow-container, .container').first().getByText(/OAuth|OIDC|Authorization|Client|Token|Flow|Mock|Educational/i) resolved to 17 elements:
    1) <strong>📚 Educational Mock Mode</strong> aka getByText('📚 Educational Mock Mode')
    2) <p>Simulates OIDC CIBA Core 1.0 in-browser. No exter…</p> aka getByText('Simulates OIDC CIBA Core 1.0')
    ...

Call log:
[2m    - checking visibility of locator('main, .main-content, .flow-container, .container').first().getByText(/OAuth|OIDC|Authorization|Client|Token|Flow|Mock|Educational/i)[22m

✗ /flows/client-credentials-v9 - Error: Error: locator.isVisible: Error: strict mode violation: locator('main, .main-content, .flow-container, .container').first().getByText(/OAuth|OIDC|Authorization|Client|Token|Flow|Mock|Educational/i) resolved to 33 elements:
    1) <strong>📚 Educational Mock Mode</strong> aka getByText('📚 Educational Mock Mode')
    2) <p>This flow simulates OAuth Client Credentials (RFC…</p> aka getByText('This flow simulates OAuth')
    ...

Call log:
[2m    - checking visibility of locator('main, .main-content, .flow-container, .container').first().getByText(/OAuth|OIDC|Authorization|Client|Token|Flow|Mock|Educational/i)[22m

✗ /flows/device-authorization-v9 - Error: Error: locator.isVisible: Error: strict mode violation: locator('main, .main-content, .flow-container, .container').first().getByText(/OAuth|OIDC|Authorization|Client|Token|Flow|Mock|Educational/i) resolved to 20 elements:
    1) <strong>📚 Educational Mock Mode</strong> aka getByText('📚 Educational Mock Mode')
    2) <p>This flow simulates OAuth Device Authorization (R…</p> aka getByText('This flow simulates OAuth')
    ...

Call log:
[2m    - checking visibility of locator('main, .main-content, .flow-container, .container').first().getByText(/OAuth|OIDC|Authorization|Client|Token|Flow|Mock|Educational/i)[22m

✓ /flows/ropc-v9 loaded with content
✓ /flows/implicit-v9 loaded (content size check)
✗ /flows/saml-bearer-assertion-v9 - Error: Error: page.goto: Test timeout of 60000ms exceeded.
Call log:
[2m  - navigating to "https://localhost:3000/flows/saml-bearer-assertion-v9", waiting until "load"[22m

✗ /flows/par-v9 - Error: Error: page.goto: Target page, context or browser has been closed
✗ /flows/rar-v9 - Error: Error: page.goto: Target page, context or browser has been closed
✗ /flows/dpop-authorization-code-v9 - Error: Error: page.goto: Target page, context or browser has been closed
✗ /flows/mock-mcp-agent-flow - Error: Error: page.goto: Target page, context or browser has been closed

[[ATTACHMENT|mock-flows-Mock-Flows---Er-9be93-andle-navigation-gracefully-firefox/test-failed-1.png]]

[[ATTACHMENT|mock-flows-Mock-Flows---Er-9be93-andle-navigation-gracefully-firefox/video.webm]]

[[ATTACHMENT|mock-flows-Mock-Flows---Er-9be93-andle-navigation-gracefully-firefox/error-context.md]]
]]>
</system-out>
</testcase>
<testcase name="Mock Flows - Error Handling › mock flows do not require user credentials" classname="mock-flows.spec.ts" time="30.082">
<system-out>
<![CDATA[✓ /flows/oidc-authorization-code-v9 - All required fields pre-filled
✓ /flows/client-credentials-v9 - All required fields pre-filled
✓ /flows/device-authorization-v9 - All required fields pre-filled
]]>
</system-out>
</testcase>
<testcase name="Mock Flows - UI Consistency › all mock flows have consistent styling and layout" classname="mock-flows.spec.ts" time="9.542">
<failure message="mock-flows.spec.ts:341:2 all mock flows have consistent styling and layout" type="FAILURE">
<![CDATA[  [firefox] › mock-flows.spec.ts:341:2 › Mock Flows - UI Consistency › all mock flows have consistent styling and layout 

    Error: expect(received).toBeTruthy()

    Received: false

      356 | 				.locator('h1, h2')
      357 | 				.evaluateAll((els) => els.some((el) => el.getBoundingClientRect().height > 0));
    > 358 | 			expect(hasVisibleHeading).toBeTruthy();
          | 			                          ^
      359 |
      360 | 			// V9 flow pages use styled-components — class names are hash-based, not semantic.
      361 | 			// Confirm styled-component rendering via button count (checked fully below).
        at /Users/cmuir/P1Import-apps/oauth-playground/tests/e2e/mock-flows.spec.ts:358:30

    attachment #1: screenshot (image/png) ──────────────────────────────────────────────────────────
    ../../test-results/mock-flows-Mock-Flows---UI-d708a-nsistent-styling-and-layout-firefox/test-failed-1.png
    ────────────────────────────────────────────────────────────────────────────────────────────────

    attachment #2: video (video/webm) ──────────────────────────────────────────────────────────────
    ../../test-results/mock-flows-Mock-Flows---UI-d708a-nsistent-styling-and-layout-firefox/video.webm
    ────────────────────────────────────────────────────────────────────────────────────────────────

    Error Context: ../../test-results/mock-flows-Mock-Flows---UI-d708a-nsistent-styling-and-layout-firefox/error-context.md
]]>
</failure>
<system-out>
<![CDATA[
[[ATTACHMENT|mock-flows-Mock-Flows---UI-d708a-nsistent-styling-and-layout-firefox/test-failed-1.png]]

[[ATTACHMENT|mock-flows-Mock-Flows---UI-d708a-nsistent-styling-and-layout-firefox/video.webm]]

[[ATTACHMENT|mock-flows-Mock-Flows---UI-d708a-nsistent-styling-and-layout-firefox/error-context.md]]
]]>
</system-out>
</testcase>
</testsuite>
<testsuite name="playwright-setup.spec.ts" timestamp="2026-03-22T13:31:33.877Z" hostname="firefox" tests="3" failures="0" skipped="0" time="14.447" errors="0">
<testcase name="Playwright Setup Verification › Playwright is properly installed and configured" classname="playwright-setup.spec.ts" time="4.886">
</testcase>
<testcase name="Playwright Setup Verification › Can access local development server" classname="playwright-setup.spec.ts" time="8.098">
<system-out>
<![CDATA[Development server not running - this is expected for setup verification
]]>
</system-out>
</testcase>
<testcase name="Playwright Setup Verification › Playwright configuration is valid" classname="playwright-setup.spec.ts" time="1.463">
</testcase>
</testsuite>
<testsuite name="simple-server-test.spec.ts" timestamp="2026-03-22T13:31:33.877Z" hostname="firefox" tests="6" failures="0" skipped="0" time="54.571" errors="0">
<testcase name="Server Connectivity Tests › frontend server responds" classname="simple-server-test.spec.ts" time="10.794">
</testcase>
<testcase name="Server Connectivity Tests › backend API health check" classname="simple-server-test.spec.ts" time="2.296">
</testcase>
<testcase name="Server Connectivity Tests › can access simple page without React errors" classname="simple-server-test.spec.ts" time="9.041">
<system-out>
<![CDATA[Page title: MasterFlow API - PingOne Integration Platform
]]>
</system-out>
</testcase>
<testcase name="Server Connectivity Tests › can handle navigation to MFA route" classname="simple-server-test.spec.ts" time="13.279">
<system-out>
<![CDATA[Page content length: [33m924873[39m
Has MFA content: [33mtrue[39m
]]>
</system-out>
</testcase>
<testcase name="Error Handling Tests › handles 404 routes gracefully" classname="simple-server-test.spec.ts" time="6.715">
<system-out>
<![CDATA[404 route status: [33m200[39m
]]>
</system-out>
</testcase>
<testcase name="Error Handling Tests › can access AI Identity routes" classname="simple-server-test.spec.ts" time="12.446">
<system-out>
<![CDATA[Has AI content: [33mtrue[39m
]]>
</system-out>
</testcase>
</testsuite>
<testsuite name="unified-mfa.spec.ts" timestamp="2026-03-22T13:31:33.877Z" hostname="firefox" tests="24" failures="1" skipped="0" time="132.206" errors="0">
<testcase name="Unified MFA Flow - Navigation &amp; UI › loads Unified MFA page with proper title and content" classname="unified-mfa.spec.ts" time="7.423">
</testcase>
<testcase name="Unified MFA Flow - Navigation &amp; UI › displays device type selection screen" classname="unified-mfa.spec.ts" time="4.444">
</testcase>
<testcase name="Unified MFA Flow - Navigation &amp; UI › shows proper flow navigation elements" classname="unified-mfa.spec.ts" time="5.45">
</testcase>
<testcase name="Unified MFA - Device Type Selection › can select SMS device type" classname="unified-mfa.spec.ts" time="7.346">
</testcase>
<testcase name="Unified MFA - Device Type Selection › can select Email device type" classname="unified-mfa.spec.ts" time="4.859">
</testcase>
<testcase name="Unified MFA - Device Type Selection › can select TOTP device type" classname="unified-mfa.spec.ts" time="6.715">
</testcase>
<testcase name="Unified MFA - Device Type Selection › can select Mobile Push device type" classname="unified-mfa.spec.ts" time="5.04">
</testcase>
<testcase name="Unified MFA - Device Type Selection › can select WhatsApp device type" classname="unified-mfa.spec.ts" time="2.828">
</testcase>
<testcase name="Unified MFA - Device Type Selection › can select FIDO2 device type" classname="unified-mfa.spec.ts" time="3.257">
</testcase>
<testcase name="Unified MFA - Registration Flow › SMS registration flow works" classname="unified-mfa.spec.ts" time="2.89">
</testcase>
<testcase name="Unified MFA - Registration Flow › Email registration flow works" classname="unified-mfa.spec.ts" time="3.485">
</testcase>
<testcase name="Unified MFA - Registration Flow › TOTP registration flow shows QR code" classname="unified-mfa.spec.ts" time="8.399">
<system-out>
<![CDATA[TOTP content found: [33mtrue[39m
]]>
</system-out>
</testcase>
<testcase name="Unified MFA - Registration Flow › FIDO2 registration flow shows security key prompt" classname="unified-mfa.spec.ts" time="8.68">
</testcase>
<testcase name="Unified MFA - Form Validation › validates required fields" classname="unified-mfa.spec.ts" time="2.204">
</testcase>
<testcase name="Unified MFA - Form Validation › validates phone number format" classname="unified-mfa.spec.ts" time="3.169">
</testcase>
<testcase name="Unified MFA - Form Validation › validates email format" classname="unified-mfa.spec.ts" time="4.327">
</testcase>
<testcase name="Unified MFA - Error Handling › handles network errors gracefully" classname="unified-mfa.spec.ts" time="5.98">
</testcase>
<testcase name="Unified MFA - Error Handling › displays helpful error messages" classname="unified-mfa.spec.ts" time="11.396">
</testcase>
<testcase name="Unified MFA - Accessibility › has proper heading structure" classname="unified-mfa.spec.ts" time="4.776">
<failure message="unified-mfa.spec.ts:306:2 has proper heading structure" type="FAILURE">
<![CDATA[  [firefox] › unified-mfa.spec.ts:306:2 › Unified MFA - Accessibility › has proper heading structure 

    Error: expect(received).toBeGreaterThan(expected)

    Expected: > 0
    Received:   0

      314 | 		const headings = page.locator('h1, h2, h3, h4, h5, h6');
      315 | 		const headingCount = await headings.count();
    > 316 | 		expect(headingCount).toBeGreaterThan(0);
          | 		                     ^
      317 | 	});
      318 |
      319 | 	test('has accessible form controls', async ({ page }) => {
        at /Users/cmuir/P1Import-apps/oauth-playground/tests/e2e/unified-mfa.spec.ts:316:24

    attachment #1: screenshot (image/png) ──────────────────────────────────────────────────────────
    ../../test-results/unified-mfa-Unified-MFA----ea1d3-as-proper-heading-structure-firefox/test-failed-1.png
    ────────────────────────────────────────────────────────────────────────────────────────────────

    attachment #2: video (video/webm) ──────────────────────────────────────────────────────────────
    ../../test-results/unified-mfa-Unified-MFA----ea1d3-as-proper-heading-structure-firefox/video.webm
    ────────────────────────────────────────────────────────────────────────────────────────────────
]]>
</failure>
<system-out>
<![CDATA[
[[ATTACHMENT|unified-mfa-Unified-MFA----ea1d3-as-proper-heading-structure-firefox/test-failed-1.png]]

[[ATTACHMENT|unified-mfa-Unified-MFA----ea1d3-as-proper-heading-structure-firefox/video.webm]]
]]>
</system-out>
</testcase>
<testcase name="Unified MFA - Accessibility › has accessible form controls" classname="unified-mfa.spec.ts" time="3.272">
</testcase>
<testcase name="Unified MFA - Accessibility › supports keyboard navigation" classname="unified-mfa.spec.ts" time="6.815">
</testcase>
<testcase name="Unified MFA - Responsive Design › displays properly on mobile viewport" classname="unified-mfa.spec.ts" time="10.128">
</testcase>
<testcase name="Unified MFA - Responsive Design › displays properly on tablet viewport" classname="unified-mfa.spec.ts" time="4.299">
</testcase>
<testcase name="Unified MFA - Responsive Design › displays properly on desktop viewport" classname="unified-mfa.spec.ts" time="5.024">
</testcase>
</testsuite>
<testsuite name="unified-oauth-comprehensive.spec.ts" timestamp="2026-03-22T13:31:33.877Z" hostname="firefox" tests="16" failures="1" skipped="0" time="143.185" errors="0">
<testcase name="Unified OAuth - Core Functionality › unified oauth page loads successfully" classname="unified-oauth-comprehensive.spec.ts" time="7.583">
<failure message="unified-oauth-comprehensive.spec.ts:32:2 unified oauth page loads successfully" type="FAILURE">
<![CDATA[  [firefox] › unified-oauth-comprehensive.spec.ts:32:2 › Unified OAuth - Core Functionality › unified oauth page loads successfully 

    Error: expect(locator).toBeVisible() failed

    Locator: getByText(/Unified OAuth|OAuth Flow|Authorization/i)
    Expected: visible
    Error: strict mode violation: getByText(/Unified OAuth|OAuth Flow|Authorization/i) resolved to 3 elements:
        1) <span class="sidebar-ping__item-label">Unified OAuth & OIDC</span> aka getByRole('link', { name: 'Unified OAuth & OIDC LIVE' })
        2) <span class="sidebar-ping__item-label">CIBA vs Device Authorization Guide</span> aka getByRole('link', { name: 'CIBA vs Device Authorization' })
        ...

    Call log:
      - Expect "toBeVisible" with timeout 10000ms
      - waiting for getByText(/Unified OAuth|OAuth Flow|Authorization/i)


      35 |
      36 | 		// Look for main unified flow elements
    > 37 | 		await expect(page.getByText(/Unified OAuth|OAuth Flow|Authorization/i)).toBeVisible({
         | 		                                                                        ^
      38 | 			timeout: 10000,
      39 | 		});
      40 |
        at /Users/cmuir/P1Import-apps/oauth-playground/tests/e2e/unified-oauth-comprehensive.spec.ts:37:75

    attachment #1: screenshot (image/png) ──────────────────────────────────────────────────────────
    ../../test-results/unified-oauth-comprehensiv-0bf31-uth-page-loads-successfully-firefox/test-failed-1.png
    ────────────────────────────────────────────────────────────────────────────────────────────────

    attachment #2: video (video/webm) ──────────────────────────────────────────────────────────────
    ../../test-results/unified-oauth-comprehensiv-0bf31-uth-page-loads-successfully-firefox/video.webm
    ────────────────────────────────────────────────────────────────────────────────────────────────

    Error Context: ../../test-results/unified-oauth-comprehensiv-0bf31-uth-page-loads-successfully-firefox/error-context.md
]]>
</failure>
<system-out>
<![CDATA[
[[ATTACHMENT|unified-oauth-comprehensiv-0bf31-uth-page-loads-successfully-firefox/test-failed-1.png]]

[[ATTACHMENT|unified-oauth-comprehensiv-0bf31-uth-page-loads-successfully-firefox/video.webm]]

[[ATTACHMENT|unified-oauth-comprehensiv-0bf31-uth-page-loads-successfully-firefox/error-context.md]]
]]>
</system-out>
</testcase>
<testcase name="Unified OAuth - Core Functionality › all flow types are available in selector" classname="unified-oauth-comprehensive.spec.ts" time="6.829">
</testcase>
<testcase name="Unified OAuth - Core Functionality › all spec versions are available in selector" classname="unified-oauth-comprehensive.spec.ts" time="9.597">
</testcase>
<testcase name="Unified OAuth - Core Functionality › can navigate to different flow types via URL" classname="unified-oauth-comprehensive.spec.ts" time="16.707">
<system-out>
<![CDATA[Testing flow type: oauth-authz
⚠️  oauth-authz content not immediately visible
Testing flow type: implicit
⚠️  implicit content not immediately visible
Testing flow type: client-credentials
⚠️  client-credentials content not immediately visible
Testing flow type: device-code
⚠️  device-code content not immediately visible
Testing flow type: hybrid
⚠️  hybrid content not immediately visible
]]>
</system-out>
</testcase>
<testcase name="Unified OAuth - Core Functionality › authorization code flow loads with proper components" classname="unified-oauth-comprehensive.spec.ts" time="10.099">
<system-out>
<![CDATA[⚠️  Element not found: text=Authorization Code Flow
⚠️  Element not found: text=Client ID
⚠️  Element not found: text=Client Secret
⚠️  Element not found: text=Redirect URI
⚠️  Element not found: text=Scope
⚠️  Element not found: text=PKCE
Found 0 input fields
Found 0 action buttons
]]>
</system-out>
</testcase>
<testcase name="Unified OAuth - Core Functionality › client credentials flow loads with proper components" classname="unified-oauth-comprehensive.spec.ts" time="13.616">
<system-out>
<![CDATA[⚠️  Element not found: text=Client Credentials Flow
⚠️  Element not found: text=Client ID
⚠️  Element not found: text=Client Secret
⚠️  Element not found: text=Scope
⚠️  Element not found: text=Token Endpoint
✅ Redirect URI correctly absent in client credentials flow
]]>
</system-out>
</testcase>
<testcase name="Unified OAuth - Core Functionality › implicit flow loads with proper components" classname="unified-oauth-comprehensive.spec.ts" time="12.509">
<system-out>
<![CDATA[⚠️  Element not found: text=Implicit Flow
⚠️  Element not found: text=Client ID
⚠️  Element not found: text=Redirect URI
⚠️  Element not found: text=Response Type
✅ Found element: text=token
]]>
</system-out>
</testcase>
<testcase name="Unified OAuth - Core Functionality › device code flow loads with proper components" classname="unified-oauth-comprehensive.spec.ts" time="13.307">
<system-out>
<![CDATA[⚠️  Element not found: text=Device Code Flow
⚠️  Element not found: text=Device Code
⚠️  Element not found: text=User Code
⚠️  Element not found: text=Verification URI
⚠️  Element not found: text=Poll
]]>
</system-out>
</testcase>
<testcase name="Unified OAuth - Core Functionality › hybrid flow loads with proper components" classname="unified-oauth-comprehensive.spec.ts" time="8.955">
<system-out>
<![CDATA[⚠️  Element not found: text=Hybrid Flow
⚠️  Element not found: text=Authorization Code
⚠️  Element not found: text=ID Token
⚠️  Element not found: text=Response Type
⚠️  Element not found: text=code id_token
]]>
</system-out>
</testcase>
<testcase name="Unified OAuth - Core Functionality › spec version filtering works correctly" classname="unified-oauth-comprehensive.spec.ts" time="16.763">
</testcase>
<testcase name="Unified OAuth - Flow Type Changes › can switch between flow types" classname="unified-oauth-comprehensive.spec.ts" time="6.736">
</testcase>
<testcase name="Unified OAuth - Flow Type Changes › can change spec versions" classname="unified-oauth-comprehensive.spec.ts" time="3.566">
</testcase>
<testcase name="Unified OAuth - Form Interactions › authorization code form accepts input" classname="unified-oauth-comprehensive.spec.ts" time="3.174">
</testcase>
<testcase name="Unified OAuth - Form Interactions › form validation works" classname="unified-oauth-comprehensive.spec.ts" time="4.423">
</testcase>
<testcase name="Unified OAuth - Token Display › token display area exists" classname="unified-oauth-comprehensive.spec.ts" time="5.192">
</testcase>
<testcase name="Unified OAuth - Token Display › can copy token to clipboard" classname="unified-oauth-comprehensive.spec.ts" time="4.129">
</testcase>
</testsuite>
<testsuite name="unified-oauth-simple.spec.ts" timestamp="2026-03-22T13:31:33.877Z" hostname="firefox" tests="17" failures="2" skipped="0" time="175.06" errors="0">
<testcase name="Unified OAuth - Simple Tests › unified oauth page loads" classname="unified-oauth-simple.spec.ts" time="4.504">
<failure message="unified-oauth-simple.spec.ts:17:2 unified oauth page loads" type="FAILURE">
<![CDATA[  [firefox] › unified-oauth-simple.spec.ts:17:2 › Unified OAuth - Simple Tests › unified oauth page loads 

    Error: expect(received).toBeGreaterThan(expected)

    Expected: > 0
    Received:   0

      28 | 		const forms = page.locator('form, input, select, button');
      29 | 		const formCount = await forms.count();
    > 30 | 		expect(formCount).toBeGreaterThan(0);
         | 		                  ^
      31 | 		console.log(`Found ${formCount} form elements`);
      32 | 	});
      33 |
        at /Users/cmuir/P1Import-apps/oauth-playground/tests/e2e/unified-oauth-simple.spec.ts:30:21

    attachment #1: screenshot (image/png) ──────────────────────────────────────────────────────────
    ../../test-results/unified-oauth-simple-Unifi-a0108-ts-unified-oauth-page-loads-firefox/test-failed-1.png
    ────────────────────────────────────────────────────────────────────────────────────────────────

    attachment #2: video (video/webm) ──────────────────────────────────────────────────────────────
    ../../test-results/unified-oauth-simple-Unifi-a0108-ts-unified-oauth-page-loads-firefox/video.webm
    ────────────────────────────────────────────────────────────────────────────────────────────────

    Error Context: ../../test-results/unified-oauth-simple-Unifi-a0108-ts-unified-oauth-page-loads-firefox/error-context.md
]]>
</failure>
<system-out>
<![CDATA[
[[ATTACHMENT|unified-oauth-simple-Unifi-a0108-ts-unified-oauth-page-loads-firefox/test-failed-1.png]]

[[ATTACHMENT|unified-oauth-simple-Unifi-a0108-ts-unified-oauth-page-loads-firefox/video.webm]]

[[ATTACHMENT|unified-oauth-simple-Unifi-a0108-ts-unified-oauth-page-loads-firefox/error-context.md]]
]]>
</system-out>
</testcase>
<testcase name="Unified OAuth - Simple Tests › can navigate to authorization code flow" classname="unified-oauth-simple.spec.ts" time="7.431">
<system-out>
<![CDATA[✅ Found 1 input fields
]]>
</system-out>
</testcase>
<testcase name="Unified OAuth - Simple Tests › can navigate to client credentials flow" classname="unified-oauth-simple.spec.ts" time="13.538">
</testcase>
<testcase name="Unified OAuth - Simple Tests › can navigate to implicit flow" classname="unified-oauth-simple.spec.ts" time="6.322">
</testcase>
<testcase name="Unified OAuth - Simple Tests › can navigate to device code flow" classname="unified-oauth-simple.spec.ts" time="6.133">
</testcase>
<testcase name="Unified OAuth - Simple Tests › can navigate to hybrid flow" classname="unified-oauth-simple.spec.ts" time="7.119">
</testcase>
<testcase name="Unified OAuth - Simple Tests › can navigate with spec versions" classname="unified-oauth-simple.spec.ts" time="12.996">
</testcase>
<testcase name="Unified OAuth - Simple Tests › forms have input fields" classname="unified-oauth-simple.spec.ts" time="10.413">
<failure message="unified-oauth-simple.spec.ts:149:2 forms have input fields" type="FAILURE">
<![CDATA[  [firefox] › unified-oauth-simple.spec.ts:149:2 › Unified OAuth - Simple Tests › forms have input fields 

    Error: expect(received).toBeGreaterThan(expected)

    Expected: > 0
    Received:   0

      168 | 		// Should have at least some input fields
      169 | 		const totalInputs = textCount + passwordCount + textareaCount + selectCount;
    > 170 | 		expect(totalInputs).toBeGreaterThan(0);
          | 		                    ^
      171 | 	});
      172 |
      173 | 	test('has action buttons', async ({ page }) => {
        at /Users/cmuir/P1Import-apps/oauth-playground/tests/e2e/unified-oauth-simple.spec.ts:170:23

    attachment #1: screenshot (image/png) ──────────────────────────────────────────────────────────
    ../../test-results/unified-oauth-simple-Unifi-c8abf-sts-forms-have-input-fields-firefox/test-failed-1.png
    ────────────────────────────────────────────────────────────────────────────────────────────────

    attachment #2: video (video/webm) ──────────────────────────────────────────────────────────────
    ../../test-results/unified-oauth-simple-Unifi-c8abf-sts-forms-have-input-fields-firefox/video.webm
    ────────────────────────────────────────────────────────────────────────────────────────────────

    Error Context: ../../test-results/unified-oauth-simple-Unifi-c8abf-sts-forms-have-input-fields-firefox/error-context.md
]]>
</failure>
<system-out>
<![CDATA[Found: 0 text inputs, 0 password inputs, 0 textareas, 0 selects

[[ATTACHMENT|unified-oauth-simple-Unifi-c8abf-sts-forms-have-input-fields-firefox/test-failed-1.png]]

[[ATTACHMENT|unified-oauth-simple-Unifi-c8abf-sts-forms-have-input-fields-firefox/video.webm]]

[[ATTACHMENT|unified-oauth-simple-Unifi-c8abf-sts-forms-have-input-fields-firefox/error-context.md]]
]]>
</system-out>
</testcase>
<testcase name="Unified OAuth - Simple Tests › has action buttons" classname="unified-oauth-simple.spec.ts" time="6.272">
</testcase>
<testcase name="Unified OAuth - Simple Tests › has flow type selection mechanism" classname="unified-oauth-simple.spec.ts" time="22.521">
</testcase>
<testcase name="Unified OAuth - Simple Tests › has spec version selection mechanism" classname="unified-oauth-simple.spec.ts" time="6.065">
</testcase>
<testcase name="Unified OAuth - Simple Tests › handles invalid URLs gracefully" classname="unified-oauth-simple.spec.ts" time="14.982">
</testcase>
<testcase name="Unified OAuth - Simple Tests › page is responsive" classname="unified-oauth-simple.spec.ts" time="24.504">
<system-out>
<![CDATA[✅ Desktop size: 1200x800 - page loads
✅ Tablet size: 768x1024 - page loads
✅ Mobile size: 375x667 - page loads
]]>
</system-out>
</testcase>
<testcase name="Unified OAuth - Simple Tests › has token display area" classname="unified-oauth-simple.spec.ts" time="9.343">
</testcase>
<testcase name="Unified OAuth - Simple Tests › has help or documentation elements" classname="unified-oauth-simple.spec.ts" time="5.97">
</testcase>
<testcase name="Unified OAuth - Simple Tests › has navigation elements" classname="unified-oauth-simple.spec.ts" time="5.223">
</testcase>
<testcase name="Unified OAuth - Simple Tests › has status or feedback elements" classname="unified-oauth-simple.spec.ts" time="11.724">
</testcase>
</testsuite>
<testsuite name="unified-oauth.spec.ts" timestamp="2026-03-22T13:31:33.877Z" hostname="firefox" tests="7" failures="2" skipped="0" time="75.245" errors="0">
<testcase name="Unified OAuth - Navigation &amp; UI › loads Unified OAuth page and shows flow content" classname="unified-oauth.spec.ts" time="8.009">
<failure message="unified-oauth.spec.ts:14:2 loads Unified OAuth page and shows flow content" type="FAILURE">
<![CDATA[  [firefox] › unified-oauth.spec.ts:14:2 › Unified OAuth - Navigation & UI › loads Unified OAuth page and shows flow content 

    Error: expect(locator).toBeVisible() failed

    Locator: getByRole('combobox', { name: /Flow Type|Grant type/i }).or(getByText(/Unified OAuth|Configure Credentials|Authorization Code/i))
    Expected: visible
    Error: strict mode violation: getByRole('combobox', { name: /Flow Type|Grant type/i }).or(getByText(/Unified OAuth|Configure Credentials|Authorization Code/i)) resolved to 2 elements:
        1) <span class="sidebar-ping__item-label">Unified OAuth & OIDC</span> aka getByRole('link', { name: 'Unified OAuth & OIDC LIVE' })
        2) <div class="sc-gEkIjA jTVGlF">Loading Unified OAuth Flow...</div> aka getByText('Loading Unified OAuth Flow...')

    Call log:
      - Expect "toBeVisible" with timeout 10000ms
      - waiting for getByRole('combobox', { name: /Flow Type|Grant type/i }).or(getByText(/Unified OAuth|Configure Credentials|Authorization Code/i))


      19 | 				page.getByText(/Unified OAuth|Configure Credentials|Authorization Code/i)
      20 | 			)
    > 21 | 		).toBeVisible({ timeout: 10000 });
         | 		  ^
      22 | 	});
      23 |
      24 | 	test('navigates to Authorization Code flow', async ({ page }) => {
        at /Users/cmuir/P1Import-apps/oauth-playground/tests/e2e/unified-oauth.spec.ts:21:5

    attachment #1: screenshot (image/png) ──────────────────────────────────────────────────────────
    ../../test-results/unified-oauth-Unified-OAut-12899-page-and-shows-flow-content-firefox/test-failed-1.png
    ────────────────────────────────────────────────────────────────────────────────────────────────

    attachment #2: video (video/webm) ──────────────────────────────────────────────────────────────
    ../../test-results/unified-oauth-Unified-OAut-12899-page-and-shows-flow-content-firefox/video.webm
    ────────────────────────────────────────────────────────────────────────────────────────────────

    Error Context: ../../test-results/unified-oauth-Unified-OAut-12899-page-and-shows-flow-content-firefox/error-context.md
]]>
</failure>
<system-out>
<![CDATA[
[[ATTACHMENT|unified-oauth-Unified-OAut-12899-page-and-shows-flow-content-firefox/test-failed-1.png]]

[[ATTACHMENT|unified-oauth-Unified-OAut-12899-page-and-shows-flow-content-firefox/video.webm]]

[[ATTACHMENT|unified-oauth-Unified-OAut-12899-page-and-shows-flow-content-firefox/error-context.md]]
]]>
</system-out>
</testcase>
<testcase name="Unified OAuth - Navigation &amp; UI › navigates to Authorization Code flow" classname="unified-oauth.spec.ts" time="11.184">
<failure message="unified-oauth.spec.ts:24:2 navigates to Authorization Code flow" type="FAILURE">
<![CDATA[  [firefox] › unified-oauth.spec.ts:24:2 › Unified OAuth - Navigation & UI › navigates to Authorization Code flow 

    Error: expect(locator).toBeVisible() failed

    Locator: getByText(/Authorization Code|Configure|Credentials/i)
    Expected: visible
    Error: strict mode violation: getByText(/Authorization Code|Configure|Credentials/i) resolved to 29 elements:
        1) <strong>Authorization Code Flow</strong> aka getByRole('strong').filter({ hasText: /^Authorization Code Flow$/ })
        2) <strong>Client Credentials Flow</strong> aka getByText('Client Credentials Flow')
        ...

    Call log:
      - Expect "toBeVisible" with timeout 5000ms
      - waiting for getByText(/Authorization Code|Configure|Credentials/i)


      27 | 		await expect(
      28 | 			page.getByText(/Authorization Code|Configure|Credentials/i)
    > 29 | 		).toBeVisible({ timeout: 5000 });
         | 		  ^
      30 | 	});
      31 |
      32 | 	test('navigates to Implicit flow', async ({ page }) => {
        at /Users/cmuir/P1Import-apps/oauth-playground/tests/e2e/unified-oauth.spec.ts:29:5

    attachment #1: screenshot (image/png) ──────────────────────────────────────────────────────────
    ../../test-results/unified-oauth-Unified-OAut-7a777--to-Authorization-Code-flow-firefox/test-failed-1.png
    ────────────────────────────────────────────────────────────────────────────────────────────────

    attachment #2: video (video/webm) ──────────────────────────────────────────────────────────────
    ../../test-results/unified-oauth-Unified-OAut-7a777--to-Authorization-Code-flow-firefox/video.webm
    ────────────────────────────────────────────────────────────────────────────────────────────────

    Error Context: ../../test-results/unified-oauth-Unified-OAut-7a777--to-Authorization-Code-flow-firefox/error-context.md
]]>
</failure>
<system-out>
<![CDATA[
[[ATTACHMENT|unified-oauth-Unified-OAut-7a777--to-Authorization-Code-flow-firefox/test-failed-1.png]]

[[ATTACHMENT|unified-oauth-Unified-OAut-7a777--to-Authorization-Code-flow-firefox/video.webm]]

[[ATTACHMENT|unified-oauth-Unified-OAut-7a777--to-Authorization-Code-flow-firefox/error-context.md]]
]]>
</system-out>
</testcase>
<testcase name="Unified OAuth - Navigation &amp; UI › navigates to Implicit flow" classname="unified-oauth.spec.ts" time="17.112">
</testcase>
<testcase name="Unified OAuth - Navigation &amp; UI › navigates to Client Credentials flow" classname="unified-oauth.spec.ts" time="11.187">
</testcase>
<testcase name="Unified OAuth - Navigation &amp; UI › navigates to Device Code flow" classname="unified-oauth.spec.ts" time="6.918">
</testcase>
<testcase name="Unified OAuth - Navigation &amp; UI › sidebar link to Unified OAuth works" classname="unified-oauth.spec.ts" time="10.137">
</testcase>
<testcase name="Unified OAuth - Flow Type Selector › changing flow type updates URL" classname="unified-oauth.spec.ts" time="10.698">
</testcase>
</testsuite>
<testsuite name="ai-identity-flows.spec.ts" timestamp="2026-03-22T13:31:33.877Z" hostname="webkit" tests="12" failures="0" skipped="0" time="65.913" errors="0">
<testcase name="AI Identity Flows - Navigation &amp; UI › AI Identity Architectures › loads AI Identity Architectures page with V9 styling" classname="ai-identity-flows.spec.ts" time="5.993">
</testcase>
<testcase name="AI Identity Flows - Navigation &amp; UI › AI Identity Architectures › displays collapsible sections properly" classname="ai-identity-flows.spec.ts" time="5.776">
</testcase>
<testcase name="AI Identity Flows - Navigation &amp; UI › OIDC for AI › loads OIDC for AI page with V9 styling" classname="ai-identity-flows.spec.ts" time="6.039">
</testcase>
<testcase name="AI Identity Flows - Navigation &amp; UI › OIDC for AI › shows proper OIDC content and links" classname="ai-identity-flows.spec.ts" time="4.391">
</testcase>
<testcase name="AI Identity Flows - Navigation &amp; UI › OAuth for AI › loads OAuth for AI page with V9 styling" classname="ai-identity-flows.spec.ts" time="4.534">
</testcase>
<testcase name="AI Identity Flows - Navigation &amp; UI › OAuth for AI › displays OAuth compatibility table" classname="ai-identity-flows.spec.ts" time="4.537">
</testcase>
<testcase name="AI Identity Flows - Navigation &amp; UI › PingOne AI Perspective › loads PingOne AI Perspective page with V9 styling" classname="ai-identity-flows.spec.ts" time="4.568">
</testcase>
<testcase name="AI Identity Flows - Navigation &amp; UI › PingOne AI Perspective › shows PingOne-specific content" classname="ai-identity-flows.spec.ts" time="4.431">
</testcase>
<testcase name="AI Identity Flows - Navigation &amp; UI › Ping AI Resources › loads Ping AI Resources page with V9 styling" classname="ai-identity-flows.spec.ts" time="4.826">
</testcase>
<testcase name="AI Identity Flows - Navigation &amp; UI › Ping AI Resources › displays resource cards and links" classname="ai-identity-flows.spec.ts" time="4.459">
</testcase>
<testcase name="AI Identity Flows - Navigation &amp; UI › Cross-navigation between AI flows › can navigate between all AI flows" classname="ai-identity-flows.spec.ts" time="10.412">
</testcase>
<testcase name="AI Identity Flows - Navigation &amp; UI › Cross-navigation between AI flows › all AI flows have proper V9 fluid layout" classname="ai-identity-flows.spec.ts" time="5.947">
</testcase>
</testsuite>
<testsuite name="dashboard-groups-simple.spec.ts" timestamp="2026-03-22T13:31:33.877Z" hostname="webkit" tests="13" failures="0" skipped="0" time="99.309" errors="0">
<testcase name="Dashboard Groups - Simple Tests › dashboard loads with all section headers" classname="dashboard-groups-simple.spec.ts" time="7.962">
<system-out>
<![CDATA[✅ Found 6 elements with selector: button[id^="header-"]
✅ Found 1 elements with selector: h3:has-text("Dashboard")
✅ Found 1 elements with selector: h3:has-text("API Status")
✅ Found 1 elements with selector: h3:has-text("Custom Domain")
✅ Found 1 elements with selector: h3:has-text("API Endpoints")
✅ Found 1 elements with selector: h3:has-text("Quick Access")
✅ Found 1 elements with selector: h3:has-text("Recent Activity")
Total dashboard sections found: 12
]]>
</system-out>
</testcase>
<testcase name="Dashboard Groups - Simple Tests › can find and interact with Dashboard section" classname="dashboard-groups-simple.spec.ts" time="6.912">
<system-out>
<![CDATA[Found Dashboard header by ID
✅ Dashboard section header is visible
]]>
</system-out>
</testcase>
<testcase name="Dashboard Groups - Simple Tests › can find API Status section" classname="dashboard-groups-simple.spec.ts" time="7.226">
<system-out>
<![CDATA[✅ Found API Status with selector: #header-api-status
]]>
</system-out>
</testcase>
<testcase name="Dashboard Groups - Simple Tests › can find Custom Domain Config section" classname="dashboard-groups-simple.spec.ts" time="7.101">
<system-out>
<![CDATA[✅ Found Custom Domain Config with selector: #header-custom-domain-config
]]>
</system-out>
</testcase>
<testcase name="Dashboard Groups - Simple Tests › can find API Endpoints section" classname="dashboard-groups-simple.spec.ts" time="6.993">
<system-out>
<![CDATA[✅ Found API Endpoints with selector: #header-available-api-endpoints
]]>
</system-out>
</testcase>
<testcase name="Dashboard Groups - Simple Tests › can find Quick Access Flows section" classname="dashboard-groups-simple.spec.ts" time="7.206">
<system-out>
<![CDATA[✅ Found Quick Access Flows with selector: #header-quick-access-flows
]]>
</system-out>
</testcase>
<testcase name="Dashboard Groups - Simple Tests › can find Recent Activity section" classname="dashboard-groups-simple.spec.ts" time="8.932">
<system-out>
<![CDATA[✅ Found Recent Activity with selector: #header-recent-activity
]]>
</system-out>
</testcase>
<testcase name="Dashboard Groups - Simple Tests › sections have proper structure with titles and subtitles" classname="dashboard-groups-simple.spec.ts" time="7.846">
<system-out>
<![CDATA[✅ Found title: Dashboard
✅ Found title: API Status
✅ Found title: Custom Domain Config
✅ Found title: Available API Endpoints
✅ Found title: Quick Access Flows
✅ Found title: Recent Activity
Found 6 out of 6 expected titles
]]>
</system-out>
</testcase>
<testcase name="Dashboard Groups - Simple Tests › page contains dashboard-related content" classname="dashboard-groups-simple.spec.ts" time="7.814">
<system-out>
<![CDATA[✅ Found content: text=Monitor system status
✅ Found content: text=explore OAuth flows
✅ Found content: text=track recent activity
✅ Found content: text=Server health
✅ Found content: text=API endpoints
✅ Found content: text=OAuth 2.0
✅ Found content: text=OpenID Connect
Found 7 dashboard content elements
]]>
</system-out>
</testcase>
<testcase name="Dashboard Groups - Simple Tests › sections have interactive elements" classname="dashboard-groups-simple.spec.ts" time="8.201">
<system-out>
<![CDATA[✅ Found 27 button elements
✅ Found 131 a[href] elements
✅ Found 14 .btn elements
Total interactive elements found: 172
]]>
</system-out>
</testcase>
<testcase name="Dashboard Groups - Simple Tests › dashboard has proper visual structure" classname="dashboard-groups-simple.spec.ts" time="7.12">
<system-out>
<![CDATA[✅ Found 6 .section-wrap elements
✅ Found 6 [class*="section"] elements
✅ Found 19 [class*="header"] elements
✅ Found 2 .card elements
Total visual structure elements found: 33
]]>
</system-out>
</testcase>
<testcase name="Dashboard Groups - Simple Tests › dashboard contains status indicators or badges" classname="dashboard-groups-simple.spec.ts" time="8.118">
<system-out>
<![CDATA[✅ Found 3 .badge elements
✅ Found 94 .version-badge elements
✅ Found 4 [class*="success"] elements
✅ Found 1 [class*="danger"] elements
Found 102 status indicators
]]>
</system-out>
</testcase>
<testcase name="Dashboard Groups - Simple Tests › dashboard is accessible and keyboard navigable" classname="dashboard-groups-simple.spec.ts" time="7.878">
<system-out>
<![CDATA[✅ Found 27 keyboard-navigable button:not([disabled]) elements
✅ Found 131 keyboard-navigable a[href] elements
✅ Found 2 keyboard-navigable input:not([disabled]) elements
✅ Found 1 keyboard-navigable select:not([disabled]) elements
Total keyboard-navigable elements found: 161
]]>
</system-out>
</testcase>
</testsuite>
<testsuite name="dashboard-groups-targeted.spec.ts" timestamp="2026-03-22T13:31:33.877Z" hostname="webkit" tests="12" failures="2" skipped="0" time="110.676" errors="0">
<testcase name="Dashboard Groups - Targeted Tests › dashboard page loads with all six main sections" classname="dashboard-groups-targeted.spec.ts" time="2.518">
<failure message="dashboard-groups-targeted.spec.ts:15:2 dashboard page loads with all six main sections" type="FAILURE">
<![CDATA[  [webkit] › dashboard-groups-targeted.spec.ts:15:2 › Dashboard Groups - Targeted Tests › dashboard page loads with all six main sections 

    Error: expect(received).toBe(expected) // Object.is equality

    Expected: 6
    Received: 0

      21 | 		const headerCount = await sectionHeaders.count();
      22 |
    > 23 | 		expect(headerCount).toBe(6); // Should have exactly 6 sections
         | 		                    ^
      24 | 		console.log(`Found ${headerCount} dashboard sections`);
      25 |
      26 | 		// Verify specific section titles
        at /Users/cmuir/P1Import-apps/oauth-playground/tests/e2e/dashboard-groups-targeted.spec.ts:23:23

    attachment #1: screenshot (image/png) ──────────────────────────────────────────────────────────
    ../../test-results/dashboard-groups-targeted--6b2d3--with-all-six-main-sections-webkit/test-failed-1.png
    ────────────────────────────────────────────────────────────────────────────────────────────────

    attachment #2: video (video/webm) ──────────────────────────────────────────────────────────────
    ../../test-results/dashboard-groups-targeted--6b2d3--with-all-six-main-sections-webkit/video.webm
    ────────────────────────────────────────────────────────────────────────────────────────────────

    Error Context: ../../test-results/dashboard-groups-targeted--6b2d3--with-all-six-main-sections-webkit/error-context.md
]]>
</failure>
<system-out>
<![CDATA[
[[ATTACHMENT|dashboard-groups-targeted--6b2d3--with-all-six-main-sections-webkit/test-failed-1.png]]

[[ATTACHMENT|dashboard-groups-targeted--6b2d3--with-all-six-main-sections-webkit/video.webm]]

[[ATTACHMENT|dashboard-groups-targeted--6b2d3--with-all-six-main-sections-webkit/error-context.md]]
]]>
</system-out>
</testcase>
<testcase name="Dashboard Groups - Targeted Tests › each section has proper CollapsibleHeader structure" classname="dashboard-groups-targeted.spec.ts" time="3.418">
</testcase>
<testcase name="Dashboard Groups - Targeted Tests › all sections are collapsible and expandable" classname="dashboard-groups-targeted.spec.ts" time="2.98">
</testcase>
<testcase name="Dashboard Groups - Targeted Tests › Dashboard section content validation" classname="dashboard-groups-targeted.spec.ts" time="4.243">
<system-out>
<![CDATA[✅ Dashboard section has icon
]]>
</system-out>
</testcase>
<testcase name="Dashboard Groups - Targeted Tests › API Status section functionality" classname="dashboard-groups-targeted.spec.ts" time="3.667">
<system-out>
<![CDATA[Found 3 status indicators in API Status
]]>
</system-out>
</testcase>
<testcase name="Dashboard Groups - Targeted Tests › Custom Domain Config section" classname="dashboard-groups-targeted.spec.ts" time="4.221">
<system-out>
<![CDATA[Found 2 configuration inputs
✅ Custom Domain Config has action buttons
]]>
</system-out>
</testcase>
<testcase name="Dashboard Groups - Targeted Tests › API Endpoints section displays endpoints" classname="dashboard-groups-targeted.spec.ts" time="5.566">
<system-out>
<![CDATA[Found 22 method badges
✅ Found GET method
✅ Found POST method
Found 22 API endpoints
]]>
</system-out>
</testcase>
<testcase name="Dashboard Groups - Targeted Tests › Quick Access Flows section" classname="dashboard-groups-targeted.spec.ts" time="4.472">
<system-out>
<![CDATA[Found 11 flow links/buttons
✅ Found Authorization Code flow
✅ Found Client Credentials flow
✅ Found Implicit flow
✅ Found Device flow
]]>
</system-out>
</testcase>
<testcase name="Dashboard Groups - Targeted Tests › Recent Activity section" classname="dashboard-groups-targeted.spec.ts" time="4.244">
<system-out>
<![CDATA[Found 2 activity items
]]>
</system-out>
</testcase>
<testcase name="Dashboard Groups - Targeted Tests › section independence - toggling one doesn&apos;t affect others" classname="dashboard-groups-targeted.spec.ts" time="5.558">
<system-out>
<![CDATA[✅ Section independence verified
]]>
</system-out>
</testcase>
<testcase name="Dashboard Groups - Targeted Tests › keyboard navigation works for all sections" classname="dashboard-groups-targeted.spec.ts" time="4.048">
<system-out>
<![CDATA[✅ Keyboard navigation works for all sections
]]>
</system-out>
</testcase>
<testcase name="Dashboard Groups - Targeted Tests › responsive behavior across screen sizes" classname="dashboard-groups-targeted.spec.ts" time="65.741">
<failure message="dashboard-groups-targeted.spec.ts:387:2 responsive behavior across screen sizes" type="FAILURE">
<![CDATA[  [webkit] › dashboard-groups-targeted.spec.ts:387:2 › Dashboard Groups - Targeted Tests › responsive behavior across screen sizes 

    Test timeout of 60000ms exceeded.

    Error: locator.click: Test timeout of 60000ms exceeded.
    Call log:
      - waiting for locator('button[id^="header-"]').first()
        - locator resolved to <button aria-expanded="true" id="header-dashboard" class="sc-ivgJue iNeQQC" aria-controls="content-dashboard">…</button>
      - attempting click action
        - waiting for element to be visible, enabled and stable
        - element is visible, enabled and stable
        - scrolling into view if needed
        - done scrolling
        - <div class="sc-cmaqme jAwPgd" title="Drag to resize sidebar"></div> from <div class="sc-ggpjZP cFafLi sidebar--ping sidebar--ping-admin">…</div> subtree intercepts pointer events
      - retrying click action
        - waiting for element to be visible, enabled and stable
        - element is visible, enabled and stable
        - scrolling into view if needed
        - done scrolling
        - <span class="version-badge" title="V9 Modern Messaging + Ping UI v9.16.23">V9 v9.16.23</span> from <div class="sc-ggpjZP cFafLi sidebar--ping sidebar--ping-admin">…</div> subtree intercepts pointer events
      - retrying click action
        - waiting 20ms
        - waiting for element to be visible, enabled and stable
        - element is visible, enabled and stable
        - scrolling into view if needed
        - done scrolling
        - <div class="sc-cmaqme jAwPgd" title="Drag to resize sidebar"></div> from <div class="sc-ggpjZP cFafLi sidebar--ping sidebar--ping-admin">…</div> subtree intercepts pointer events
      2 × retrying click action
          - waiting 100ms
          - waiting for element to be visible, enabled and stable
          - element is visible, enabled and stable
          - scrolling into view if needed
          - done scrolling
          - element is outside of the viewport
      23 × retrying click action
           - waiting 500ms
           - waiting for element to be visible, enabled and stable
           - element is visible, enabled and stable
           - scrolling into view if needed
           - done scrolling
           - <span class="version-badge" title="V9 Modern Messaging + Ping UI v9.16.23">V9 v9.16.23</span> from <div class="sc-ggpjZP cFafLi sidebar--ping sidebar--ping-admin">…</div> subtree intercepts pointer events
         - retrying click action
           - waiting 500ms
           - waiting for element to be visible, enabled and stable
           - element is visible, enabled and stable
           - scrolling into view if needed
           - done scrolling
           - <div class="sc-cmaqme jAwPgd" title="Drag to resize sidebar"></div> from <div class="sc-ggpjZP cFafLi sidebar--ping sidebar--ping-admin">…</div> subtree intercepts pointer events
         - retrying click action
           - waiting 500ms
           - waiting for element to be visible, enabled and stable
           - element is visible, enabled and stable
           - scrolling into view if needed
           - done scrolling
           - element is outside of the viewport
         - retrying click action
           - waiting 500ms
           - waiting for element to be visible, enabled and stable
           - element is visible, enabled and stable
           - scrolling into view if needed
           - done scrolling
           - element is outside of the viewport
      - retrying click action
        - waiting 500ms
        - waiting for element to be visible, enabled and stable
        - element is visible, enabled and stable
        - scrolling into view if needed
        - done scrolling
        - <span class="version-badge" title="V9 Modern Messaging + Ping UI v9.16.23">V9 v9.16.23</span> from <div class="sc-ggpjZP cFafLi sidebar--ping sidebar--ping-admin">…</div> subtree intercepts pointer events
      - retrying click action
        - waiting 500ms
        - waiting for element to be visible, enabled and stable
        - element is visible, enabled and stable
        - scrolling into view if needed
        - done scrolling
        - <div class="sc-cmaqme jAwPgd" title="Drag to resize sidebar"></div> from <div class="sc-ggpjZP cFafLi sidebar--ping sidebar--ping-admin">…</div> subtree intercepts pointer events
      - retrying click action
        - waiting 500ms
        - waiting for element to be visible, enabled and stable
        - element is visible, enabled and stable
        - scrolling into view if needed
        - done scrolling
        - element is outside of the viewport
      - retrying click action
        - waiting 500ms
        - waiting for element to be visible, enabled and stable
        - element is visible, enabled and stable
        - scrolling into view if needed


      415 | 		const firstHeader = sectionHeaders.first();
      416 | 		const initialExpanded = await firstHeader.getAttribute('aria-expanded');
    > 417 | 		await firstHeader.click();
          | 		                  ^
      418 | 		await page.waitForTimeout(500);
      419 | 		const newExpanded = await firstHeader.getAttribute('aria-expanded');
      420 | 		expect(newExpanded).not.toBe(initialExpanded);
        at /Users/cmuir/P1Import-apps/oauth-playground/tests/e2e/dashboard-groups-targeted.spec.ts:417:21

    attachment #1: screenshot (image/png) ──────────────────────────────────────────────────────────
    ../../test-results/dashboard-groups-targeted--7d0bd-ehavior-across-screen-sizes-webkit/test-failed-1.png
    ────────────────────────────────────────────────────────────────────────────────────────────────

    attachment #2: video (video/webm) ──────────────────────────────────────────────────────────────
    ../../test-results/dashboard-groups-targeted--7d0bd-ehavior-across-screen-sizes-webkit/video.webm
    ────────────────────────────────────────────────────────────────────────────────────────────────

    Error Context: ../../test-results/dashboard-groups-targeted--7d0bd-ehavior-across-screen-sizes-webkit/error-context.md
]]>
</failure>
<system-out>
<![CDATA[✅ Responsive: Desktop(6), Tablet(6), Mobile(6)

[[ATTACHMENT|dashboard-groups-targeted--7d0bd-ehavior-across-screen-sizes-webkit/test-failed-1.png]]

[[ATTACHMENT|dashboard-groups-targeted--7d0bd-ehavior-across-screen-sizes-webkit/video.webm]]

[[ATTACHMENT|dashboard-groups-targeted--7d0bd-ehavior-across-screen-sizes-webkit/error-context.md]]
]]>
</system-out>
</testcase>
</testsuite>
<testsuite name="dashboard-groups.spec.ts" timestamp="2026-03-22T13:31:33.877Z" hostname="webkit" tests="15" failures="12" skipped="0" time="250.865" errors="0">
<testcase name="Dashboard Groups - Core Functionality › dashboard page loads with all sections" classname="dashboard-groups.spec.ts" time="3.754">
<system-out>
<![CDATA[✅ Found section: Dashboard
✅ Found section: API Status
✅ Found section: Custom Domain Config
✅ Found section: Available API Endpoints
✅ Found section: Quick Access Flows
✅ Found section: Recent Activity
]]>
</system-out>
</testcase>
<testcase name="Dashboard Groups - Core Functionality › all dashboard groups are collapsible" classname="dashboard-groups.spec.ts" time="2.084">
<failure message="dashboard-groups.spec.ts:39:2 all dashboard groups are collapsible" type="FAILURE">
<![CDATA[  [webkit] › dashboard-groups.spec.ts:39:2 › Dashboard Groups - Core Functionality › all dashboard groups are collapsible 

    Error: expect(received).toBeGreaterThan(expected)

    Expected: > 0
    Received:   0

      44 | 		const headerCount = await collapsibleHeaders.count();
      45 |
    > 46 | 		expect(headerCount).toBeGreaterThan(0);
         | 		                    ^
      47 | 		console.log(`Found ${headerCount} collapsible headers`);
      48 |
      49 | 		// Test each collapsible section
        at /Users/cmuir/P1Import-apps/oauth-playground/tests/e2e/dashboard-groups.spec.ts:46:23

    attachment #1: screenshot (image/png) ──────────────────────────────────────────────────────────
    ../../test-results/dashboard-groups-Dashboard-37e98-oard-groups-are-collapsible-webkit/test-failed-1.png
    ────────────────────────────────────────────────────────────────────────────────────────────────

    attachment #2: video (video/webm) ──────────────────────────────────────────────────────────────
    ../../test-results/dashboard-groups-Dashboard-37e98-oard-groups-are-collapsible-webkit/video.webm
    ────────────────────────────────────────────────────────────────────────────────────────────────

    Error Context: ../../test-results/dashboard-groups-Dashboard-37e98-oard-groups-are-collapsible-webkit/error-context.md
]]>
</failure>
<system-out>
<![CDATA[
[[ATTACHMENT|dashboard-groups-Dashboard-37e98-oard-groups-are-collapsible-webkit/test-failed-1.png]]

[[ATTACHMENT|dashboard-groups-Dashboard-37e98-oard-groups-are-collapsible-webkit/video.webm]]

[[ATTACHMENT|dashboard-groups-Dashboard-37e98-oard-groups-are-collapsible-webkit/error-context.md]]
]]>
</system-out>
</testcase>
<testcase name="Dashboard Groups - Core Functionality › dashboard header section content" classname="dashboard-groups.spec.ts" time="10.428">
<failure message="dashboard-groups.spec.ts:75:2 dashboard header section content" type="FAILURE">
<![CDATA[  [webkit] › dashboard-groups.spec.ts:75:2 › Dashboard Groups - Core Functionality › dashboard header section content 

    Error: expect(locator).toBeVisible() failed

    Locator:  locator('[data-icon="chart-box"], .icon-chart-box, [class*="chart-box"]').first()
    Expected: visible
    Received: hidden
    Timeout:  5000ms

    Call log:
      - Expect "toBeVisible" with timeout 5000ms
      - waiting for locator('[data-icon="chart-box"], .icon-chart-box, [class*="chart-box"]').first()
        8 × locator resolved to <i aria-hidden="true" class="mdi mdi-chart-box"></i>
          - unexpected value "hidden"


      88 | 		);
      89 | 		if ((await dashboardIcon.count()) > 0) {
    > 90 | 			await expect(dashboardIcon.first()).toBeVisible();
         | 			                                    ^
      91 | 		}
      92 | 	});
      93 |
        at /Users/cmuir/P1Import-apps/oauth-playground/tests/e2e/dashboard-groups.spec.ts:90:40

    attachment #1: screenshot (image/png) ──────────────────────────────────────────────────────────
    ../../test-results/dashboard-groups-Dashboard-7385c-oard-header-section-content-webkit/test-failed-1.png
    ────────────────────────────────────────────────────────────────────────────────────────────────

    attachment #2: video (video/webm) ──────────────────────────────────────────────────────────────
    ../../test-results/dashboard-groups-Dashboard-7385c-oard-header-section-content-webkit/video.webm
    ────────────────────────────────────────────────────────────────────────────────────────────────

    Error Context: ../../test-results/dashboard-groups-Dashboard-7385c-oard-header-section-content-webkit/error-context.md
]]>
</failure>
<system-out>
<![CDATA[
[[ATTACHMENT|dashboard-groups-Dashboard-7385c-oard-header-section-content-webkit/test-failed-1.png]]

[[ATTACHMENT|dashboard-groups-Dashboard-7385c-oard-header-section-content-webkit/video.webm]]

[[ATTACHMENT|dashboard-groups-Dashboard-7385c-oard-header-section-content-webkit/error-context.md]]
]]>
</system-out>
</testcase>
<testcase name="Dashboard Groups - Core Functionality › API Status section functionality" classname="dashboard-groups.spec.ts" time="5.593">
<failure message="dashboard-groups.spec.ts:94:2 API Status section functionality" type="FAILURE">
<![CDATA[  [webkit] › dashboard-groups.spec.ts:94:2 › Dashboard Groups - Core Functionality › API Status section functionality 

    Error: expect(locator).toBeVisible() failed

    Locator: getByText(/Server health|Backend health|Global Configuration/i)
    Expected: visible
    Error: strict mode violation: getByText(/Server health|Backend health|Global Configuration/i) resolved to 2 elements:
        1) <p class="sc-duAPiq lcTxkG">Server health (shared with API Status page)</p> aka getByRole('button', { name: 'API Status Server health (' })
        2) <p class="text-small text-muted mb-1">Backend health check</p> aka getByText('Backend health check')

    Call log:
      - Expect "toBeVisible" with timeout 5000ms
      - waiting for getByText(/Server health|Backend health|Global Configuration/i)


      105 |
      106 | 		// Check for API status content
    > 107 | 		await expect(page.getByText(/Server health|Backend health|Global Configuration/i)).toBeVisible({
          | 		                                                                                   ^
      108 | 			timeout: 5000,
      109 | 		});
      110 |
        at /Users/cmuir/P1Import-apps/oauth-playground/tests/e2e/dashboard-groups.spec.ts:107:86

    attachment #1: screenshot (image/png) ──────────────────────────────────────────────────────────
    ../../test-results/dashboard-groups-Dashboard-24af3-tatus-section-functionality-webkit/test-failed-1.png
    ────────────────────────────────────────────────────────────────────────────────────────────────

    attachment #2: video (video/webm) ──────────────────────────────────────────────────────────────
    ../../test-results/dashboard-groups-Dashboard-24af3-tatus-section-functionality-webkit/video.webm
    ────────────────────────────────────────────────────────────────────────────────────────────────

    Error Context: ../../test-results/dashboard-groups-Dashboard-24af3-tatus-section-functionality-webkit/error-context.md
]]>
</failure>
<system-out>
<![CDATA[
[[ATTACHMENT|dashboard-groups-Dashboard-24af3-tatus-section-functionality-webkit/test-failed-1.png]]

[[ATTACHMENT|dashboard-groups-Dashboard-24af3-tatus-section-functionality-webkit/video.webm]]

[[ATTACHMENT|dashboard-groups-Dashboard-24af3-tatus-section-functionality-webkit/error-context.md]]
]]>
</system-out>
</testcase>
<testcase name="Dashboard Groups - Core Functionality › Custom Domain Config section" classname="dashboard-groups.spec.ts" time="4.008">
<failure message="dashboard-groups.spec.ts:124:2 Custom Domain Config section" type="FAILURE">
<![CDATA[  [webkit] › dashboard-groups.spec.ts:124:2 › Dashboard Groups - Core Functionality › Custom Domain Config section 

    Error: expect(locator).toBeVisible() failed

    Locator: getByText(/App URL and custom domain|HTTPS|domain/i)
    Expected: visible
    Error: strict mode violation: getByText(/App URL and custom domain|HTTPS|domain/i) resolved to 13 elements:
        1) <span class="sidebar-ping__item-label">Custom Domain & API Test</span> aka getByRole('link', { name: 'Custom Domain & API Test ADMIN' })
        2) <span>3000 (HTTPS)</span> aka getByText('3000 (HTTPS)')
        3) <span>3001 (HTTPS)</span> aka getByText('3001 (HTTPS)')
        4) <h3 class="sc-hLwbit bHZzOJ">Custom Domain Config</h3> aka getByRole('button', { name: 'Custom Domain Config App URL' })
        5) <p class="sc-duAPiq lcTxkG">App URL and custom domain (always HTTPS)</p> aka getByRole('button', { name: 'Custom Domain Config App URL' })
        6) <span class="fw-600 text-muted">App URL (HTTPS):</span> aka getByText('App URL (HTTPS):')
        7) <code class="text-small fw-600">https://api.pingdemo.com:3000</code> aka getByText('https://api.pingdemo.com:')
        8) <label for="dashboard-custom-domain" class="fw-600 text-muted text-small">Custom domain (hostname only)</label> aka getByText('Custom domain (hostname only)')
        9) <button type="button" class="btn btn-oauth align-self-start" aria-label="Save custom domain and open app at new URL">…</button> aka getByRole('button', { name: 'Save custom domain and open' })
        10) <code class="text-small fw-600">/api/settings/custom-domain</code> aka getByText('/api/settings/custom-domain').first()
        ...

    Call log:
      - Expect "toBeVisible" with timeout 5000ms
      - waiting for getByText(/App URL and custom domain|HTTPS|domain/i)


      135 |
      136 | 		// Check for domain configuration content
    > 137 | 		await expect(page.getByText(/App URL and custom domain|HTTPS|domain/i)).toBeVisible({
          | 		                                                                        ^
      138 | 			timeout: 5000,
      139 | 		});
      140 |
        at /Users/cmuir/P1Import-apps/oauth-playground/tests/e2e/dashboard-groups.spec.ts:137:75

    attachment #1: screenshot (image/png) ──────────────────────────────────────────────────────────
    ../../test-results/dashboard-groups-Dashboard-1dd9f-ustom-Domain-Config-section-webkit/test-failed-1.png
    ────────────────────────────────────────────────────────────────────────────────────────────────

    attachment #2: video (video/webm) ──────────────────────────────────────────────────────────────
    ../../test-results/dashboard-groups-Dashboard-1dd9f-ustom-Domain-Config-section-webkit/video.webm
    ────────────────────────────────────────────────────────────────────────────────────────────────

    Error Context: ../../test-results/dashboard-groups-Dashboard-1dd9f-ustom-Domain-Config-section-webkit/error-context.md
]]>
</failure>
<system-out>
<![CDATA[
[[ATTACHMENT|dashboard-groups-Dashboard-1dd9f-ustom-Domain-Config-section-webkit/test-failed-1.png]]

[[ATTACHMENT|dashboard-groups-Dashboard-1dd9f-ustom-Domain-Config-section-webkit/video.webm]]

[[ATTACHMENT|dashboard-groups-Dashboard-1dd9f-ustom-Domain-Config-section-webkit/error-context.md]]
]]>
</system-out>
</testcase>
<testcase name="Dashboard Groups - Core Functionality › API Endpoints section displays endpoints" classname="dashboard-groups.spec.ts" time="3.936">
<failure message="dashboard-groups.spec.ts:156:2 API Endpoints section displays endpoints" type="FAILURE">
<![CDATA[  [webkit] › dashboard-groups.spec.ts:156:2 › Dashboard Groups - Core Functionality › API Endpoints section displays endpoints 

    Error: expect(locator).toBeVisible() failed

    Locator: getByText(/Backend API endpoints|OAuth|OIDC/i)
    Expected: visible
    Error: strict mode violation: getByText(/Backend API endpoints|OAuth|OIDC/i) resolved to 26 elements:
        1) <span>OIDC Discovery</span> aka getByRole('link', { name: 'OIDC Discovery tool' })
        2) <span class="sidebar-ping__item-label">OIDC Discovery</span> aka getByRole('link', { name: 'OIDC Discovery V9 v9.16.23' })
        3) <span class="sidebar-ping__item-label">Unified OAuth & OIDC</span> aka getByRole('link', { name: 'Unified OAuth & OIDC LIVE' })
        4) <span class="sidebar-ping__item-label">OIDC Overview</span> aka getByRole('link', { name: 'OIDC Overview DOCS' })
        5) <span class="sidebar-ping__item-label">OAuth 2.1 Specification</span> aka getByRole('link', { name: 'OAuth 2.1 Specification DOCS' })
        6) <span class="sidebar-ping__item-label">OAuth 2.0 Security Best Practices</span> aka getByRole('link', { name: 'OAuth 2.0 Security Best' })
        7) <span class="sidebar-ping__item-label">OAuth Education</span> aka getByRole('link', { name: 'OAuth Education DOCS' })
        8) <span class="sidebar-ping__item-label">Advanced OAuth Parameters Demo</span> aka getByRole('link', { name: 'Advanced OAuth Parameters' })
        9) <span class="sidebar-ping__item-label">OAuth Scopes Reference</span> aka getByRole('link', { name: 'OAuth Scopes Reference DOCS' })
        10) <span class="sidebar-ping__item-label">OIDC Specifications</span> aka getByRole('link', { name: 'OIDC Specifications DOCS' })
        ...

    Call log:
      - Expect "toBeVisible" with timeout 5000ms
      - waiting for getByText(/Backend API endpoints|OAuth|OIDC/i)


      167 |
      168 | 		// Check for API endpoints content
    > 169 | 		await expect(page.getByText(/Backend API endpoints|OAuth|OIDC/i)).toBeVisible({
          | 		                                                                  ^
      170 | 			timeout: 5000,
      171 | 		});
      172 |
        at /Users/cmuir/P1Import-apps/oauth-playground/tests/e2e/dashboard-groups.spec.ts:169:69

    attachment #1: screenshot (image/png) ──────────────────────────────────────────────────────────
    ../../test-results/dashboard-groups-Dashboard-8d65a--section-displays-endpoints-webkit/test-failed-1.png
    ────────────────────────────────────────────────────────────────────────────────────────────────

    attachment #2: video (video/webm) ──────────────────────────────────────────────────────────────
    ../../test-results/dashboard-groups-Dashboard-8d65a--section-displays-endpoints-webkit/video.webm
    ────────────────────────────────────────────────────────────────────────────────────────────────

    Error Context: ../../test-results/dashboard-groups-Dashboard-8d65a--section-displays-endpoints-webkit/error-context.md
]]>
</failure>
<system-out>
<![CDATA[
[[ATTACHMENT|dashboard-groups-Dashboard-8d65a--section-displays-endpoints-webkit/test-failed-1.png]]

[[ATTACHMENT|dashboard-groups-Dashboard-8d65a--section-displays-endpoints-webkit/video.webm]]

[[ATTACHMENT|dashboard-groups-Dashboard-8d65a--section-displays-endpoints-webkit/error-context.md]]
]]>
</system-out>
</testcase>
<testcase name="Dashboard Groups - Core Functionality › Quick Access Flows section" classname="dashboard-groups.spec.ts" time="4.649">
<failure message="dashboard-groups.spec.ts:195:2 Quick Access Flows section" type="FAILURE">
<![CDATA[  [webkit] › dashboard-groups.spec.ts:195:2 › Dashboard Groups - Core Functionality › Quick Access Flows section 

    Error: expect(locator).toBeVisible() failed

    Locator: getByText(/OAuth 2\.0|OpenID Connect|flows/i)
    Expected: visible
    Error: strict mode violation: getByText(/OAuth 2\.0|OpenID Connect|flows/i) resolved to 12 elements:
        1) <span>…</span> aka getByRole('button', { name: 'Mock Flows' })
        2) <span class="sidebar-ping__item-label">OAuth 2.0 Security Best Practices</span> aka getByRole('link', { name: 'OAuth 2.0 Security Best' })
        3) <p class="sc-duAPiq lcTxkG">Monitor system status, explore OAuth flows, and t…</p> aka getByRole('button', { name: 'Dashboard Monitor system' })
        4) <h3 class="sc-hLwbit bHZzOJ">Quick Access Flows</h3> aka getByRole('button', { name: 'Quick Access Flows Explore' })
        5) <p class="sc-duAPiq lcTxkG">Explore OAuth 2.0 and OpenID Connect flows</p> aka getByRole('button', { name: 'Quick Access Flows Explore' })
        6) <p class="text-muted mb-3">Explore OAuth 2.0 and OpenID Connect flows. Defau…</p> aka getByText('Explore OAuth 2.0 and OpenID Connect flows. Defaults are secure-by-default (')
        7) <h3>OAuth 2.0</h3> aka getByRole('heading', { name: 'OAuth' })
        8) <p>Standards-based authorization flows. Recommended:…</p> aka getByText('Standards-based authorization')
        9) <h3>OpenID Connect</h3> aka getByRole('heading', { name: 'OpenID Connect' })
        10) <p>Identity layer on top of OAuth 2.0.</p> aka getByText('Identity layer on top of OAuth')
        ...

    Call log:
      - Expect "toBeVisible" with timeout 5000ms
      - waiting for getByText(/OAuth 2\.0|OpenID Connect|flows/i)


      206 |
      207 | 		// Check for flows content
    > 208 | 		await expect(page.getByText(/OAuth 2\.0|OpenID Connect|flows/i)).toBeVisible({ timeout: 5000 });
          | 		                                                                 ^
      209 |
      210 | 		// Look for flow links or buttons
      211 | 		const flowLinks = page.locator(
        at /Users/cmuir/P1Import-apps/oauth-playground/tests/e2e/dashboard-groups.spec.ts:208:68

    attachment #1: screenshot (image/png) ──────────────────────────────────────────────────────────
    ../../test-results/dashboard-groups-Dashboard-1dc4e--Quick-Access-Flows-section-webkit/test-failed-1.png
    ────────────────────────────────────────────────────────────────────────────────────────────────

    attachment #2: video (video/webm) ──────────────────────────────────────────────────────────────
    ../../test-results/dashboard-groups-Dashboard-1dc4e--Quick-Access-Flows-section-webkit/video.webm
    ────────────────────────────────────────────────────────────────────────────────────────────────

    Error Context: ../../test-results/dashboard-groups-Dashboard-1dc4e--Quick-Access-Flows-section-webkit/error-context.md
]]>
</failure>
<system-out>
<![CDATA[
[[ATTACHMENT|dashboard-groups-Dashboard-1dc4e--Quick-Access-Flows-section-webkit/test-failed-1.png]]

[[ATTACHMENT|dashboard-groups-Dashboard-1dc4e--Quick-Access-Flows-section-webkit/video.webm]]

[[ATTACHMENT|dashboard-groups-Dashboard-1dc4e--Quick-Access-Flows-section-webkit/error-context.md]]
]]>
</system-out>
</testcase>
<testcase name="Dashboard Groups - Core Functionality › Recent Activity section" classname="dashboard-groups.spec.ts" time="5.302">
<system-out>
<![CDATA[Found 4 activity items
✅ Refresh button found
]]>
</system-out>
</testcase>
<testcase name="Dashboard Groups - Interaction Tests › can toggle multiple sections independently" classname="dashboard-groups.spec.ts" time="61.121">
<failure message="dashboard-groups.spec.ts:277:2 can toggle multiple sections independently" type="FAILURE">
<![CDATA[  [webkit] › dashboard-groups.spec.ts:277:2 › Dashboard Groups - Interaction Tests › can toggle multiple sections independently 

    Test timeout of 60000ms exceeded.

    Error: locator.click: Test timeout of 60000ms exceeded.
    Call log:
      - waiting for locator('text=Dashboard').first()
        - locator resolved to <span>Dashboard</span>
      - attempting click action
        2 × waiting for element to be visible, enabled and stable
          - element is visible, enabled and stable
          - scrolling into view if needed
          - done scrolling
          - element is outside of the viewport
        - retrying click action
        - waiting 20ms
        2 × waiting for element to be visible, enabled and stable
          - element is visible, enabled and stable
          - scrolling into view if needed
          - done scrolling
          - element is outside of the viewport
        - retrying click action
          - waiting 100ms
        99 × waiting for element to be visible, enabled and stable
           - element is visible, enabled and stable
           - scrolling into view if needed
           - done scrolling
           - element is outside of the viewport
         - retrying click action
           - waiting 500ms


      295 |
      296 | 			// Toggle
    > 297 | 			await sectionHeader.click();
          | 			                    ^
      298 | 			await page.waitForTimeout(300);
      299 |
      300 | 			// Verify state changed
        at /Users/cmuir/P1Import-apps/oauth-playground/tests/e2e/dashboard-groups.spec.ts:297:24

    attachment #1: screenshot (image/png) ──────────────────────────────────────────────────────────
    ../../test-results/dashboard-groups-Dashboard-88950-iple-sections-independently-webkit/test-failed-1.png
    ────────────────────────────────────────────────────────────────────────────────────────────────

    attachment #2: video (video/webm) ──────────────────────────────────────────────────────────────
    ../../test-results/dashboard-groups-Dashboard-88950-iple-sections-independently-webkit/video.webm
    ────────────────────────────────────────────────────────────────────────────────────────────────

    Error Context: ../../test-results/dashboard-groups-Dashboard-88950-iple-sections-independently-webkit/error-context.md
]]>
</failure>
<system-out>
<![CDATA[
[[ATTACHMENT|dashboard-groups-Dashboard-88950-iple-sections-independently-webkit/test-failed-1.png]]

[[ATTACHMENT|dashboard-groups-Dashboard-88950-iple-sections-independently-webkit/video.webm]]

[[ATTACHMENT|dashboard-groups-Dashboard-88950-iple-sections-independently-webkit/error-context.md]]
]]>
</system-out>
</testcase>
<testcase name="Dashboard Groups - Interaction Tests › section states persist during page interactions" classname="dashboard-groups.spec.ts" time="61.381">
<failure message="dashboard-groups.spec.ts:308:2 section states persist during page interactions" type="FAILURE">
<![CDATA[  [webkit] › dashboard-groups.spec.ts:308:2 › Dashboard Groups - Interaction Tests › section states persist during page interactions 

    Test timeout of 60000ms exceeded.

    Error: locator.click: Test timeout of 60000ms exceeded.
    Call log:
      - waiting for locator('text=API Status').first()
        - locator resolved to <span>API Status</span>
      - attempting click action
        2 × waiting for element to be visible, enabled and stable
          - element is visible, enabled and stable
          - scrolling into view if needed
          - done scrolling
          - element is outside of the viewport
        - retrying click action
        - waiting 20ms
        2 × waiting for element to be visible, enabled and stable
          - element is visible, enabled and stable
          - scrolling into view if needed
          - done scrolling
          - element is outside of the viewport
        - retrying click action
          - waiting 100ms
        101 × waiting for element to be visible, enabled and stable
            - element is visible, enabled and stable
            - scrolling into view if needed
            - done scrolling
            - element is outside of the viewport
          - retrying click action
            - waiting 500ms


      309 | 		// Expand API Status section
      310 | 		const apiStatusHeader = page.locator('text=API Status').first();
    > 311 | 		await apiStatusHeader.click();
          | 		                      ^
      312 | 		await page.waitForTimeout(500);
      313 |
      314 | 		// Verify it's expanded
        at /Users/cmuir/P1Import-apps/oauth-playground/tests/e2e/dashboard-groups.spec.ts:311:25

    attachment #1: screenshot (image/png) ──────────────────────────────────────────────────────────
    ../../test-results/dashboard-groups-Dashboard-d52a5-st-during-page-interactions-webkit/test-failed-1.png
    ────────────────────────────────────────────────────────────────────────────────────────────────

    attachment #2: video (video/webm) ──────────────────────────────────────────────────────────────
    ../../test-results/dashboard-groups-Dashboard-d52a5-st-during-page-interactions-webkit/video.webm
    ────────────────────────────────────────────────────────────────────────────────────────────────

    Error Context: ../../test-results/dashboard-groups-Dashboard-d52a5-st-during-page-interactions-webkit/error-context.md
]]>
</failure>
<system-out>
<![CDATA[
[[ATTACHMENT|dashboard-groups-Dashboard-d52a5-st-during-page-interactions-webkit/test-failed-1.png]]

[[ATTACHMENT|dashboard-groups-Dashboard-d52a5-st-during-page-interactions-webkit/video.webm]]

[[ATTACHMENT|dashboard-groups-Dashboard-d52a5-st-during-page-interactions-webkit/error-context.md]]
]]>
</system-out>
</testcase>
<testcase name="Dashboard Groups - Interaction Tests › all sections have proper accessibility attributes" classname="dashboard-groups.spec.ts" time="4.243">
<failure message="dashboard-groups.spec.ts:330:2 all sections have proper accessibility attributes" type="FAILURE">
<![CDATA[  [webkit] › dashboard-groups.spec.ts:330:2 › Dashboard Groups - Interaction Tests › all sections have proper accessibility attributes 

    Error: expect(received).toBeGreaterThan(expected)

    Expected: > 0
    Received:   0

      333 | 		const headerCount = await headers.count();
      334 |
    > 335 | 		expect(headerCount).toBeGreaterThan(0);
          | 		                    ^
      336 |
      337 | 		// Check accessibility attributes
      338 | 		for (let i = 0; i < Math.min(headerCount, 6); i++) {
        at /Users/cmuir/P1Import-apps/oauth-playground/tests/e2e/dashboard-groups.spec.ts:335:23

    attachment #1: screenshot (image/png) ──────────────────────────────────────────────────────────
    ../../test-results/dashboard-groups-Dashboard-2791d-er-accessibility-attributes-webkit/test-failed-1.png
    ────────────────────────────────────────────────────────────────────────────────────────────────

    attachment #2: video (video/webm) ──────────────────────────────────────────────────────────────
    ../../test-results/dashboard-groups-Dashboard-2791d-er-accessibility-attributes-webkit/video.webm
    ────────────────────────────────────────────────────────────────────────────────────────────────

    Error Context: ../../test-results/dashboard-groups-Dashboard-2791d-er-accessibility-attributes-webkit/error-context.md
]]>
</failure>
<system-out>
<![CDATA[
[[ATTACHMENT|dashboard-groups-Dashboard-2791d-er-accessibility-attributes-webkit/test-failed-1.png]]

[[ATTACHMENT|dashboard-groups-Dashboard-2791d-er-accessibility-attributes-webkit/video.webm]]

[[ATTACHMENT|dashboard-groups-Dashboard-2791d-er-accessibility-attributes-webkit/error-context.md]]
]]>
</system-out>
</testcase>
<testcase name="Dashboard Groups - Interaction Tests › sections work with keyboard navigation" classname="dashboard-groups.spec.ts" time="7.504">
<failure message="dashboard-groups.spec.ts:363:2 sections work with keyboard navigation" type="FAILURE">
<![CDATA[  [webkit] › dashboard-groups.spec.ts:363:2 › Dashboard Groups - Interaction Tests › sections work with keyboard navigation 

    Error: expect(received).toBeTruthy()

    Received: false

      368 | 		// Verify focus
      369 | 		const isFocused = await firstHeader.evaluate((el) => document.activeElement === el);
    > 370 | 		expect(isFocused).toBeTruthy();
          | 		                  ^
      371 |
      372 | 		// Test Enter key to toggle
      373 | 		await page.keyboard.press('Enter');
        at /Users/cmuir/P1Import-apps/oauth-playground/tests/e2e/dashboard-groups.spec.ts:370:21

    attachment #1: screenshot (image/png) ──────────────────────────────────────────────────────────
    ../../test-results/dashboard-groups-Dashboard-00b73-rk-with-keyboard-navigation-webkit/test-failed-1.png
    ────────────────────────────────────────────────────────────────────────────────────────────────

    attachment #2: video (video/webm) ──────────────────────────────────────────────────────────────
    ../../test-results/dashboard-groups-Dashboard-00b73-rk-with-keyboard-navigation-webkit/video.webm
    ────────────────────────────────────────────────────────────────────────────────────────────────

    Error Context: ../../test-results/dashboard-groups-Dashboard-00b73-rk-with-keyboard-navigation-webkit/error-context.md
]]>
</failure>
<system-out>
<![CDATA[
[[ATTACHMENT|dashboard-groups-Dashboard-00b73-rk-with-keyboard-navigation-webkit/test-failed-1.png]]

[[ATTACHMENT|dashboard-groups-Dashboard-00b73-rk-with-keyboard-navigation-webkit/video.webm]]

[[ATTACHMENT|dashboard-groups-Dashboard-00b73-rk-with-keyboard-navigation-webkit/error-context.md]]
]]>
</system-out>
</testcase>
<testcase name="Dashboard Groups - Content Validation › all sections contain meaningful content" classname="dashboard-groups.spec.ts" time="61.009">
<failure message="dashboard-groups.spec.ts:405:2 all sections contain meaningful content" type="FAILURE">
<![CDATA[  [webkit] › dashboard-groups.spec.ts:405:2 › Dashboard Groups - Content Validation › all sections contain meaningful content 

    Test timeout of 60000ms exceeded.

    Error: locator.click: Test timeout of 60000ms exceeded.
    Call log:
      - waiting for locator('text=Dashboard').first()
        - locator resolved to <span>Dashboard</span>
      - attempting click action
        2 × waiting for element to be visible, enabled and stable
          - element is visible, enabled and stable
          - scrolling into view if needed
          - done scrolling
          - element is outside of the viewport
        - retrying click action
        - waiting 20ms
        2 × waiting for element to be visible, enabled and stable
          - element is visible, enabled and stable
          - scrolling into view if needed
          - done scrolling
          - element is outside of the viewport
        - retrying click action
          - waiting 100ms
        94 × waiting for element to be visible, enabled and stable
           - element is visible, enabled and stable
           - scrolling into view if needed
           - done scrolling
           - element is outside of the viewport
         - retrying click action
           - waiting 500ms
        - waiting for element to be visible, enabled and stable


      416 | 			// Find and expand section
      417 | 			const header = page.locator(`text=${section.name}`).first();
    > 418 | 			await header.click();
          | 			             ^
      419 | 			await page.waitForTimeout(500);
      420 |
      421 | 			// Check for expected content
        at /Users/cmuir/P1Import-apps/oauth-playground/tests/e2e/dashboard-groups.spec.ts:418:17

    attachment #1: screenshot (image/png) ──────────────────────────────────────────────────────────
    ../../test-results/dashboard-groups-Dashboard-a9373--contain-meaningful-content-webkit/test-failed-1.png
    ────────────────────────────────────────────────────────────────────────────────────────────────

    attachment #2: video (video/webm) ──────────────────────────────────────────────────────────────
    ../../test-results/dashboard-groups-Dashboard-a9373--contain-meaningful-content-webkit/video.webm
    ────────────────────────────────────────────────────────────────────────────────────────────────

    Error Context: ../../test-results/dashboard-groups-Dashboard-a9373--contain-meaningful-content-webkit/error-context.md
]]>
</failure>
<system-out>
<![CDATA[
[[ATTACHMENT|dashboard-groups-Dashboard-a9373--contain-meaningful-content-webkit/test-failed-1.png]]

[[ATTACHMENT|dashboard-groups-Dashboard-a9373--contain-meaningful-content-webkit/video.webm]]

[[ATTACHMENT|dashboard-groups-Dashboard-a9373--contain-meaningful-content-webkit/error-context.md]]
]]>
</system-out>
</testcase>
<testcase name="Dashboard Groups - Content Validation › sections display appropriate icons and visual elements" classname="dashboard-groups.spec.ts" time="7.047">
<system-out>
<![CDATA[Found 118 icons in dashboard sections
]]>
</system-out>
</testcase>
<testcase name="Dashboard Groups - Content Validation › sections are responsive and adapt to screen size" classname="dashboard-groups.spec.ts" time="8.806">
<failure message="dashboard-groups.spec.ts:455:2 sections are responsive and adapt to screen size" type="FAILURE">
<![CDATA[  [webkit] › dashboard-groups.spec.ts:455:2 › Dashboard Groups - Content Validation › sections are responsive and adapt to screen size 

    Error: expect(received).toBeGreaterThan(expected)

    Expected: > 0
    Received:   0

      475 |
      476 | 		// All sections should be visible across screen sizes
    > 477 | 		expect(desktopVisible).toBeGreaterThan(0);
          | 		                       ^
      478 | 		expect(tabletVisible).toBeGreaterThan(0);
      479 | 		expect(mobileVisible).toBeGreaterThan(0);
      480 |
        at /Users/cmuir/P1Import-apps/oauth-playground/tests/e2e/dashboard-groups.spec.ts:477:26

    attachment #1: screenshot (image/png) ──────────────────────────────────────────────────────────
    ../../test-results/dashboard-groups-Dashboard-ec111-ve-and-adapt-to-screen-size-webkit/test-failed-1.png
    ────────────────────────────────────────────────────────────────────────────────────────────────

    attachment #2: video (video/webm) ──────────────────────────────────────────────────────────────
    ../../test-results/dashboard-groups-Dashboard-ec111-ve-and-adapt-to-screen-size-webkit/video.webm
    ────────────────────────────────────────────────────────────────────────────────────────────────

    Error Context: ../../test-results/dashboard-groups-Dashboard-ec111-ve-and-adapt-to-screen-size-webkit/error-context.md
]]>
</failure>
<system-out>
<![CDATA[
[[ATTACHMENT|dashboard-groups-Dashboard-ec111-ve-and-adapt-to-screen-size-webkit/test-failed-1.png]]

[[ATTACHMENT|dashboard-groups-Dashboard-ec111-ve-and-adapt-to-screen-size-webkit/video.webm]]

[[ATTACHMENT|dashboard-groups-Dashboard-ec111-ve-and-adapt-to-screen-size-webkit/error-context.md]]
]]>
</system-out>
</testcase>
</testsuite>
<testsuite name="mock-flows-comprehensive-validation.spec.ts" timestamp="2026-03-22T13:31:33.877Z" hostname="webkit" tests="2" failures="0" skipped="0" time="47.88" errors="0">
<testcase name="Mock Flows - Comprehensive Field Validation › comprehensive field validation for all mock flows" classname="mock-flows-comprehensive-validation.spec.ts" time="35.661">
<system-out>
<![CDATA[
=== Testing: /flows/oidc-authorization-code-v9 ===
Found 9 input fields in container: main
✅ Filled: ac-client-id = "v7m-client"
✅ Filled: ac-redirect-uri = "/callback"
✅ Filled: ac-scope = "openid profile email offline_a..."
✅ Filled: ac-state = "abc123state"
✅ Filled: ac-nonce = "n-0S6_WzA2Mj"
✅ Filled: ac-user = "jane.doe@example.com"
✅ Filled: ac-method = "S256 (recommended)"
✅ Filled: ac-verifier = "sample-code-verifier-123456789..."
✅ Filled: ac-secret = "topsecret"
Summary for /flows/oidc-authorization-code-v9:
  Fields found: Yes
  Total fields: 9
  Filled: 9
  Empty: 0
  Empty required: 0

=== Testing: /flows/client-credentials-v9 ===
Found 4 input fields in container: main
✅ Filled: field-0 = "v7m-client-credentials"
✅ Filled: field-1 = "topsecret"
✅ Filled: field-2 = "read write"
⚠️  Empty optional: https://api.example.com (input) - https://api.example.com
Summary for /flows/client-credentials-v9:
  Fields found: Yes
  Total fields: 4
  Filled: 3
  Empty: 1
  Empty required: 0

=== Testing: /flows/device-authorization-v9 ===
Found 4 input fields in container: main
✅ Filled: field-0 = "v7m-device-client"
✅ Filled: field-1 = "read write"
✅ Filled: field-2 = "jane.doe@example.com"
✅ Filled: field-3 = "topsecret"
Summary for /flows/device-authorization-v9:
  Fields found: Yes
  Total fields: 4
  Filled: 4
  Empty: 0
  Empty required: 0

=== Testing: /flows/implicit-v9 ===
Found 5 input fields in container: main
✅ Filled: field-0 = "v7m-client"
✅ Filled: field-1 = "/implicit-callback"
✅ Filled: field-2 = "read write"
✅ Filled: field-3 = "abc123state"
✅ Filled: field-4 = "jane.doe@example.com"
Summary for /flows/implicit-v9:
  Fields found: Yes
  Total fields: 5
  Filled: 5
  Empty: 0
  Empty required: 0

=== Testing: /flows/oidc-hybrid-v9 ===
Found 9 input fields in container: main
✅ Filled: responseType = "checked"
⚠️  Empty optional: responseType (radio) - 
⚠️  Empty optional: responseType (radio) - 
✅ Filled: field-3 = "v7m-hybrid-client"
✅ Filled: field-4 = "/hybrid-callback"
✅ Filled: field-5 = "openid profile email"
✅ Filled: field-6 = "hybrid-state-xyz"
✅ Filled: field-7 = "hybrid-nonce-abc"
✅ Filled: field-8 = "jane.doe@example.com"
Summary for /flows/oidc-hybrid-v9:
  Fields found: Yes
  Total fields: 9
  Filled: 7
  Empty: 2
  Empty required: 0

=== Testing: /flows/dpop-authorization-code-v9 ===
Found 30 input fields in container: main
⚠️  Empty optional: field-0 (checkbox) - 
✅ Filled: specVersion = "checked"
⚠️  Empty optional: specVersion (radio) - 
⚠️  Empty optional: specVersion (radio) - 
✅ Filled: flowTypeSelect = "Authorization Code"
✅ Filled: client-type = "checked"
⚠️  Empty optional: client-type (radio) - 
✅ Filled: application-type = "Web Application"
✅ Filled: environment-id = "b9817c16-9910-4415-b67e-4ac687..."
✅ Filled: field-9 = "checked"
✅ Filled: field-10 = "checked"
⚠️  Empty optional: client-id (text) - abc123def456...
⚠️  Empty optional: client-secret (password) - ••••••••••••••••
✅ Filled: field-13 = "🔓 OPTIONAL - PKCE is optional..."
⚠️  Empty optional: issuer-url (text) - Using: b9817c16-9910-4415-b67e-4ac687da74d9 (or enter custom)
✅ Filled: field-15 = "📝 Client Secret Post (Form Bo..."
✅ Filled: field-16 = "🔐 code (Recommended)"
✅ Filled: redirect-uris = "https://api.pingdemo.com:3000/..."
✅ Filled: field-18 = "🔗 Query String (Recommended)"
✅ Filled: openid = "openid"
⚠️  Empty optional: field-20 (checkbox) - 
✅ Filled: field-21 = "🟡 Optional"
✅ Filled: field-22 = "🔗 Query String (Recommended)"
⚠️  Empty optional: field-23 (checkbox) - 
⚠️  Empty optional: https://auth.example.com (text) - https://auth.example.com
⚠️  Empty optional: login-hint-dropdown (text) - Worker token required
✅ Filled: field-26 = "✏️ Custom value..."
⚠️  Empty optional: Enter seconds (e.g., 300 for 5 minutes) (number) - Enter seconds (e.g., 300 for 5 minutes)
✅ Filled: display-mode-select = "Default (page)"
✅ Filled: field-29 = "Default (server decides)"
Summary for /flows/dpop-authorization-code-v9:
  Fields found: Yes
  Total fields: 30
  Filled: 18
  Empty: 12
  Empty required: 0

=== Testing: /flows/mock-mcp-agent-flow ===
Found 1 input fields in container: body
⚠️  Empty optional: Search flows and pages... (⌘K) (text) - Search flows and pages... (⌘K)
Summary for /flows/mock-mcp-agent-flow:
  Fields found: Yes
  Total fields: 1
  Filled: 0
  Empty: 1
  Empty required: 0

=== COMPREHENSIVE VALIDATION SUMMARY ===
Total flows tested: 7
Flows with input fields: 7
Flows without input fields: 0
Total input fields: 62
Total filled fields: 46
Total empty fields: 16
Total empty required fields: 0

=== DETAILED BREAKDOWN ===

/flows/oidc-authorization-code-v9:
  Fields: 9 total, 9 filled, 0 empty

/flows/client-credentials-v9:
  Fields: 4 total, 3 filled, 1 empty
  Empty fields:
    - https://api.example.com (input) - optional - "https://api.example.com"

/flows/device-authorization-v9:
  Fields: 4 total, 4 filled, 0 empty

/flows/implicit-v9:
  Fields: 5 total, 5 filled, 0 empty

/flows/oidc-hybrid-v9:
  Fields: 9 total, 7 filled, 2 empty
  Empty fields:
    - responseType (radio) - optional - ""
    - responseType (radio) - optional - ""

/flows/dpop-authorization-code-v9:
  Fields: 30 total, 18 filled, 12 empty
  Empty fields:
    - field-0 (checkbox) - optional - ""
    - specVersion (radio) - optional - ""
    - specVersion (radio) - optional - ""
    - client-type (radio) - optional - ""
    - client-id (text) - optional - "abc123def456..."
    - client-secret (password) - optional - "••••••••••••••••"
    - issuer-url (text) - optional - "Using: b9817c16-9910-4415-b67e-4ac687da74d9 (or enter custom)"
    - field-20 (checkbox) - optional - ""
    - field-23 (checkbox) - optional - ""
    - https://auth.example.com (text) - optional - "https://auth.example.com"
    - login-hint-dropdown (text) - optional - "Worker token required"
    - Enter seconds (e.g., 300 for 5 minutes) (number) - optional - "Enter seconds (e.g., 300 for 5 minutes)"

/flows/mock-mcp-agent-flow:
  Fields: 1 total, 0 filled, 1 empty
  Empty fields:
    - Search flows and pages... (⌘K) (text) - optional - "Search flows and pages... (⌘K)"

Field fill rate: 74.2%
🎉 All required fields are filled in all mock flows!
]]>
</system-out>
</testcase>
<testcase name="Mock Flows - Comprehensive Field Validation › mock flows work without user interaction" classname="mock-flows-comprehensive-validation.spec.ts" time="12.219">
<system-out>
<![CDATA[
Testing flow without user interaction: /flows/oidc-authorization-code-v9
  ✅ Flow already shows token/results
  ✅ Flow is ready to use without user input

Testing flow without user interaction: /flows/client-credentials-v9
  ✅ Found actionable button: "Request Access Token"
  ✅ Flow already shows token/results
  ✅ Flow is ready to use without user input
]]>
</system-out>
</testcase>
</testsuite>
<testsuite name="mock-flows-field-validation.spec.ts" timestamp="2026-03-22T13:31:33.877Z" hostname="webkit" tests="2" failures="0" skipped="0" time="57.996" errors="0">
<testcase name="Mock Flows - Field Validation › all mock flows have pre-filled values in all fields" classname="mock-flows-field-validation.spec.ts" time="37.834">
<system-out>
<![CDATA[
=== Testing: /flows/oidc-authorization-code-v9 ===
Found 9 input fields
✅ Filled: ac-client-id = "v7m-client"
✅ Filled: ac-redirect-uri = "/callback"
✅ Filled: ac-scope = "openid profile email offline_a..."
✅ Filled: ac-state = "abc123state"
✅ Filled: ac-nonce = "n-0S6_WzA2Mj"
✅ Filled: ac-user = "jane.doe@example.com"
✅ Filled: ac-method = "S256 (recommended)"
✅ Filled: ac-verifier = "sample-code-verifier-123456789..."
✅ Filled: ac-secret = "topsecret"
Summary for /flows/oidc-authorization-code-v9:
  Total fields: 9
  Filled fields: 9
  Empty fields: 0
  Empty required fields: 0

=== Testing: /flows/client-credentials-v9 ===
Found 4 input fields
✅ Filled: field-0 = "v7m-client-credentials"
✅ Filled: field-1 = "topsecret"
✅ Filled: field-2 = "read write"
⚠️  Empty optional field: field-3 (input) - https://api.example.com
Summary for /flows/client-credentials-v9:
  Total fields: 4
  Filled fields: 3
  Empty fields: 1
  Empty required fields: 0

=== Testing: /flows/device-authorization-v9 ===
Found 4 input fields
✅ Filled: field-0 = "v7m-device-client"
✅ Filled: field-1 = "read write"
✅ Filled: field-2 = "jane.doe@example.com"
✅ Filled: field-3 = "topsecret"
Summary for /flows/device-authorization-v9:
  Total fields: 4
  Filled fields: 4
  Empty fields: 0
  Empty required fields: 0

=== Testing: /flows/implicit-v9 ===
Found 5 input fields
✅ Filled: field-0 = "v7m-client"
✅ Filled: field-1 = "/implicit-callback"
✅ Filled: field-2 = "read write"
✅ Filled: field-3 = "abc123state"
✅ Filled: field-4 = "jane.doe@example.com"
Summary for /flows/implicit-v9:
  Total fields: 5
  Filled fields: 5
  Empty fields: 0
  Empty required fields: 0

=== Testing: /flows/oidc-hybrid-v9 ===
Found 9 input fields
✅ Filled: responseType = "code id_token"
✅ Filled: responseType = "code token"
✅ Filled: responseType = "code id_token token"
✅ Filled: field-3 = "v7m-hybrid-client"
✅ Filled: field-4 = "/hybrid-callback"
✅ Filled: field-5 = "openid profile email"
✅ Filled: field-6 = "hybrid-state-xyz"
✅ Filled: field-7 = "hybrid-nonce-abc"
✅ Filled: field-8 = "jane.doe@example.com"
Summary for /flows/oidc-hybrid-v9:
  Total fields: 9
  Filled fields: 9
  Empty fields: 0
  Empty required fields: 0

=== Testing: /flows/dpop-authorization-code-v9 ===
Found 30 input fields
✅ Filled: field-0 = "on"
✅ Filled: specVersion = "oauth2.0"
✅ Filled: specVersion = "oidc"
✅ Filled: specVersion = "oauth2.1"
✅ Filled: flowTypeSelect = "Authorization Code"
✅ Filled: client-type = "public"
✅ Filled: client-type = "confidential"
✅ Filled: application-type = "Web Application"
✅ Filled: environment-id = "b9817c16-9910-4415-b67e-4ac687..."
✅ Filled: field-9 = "on"
✅ Filled: field-10 = "on"
⚠️  Empty optional field: client-id (text) - abc123def456...
⚠️  Empty optional field: client-secret (password) - ••••••••••••••••
✅ Filled: field-13 = "🔓 OPTIONAL - PKCE is optional..."
⚠️  Empty optional field: issuer-url (text) - Using: b9817c16-9910-4415-b67e-4ac687da74d9 (or enter custom)
✅ Filled: field-15 = "📝 Client Secret Post (Form Bo..."
✅ Filled: field-16 = "🔐 code (Recommended)"
✅ Filled: redirect-uris = "https://api.pingdemo.com:3000/..."
✅ Filled: field-18 = "🔗 Query String (Recommended)"
✅ Filled: field-19 = "openid"
✅ Filled: field-20 = "on"
✅ Filled: field-21 = "🟡 Optional"
✅ Filled: field-22 = "🔗 Query String (Recommended)"
✅ Filled: field-23 = "on"
⚠️  Empty optional field: field-24 (text) - https://auth.example.com
⚠️  Empty optional field: login-hint-dropdown (text) - Worker token required
✅ Filled: field-26 = "✏️ Custom value..."
⚠️  Empty optional field: field-27 (number) - Enter seconds (e.g., 300 for 5 minutes)
✅ Filled: display-mode-select = "Default (page)"
✅ Filled: field-29 = "Default (server decides)"
Summary for /flows/dpop-authorization-code-v9:
  Total fields: 30
  Filled fields: 24
  Empty fields: 6
  Empty required fields: 0

=== Testing: /flows/mock-mcp-agent-flow ===
Found 0 input fields
Summary for /flows/mock-mcp-agent-flow:
  Total fields: 0
  Filled fields: 0
  Empty fields: 0
  Empty required fields: 0

=== OVERALL VALIDATION SUMMARY ===
Total fields across all flows: 61
Total filled fields: 54
Total empty fields: 7
Total empty required fields: 0

⚠️  Found 7 empty optional fields (this may be acceptable)

/flows/client-credentials-v9 - 1 empty optional fields:
  - field-3 (input)

/flows/dpop-authorization-code-v9 - 6 empty optional fields:
  - client-id (text)
  - client-secret (password)
  - issuer-url (text)
  - field-24 (text)
  - login-hint-dropdown (text)
  - field-27 (number)
]]>
</system-out>
</testcase>
<testcase name="Mock Flows - Field Validation › mock flows display educational/mock indicators" classname="mock-flows-field-validation.spec.ts" time="20.162">
<system-out>
<![CDATA[
Checking mock indicators for: /flows/oidc-authorization-code-v9
✅ Found mock indicator: "Educational Mock Mode"

Checking mock indicators for: /flows/client-credentials-v9
✅ Found mock indicator: "Educational Mock Mode"

Checking mock indicators for: /flows/device-authorization-v9
✅ Found mock indicator: "Educational Mock Mode"

Checking mock indicators for: /flows/implicit-v9
✅ Found mock indicator: "Educational Mock Mode"

Checking mock indicators for: /flows/oidc-hybrid-v9
✅ Found mock indicator: "Educational Mock Mode"

Checking mock indicators for: /flows/dpop-authorization-code-v9
✅ Found mock indicator: "EDUCATIONAL"

Checking mock indicators for: /flows/mock-mcp-agent-flow
✅ Found mock indicator: "Educational Mock Mode"
]]>
</system-out>
</testcase>
</testsuite>
<testsuite name="mock-flows-final.spec.ts" timestamp="2026-03-22T13:31:33.877Z" hostname="webkit" tests="4" failures="1" skipped="0" time="41.104" errors="0">
<testcase name="Mock Flows - Core Functionality › all mock flows load successfully" classname="mock-flows-final.spec.ts" time="20.328">
<system-out>
<![CDATA[Testing: /flows/oidc-authorization-code-v9
✓ /flows/oidc-authorization-code-v9 loaded successfully
Testing: /flows/client-credentials-v9
✓ /flows/client-credentials-v9 loaded successfully
Testing: /flows/device-authorization-v9
✓ /flows/device-authorization-v9 loaded successfully
Testing: /flows/implicit-v9
✓ /flows/implicit-v9 loaded successfully
Testing: /flows/oidc-hybrid-v9
✓ /flows/oidc-hybrid-v9 loaded successfully
Testing: /flows/dpop-authorization-code-v9
✓ /flows/dpop-authorization-code-v9 loaded successfully
Testing: /flows/mock-mcp-agent-flow
✓ /flows/mock-mcp-agent-flow loaded successfully
]]>
</system-out>
</testcase>
<testcase name="Mock Flows - Core Functionality › mock flows have pre-filled form data" classname="mock-flows-final.spec.ts" time="9.919">
<system-out>
<![CDATA[✓ /flows/oidc-authorization-code-v9 has pre-filled data: v7m-client...
✓ /flows/oidc-authorization-code-v9 - Form data check completed
✓ /flows/client-credentials-v9 has pre-filled data: v7m-client-credentia...
✓ /flows/client-credentials-v9 - Form data check completed
]]>
</system-out>
</testcase>
<testcase name="Mock Flows - Core Functionality › mock flows do not require user credentials" classname="mock-flows-final.spec.ts" time="5.724">
<failure message="mock-flows-final.spec.ts:80:2 mock flows do not require user credentials" type="FAILURE">
<![CDATA[  [webkit] › mock-flows-final.spec.ts:80:2 › Mock Flows - Core Functionality › mock flows do not require user credentials 

    Error: locator.isVisible: Error: strict mode violation: getByText(/access_token|id_token|code=/) resolved to 3 elements:
        1) <pre class="sc-itktkX iKlOV">{↵  "redirect_uri": "https://api.pingdemo.com/cal…</pre> aka getByText('{ "redirect_uri": "https://')
        2) <pre class="sc-itktkX iKlOV">{↵  "access_token": "eyJhbGciOiJSUzI1NiIsImtpZCI6…</pre> aka getByText('{ "access_token": "')
        3) <li>The response includes <ParameterHighlight>access_…</li> aka getByText('The response includes <')

    Call log:
        - checking visibility of getByText(/access_token|id_token|code=/)


      105 | 		} else {
      106 | 			// Check if flow already shows results/tokens
    > 107 | 			const hasTokens = await page.getByText(/access_token|id_token|code=/).isVisible();
          | 			                                                                      ^
      108 | 			if (hasTokens) {
      109 | 				console.log('✓ Flow already shows token results');
      110 | 			} else {
        at /Users/cmuir/P1Import-apps/oauth-playground/tests/e2e/mock-flows-final.spec.ts:107:74

    attachment #1: screenshot (image/png) ──────────────────────────────────────────────────────────
    ../../test-results/mock-flows-final-Mock-Flow-06f7d-ot-require-user-credentials-webkit/test-failed-1.png
    ────────────────────────────────────────────────────────────────────────────────────────────────

    attachment #2: video (video/webm) ──────────────────────────────────────────────────────────────
    ../../test-results/mock-flows-final-Mock-Flow-06f7d-ot-require-user-credentials-webkit/video.webm
    ────────────────────────────────────────────────────────────────────────────────────────────────

    Error Context: ../../test-results/mock-flows-final-Mock-Flow-06f7d-ot-require-user-credentials-webkit/error-context.md
]]>
</failure>
<system-out>
<![CDATA[
[[ATTACHMENT|mock-flows-final-Mock-Flow-06f7d-ot-require-user-credentials-webkit/test-failed-1.png]]

[[ATTACHMENT|mock-flows-final-Mock-Flow-06f7d-ot-require-user-credentials-webkit/video.webm]]

[[ATTACHMENT|mock-flows-final-Mock-Flow-06f7d-ot-require-user-credentials-webkit/error-context.md]]
]]>
</system-out>
</testcase>
<testcase name="Mock Flows - Core Functionality › mock flows handle navigation gracefully" classname="mock-flows-final.spec.ts" time="5.133">
<system-out>
<![CDATA[✓ /flows/client-credentials-v9 navigation handled gracefully
]]>
</system-out>
</testcase>
</testsuite>
<testsuite name="mock-flows-simple.spec.ts" timestamp="2026-03-22T13:31:33.877Z" hostname="webkit" tests="3" failures="0" skipped="0" time="23.285" errors="0">
<testcase name="Mock Flows - Basic Connectivity › can access frontend server" classname="mock-flows-simple.spec.ts" time="5.094">
</testcase>
<testcase name="Mock Flows - Basic Connectivity › can access a mock flow route" classname="mock-flows-simple.spec.ts" time="8.018">
<system-out>
<![CDATA[Page content length: [33m958501[39m
Has mock content: [33mtrue[39m
Has inputs/buttons: [33mtrue[39m
]]>
</system-out>
</testcase>
<testcase name="Mock Flows - Basic Connectivity › test multiple mock flow routes for basic loading" classname="mock-flows-simple.spec.ts" time="10.173">
<system-out>
<![CDATA[Testing: /flows/oidc-authorization-code-v9
  Title: MasterFlow API - PingOne Integration Platform
  Has errors: true
  ✓ Page loaded successfully
Testing: /flows/client-credentials-v9
  Title: MasterFlow API - PingOne Integration Platform
  Has errors: true
  ✓ Page loaded successfully
Testing: /flows/device-authorization-v9
  Title: MasterFlow API - PingOne Integration Platform
  Has errors: true
  ✓ Page loaded successfully
]]>
</system-out>
</testcase>
</testsuite>
<testsuite name="mock-flows.spec.ts" timestamp="2026-03-22T13:31:33.877Z" hostname="webkit" tests="9" failures="2" skipped="0" time="117.374" errors="0">
<testcase name="Mock Flows - OIDC › Authorization Code Flow › loads and displays pre-filled mock data" classname="mock-flows.spec.ts" time="7.191">
</testcase>
<testcase name="Mock Flows - OIDC › Authorization Code Flow › can navigate to authorization endpoint" classname="mock-flows.spec.ts" time="5.024">
</testcase>
<testcase name="Mock Flows - OIDC › Hybrid Flow › loads with pre-filled mock credentials" classname="mock-flows.spec.ts" time="7.872">
<system-out>
<![CDATA[Empty input found: Search flows and pages... (⌘K)
]]>
</system-out>
</testcase>
<testcase name="Mock Flows - OIDC › Implicit Flow › loads implicit grant flow with mock data" classname="mock-flows.spec.ts" time="7.693">
</testcase>
<testcase name="Mock Flows - OIDC › DPoP Flow › loads DPoP Authorization Code flow" classname="mock-flows.spec.ts" time="7.168">
</testcase>
<testcase name="Mock Flows - MCP &amp; Agent › Mock MCP Agent Flow › loads MCP agent flow with mock data" classname="mock-flows.spec.ts" time="7.178">
</testcase>
<testcase name="Mock Flows - Error Handling › all mock flows handle navigation gracefully" classname="mock-flows.spec.ts" time="60.471">
<failure message="mock-flows.spec.ts:241:2 all mock flows handle navigation gracefully" type="FAILURE">
<![CDATA[  [webkit] › mock-flows.spec.ts:241:2 › Mock Flows - Error Handling › all mock flows handle navigation gracefully 

    Test timeout of 60000ms exceeded.

    attachment #1: screenshot (image/png) ──────────────────────────────────────────────────────────
    ../../test-results/mock-flows-Mock-Flows---Er-9be93-andle-navigation-gracefully-webkit/test-failed-1.png
    ────────────────────────────────────────────────────────────────────────────────────────────────

    attachment #2: video (video/webm) ──────────────────────────────────────────────────────────────
    ../../test-results/mock-flows-Mock-Flows---Er-9be93-andle-navigation-gracefully-webkit/video.webm
    ────────────────────────────────────────────────────────────────────────────────────────────────

    Error Context: ../../test-results/mock-flows-Mock-Flows---Er-9be93-andle-navigation-gracefully-webkit/error-context.md
]]>
</failure>
<system-out>
<![CDATA[✗ /flows/oidc-authorization-code-v9 - Error: Error: locator.isVisible: Error: strict mode violation: locator('main, .main-content, .flow-container, .container').first().getByText(/OAuth|OIDC|Authorization|Client|Token|Flow|Mock|Educational/i) resolved to 51 elements:
    1) <strong>📚 Educational Mock Mode</strong> aka getByText('📚 Educational Mock Mode')
    2) <p>This flow is a simulated sandbox — no real networ…</p> aka getByText('This flow is a simulated')
    3) <h1 class="sc-gHCuMo gaKhVK">Authorization Code Flow (V9)</h1> aka getByRole('heading', { name: 'Authorization Code Flow (V9)' })
    4) <p class="sc-dkkA-Db iMQAPf">🔐 V9: Production-grade Authorization Code Flow wi…</p> aka getByText('🔐 V9: Production-grade')
    5) <div class="sc-eRdibq dgqIrI">PingOne MasterFlow API v9.16.23</div> aka getByText('PingOne MasterFlow API v9.16.')
    6) <button type="button" title="Reset flow">↻ Reset Flow</button> aka getByRole('button', { name: '↻ Reset Flow' })
    7) <h2>How Authorization Code Flow Works</h2> aka getByRole('heading', { name: 'How Authorization Code Flow' })
    8) <strong>authorization server</strong> aka getByText('authorization server')
    9) <div>Step 1 — Build the Authorization URL</div> aka getByText('Step 1 — Build the')
    10) <div>Your app redirects the user to PingOne with param…</div> aka getByText('Your app redirects the user')
    ...

Call log:
[2m    - checking visibility of locator('main, .main-content, .flow-container, .container').first().getByText(/OAuth|OIDC|Authorization|Client|Token|Flow|Mock|Educational/i)[22m

✗ /flows/oidc-hybrid-v9 - Error: Error: locator.isVisible: Error: strict mode violation: locator('main, .main-content, .flow-container, .container').first().getByText(/OAuth|OIDC|Authorization|Client|Token|Flow|Mock|Educational/i) resolved to 47 elements:
    1) <strong>📚 Educational Mock Mode</strong> aka getByText('📚 Educational Mock Mode')
    2) <p>Simulates OIDC Hybrid Flow in-browser. No externa…</p> aka getByText('Simulates OIDC Hybrid Flow in')
    3) <p>…</p> aka getByText('OIDC Hybrid Flow is')
    4) <h1 class="sc-gVcfYx jOAyXA">Hybrid Flow - Unified OAuth/OIDC</h1> aka getByRole('heading', { name: 'Hybrid Flow - Unified OAuth/' })
    5) <p class="sc-iBUNwM dikIpr">🔄 Unified OAuth/OIDC hybrid flow implementation -…</p> aka getByText('🔄 Unified OAuth/OIDC hybrid')
    6) <div class="sc-bguTAo gvuZNz">PingOne MasterFlow API v9.16.23</div> aka getByText('PingOne MasterFlow API v9.16.')
    7) <button type="button" title="Reset flow">↻ Reset Flow</button> aka getByRole('button', { name: '↻ Reset Flow' })
    8) <header>…</header> aka getByText('ℹ️ About this flow')
    9) <p>OIDC Hybrid flow returns both an authorization co…</p> aka getByText('OIDC Hybrid flow returns both')
    10) <p>The id_token in the front-channel response includ…</p> aka getByText('The id_token in the front-channel response includes a c_hash binding it to the')
    ...

Call log:
[2m    - checking visibility of locator('main, .main-content, .flow-container, .container').first().getByText(/OAuth|OIDC|Authorization|Client|Token|Flow|Mock|Educational/i)[22m

✗ /flows/ciba-v9 - Error: Error: locator.isVisible: Error: strict mode violation: locator('main, .main-content, .flow-container, .container').first().getByText(/OAuth|OIDC|Authorization|Client|Token|Flow|Mock|Educational/i) resolved to 17 elements:
    1) <strong>📚 Educational Mock Mode</strong> aka getByText('📚 Educational Mock Mode')
    2) <p>Simulates OIDC CIBA Core 1.0 in-browser. No exter…</p> aka getByText('Simulates OIDC CIBA Core 1.0')
    3) <h1 class="sc-cKccrY krYSpS">CIBA Flow (V9) — Client Initiated Backchannel Aut…</h1> aka getByRole('heading', { name: 'CIBA Flow (V9) — Client' })
    4) <p class="sc-cheYLD llesBS">🛡️ V9: Backchannel authentication flow for decoup…</p> aka getByText('🛡️ V9: Backchannel')
    5) <div class="sc-ebjlnS dKtRzF">PingOne MasterFlow API v9.16.23</div> aka getByText('PingOne MasterFlow API v9.16.')
    6) <button type="button" title="Reset flow">↻ Reset Flow</button> aka getByRole('button', { name: '↻ Reset Flow' })
    7) <header>…</header> aka getByText('ℹ️ About this flow')
    8) <p>CIBA (Client-Initiated Backchannel Authentication…</p> aka getByText('CIBA (Client-Initiated')
    9) <p>No browser redirect in the requesting app. The us…</p> aka getByText('No browser redirect in the requesting app. The user approves or denies on their')
    10) <p>OpenID Connect CIBA Core 1.0 (Client-Initiated Ba…</p> aka getByText('OpenID Connect CIBA Core 1.0')
    ...

Call log:
[2m    - checking visibility of locator('main, .main-content, .flow-container, .container').first().getByText(/OAuth|OIDC|Authorization|Client|Token|Flow|Mock|Educational/i)[22m

✗ /flows/client-credentials-v9 - Error: Error: locator.isVisible: Error: strict mode violation: locator('main, .main-content, .flow-container, .container').first().getByText(/OAuth|OIDC|Authorization|Client|Token|Flow|Mock|Educational/i) resolved to 33 elements:
    1) <strong>📚 Educational Mock Mode</strong> aka getByText('📚 Educational Mock Mode')
    2) <p>This flow simulates OAuth Client Credentials (RFC…</p> aka getByText('This flow simulates OAuth')
    3) <h1 class="sc-gHCuMo gaKhVK">Client Credentials Flow (V9)</h1> aka getByRole('heading', { name: 'Client Credentials Flow (V9)' })
    4) <p class="sc-dkkA-Db iMQAPf">🔑 V9: Machine-to-machine authentication for backe…</p> aka getByText('🔑 V9: Machine-to-machine')
    5) <div class="sc-eRdibq dgqIrI">PingOne MasterFlow API v9.16.23</div> aka getByText('PingOne MasterFlow API v9.16.')
    6) <button type="button" title="Reset flow">↻ Reset Flow</button> aka getByRole('button', { name: '↻ Reset Flow' })
    7) <header>…</header> aka getByText('ℹ️ About this flow')
    8) <p>The client credentials grant is used when the cli…</p> aka getByText('The client credentials grant')
    9) <p>No user is present; the client is the resource ow…</p> aka getByText('No user is present; the')
    10) <p>OAuth 2.0 Client Credentials Grant (RFC 6749 §4.4…</p> aka getByText('OAuth 2.0 Client Credentials')
    ...

Call log:
[2m    - checking visibility of locator('main, .main-content, .flow-container, .container').first().getByText(/OAuth|OIDC|Authorization|Client|Token|Flow|Mock|Educational/i)[22m

✗ /flows/device-authorization-v9 - Error: Error: locator.isVisible: Error: strict mode violation: locator('main, .main-content, .flow-container, .container').first().getByText(/OAuth|OIDC|Authorization|Client|Token|Flow|Mock|Educational/i) resolved to 20 elements:
    1) <strong>📚 Educational Mock Mode</strong> aka getByText('📚 Educational Mock Mode')
    2) <p>This flow simulates OAuth Device Authorization (R…</p> aka getByText('This flow simulates OAuth')
    3) <h1 class="sc-gHCuMo gaKhVK">Device Authorization Flow (V9)</h1> aka getByRole('heading', { name: 'Device Authorization Flow (V9)' })
    4) <p class="sc-dkkA-Db iMQAPf">📱 V9: Device Authorization Grant for TVs, IoT dev…</p> aka getByText('📱 V9: Device Authorization')
    5) <div class="sc-eRdibq dgqIrI">PingOne MasterFlow API v9.16.23</div> aka getByText('PingOne MasterFlow API v9.16.')
    6) <button type="button" title="Reset flow">↻ Reset Flow</button> aka getByRole('button', { name: '↻ Reset Flow' })
    7) <header>…</header> aka getByText('ℹ️ About this flow')
    8) <p>Device authorization is designed for input-constr…</p> aka getByText('Device authorization is')
    9) <p>Two steps: (1) device requests a user_code and ve…</p> aka getByText('Two steps: (1) device')
    10) <p>OAuth 2.0 Device Authorization Grant (RFC 8628).</p> aka getByText('OAuth 2.0 Device')
    ...

Call log:
[2m    - checking visibility of locator('main, .main-content, .flow-container, .container').first().getByText(/OAuth|OIDC|Authorization|Client|Token|Flow|Mock|Educational/i)[22m

✓ /flows/ropc-v9 loaded with content
✗ /flows/implicit-v9 - Error: Error: locator.isVisible: Error: strict mode violation: locator('main, .main-content, .flow-container, .container').first().getByText(/OAuth|OIDC|Authorization|Client|Token|Flow|Mock|Educational/i) resolved to 22 elements:
    1) <strong>📚 Educational Mock Mode</strong> aka getByText('📚 Educational Mock Mode')
    2) <p>This flow simulates OAuth/OIDC endpoints for lear…</p> aka getByText('This flow simulates OAuth/')
    3) <p>…</p> aka getByText('The Implicit Flow is')
    4) <h1 class="sc-fCmSaN dFHpUh">Implicit Flow (V9)</h1> aka getByRole('heading', { name: 'Implicit Flow (V9)' })
    5) <p class="sc-hKosrq gwnpvx">⚡ V9: Implicit Flow with OAuth 2.0 and OIDC varia…</p> aka getByText('⚡ V9: Implicit Flow with')
    6) <div class="sc-QKHsT gVmDGA">PingOne MasterFlow API v9.16.23</div> aka getByText('PingOne MasterFlow API v9.16.')
    7) <button type="button" title="Reset flow">↻ Reset Flow</button> aka getByRole('button', { name: '↻ Reset Flow' })
    8) <header>…</header> aka getByText('ℹ️ About this flow')
    9) <p>Implicit flow returns access tokens (and optional…</p> aka getByText('Implicit flow returns access')
    10) <p>Tokens appear in the redirect URL fragment (#...)…</p> aka getByText('Tokens appear in the redirect')
    ...

Call log:
[2m    - checking visibility of locator('main, .main-content, .flow-container, .container').first().getByText(/OAuth|OIDC|Authorization|Client|Token|Flow|Mock|Educational/i)[22m

✗ /flows/saml-bearer-assertion-v9 - Error: Error: locator.isVisible: Error: strict mode violation: locator('main, .main-content, .flow-container, .container').first().getByText(/OAuth|OIDC|Authorization|Client|Token|Flow|Mock|Educational/i) resolved to 21 elements:
    1) <strong>📚 Educational Mock Mode</strong> aka getByText('📚 Educational Mock Mode')
    2) <p>This flow simulates the OAuth 2.0 SAML Bearer Ass…</p> aka getByText('This flow simulates the OAuth')
    3) <p class="sc-dRGYJU byKcyG">🛡️ SAML Bearer with PingFederate/PingOne AIS exam…</p> aka getByText('🛡️ SAML Bearer with')
    4) <div class="sc-gbvfcT dmHHbz">PingOne MasterFlow API v9.16.23</div> aka getByText('PingOne MasterFlow API v9.16.')
    5) <button type="button" title="Reset flow">↻ Reset Flow</button> aka getByRole('button', { name: '↻ Reset Flow' })
    6) <div class="sc-flYmRq bCOqsq">The Environment ID will be used to auto-populate …</div> aka getByText('The Environment ID will be')
    7) <label class="sc-dgtOuY faPXFM">Client ID *</label> aka getByText('Client ID *')
    8) <label class="sc-dgtOuY faPXFM">Token Endpoint *</label> aka getByText('Token Endpoint *')
    9) <div class="sc-jGvJua kTzFMO">Configure the SAML assertion that will be used as…</div> aka getByText('Configure the SAML assertion')
    10) <label class="sc-dgtOuY faPXFM">Audience (Token Endpoint) *</label> aka getByText('Audience (Token Endpoint) *')
    ...

Call log:
[2m    - checking visibility of locator('main, .main-content, .flow-container, .container').first().getByText(/OAuth|OIDC|Authorization|Client|Token|Flow|Mock|Educational/i)[22m

✗ /flows/par-v9 - Error: Error: locator.isVisible: Error: strict mode violation: locator('main, .main-content, .flow-container, .container').first().getByText(/OAuth|OIDC|Authorization|Client|Token|Flow|Mock|Educational/i) resolved to 20 elements:
    1) <strong>📚 Educational Mock Mode</strong> aka getByText('📚 Educational Mock Mode')
    2) <p>This flow demonstrates Pushed Authorization Reque…</p> aka getByText('This flow demonstrates Pushed')
    3) <h1 class="sc-behkuy hkpNMR">Pushed Authorization Requests (PAR) Flow V9</h1> aka getByRole('heading', { name: 'Pushed Authorization Requests (PAR) Flow V9' })
    4) <p class="sc-jztukb fSEOKF">Push authorization parameters to the AS before re…</p> aka getByText('Push authorization parameters')
    5) <div class="sc-OIPhL kgFJBb">PingOne MasterFlow API v9.16.23</div> aka getByText('PingOne MasterFlow API v9.16.')
    6) <button type="button" title="Reset flow">↻ Reset Flow</button> aka getByRole('button', { name: '↻ Reset Flow' })
    7) <div>Authorization URL</div> aka getByRole('button', { name: 'Authorization URL 4 of' })
    8) <div>Token Exchange</div> aka getByRole('button', { name: 'Token Exchange 5 of' })
    9) <div>Flow Completion</div> aka getByRole('button', { name: 'Flow Completion 6 of' })
    10) <p>Understanding Pushed Authorization Requests</p> aka getByRole('main').getByText('Understanding Pushed')
    ...

Call log:
[2m    - checking visibility of locator('main, .main-content, .flow-container, .container').first().getByText(/OAuth|OIDC|Authorization|Client|Token|Flow|Mock|Educational/i)[22m

✗ /flows/rar-v9 - Error: Error: locator.isVisible: Error: strict mode violation: locator('main, .main-content, .flow-container, .container').first().getByText(/OAuth|OIDC|Authorization|Client|Token|Flow|Mock|Educational/i) resolved to 21 elements:
    1) <strong>📚 Educational Mock Mode</strong> aka getByText('📚 Educational Mock Mode')
    2) <p>This is a mock/educational implementation demonst…</p> aka getByText('This is a mock/educational').first()
    3) <h1 class="sc-behkuy hkpNMR">Rich Authorization Requests (RAR) Flow V9</h1> aka getByRole('heading', { name: 'Rich Authorization Requests (RAR) Flow V9' })
    4) <p class="sc-jztukb fSEOKF">Fine-grained OAuth authorization with structured …</p> aka getByText('Fine-grained OAuth')
    5) <div class="sc-OIPhL kgFJBb">PingOne MasterFlow API v9.16.23</div> aka getByText('PingOne MasterFlow API v9.16.')
    6) <button type="button" title="Reset flow">↻ Reset Flow</button> aka getByRole('button', { name: '↻ Reset Flow' })
    7) <div>Authorization Request</div> aka getByRole('button', { name: 'Authorization Request 3 of' })
    8) <div>Token Exchange</div> aka getByRole('button', { name: 'Token Exchange 4 of' })
    9) <div>Flow Completion</div> aka getByRole('button', { name: 'Flow Completion 5 of' })
    10) <p>Understanding Rich Authorization Requests</p> aka getByRole('main').getByText('Understanding Rich')
    ...

Call log:
[2m    - checking visibility of locator('main, .main-content, .flow-container, .container').first().getByText(/OAuth|OIDC|Authorization|Client|Token|Flow|Mock|Educational/i)[22m

✗ /flows/dpop-authorization-code-v9 - Error: Error: locator.isVisible: Error: strict mode violation: locator('main, .main-content, .flow-container, .container').first().getByText(/OAuth|OIDC|Authorization|Client|Token|Flow|Mock|Educational/i) resolved to 201 elements:
    1) <div>Worker Token Missing — API calls will fail until …</div> aka getByText('Worker Token Missing — API')
    2) <div>No worker token found.</div> aka locator('div').filter({ hasText: /^No worker token found\.$/ })
    3) <button type="button">🔑 Fix Token</button> aka getByRole('button', { name: '🔑 Fix Token' })
    4) <h1 class="sc-iBBJcU gqErUg">Unified OAuth/OIDC Flow</h1> aka getByRole('heading', { name: 'Unified OAuth/OIDC Flow' })
    5) <p class="sc-fHsjtB eNqpvI">Single UI for all OAuth 2.0, OAuth 2.1 / OIDC 2.1…</p> aka getByText('Single UI for all OAuth 2.0,')
    6) <div class="sc-behkuy exEuPd">PingOne MasterFlow API v9.16.23</div> aka getByText('PingOne MasterFlow API v9.16.')
    7) <button type="button" title="View comprehensive comparison guide for OAuth/OIDC specifications and flow types">…</button> aka getByRole('button', { name: '📖 📚 Flow & Spec Comparison' })
    8) <button type="button" title="Download comprehensive Postman collection for all Unified flows (Authorization Code, Implicit, Client Credentials, Device Code, Hybrid) grouped by Registration and Authentication">…</button> aka getByRole('button', { name: '📦 Postman Unified Flows' })
    9) <div class="sc-fnLEGL hNVabM">Show all educational content with detailed explan…</div> aka getByText('Show all educational content')
    10) <span>Educational Content</span> aka getByRole('button', { name: '📖 Educational Content ➡️' })
    ...

Call log:
[2m    - checking visibility of locator('main, .main-content, .flow-container, .container').first().getByText(/OAuth|OIDC|Authorization|Client|Token|Flow|Mock|Educational/i)[22m

✗ /flows/mock-mcp-agent-flow - Error: Error: page.waitForTimeout: Test timeout of 60000ms exceeded.

[[ATTACHMENT|mock-flows-Mock-Flows---Er-9be93-andle-navigation-gracefully-webkit/test-failed-1.png]]

[[ATTACHMENT|mock-flows-Mock-Flows---Er-9be93-andle-navigation-gracefully-webkit/video.webm]]

[[ATTACHMENT|mock-flows-Mock-Flows---Er-9be93-andle-navigation-gracefully-webkit/error-context.md]]
]]>
</system-out>
</testcase>
<testcase name="Mock Flows - Error Handling › mock flows do not require user credentials" classname="mock-flows.spec.ts" time="11.941">
<system-out>
<![CDATA[✓ /flows/oidc-authorization-code-v9 - All required fields pre-filled
✓ /flows/client-credentials-v9 - All required fields pre-filled
✓ /flows/device-authorization-v9 - All required fields pre-filled
]]>
</system-out>
</testcase>
<testcase name="Mock Flows - UI Consistency › all mock flows have consistent styling and layout" classname="mock-flows.spec.ts" time="2.836">
<failure message="mock-flows.spec.ts:341:2 all mock flows have consistent styling and layout" type="FAILURE">
<![CDATA[  [webkit] › mock-flows.spec.ts:341:2 › Mock Flows - UI Consistency › all mock flows have consistent styling and layout 

    Error: expect(received).toBeTruthy()

    Received: false

      356 | 				.locator('h1, h2')
      357 | 				.evaluateAll((els) => els.some((el) => el.getBoundingClientRect().height > 0));
    > 358 | 			expect(hasVisibleHeading).toBeTruthy();
          | 			                          ^
      359 |
      360 | 			// V9 flow pages use styled-components — class names are hash-based, not semantic.
      361 | 			// Confirm styled-component rendering via button count (checked fully below).
        at /Users/cmuir/P1Import-apps/oauth-playground/tests/e2e/mock-flows.spec.ts:358:30

    attachment #1: screenshot (image/png) ──────────────────────────────────────────────────────────
    ../../test-results/mock-flows-Mock-Flows---UI-d708a-nsistent-styling-and-layout-webkit/test-failed-1.png
    ────────────────────────────────────────────────────────────────────────────────────────────────

    attachment #2: video (video/webm) ──────────────────────────────────────────────────────────────
    ../../test-results/mock-flows-Mock-Flows---UI-d708a-nsistent-styling-and-layout-webkit/video.webm
    ────────────────────────────────────────────────────────────────────────────────────────────────

    Error Context: ../../test-results/mock-flows-Mock-Flows---UI-d708a-nsistent-styling-and-layout-webkit/error-context.md
]]>
</failure>
<system-out>
<![CDATA[
[[ATTACHMENT|mock-flows-Mock-Flows---UI-d708a-nsistent-styling-and-layout-webkit/test-failed-1.png]]

[[ATTACHMENT|mock-flows-Mock-Flows---UI-d708a-nsistent-styling-and-layout-webkit/video.webm]]

[[ATTACHMENT|mock-flows-Mock-Flows---UI-d708a-nsistent-styling-and-layout-webkit/error-context.md]]
]]>
</system-out>
</testcase>
</testsuite>
<testsuite name="playwright-setup.spec.ts" timestamp="2026-03-22T13:31:33.877Z" hostname="webkit" tests="3" failures="0" skipped="0" time="2.684" errors="0">
<testcase name="Playwright Setup Verification › Playwright is properly installed and configured" classname="playwright-setup.spec.ts" time="1.525">
</testcase>
<testcase name="Playwright Setup Verification › Can access local development server" classname="playwright-setup.spec.ts" time="0.589">
<system-out>
<![CDATA[Development server not running - this is expected for setup verification
]]>
</system-out>
</testcase>
<testcase name="Playwright Setup Verification › Playwright configuration is valid" classname="playwright-setup.spec.ts" time="0.57">
</testcase>
</testsuite>
<testsuite name="simple-server-test.spec.ts" timestamp="2026-03-22T13:31:33.877Z" hostname="webkit" tests="6" failures="0" skipped="0" time="22.82" errors="0">
<testcase name="Server Connectivity Tests › frontend server responds" classname="simple-server-test.spec.ts" time="1.967">
</testcase>
<testcase name="Server Connectivity Tests › backend API health check" classname="simple-server-test.spec.ts" time="0.489">
</testcase>
<testcase name="Server Connectivity Tests › can access simple page without React errors" classname="simple-server-test.spec.ts" time="3.142">
<system-out>
<![CDATA[Page title: MasterFlow API - PingOne Integration Platform
]]>
</system-out>
</testcase>
<testcase name="Server Connectivity Tests › can handle navigation to MFA route" classname="simple-server-test.spec.ts" time="8.924">
<system-out>
<![CDATA[Page content length: [33m952983[39m
Has MFA content: [33mtrue[39m
]]>
</system-out>
</testcase>
<testcase name="Error Handling Tests › handles 404 routes gracefully" classname="simple-server-test.spec.ts" time="2.223">
<system-out>
<![CDATA[404 route status: [33m200[39m
]]>
</system-out>
</testcase>
<testcase name="Error Handling Tests › can access AI Identity routes" classname="simple-server-test.spec.ts" time="6.075">
<system-out>
<![CDATA[Has AI content: [33mtrue[39m
]]>
</system-out>
</testcase>
</testsuite>
<testsuite name="unified-mfa.spec.ts" timestamp="2026-03-22T13:31:33.877Z" hostname="webkit" tests="24" failures="0" skipped="0" time="52.08" errors="0">
<testcase name="Unified MFA Flow - Navigation &amp; UI › loads Unified MFA page with proper title and content" classname="unified-mfa.spec.ts" time="2.125">
</testcase>
<testcase name="Unified MFA Flow - Navigation &amp; UI › displays device type selection screen" classname="unified-mfa.spec.ts" time="2.078">
</testcase>
<testcase name="Unified MFA Flow - Navigation &amp; UI › shows proper flow navigation elements" classname="unified-mfa.spec.ts" time="1.742">
</testcase>
<testcase name="Unified MFA - Device Type Selection › can select SMS device type" classname="unified-mfa.spec.ts" time="2.198">
</testcase>
<testcase name="Unified MFA - Device Type Selection › can select Email device type" classname="unified-mfa.spec.ts" time="1.883">
</testcase>
<testcase name="Unified MFA - Device Type Selection › can select TOTP device type" classname="unified-mfa.spec.ts" time="1.7">
</testcase>
<testcase name="Unified MFA - Device Type Selection › can select Mobile Push device type" classname="unified-mfa.spec.ts" time="1.64">
</testcase>
<testcase name="Unified MFA - Device Type Selection › can select WhatsApp device type" classname="unified-mfa.spec.ts" time="1.756">
</testcase>
<testcase name="Unified MFA - Device Type Selection › can select FIDO2 device type" classname="unified-mfa.spec.ts" time="2.546">
</testcase>
<testcase name="Unified MFA - Registration Flow › SMS registration flow works" classname="unified-mfa.spec.ts" time="1.701">
</testcase>
<testcase name="Unified MFA - Registration Flow › Email registration flow works" classname="unified-mfa.spec.ts" time="2.023">
</testcase>
<testcase name="Unified MFA - Registration Flow › TOTP registration flow shows QR code" classname="unified-mfa.spec.ts" time="5.925">
</testcase>
<testcase name="Unified MFA - Registration Flow › FIDO2 registration flow shows security key prompt" classname="unified-mfa.spec.ts" time="3.352">
</testcase>
<testcase name="Unified MFA - Form Validation › validates required fields" classname="unified-mfa.spec.ts" time="1.729">
</testcase>
<testcase name="Unified MFA - Form Validation › validates phone number format" classname="unified-mfa.spec.ts" time="1.831">
</testcase>
<testcase name="Unified MFA - Form Validation › validates email format" classname="unified-mfa.spec.ts" time="1.716">
</testcase>
<testcase name="Unified MFA - Error Handling › handles network errors gracefully" classname="unified-mfa.spec.ts" time="2.325">
</testcase>
<testcase name="Unified MFA - Error Handling › displays helpful error messages" classname="unified-mfa.spec.ts" time="2.042">
</testcase>
<testcase name="Unified MFA - Accessibility › has proper heading structure" classname="unified-mfa.spec.ts" time="1.491">
</testcase>
<testcase name="Unified MFA - Accessibility › has accessible form controls" classname="unified-mfa.spec.ts" time="1.372">
</testcase>
<testcase name="Unified MFA - Accessibility › supports keyboard navigation" classname="unified-mfa.spec.ts" time="3.951">
</testcase>
<testcase name="Unified MFA - Responsive Design › displays properly on mobile viewport" classname="unified-mfa.spec.ts" time="1.469">
</testcase>
<testcase name="Unified MFA - Responsive Design › displays properly on tablet viewport" classname="unified-mfa.spec.ts" time="1.419">
</testcase>
<testcase name="Unified MFA - Responsive Design › displays properly on desktop viewport" classname="unified-mfa.spec.ts" time="2.066">
</testcase>
</testsuite>
<testsuite name="unified-oauth-comprehensive.spec.ts" timestamp="2026-03-22T13:31:33.877Z" hostname="webkit" tests="16" failures="1" skipped="0" time="40.173" errors="0">
<testcase name="Unified OAuth - Core Functionality › unified oauth page loads successfully" classname="unified-oauth-comprehensive.spec.ts" time="2.398">
<failure message="unified-oauth-comprehensive.spec.ts:32:2 unified oauth page loads successfully" type="FAILURE">
<![CDATA[  [webkit] › unified-oauth-comprehensive.spec.ts:32:2 › Unified OAuth - Core Functionality › unified oauth page loads successfully 

    Error: expect(locator).toBeVisible() failed

    Locator: getByText(/Unified OAuth|OAuth Flow|Authorization/i)
    Expected: visible
    Error: strict mode violation: getByText(/Unified OAuth|OAuth Flow|Authorization/i) resolved to 3 elements:
        1) <span class="sidebar-ping__item-label">Unified OAuth & OIDC</span> aka getByRole('link', { name: 'Unified OAuth & OIDC LIVE' })
        2) <span class="sidebar-ping__item-label">CIBA vs Device Authorization Guide</span> aka getByRole('link', { name: 'CIBA vs Device Authorization' })
        3) <div class="sc-gEkIjA jTVGlF">Loading Unified OAuth Flow...</div> aka getByText('Loading Unified OAuth Flow...')

    Call log:
      - Expect "toBeVisible" with timeout 10000ms
      - waiting for getByText(/Unified OAuth|OAuth Flow|Authorization/i)


      35 |
      36 | 		// Look for main unified flow elements
    > 37 | 		await expect(page.getByText(/Unified OAuth|OAuth Flow|Authorization/i)).toBeVisible({
         | 		                                                                        ^
      38 | 			timeout: 10000,
      39 | 		});
      40 |
        at /Users/cmuir/P1Import-apps/oauth-playground/tests/e2e/unified-oauth-comprehensive.spec.ts:37:75

    attachment #1: screenshot (image/png) ──────────────────────────────────────────────────────────
    ../../test-results/unified-oauth-comprehensiv-0bf31-uth-page-loads-successfully-webkit/test-failed-1.png
    ────────────────────────────────────────────────────────────────────────────────────────────────

    attachment #2: video (video/webm) ──────────────────────────────────────────────────────────────
    ../../test-results/unified-oauth-comprehensiv-0bf31-uth-page-loads-successfully-webkit/video.webm
    ────────────────────────────────────────────────────────────────────────────────────────────────

    Error Context: ../../test-results/unified-oauth-comprehensiv-0bf31-uth-page-loads-successfully-webkit/error-context.md
]]>
</failure>
<system-out>
<![CDATA[
[[ATTACHMENT|unified-oauth-comprehensiv-0bf31-uth-page-loads-successfully-webkit/test-failed-1.png]]

[[ATTACHMENT|unified-oauth-comprehensiv-0bf31-uth-page-loads-successfully-webkit/video.webm]]

[[ATTACHMENT|unified-oauth-comprehensiv-0bf31-uth-page-loads-successfully-webkit/error-context.md]]
]]>
</system-out>
</testcase>
<testcase name="Unified OAuth - Core Functionality › all flow types are available in selector" classname="unified-oauth-comprehensive.spec.ts" time="2.015">
</testcase>
<testcase name="Unified OAuth - Core Functionality › all spec versions are available in selector" classname="unified-oauth-comprehensive.spec.ts" time="2.463">
</testcase>
<testcase name="Unified OAuth - Core Functionality › can navigate to different flow types via URL" classname="unified-oauth-comprehensive.spec.ts" time="4.696">
<system-out>
<![CDATA[Testing flow type: oauth-authz
⚠️  oauth-authz content not immediately visible
Testing flow type: implicit
⚠️  implicit content not immediately visible
Testing flow type: client-credentials
⚠️  client-credentials content not immediately visible
Testing flow type: device-code
⚠️  device-code content not immediately visible
Testing flow type: hybrid
⚠️  hybrid content not immediately visible
]]>
</system-out>
</testcase>
<testcase name="Unified OAuth - Core Functionality › authorization code flow loads with proper components" classname="unified-oauth-comprehensive.spec.ts" time="2.352">
<system-out>
<![CDATA[⚠️  Element not found: text=Authorization Code Flow
⚠️  Element not found: text=Client ID
⚠️  Element not found: text=Client Secret
⚠️  Element not found: text=Redirect URI
⚠️  Element not found: text=Scope
⚠️  Element not found: text=PKCE
Found 0 input fields
Found 0 action buttons
]]>
</system-out>
</testcase>
<testcase name="Unified OAuth - Core Functionality › client credentials flow loads with proper components" classname="unified-oauth-comprehensive.spec.ts" time="4.807">
<system-out>
<![CDATA[⚠️  Element not found: text=Client Credentials Flow
⚠️  Element not found: text=Client ID
⚠️  Element not found: text=Client Secret
⚠️  Element not found: text=Scope
⚠️  Element not found: text=Token Endpoint
✅ Redirect URI correctly absent in client credentials flow
]]>
</system-out>
</testcase>
<testcase name="Unified OAuth - Core Functionality › implicit flow loads with proper components" classname="unified-oauth-comprehensive.spec.ts" time="1.803">
<system-out>
<![CDATA[⚠️  Element not found: text=Implicit Flow
⚠️  Element not found: text=Client ID
⚠️  Element not found: text=Redirect URI
⚠️  Element not found: text=Response Type
⚠️  Element not found: text=token
]]>
</system-out>
</testcase>
<testcase name="Unified OAuth - Core Functionality › device code flow loads with proper components" classname="unified-oauth-comprehensive.spec.ts" time="2.831">
<system-out>
<![CDATA[⚠️  Element not found: text=Device Code Flow
⚠️  Element not found: text=Device Code
⚠️  Element not found: text=User Code
⚠️  Element not found: text=Verification URI
⚠️  Element not found: text=Poll
]]>
</system-out>
</testcase>
<testcase name="Unified OAuth - Core Functionality › hybrid flow loads with proper components" classname="unified-oauth-comprehensive.spec.ts" time="2.216">
<system-out>
<![CDATA[⚠️  Element not found: text=Hybrid Flow
⚠️  Element not found: text=Authorization Code
⚠️  Element not found: text=ID Token
⚠️  Element not found: text=Response Type
⚠️  Element not found: text=code id_token
]]>
</system-out>
</testcase>
<testcase name="Unified OAuth - Core Functionality › spec version filtering works correctly" classname="unified-oauth-comprehensive.spec.ts" time="3.863">
</testcase>
<testcase name="Unified OAuth - Flow Type Changes › can switch between flow types" classname="unified-oauth-comprehensive.spec.ts" time="1.781">
</testcase>
<testcase name="Unified OAuth - Flow Type Changes › can change spec versions" classname="unified-oauth-comprehensive.spec.ts" time="1.435">
</testcase>
<testcase name="Unified OAuth - Form Interactions › authorization code form accepts input" classname="unified-oauth-comprehensive.spec.ts" time="1.815">
</testcase>
<testcase name="Unified OAuth - Form Interactions › form validation works" classname="unified-oauth-comprehensive.spec.ts" time="1.856">
</testcase>
<testcase name="Unified OAuth - Token Display › token display area exists" classname="unified-oauth-comprehensive.spec.ts" time="1.917">
</testcase>
<testcase name="Unified OAuth - Token Display › can copy token to clipboard" classname="unified-oauth-comprehensive.spec.ts" time="1.925">
</testcase>
</testsuite>
<testsuite name="unified-oauth-simple.spec.ts" timestamp="2026-03-22T13:31:33.877Z" hostname="webkit" tests="17" failures="2" skipped="0" time="61.104" errors="0">
<testcase name="Unified OAuth - Simple Tests › unified oauth page loads" classname="unified-oauth-simple.spec.ts" time="1.724">
<failure message="unified-oauth-simple.spec.ts:17:2 unified oauth page loads" type="FAILURE">
<![CDATA[  [webkit] › unified-oauth-simple.spec.ts:17:2 › Unified OAuth - Simple Tests › unified oauth page loads 

    Error: expect(received).toBeGreaterThan(expected)

    Expected: > 0
    Received:   0

      28 | 		const forms = page.locator('form, input, select, button');
      29 | 		const formCount = await forms.count();
    > 30 | 		expect(formCount).toBeGreaterThan(0);
         | 		                  ^
      31 | 		console.log(`Found ${formCount} form elements`);
      32 | 	});
      33 |
        at /Users/cmuir/P1Import-apps/oauth-playground/tests/e2e/unified-oauth-simple.spec.ts:30:21

    attachment #1: screenshot (image/png) ──────────────────────────────────────────────────────────
    ../../test-results/unified-oauth-simple-Unifi-a0108-ts-unified-oauth-page-loads-webkit/test-failed-1.png
    ────────────────────────────────────────────────────────────────────────────────────────────────

    attachment #2: video (video/webm) ──────────────────────────────────────────────────────────────
    ../../test-results/unified-oauth-simple-Unifi-a0108-ts-unified-oauth-page-loads-webkit/video.webm
    ────────────────────────────────────────────────────────────────────────────────────────────────

    Error Context: ../../test-results/unified-oauth-simple-Unifi-a0108-ts-unified-oauth-page-loads-webkit/error-context.md
]]>
</failure>
<system-out>
<![CDATA[
[[ATTACHMENT|unified-oauth-simple-Unifi-a0108-ts-unified-oauth-page-loads-webkit/test-failed-1.png]]

[[ATTACHMENT|unified-oauth-simple-Unifi-a0108-ts-unified-oauth-page-loads-webkit/video.webm]]

[[ATTACHMENT|unified-oauth-simple-Unifi-a0108-ts-unified-oauth-page-loads-webkit/error-context.md]]
]]>
</system-out>
</testcase>
<testcase name="Unified OAuth - Simple Tests › can navigate to authorization code flow" classname="unified-oauth-simple.spec.ts" time="1.827">
</testcase>
<testcase name="Unified OAuth - Simple Tests › can navigate to client credentials flow" classname="unified-oauth-simple.spec.ts" time="3.371">
</testcase>
<testcase name="Unified OAuth - Simple Tests › can navigate to implicit flow" classname="unified-oauth-simple.spec.ts" time="1.909">
</testcase>
<testcase name="Unified OAuth - Simple Tests › can navigate to device code flow" classname="unified-oauth-simple.spec.ts" time="2.631">
</testcase>
<testcase name="Unified OAuth - Simple Tests › can navigate to hybrid flow" classname="unified-oauth-simple.spec.ts" time="2.322">
</testcase>
<testcase name="Unified OAuth - Simple Tests › can navigate with spec versions" classname="unified-oauth-simple.spec.ts" time="3.406">
</testcase>
<testcase name="Unified OAuth - Simple Tests › forms have input fields" classname="unified-oauth-simple.spec.ts" time="2.328">
<failure message="unified-oauth-simple.spec.ts:149:2 forms have input fields" type="FAILURE">
<![CDATA[  [webkit] › unified-oauth-simple.spec.ts:149:2 › Unified OAuth - Simple Tests › forms have input fields 

    Error: expect(received).toBeGreaterThan(expected)

    Expected: > 0
    Received:   0

      168 | 		// Should have at least some input fields
      169 | 		const totalInputs = textCount + passwordCount + textareaCount + selectCount;
    > 170 | 		expect(totalInputs).toBeGreaterThan(0);
          | 		                    ^
      171 | 	});
      172 |
      173 | 	test('has action buttons', async ({ page }) => {
        at /Users/cmuir/P1Import-apps/oauth-playground/tests/e2e/unified-oauth-simple.spec.ts:170:23

    attachment #1: screenshot (image/png) ──────────────────────────────────────────────────────────
    ../../test-results/unified-oauth-simple-Unifi-c8abf-sts-forms-have-input-fields-webkit/test-failed-1.png
    ────────────────────────────────────────────────────────────────────────────────────────────────

    attachment #2: video (video/webm) ──────────────────────────────────────────────────────────────
    ../../test-results/unified-oauth-simple-Unifi-c8abf-sts-forms-have-input-fields-webkit/video.webm
    ────────────────────────────────────────────────────────────────────────────────────────────────

    Error Context: ../../test-results/unified-oauth-simple-Unifi-c8abf-sts-forms-have-input-fields-webkit/error-context.md
]]>
</failure>
<system-out>
<![CDATA[Found: 0 text inputs, 0 password inputs, 0 textareas, 0 selects

[[ATTACHMENT|unified-oauth-simple-Unifi-c8abf-sts-forms-have-input-fields-webkit/test-failed-1.png]]

[[ATTACHMENT|unified-oauth-simple-Unifi-c8abf-sts-forms-have-input-fields-webkit/video.webm]]

[[ATTACHMENT|unified-oauth-simple-Unifi-c8abf-sts-forms-have-input-fields-webkit/error-context.md]]
]]>
</system-out>
</testcase>
<testcase name="Unified OAuth - Simple Tests › has action buttons" classname="unified-oauth-simple.spec.ts" time="1.984">
</testcase>
<testcase name="Unified OAuth - Simple Tests › has flow type selection mechanism" classname="unified-oauth-simple.spec.ts" time="4.145">
</testcase>
<testcase name="Unified OAuth - Simple Tests › has spec version selection mechanism" classname="unified-oauth-simple.spec.ts" time="2.667">
</testcase>
<testcase name="Unified OAuth - Simple Tests › handles invalid URLs gracefully" classname="unified-oauth-simple.spec.ts" time="8.805">
</testcase>
<testcase name="Unified OAuth - Simple Tests › page is responsive" classname="unified-oauth-simple.spec.ts" time="11.645">
<system-out>
<![CDATA[✅ Desktop size: 1200x800 - page loads
✅ Tablet size: 768x1024 - page loads
✅ Mobile size: 375x667 - page loads
]]>
</system-out>
</testcase>
<testcase name="Unified OAuth - Simple Tests › has token display area" classname="unified-oauth-simple.spec.ts" time="2.876">
</testcase>
<testcase name="Unified OAuth - Simple Tests › has help or documentation elements" classname="unified-oauth-simple.spec.ts" time="3.435">
<system-out>
<![CDATA[✅ Found 87 tooltip/info elements
]]>
</system-out>
</testcase>
<testcase name="Unified OAuth - Simple Tests › has navigation elements" classname="unified-oauth-simple.spec.ts" time="3.082">
</testcase>
<testcase name="Unified OAuth - Simple Tests › has status or feedback elements" classname="unified-oauth-simple.spec.ts" time="2.947">
</testcase>
</testsuite>
<testsuite name="unified-oauth.spec.ts" timestamp="2026-03-22T13:31:33.877Z" hostname="webkit" tests="7" failures="2" skipped="0" time="29.012" errors="0">
<testcase name="Unified OAuth - Navigation &amp; UI › loads Unified OAuth page and shows flow content" classname="unified-oauth.spec.ts" time="3.419">
<failure message="unified-oauth.spec.ts:14:2 loads Unified OAuth page and shows flow content" type="FAILURE">
<![CDATA[  [webkit] › unified-oauth.spec.ts:14:2 › Unified OAuth - Navigation & UI › loads Unified OAuth page and shows flow content 

    Error: expect(locator).toBeVisible() failed

    Locator: getByRole('combobox', { name: /Flow Type|Grant type/i }).or(getByText(/Unified OAuth|Configure Credentials|Authorization Code/i))
    Expected: visible
    Error: strict mode violation: getByRole('combobox', { name: /Flow Type|Grant type/i }).or(getByText(/Unified OAuth|Configure Credentials|Authorization Code/i)) resolved to 2 elements:
        1) <span class="sidebar-ping__item-label">Unified OAuth & OIDC</span> aka getByRole('link', { name: 'Unified OAuth & OIDC LIVE' })
        2) <div class="sc-gEkIjA jTVGlF">Loading Unified OAuth Flow...</div> aka getByText('Loading Unified OAuth Flow...')

    Call log:
      - Expect "toBeVisible" with timeout 10000ms
      - waiting for getByRole('combobox', { name: /Flow Type|Grant type/i }).or(getByText(/Unified OAuth|Configure Credentials|Authorization Code/i))


      19 | 				page.getByText(/Unified OAuth|Configure Credentials|Authorization Code/i)
      20 | 			)
    > 21 | 		).toBeVisible({ timeout: 10000 });
         | 		  ^
      22 | 	});
      23 |
      24 | 	test('navigates to Authorization Code flow', async ({ page }) => {
        at /Users/cmuir/P1Import-apps/oauth-playground/tests/e2e/unified-oauth.spec.ts:21:5

    attachment #1: screenshot (image/png) ──────────────────────────────────────────────────────────
    ../../test-results/unified-oauth-Unified-OAut-12899-page-and-shows-flow-content-webkit/test-failed-1.png
    ────────────────────────────────────────────────────────────────────────────────────────────────

    attachment #2: video (video/webm) ──────────────────────────────────────────────────────────────
    ../../test-results/unified-oauth-Unified-OAut-12899-page-and-shows-flow-content-webkit/video.webm
    ────────────────────────────────────────────────────────────────────────────────────────────────

    Error Context: ../../test-results/unified-oauth-Unified-OAut-12899-page-and-shows-flow-content-webkit/error-context.md
]]>
</failure>
<system-out>
<![CDATA[
[[ATTACHMENT|unified-oauth-Unified-OAut-12899-page-and-shows-flow-content-webkit/test-failed-1.png]]

[[ATTACHMENT|unified-oauth-Unified-OAut-12899-page-and-shows-flow-content-webkit/video.webm]]

[[ATTACHMENT|unified-oauth-Unified-OAut-12899-page-and-shows-flow-content-webkit/error-context.md]]
]]>
</system-out>
</testcase>
<testcase name="Unified OAuth - Navigation &amp; UI › navigates to Authorization Code flow" classname="unified-oauth.spec.ts" time="5.411">
<failure message="unified-oauth.spec.ts:24:2 navigates to Authorization Code flow" type="FAILURE">
<![CDATA[  [webkit] › unified-oauth.spec.ts:24:2 › Unified OAuth - Navigation & UI › navigates to Authorization Code flow 

    Error: expect(locator).toBeVisible() failed

    Locator: getByText(/Authorization Code|Configure|Credentials/i)
    Expected: visible
    Error: strict mode violation: getByText(/Authorization Code|Configure|Credentials/i) resolved to 29 elements:
        1) <strong>Authorization Code Flow</strong> aka getByRole('strong').filter({ hasText: /^Authorization Code Flow$/ })
        2) <strong>Client Credentials Flow</strong> aka getByText('Client Credentials Flow')
        3) <button type="button" class="nav-link-btn nav-btn-authz active" title="OAuth 2.0 Authorization Code Flow">🔐 Authorization Code</button> aka getByRole('button', { name: '🔐 Authorization Code' })
        4) <button type="button" title="OAuth 2.0 Client Credentials Flow" class="nav-link-btn nav-btn-client-creds ">🔑 Client Credentials</button> aka getByRole('button', { name: '🔑 Client Credentials' })
        5) <option value="oauth-authz">Authorization Code</option> aka getByLabel('Flow Type (Grant type)')
        6) <option value="client-credentials">Client Credentials</option> aka getByLabel('Flow Type (Grant type)')
        7) <a target="_blank" rel="noopener noreferrer" href="https://apidocs.pingidentity.com/pingone/platform/v1/api/#authorization-and-authentication-apis-authorize-authorization-code">View PingOne API Docs for Authorization Code Flow</a> aka getByRole('link', { name: 'View PingOne API Docs for' })
        8) <a target="_blank" rel="noopener noreferrer" href="https://datatracker.ietf.org/doc/html/rfc6749#section-4.1">Section 4.1 - Authorization Code Grant</a> aka getByRole('link', { name: 'Section 4.1 - Authorization' })
        9) <span>…</span> aka getByText('Flow Type Security: Authorization code flow is secure')
        10) <span>Configuration & Credentials</span> aka getByRole('button', { name: '🔧 Configuration &' })
        ...

    Call log:
      - Expect "toBeVisible" with timeout 5000ms
      - waiting for getByText(/Authorization Code|Configure|Credentials/i)


      27 | 		await expect(
      28 | 			page.getByText(/Authorization Code|Configure|Credentials/i)
    > 29 | 		).toBeVisible({ timeout: 5000 });
         | 		  ^
      30 | 	});
      31 |
      32 | 	test('navigates to Implicit flow', async ({ page }) => {
        at /Users/cmuir/P1Import-apps/oauth-playground/tests/e2e/unified-oauth.spec.ts:29:5

    attachment #1: screenshot (image/png) ──────────────────────────────────────────────────────────
    ../../test-results/unified-oauth-Unified-OAut-7a777--to-Authorization-Code-flow-webkit/test-failed-1.png
    ────────────────────────────────────────────────────────────────────────────────────────────────

    attachment #2: video (video/webm) ──────────────────────────────────────────────────────────────
    ../../test-results/unified-oauth-Unified-OAut-7a777--to-Authorization-Code-flow-webkit/video.webm
    ────────────────────────────────────────────────────────────────────────────────────────────────

    Error Context: ../../test-results/unified-oauth-Unified-OAut-7a777--to-Authorization-Code-flow-webkit/error-context.md
]]>
</failure>
<system-out>
<![CDATA[
[[ATTACHMENT|unified-oauth-Unified-OAut-7a777--to-Authorization-Code-flow-webkit/test-failed-1.png]]

[[ATTACHMENT|unified-oauth-Unified-OAut-7a777--to-Authorization-Code-flow-webkit/video.webm]]

[[ATTACHMENT|unified-oauth-Unified-OAut-7a777--to-Authorization-Code-flow-webkit/error-context.md]]
]]>
</system-out>
</testcase>
<testcase name="Unified OAuth - Navigation &amp; UI › navigates to Implicit flow" classname="unified-oauth.spec.ts" time="3.521">
</testcase>
<testcase name="Unified OAuth - Navigation &amp; UI › navigates to Client Credentials flow" classname="unified-oauth.spec.ts" time="3.593">
</testcase>
<testcase name="Unified OAuth - Navigation &amp; UI › navigates to Device Code flow" classname="unified-oauth.spec.ts" time="2.701">
</testcase>
<testcase name="Unified OAuth - Navigation &amp; UI › sidebar link to Unified OAuth works" classname="unified-oauth.spec.ts" time="4.871">
</testcase>
<testcase name="Unified OAuth - Flow Type Selector › changing flow type updates URL" classname="unified-oauth.spec.ts" time="5.496">
</testcase>
</testsuite>
<testsuite name="ai-identity-flows.spec.ts" timestamp="2026-03-22T13:31:33.877Z" hostname="Mobile Chrome" tests="12" failures="2" skipped="0" time="89.321" errors="0">
<testcase name="AI Identity Flows - Navigation &amp; UI › AI Identity Architectures › loads AI Identity Architectures page with V9 styling" classname="ai-identity-flows.spec.ts" time="4.108">
</testcase>
<testcase name="AI Identity Flows - Navigation &amp; UI › AI Identity Architectures › displays collapsible sections properly" classname="ai-identity-flows.spec.ts" time="60.501">
<failure message="ai-identity-flows.spec.ts:22:3 displays collapsible sections properly" type="FAILURE">
<![CDATA[  [Mobile Chrome] › ai-identity-flows.spec.ts:22:3 › AI Identity Flows - Navigation & UI › AI Identity Architectures › displays collapsible sections properly 

    Test timeout of 60000ms exceeded.

    Error: locator.click: Test timeout of 60000ms exceeded.
    Call log:
      - waiting for locator('text=AI Agent Identity Patterns').first()
        - locator resolved to <h3 class="sc-bHnlcV gSggVX">AI Agent Identity Patterns</h3>
      - attempting click action
        2 × waiting for element to be visible, enabled and stable
          - element is visible, enabled and stable
          - scrolling into view if needed
          - done scrolling
          - <a class="sidebar-ping__item " href="/flows/oidc-hybrid-v9">…</a> from <div class="sc-ggpjZP cFafLi sidebar--ping sidebar--ping-admin">…</div> subtree intercepts pointer events
        - retrying click action
        - waiting 20ms
        - waiting for element to be visible, enabled and stable
        - element is visible, enabled and stable
        - scrolling into view if needed
        - done scrolling
        - <span class="version-badge" title="V9 Modern Messaging + Ping UI v9.16.23">V9 v9.16.23</span> from <div class="sc-ggpjZP cFafLi sidebar--ping sidebar--ping-admin">…</div> subtree intercepts pointer events
      2 × retrying click action
          - waiting 100ms
          - waiting for element to be visible, enabled and stable
          - element is visible, enabled and stable
          - scrolling into view if needed
          - done scrolling
          - element is outside of the viewport
      26 × retrying click action
           - waiting 500ms
           - waiting for element to be visible, enabled and stable
           - element is visible, enabled and stable
           - scrolling into view if needed
           - done scrolling
           - <a class="sidebar-ping__item " href="/flows/oidc-hybrid-v9">…</a> from <div class="sc-ggpjZP cFafLi sidebar--ping sidebar--ping-admin">…</div> subtree intercepts pointer events
         - retrying click action
           - waiting 500ms
           - waiting for element to be visible, enabled and stable
           - element is visible, enabled and stable
           - scrolling into view if needed
           - done scrolling
           - <span class="version-badge" title="V9 Modern Messaging + Ping UI v9.16.23">V9 v9.16.23</span> from <div class="sc-ggpjZP cFafLi sidebar--ping sidebar--ping-admin">…</div> subtree intercepts pointer events
         - retrying click action
           - waiting 500ms
           - waiting for element to be visible, enabled and stable
           - element is visible, enabled and stable
           - scrolling into view if needed
           - done scrolling
           - element is outside of the viewport
         - retrying click action
           - waiting 500ms
           - waiting for element to be visible, enabled and stable
           - element is visible, enabled and stable
           - scrolling into view if needed
           - done scrolling
           - element is outside of the viewport
      - retrying click action
        - waiting 500ms


      26 |
      27 | 			// Click to expand/collapse
    > 28 | 			await firstHeader.click();
         | 			                  ^
      29 | 			await expect(page.getByText(/OAuth Assertion Grant/i)).toBeVisible();
      30 | 		});
      31 | 	});
        at /Users/cmuir/P1Import-apps/oauth-playground/tests/e2e/ai-identity-flows.spec.ts:28:22

    attachment #1: screenshot (image/png) ──────────────────────────────────────────────────────────
    ../../test-results/ai-identity-flows-AI-Ident-5ee0f-llapsible-sections-properly-Mobile-Chrome/test-failed-1.png
    ────────────────────────────────────────────────────────────────────────────────────────────────

    attachment #2: video (video/webm) ──────────────────────────────────────────────────────────────
    ../../test-results/ai-identity-flows-AI-Ident-5ee0f-llapsible-sections-properly-Mobile-Chrome/video.webm
    ────────────────────────────────────────────────────────────────────────────────────────────────

    Error Context: ../../test-results/ai-identity-flows-AI-Ident-5ee0f-llapsible-sections-properly-Mobile-Chrome/error-context.md
]]>
</failure>
<system-out>
<![CDATA[
[[ATTACHMENT|ai-identity-flows-AI-Ident-5ee0f-llapsible-sections-properly-Mobile-Chrome/test-failed-1.png]]

[[ATTACHMENT|ai-identity-flows-AI-Ident-5ee0f-llapsible-sections-properly-Mobile-Chrome/video.webm]]

[[ATTACHMENT|ai-identity-flows-AI-Ident-5ee0f-llapsible-sections-properly-Mobile-Chrome/error-context.md]]
]]>
</system-out>
</testcase>
<testcase name="AI Identity Flows - Navigation &amp; UI › OIDC for AI › loads OIDC for AI page with V9 styling" classname="ai-identity-flows.spec.ts" time="2.059">
</testcase>
<testcase name="AI Identity Flows - Navigation &amp; UI › OIDC for AI › shows proper OIDC content and links" classname="ai-identity-flows.spec.ts" time="1.677">
</testcase>
<testcase name="AI Identity Flows - Navigation &amp; UI › OAuth for AI › loads OAuth for AI page with V9 styling" classname="ai-identity-flows.spec.ts" time="2.222">
</testcase>
<testcase name="AI Identity Flows - Navigation &amp; UI › OAuth for AI › displays OAuth compatibility table" classname="ai-identity-flows.spec.ts" time="2.266">
</testcase>
<testcase name="AI Identity Flows - Navigation &amp; UI › PingOne AI Perspective › loads PingOne AI Perspective page with V9 styling" classname="ai-identity-flows.spec.ts" time="2.817">
</testcase>
<testcase name="AI Identity Flows - Navigation &amp; UI › PingOne AI Perspective › shows PingOne-specific content" classname="ai-identity-flows.spec.ts" time="1.83">
</testcase>
<testcase name="AI Identity Flows - Navigation &amp; UI › Ping AI Resources › loads Ping AI Resources page with V9 styling" classname="ai-identity-flows.spec.ts" time="2.215">
<failure message="ai-identity-flows.spec.ts:90:3 loads Ping AI Resources page with V9 styling" type="FAILURE">
<![CDATA[  [Mobile Chrome] › ai-identity-flows.spec.ts:90:3 › AI Identity Flows - Navigation & UI › Ping AI Resources › loads Ping AI Resources page with V9 styling 

    Error: expect(locator).toBeVisible() failed

    Locator: getByText(/Ping AI Resources/i)
    Expected: visible
    Error: strict mode violation: getByText(/Ping AI Resources/i) resolved to 2 elements:
        1) <span class="sidebar-ping__item-label">Ping AI Resources</span> aka getByRole('link', { name: 'Ping AI Resources 🤖 AI' })
        2) <h1>…</h1> aka getByRole('heading', { name: '🖥️ Ping AI Resources' })

    Call log:
      - Expect "toBeVisible" with timeout 5000ms
      - waiting for getByText(/Ping AI Resources/i)


      90 | 		test('loads Ping AI Resources page with V9 styling', async ({ page }) => {
      91 | 			await expect(page).toHaveURL(/\/ping-ai-resources/);
    > 92 | 			await expect(page.getByText(/Ping AI Resources/i)).toBeVisible();
         | 			                                                   ^
      93 | 			await expect(page.getByText(/AI Identity Fundamentals/i)).toBeVisible();
      94 | 		});
      95 |
        at /Users/cmuir/P1Import-apps/oauth-playground/tests/e2e/ai-identity-flows.spec.ts:92:55

    attachment #1: screenshot (image/png) ──────────────────────────────────────────────────────────
    ../../test-results/ai-identity-flows-AI-Ident-cfa00-ources-page-with-V9-styling-Mobile-Chrome/test-failed-1.png
    ────────────────────────────────────────────────────────────────────────────────────────────────

    attachment #2: video (video/webm) ──────────────────────────────────────────────────────────────
    ../../test-results/ai-identity-flows-AI-Ident-cfa00-ources-page-with-V9-styling-Mobile-Chrome/video.webm
    ────────────────────────────────────────────────────────────────────────────────────────────────

    Error Context: ../../test-results/ai-identity-flows-AI-Ident-cfa00-ources-page-with-V9-styling-Mobile-Chrome/error-context.md
]]>
</failure>
<system-out>
<![CDATA[
[[ATTACHMENT|ai-identity-flows-AI-Ident-cfa00-ources-page-with-V9-styling-Mobile-Chrome/test-failed-1.png]]

[[ATTACHMENT|ai-identity-flows-AI-Ident-cfa00-ources-page-with-V9-styling-Mobile-Chrome/video.webm]]

[[ATTACHMENT|ai-identity-flows-AI-Ident-cfa00-ources-page-with-V9-styling-Mobile-Chrome/error-context.md]]
]]>
</system-out>
</testcase>
<testcase name="AI Identity Flows - Navigation &amp; UI › Ping AI Resources › displays resource cards and links" classname="ai-identity-flows.spec.ts" time="2.12">
</testcase>
<testcase name="AI Identity Flows - Navigation &amp; UI › Cross-navigation between AI flows › can navigate between all AI flows" classname="ai-identity-flows.spec.ts" time="4.156">
</testcase>
<testcase name="AI Identity Flows - Navigation &amp; UI › Cross-navigation between AI flows › all AI flows have proper V9 fluid layout" classname="ai-identity-flows.spec.ts" time="3.35">
</testcase>
</testsuite>
<testsuite name="dashboard-groups-simple.spec.ts" timestamp="2026-03-22T13:31:33.877Z" hostname="Mobile Chrome" tests="13" failures="0" skipped="0" time="85.968" errors="0">
<testcase name="Dashboard Groups - Simple Tests › dashboard loads with all section headers" classname="dashboard-groups-simple.spec.ts" time="5.291">
<system-out>
<![CDATA[✅ Found 6 elements with selector: button[id^="header-"]
✅ Found 1 elements with selector: h3:has-text("Dashboard")
✅ Found 1 elements with selector: h3:has-text("API Status")
✅ Found 1 elements with selector: h3:has-text("Custom Domain")
✅ Found 1 elements with selector: h3:has-text("API Endpoints")
✅ Found 1 elements with selector: h3:has-text("Quick Access")
✅ Found 1 elements with selector: h3:has-text("Recent Activity")
Total dashboard sections found: 12
]]>
</system-out>
</testcase>
<testcase name="Dashboard Groups - Simple Tests › can find and interact with Dashboard section" classname="dashboard-groups-simple.spec.ts" time="5.674">
<system-out>
<![CDATA[Found Dashboard header by ID
✅ Dashboard section header is visible
]]>
</system-out>
</testcase>
<testcase name="Dashboard Groups - Simple Tests › can find API Status section" classname="dashboard-groups-simple.spec.ts" time="5.971">
<system-out>
<![CDATA[✅ Found API Status with selector: #header-api-status
]]>
</system-out>
</testcase>
<testcase name="Dashboard Groups - Simple Tests › can find Custom Domain Config section" classname="dashboard-groups-simple.spec.ts" time="5.71">
<system-out>
<![CDATA[✅ Found Custom Domain Config with selector: #header-custom-domain-config
]]>
</system-out>
</testcase>
<testcase name="Dashboard Groups - Simple Tests › can find API Endpoints section" classname="dashboard-groups-simple.spec.ts" time="10.511">
<system-out>
<![CDATA[✅ Found API Endpoints with selector: #header-available-api-endpoints
]]>
</system-out>
</testcase>
<testcase name="Dashboard Groups - Simple Tests › can find Quick Access Flows section" classname="dashboard-groups-simple.spec.ts" time="5.665">
<system-out>
<![CDATA[✅ Found Quick Access Flows with selector: #header-quick-access-flows
]]>
</system-out>
</testcase>
<testcase name="Dashboard Groups - Simple Tests › can find Recent Activity section" classname="dashboard-groups-simple.spec.ts" time="5.086">
<system-out>
<![CDATA[✅ Found Recent Activity with selector: #header-recent-activity
]]>
</system-out>
</testcase>
<testcase name="Dashboard Groups - Simple Tests › sections have proper structure with titles and subtitles" classname="dashboard-groups-simple.spec.ts" time="10.692">
<system-out>
<![CDATA[✅ Found title: Dashboard
✅ Found title: API Status
✅ Found title: Custom Domain Config
✅ Found title: Available API Endpoints
✅ Found title: Quick Access Flows
✅ Found title: Recent Activity
Found 6 out of 6 expected titles
]]>
</system-out>
</testcase>
<testcase name="Dashboard Groups - Simple Tests › page contains dashboard-related content" classname="dashboard-groups-simple.spec.ts" time="5.576">
<system-out>
<![CDATA[✅ Found content: text=Monitor system status
✅ Found content: text=explore OAuth flows
✅ Found content: text=track recent activity
✅ Found content: text=Server health
✅ Found content: text=API endpoints
✅ Found content: text=OAuth 2.0
✅ Found content: text=OpenID Connect
Found 7 dashboard content elements
]]>
</system-out>
</testcase>
<testcase name="Dashboard Groups - Simple Tests › sections have interactive elements" classname="dashboard-groups-simple.spec.ts" time="6.71">
<system-out>
<![CDATA[✅ Found 27 button elements
✅ Found 131 a[href] elements
✅ Found 14 .btn elements
Total interactive elements found: 172
]]>
</system-out>
</testcase>
<testcase name="Dashboard Groups - Simple Tests › dashboard has proper visual structure" classname="dashboard-groups-simple.spec.ts" time="6.476">
<system-out>
<![CDATA[✅ Found 6 .section-wrap elements
✅ Found 6 [class*="section"] elements
✅ Found 19 [class*="header"] elements
✅ Found 2 .card elements
Total visual structure elements found: 33
]]>
</system-out>
</testcase>
<testcase name="Dashboard Groups - Simple Tests › dashboard contains status indicators or badges" classname="dashboard-groups-simple.spec.ts" time="6.21">
<system-out>
<![CDATA[✅ Found 3 .badge elements
✅ Found 94 .version-badge elements
✅ Found 4 [class*="success"] elements
✅ Found 1 [class*="danger"] elements
Found 102 status indicators
]]>
</system-out>
</testcase>
<testcase name="Dashboard Groups - Simple Tests › dashboard is accessible and keyboard navigable" classname="dashboard-groups-simple.spec.ts" time="6.396">
<system-out>
<![CDATA[✅ Found 27 keyboard-navigable button:not([disabled]) elements
✅ Found 131 keyboard-navigable a[href] elements
✅ Found 2 keyboard-navigable input:not([disabled]) elements
✅ Found 1 keyboard-navigable select:not([disabled]) elements
Total keyboard-navigable elements found: 161
]]>
</system-out>
</testcase>
</testsuite>
<testsuite name="dashboard-groups-targeted.spec.ts" timestamp="2026-03-22T13:31:33.877Z" hostname="Mobile Chrome" tests="12" failures="4" skipped="0" time="198.605" errors="0">
<testcase name="Dashboard Groups - Targeted Tests › dashboard page loads with all six main sections" classname="dashboard-groups-targeted.spec.ts" time="2.138">
<failure message="dashboard-groups-targeted.spec.ts:15:2 dashboard page loads with all six main sections" type="FAILURE">
<![CDATA[  [Mobile Chrome] › dashboard-groups-targeted.spec.ts:15:2 › Dashboard Groups - Targeted Tests › dashboard page loads with all six main sections 

    Error: expect(received).toBe(expected) // Object.is equality

    Expected: 6
    Received: 0

      21 | 		const headerCount = await sectionHeaders.count();
      22 |
    > 23 | 		expect(headerCount).toBe(6); // Should have exactly 6 sections
         | 		                    ^
      24 | 		console.log(`Found ${headerCount} dashboard sections`);
      25 |
      26 | 		// Verify specific section titles
        at /Users/cmuir/P1Import-apps/oauth-playground/tests/e2e/dashboard-groups-targeted.spec.ts:23:23

    attachment #1: screenshot (image/png) ──────────────────────────────────────────────────────────
    ../../test-results/dashboard-groups-targeted--6b2d3--with-all-six-main-sections-Mobile-Chrome/test-failed-1.png
    ────────────────────────────────────────────────────────────────────────────────────────────────

    attachment #2: video (video/webm) ──────────────────────────────────────────────────────────────
    ../../test-results/dashboard-groups-targeted--6b2d3--with-all-six-main-sections-Mobile-Chrome/video.webm
    ────────────────────────────────────────────────────────────────────────────────────────────────

    Error Context: ../../test-results/dashboard-groups-targeted--6b2d3--with-all-six-main-sections-Mobile-Chrome/error-context.md
]]>
</failure>
<system-out>
<![CDATA[
[[ATTACHMENT|dashboard-groups-targeted--6b2d3--with-all-six-main-sections-Mobile-Chrome/test-failed-1.png]]

[[ATTACHMENT|dashboard-groups-targeted--6b2d3--with-all-six-main-sections-Mobile-Chrome/video.webm]]

[[ATTACHMENT|dashboard-groups-targeted--6b2d3--with-all-six-main-sections-Mobile-Chrome/error-context.md]]
]]>
</system-out>
</testcase>
<testcase name="Dashboard Groups - Targeted Tests › each section has proper CollapsibleHeader structure" classname="dashboard-groups-targeted.spec.ts" time="1.923">
</testcase>
<testcase name="Dashboard Groups - Targeted Tests › all sections are collapsible and expandable" classname="dashboard-groups-targeted.spec.ts" time="1.239">
</testcase>
<testcase name="Dashboard Groups - Targeted Tests › Dashboard section content validation" classname="dashboard-groups-targeted.spec.ts" time="1.922">
<system-out>
<![CDATA[✅ Dashboard section has icon
]]>
</system-out>
</testcase>
<testcase name="Dashboard Groups - Targeted Tests › API Status section functionality" classname="dashboard-groups-targeted.spec.ts" time="2.738">
<system-out>
<![CDATA[Found 3 status indicators in API Status
]]>
</system-out>
</testcase>
<testcase name="Dashboard Groups - Targeted Tests › Custom Domain Config section" classname="dashboard-groups-targeted.spec.ts" time="1.713">
<system-out>
<![CDATA[Found 2 configuration inputs
✅ Custom Domain Config has action buttons
]]>
</system-out>
</testcase>
<testcase name="Dashboard Groups - Targeted Tests › API Endpoints section displays endpoints" classname="dashboard-groups-targeted.spec.ts" time="60.408">
<failure message="dashboard-groups-targeted.spec.ts:202:2 API Endpoints section displays endpoints" type="FAILURE">
<![CDATA[  [Mobile Chrome] › dashboard-groups-targeted.spec.ts:202:2 › Dashboard Groups - Targeted Tests › API Endpoints section displays endpoints 

    Test timeout of 60000ms exceeded.

    Error: locator.click: Test timeout of 60000ms exceeded.
    Call log:
      - waiting for locator('#header-available-api-endpoints')
        - locator resolved to <button aria-expanded="false" class="sc-eBwKMo jQesht" id="header-available-api-endpoints" aria-controls="content-available-api-endpoints">…</button>
      - attempting click action
        - waiting for element to be visible, enabled and stable
        - element is visible, enabled and stable
        - scrolling into view if needed
        - done scrolling
        - element is outside of the viewport
      - retrying click action
        - waiting for element to be visible, enabled and stable
        - element is visible, enabled and stable
        - scrolling into view if needed
        - done scrolling
        - <html lang="en" class="font-medium color-blue">…</html> intercepts pointer events
      - retrying click action
        - waiting 20ms
        - waiting for element to be visible, enabled and stable
        - element is visible, enabled and stable
        - scrolling into view if needed
        - done scrolling
        - <div class="sc-cmaqme jAwPgd" title="Drag to resize sidebar"></div> from <div class="sc-ggpjZP cFafLi sidebar--ping sidebar--ping-admin">…</div> subtree intercepts pointer events
      2 × retrying click action
          - waiting 100ms
          - waiting for element to be visible, enabled and stable
          - element is visible, enabled and stable
          - scrolling into view if needed
          - done scrolling
          - element is outside of the viewport
      27 × retrying click action
           - waiting 500ms
           - waiting for element to be visible, enabled and stable
           - element is visible, enabled and stable
           - scrolling into view if needed
           - done scrolling
           - <html lang="en" class="font-medium color-blue">…</html> intercepts pointer events
         - retrying click action
           - waiting 500ms
           - waiting for element to be visible, enabled and stable
           - element is visible, enabled and stable
           - scrolling into view if needed
           - done scrolling
           - <div class="sc-cmaqme jAwPgd" title="Drag to resize sidebar"></div> from <div class="sc-ggpjZP cFafLi sidebar--ping sidebar--ping-admin">…</div> subtree intercepts pointer events
         - retrying click action
           - waiting 500ms
           - waiting for element to be visible, enabled and stable
           - element is visible, enabled and stable
           - scrolling into view if needed
           - done scrolling
           - element is outside of the viewport
         - retrying click action
           - waiting 500ms
           - waiting for element to be visible, enabled and stable
           - element is visible, enabled and stable
           - scrolling into view if needed
           - done scrolling
           - element is outside of the viewport
      - retrying click action
        - waiting 500ms
        - waiting for element to be visible, enabled and stable
        - element is visible, enabled and stable
        - scrolling into view if needed
        - done scrolling
        - <html lang="en" class="font-medium color-blue">…</html> intercepts pointer events
      - retrying click action
        - waiting 500ms
        - waiting for element to be visible, enabled and stable
        - element is visible, enabled and stable
        - scrolling into view if needed
        - done scrolling
        - <div class="sc-cmaqme jAwPgd" title="Drag to resize sidebar"></div> from <div class="sc-ggpjZP cFafLi sidebar--ping sidebar--ping-admin">…</div> subtree intercepts pointer events
      - retrying click action
        - waiting 500ms


      207 | 		const isExpanded = await endpointsHeader.getAttribute('aria-expanded');
      208 | 		if (isExpanded === 'false') {
    > 209 | 			await endpointsHeader.click();
          | 			                      ^
      210 | 			await page.waitForTimeout(500);
      211 | 		}
      212 |
        at /Users/cmuir/P1Import-apps/oauth-playground/tests/e2e/dashboard-groups-targeted.spec.ts:209:26

    attachment #1: screenshot (image/png) ──────────────────────────────────────────────────────────
    ../../test-results/dashboard-groups-targeted--d0626--section-displays-endpoints-Mobile-Chrome/test-failed-1.png
    ────────────────────────────────────────────────────────────────────────────────────────────────

    attachment #2: video (video/webm) ──────────────────────────────────────────────────────────────
    ../../test-results/dashboard-groups-targeted--d0626--section-displays-endpoints-Mobile-Chrome/video.webm
    ────────────────────────────────────────────────────────────────────────────────────────────────

    Error Context: ../../test-results/dashboard-groups-targeted--d0626--section-displays-endpoints-Mobile-Chrome/error-context.md
]]>
</failure>
<system-out>
<![CDATA[
[[ATTACHMENT|dashboard-groups-targeted--d0626--section-displays-endpoints-Mobile-Chrome/test-failed-1.png]]

[[ATTACHMENT|dashboard-groups-targeted--d0626--section-displays-endpoints-Mobile-Chrome/video.webm]]

[[ATTACHMENT|dashboard-groups-targeted--d0626--section-displays-endpoints-Mobile-Chrome/error-context.md]]
]]>
</system-out>
</testcase>
<testcase name="Dashboard Groups - Targeted Tests › Quick Access Flows section" classname="dashboard-groups-targeted.spec.ts" time="1.772">
<system-out>
<![CDATA[Found 11 flow links/buttons
✅ Found Authorization Code flow
✅ Found Client Credentials flow
✅ Found Implicit flow
✅ Found Device flow
]]>
</system-out>
</testcase>
<testcase name="Dashboard Groups - Targeted Tests › Recent Activity section" classname="dashboard-groups-targeted.spec.ts" time="1.563">
<system-out>
<![CDATA[Found 2 activity items
]]>
</system-out>
</testcase>
<testcase name="Dashboard Groups - Targeted Tests › section independence - toggling one doesn&apos;t affect others" classname="dashboard-groups-targeted.spec.ts" time="60.686">
<failure message="dashboard-groups-targeted.spec.ts:308:2 section independence - toggling one doesn&apos;t affect others" type="FAILURE">
<![CDATA[  [Mobile Chrome] › dashboard-groups-targeted.spec.ts:308:2 › Dashboard Groups - Targeted Tests › section independence - toggling one doesn't affect others 

    Test timeout of 60000ms exceeded.

    Error: locator.click: Test timeout of 60000ms exceeded.
    Call log:
      - waiting for locator('button[id^="header-"]').first()
        - locator resolved to <button aria-expanded="true" id="header-dashboard" class="sc-eBwKMo jQesht" aria-controls="content-dashboard">…</button>
      - attempting click action
        - waiting for element to be visible, enabled and stable
        - element is visible, enabled and stable
        - scrolling into view if needed
        - done scrolling
        - element is outside of the viewport
      - retrying click action
        - waiting for element to be visible, enabled and stable
        - element is visible, enabled and stable
        - scrolling into view if needed
        - done scrolling
        - <span class="version-badge" title="V9 Modern Messaging + Ping UI v9.16.23">V9 v9.16.23</span> from <div class="sc-ggpjZP cFafLi sidebar--ping sidebar--ping-admin">…</div> subtree intercepts pointer events
      - retrying click action
        - waiting 20ms
        - waiting for element to be visible, enabled and stable
        - element is visible, enabled and stable
        - scrolling into view if needed
        - done scrolling
        - <div class="sc-cmaqme jAwPgd" title="Drag to resize sidebar"></div> from <div class="sc-ggpjZP cFafLi sidebar--ping sidebar--ping-admin">…</div> subtree intercepts pointer events
      2 × retrying click action
          - waiting 100ms
          - waiting for element to be visible, enabled and stable
          - element is visible, enabled and stable
          - scrolling into view if needed
          - done scrolling
          - element is outside of the viewport
      27 × retrying click action
           - waiting 500ms
           - waiting for element to be visible, enabled and stable
           - element is visible, enabled and stable
           - scrolling into view if needed
           - done scrolling
           - <span class="version-badge" title="V9 Modern Messaging + Ping UI v9.16.23">V9 v9.16.23</span> from <div class="sc-ggpjZP cFafLi sidebar--ping sidebar--ping-admin">…</div> subtree intercepts pointer events
         - retrying click action
           - waiting 500ms
           - waiting for element to be visible, enabled and stable
           - element is visible, enabled and stable
           - scrolling into view if needed
           - done scrolling
           - <div class="sc-cmaqme jAwPgd" title="Drag to resize sidebar"></div> from <div class="sc-ggpjZP cFafLi sidebar--ping sidebar--ping-admin">…</div> subtree intercepts pointer events
         - retrying click action
           - waiting 500ms
           - waiting for element to be visible, enabled and stable
           - element is visible, enabled and stable
           - scrolling into view if needed
           - done scrolling
           - element is outside of the viewport
         - retrying click action
           - waiting 500ms
           - waiting for element to be visible, enabled and stable
           - element is visible, enabled and stable
           - scrolling into view if needed
           - done scrolling
           - element is outside of the viewport
      - retrying click action
        - waiting 500ms
        - waiting for element to be visible, enabled and stable
        - element is visible, enabled and stable
        - scrolling into view if needed
        - done scrolling
        - <span class="version-badge" title="V9 Modern Messaging + Ping UI v9.16.23">V9 v9.16.23</span> from <div class="sc-ggpjZP cFafLi sidebar--ping sidebar--ping-admin">…</div> subtree intercepts pointer events
      - retrying click action
        - waiting 500ms
        - waiting for element to be visible, enabled and stable
        - element is visible, enabled and stable
        - scrolling into view if needed
        - done scrolling
        - <div class="sc-cmaqme jAwPgd" title="Drag to resize sidebar"></div> from <div class="sc-ggpjZP cFafLi sidebar--ping sidebar--ping-admin">…</div> subtree intercepts pointer events
      - retrying click action
        - waiting 500ms
        - waiting for element to be visible, enabled and stable
        - element is visible, enabled and stable
        - scrolling into view if needed
        - done scrolling
        - element is outside of the viewport
      - retrying click action
        - waiting 500ms


      320 | 		// Toggle the first section
      321 | 		const firstHeader = sectionHeaders.first();
    > 322 | 		await firstHeader.click();
          | 		                  ^
      323 | 		await page.waitForTimeout(500);
      324 |
      325 | 		// Verify only the first section changed
        at /Users/cmuir/P1Import-apps/oauth-playground/tests/e2e/dashboard-groups-targeted.spec.ts:322:21

    attachment #1: screenshot (image/png) ──────────────────────────────────────────────────────────
    ../../test-results/dashboard-groups-targeted--4f8b6-g-one-doesn-t-affect-others-Mobile-Chrome/test-failed-1.png
    ────────────────────────────────────────────────────────────────────────────────────────────────

    attachment #2: video (video/webm) ──────────────────────────────────────────────────────────────
    ../../test-results/dashboard-groups-targeted--4f8b6-g-one-doesn-t-affect-others-Mobile-Chrome/video.webm
    ────────────────────────────────────────────────────────────────────────────────────────────────

    Error Context: ../../test-results/dashboard-groups-targeted--4f8b6-g-one-doesn-t-affect-others-Mobile-Chrome/error-context.md
]]>
</failure>
<system-out>
<![CDATA[
[[ATTACHMENT|dashboard-groups-targeted--4f8b6-g-one-doesn-t-affect-others-Mobile-Chrome/test-failed-1.png]]

[[ATTACHMENT|dashboard-groups-targeted--4f8b6-g-one-doesn-t-affect-others-Mobile-Chrome/video.webm]]

[[ATTACHMENT|dashboard-groups-targeted--4f8b6-g-one-doesn-t-affect-others-Mobile-Chrome/error-context.md]]
]]>
</system-out>
</testcase>
<testcase name="Dashboard Groups - Targeted Tests › keyboard navigation works for all sections" classname="dashboard-groups-targeted.spec.ts" time="2.163">
<system-out>
<![CDATA[✅ Keyboard navigation works for all sections
]]>
</system-out>
</testcase>
<testcase name="Dashboard Groups - Targeted Tests › responsive behavior across screen sizes" classname="dashboard-groups-targeted.spec.ts" time="60.34">
<failure message="dashboard-groups-targeted.spec.ts:387:2 responsive behavior across screen sizes" type="FAILURE">
<![CDATA[  [Mobile Chrome] › dashboard-groups-targeted.spec.ts:387:2 › Dashboard Groups - Targeted Tests › responsive behavior across screen sizes 

    Test timeout of 60000ms exceeded.

    Error: locator.click: Test timeout of 60000ms exceeded.
    Call log:
      - waiting for locator('button[id^="header-"]').first()
        - locator resolved to <button aria-expanded="true" id="header-dashboard" class="sc-ivgJue iNeQQC" aria-controls="content-dashboard">…</button>
      - attempting click action
        - waiting for element to be visible, enabled and stable
        - element is visible, enabled and stable
        - scrolling into view if needed
        - done scrolling
        - element is outside of the viewport
      - retrying click action
        - waiting for element to be visible, enabled and stable
        - element is visible, enabled and stable
        - scrolling into view if needed
        - done scrolling
        - <span class="version-badge" title="V9 Modern Messaging + Ping UI v9.16.23">V9 v9.16.23</span> from <div class="sc-ggpjZP cFafLi sidebar--ping sidebar--ping-admin">…</div> subtree intercepts pointer events
      - retrying click action
        - waiting 20ms
        - waiting for element to be visible, enabled and stable
        - element is visible, enabled and stable
        - scrolling into view if needed
        - done scrolling
        - <div class="sc-cmaqme jAwPgd" title="Drag to resize sidebar"></div> from <div class="sc-ggpjZP cFafLi sidebar--ping sidebar--ping-admin">…</div> subtree intercepts pointer events
      2 × retrying click action
          - waiting 100ms
          - waiting for element to be visible, enabled and stable
          - element is visible, enabled and stable
          - scrolling into view if needed
          - done scrolling
          - element is outside of the viewport
      26 × retrying click action
           - waiting 500ms
           - waiting for element to be visible, enabled and stable
           - element is visible, enabled and stable
           - scrolling into view if needed
           - done scrolling
           - <span class="version-badge" title="V9 Modern Messaging + Ping UI v9.16.23">V9 v9.16.23</span> from <div class="sc-ggpjZP cFafLi sidebar--ping sidebar--ping-admin">…</div> subtree intercepts pointer events
         - retrying click action
           - waiting 500ms
           - waiting for element to be visible, enabled and stable
           - element is visible, enabled and stable
           - scrolling into view if needed
           - done scrolling
           - <div class="sc-cmaqme jAwPgd" title="Drag to resize sidebar"></div> from <div class="sc-ggpjZP cFafLi sidebar--ping sidebar--ping-admin">…</div> subtree intercepts pointer events
         - retrying click action
           - waiting 500ms
           - waiting for element to be visible, enabled and stable
           - element is visible, enabled and stable
           - scrolling into view if needed
           - done scrolling
           - element is outside of the viewport
         - retrying click action
           - waiting 500ms
           - waiting for element to be visible, enabled and stable
           - element is visible, enabled and stable
           - scrolling into view if needed
           - done scrolling
           - element is outside of the viewport
      - retrying click action
        - waiting 500ms


      415 | 		const firstHeader = sectionHeaders.first();
      416 | 		const initialExpanded = await firstHeader.getAttribute('aria-expanded');
    > 417 | 		await firstHeader.click();
          | 		                  ^
      418 | 		await page.waitForTimeout(500);
      419 | 		const newExpanded = await firstHeader.getAttribute('aria-expanded');
      420 | 		expect(newExpanded).not.toBe(initialExpanded);
        at /Users/cmuir/P1Import-apps/oauth-playground/tests/e2e/dashboard-groups-targeted.spec.ts:417:21

    attachment #1: screenshot (image/png) ──────────────────────────────────────────────────────────
    ../../test-results/dashboard-groups-targeted--7d0bd-ehavior-across-screen-sizes-Mobile-Chrome/test-failed-1.png
    ────────────────────────────────────────────────────────────────────────────────────────────────

    attachment #2: video (video/webm) ──────────────────────────────────────────────────────────────
    ../../test-results/dashboard-groups-targeted--7d0bd-ehavior-across-screen-sizes-Mobile-Chrome/video.webm
    ────────────────────────────────────────────────────────────────────────────────────────────────

    Error Context: ../../test-results/dashboard-groups-targeted--7d0bd-ehavior-across-screen-sizes-Mobile-Chrome/error-context.md
]]>
</failure>
<system-out>
<![CDATA[✅ Responsive: Desktop(6), Tablet(6), Mobile(6)

[[ATTACHMENT|dashboard-groups-targeted--7d0bd-ehavior-across-screen-sizes-Mobile-Chrome/test-failed-1.png]]

[[ATTACHMENT|dashboard-groups-targeted--7d0bd-ehavior-across-screen-sizes-Mobile-Chrome/video.webm]]

[[ATTACHMENT|dashboard-groups-targeted--7d0bd-ehavior-across-screen-sizes-Mobile-Chrome/error-context.md]]
]]>
</system-out>
</testcase>
</testsuite>
<testsuite name="dashboard-groups.spec.ts" timestamp="2026-03-22T13:31:33.877Z" hostname="Mobile Chrome" tests="15" failures="13" skipped="0" time="176.542" errors="0">
<testcase name="Dashboard Groups - Core Functionality › dashboard page loads with all sections" classname="dashboard-groups.spec.ts" time="7.121">
<failure message="dashboard-groups.spec.ts:15:2 dashboard page loads with all sections" type="FAILURE">
<![CDATA[  [Mobile Chrome] › dashboard-groups.spec.ts:15:2 › Dashboard Groups - Core Functionality › dashboard page loads with all sections 

    Error: expect(locator).toBeVisible() failed

    Locator:  getByText(/Dashboard/i).first()
    Expected: visible
    Received: hidden
    Timeout:  5000ms

    Call log:
      - Expect "toBeVisible" with timeout 5000ms
      - waiting for getByText(/Dashboard/i).first()
        7 × locator resolved to <span>Dashboard</span>
          - unexpected value "hidden"


      18 |
      19 | 		// Look for main dashboard title (use first() to avoid strict mode violation)
    > 20 | 		await expect(page.getByText(/Dashboard/i).first()).toBeVisible();
         | 		                                                   ^
      21 |
      22 | 		// Check for all main section headers
      23 | 		const expectedSections = [
        at /Users/cmuir/P1Import-apps/oauth-playground/tests/e2e/dashboard-groups.spec.ts:20:54

    attachment #1: screenshot (image/png) ──────────────────────────────────────────────────────────
    ../../test-results/dashboard-groups-Dashboard-99c72-age-loads-with-all-sections-Mobile-Chrome/test-failed-1.png
    ────────────────────────────────────────────────────────────────────────────────────────────────

    attachment #2: video (video/webm) ──────────────────────────────────────────────────────────────
    ../../test-results/dashboard-groups-Dashboard-99c72-age-loads-with-all-sections-Mobile-Chrome/video.webm
    ────────────────────────────────────────────────────────────────────────────────────────────────

    Error Context: ../../test-results/dashboard-groups-Dashboard-99c72-age-loads-with-all-sections-Mobile-Chrome/error-context.md
]]>
</failure>
<system-out>
<![CDATA[
[[ATTACHMENT|dashboard-groups-Dashboard-99c72-age-loads-with-all-sections-Mobile-Chrome/test-failed-1.png]]

[[ATTACHMENT|dashboard-groups-Dashboard-99c72-age-loads-with-all-sections-Mobile-Chrome/video.webm]]

[[ATTACHMENT|dashboard-groups-Dashboard-99c72-age-loads-with-all-sections-Mobile-Chrome/error-context.md]]
]]>
</system-out>
</testcase>
<testcase name="Dashboard Groups - Core Functionality › all dashboard groups are collapsible" classname="dashboard-groups.spec.ts" time="2.231">
<failure message="dashboard-groups.spec.ts:39:2 all dashboard groups are collapsible" type="FAILURE">
<![CDATA[  [Mobile Chrome] › dashboard-groups.spec.ts:39:2 › Dashboard Groups - Core Functionality › all dashboard groups are collapsible 

    Error: expect(received).toBeGreaterThan(expected)

    Expected: > 0
    Received:   0

      44 | 		const headerCount = await collapsibleHeaders.count();
      45 |
    > 46 | 		expect(headerCount).toBeGreaterThan(0);
         | 		                    ^
      47 | 		console.log(`Found ${headerCount} collapsible headers`);
      48 |
      49 | 		// Test each collapsible section
        at /Users/cmuir/P1Import-apps/oauth-playground/tests/e2e/dashboard-groups.spec.ts:46:23

    attachment #1: screenshot (image/png) ──────────────────────────────────────────────────────────
    ../../test-results/dashboard-groups-Dashboard-37e98-oard-groups-are-collapsible-Mobile-Chrome/test-failed-1.png
    ────────────────────────────────────────────────────────────────────────────────────────────────

    attachment #2: video (video/webm) ──────────────────────────────────────────────────────────────
    ../../test-results/dashboard-groups-Dashboard-37e98-oard-groups-are-collapsible-Mobile-Chrome/video.webm
    ────────────────────────────────────────────────────────────────────────────────────────────────

    Error Context: ../../test-results/dashboard-groups-Dashboard-37e98-oard-groups-are-collapsible-Mobile-Chrome/error-context.md
]]>
</failure>
<system-out>
<![CDATA[
[[ATTACHMENT|dashboard-groups-Dashboard-37e98-oard-groups-are-collapsible-Mobile-Chrome/test-failed-1.png]]

[[ATTACHMENT|dashboard-groups-Dashboard-37e98-oard-groups-are-collapsible-Mobile-Chrome/video.webm]]

[[ATTACHMENT|dashboard-groups-Dashboard-37e98-oard-groups-are-collapsible-Mobile-Chrome/error-context.md]]
]]>
</system-out>
</testcase>
<testcase name="Dashboard Groups - Core Functionality › dashboard header section content" classname="dashboard-groups.spec.ts" time="6.859">
<failure message="dashboard-groups.spec.ts:75:2 dashboard header section content" type="FAILURE">
<![CDATA[  [Mobile Chrome] › dashboard-groups.spec.ts:75:2 › Dashboard Groups - Core Functionality › dashboard header section content 

    Error: expect(locator).toBeVisible() failed

    Locator:  locator('text=Dashboard').first()
    Expected: visible
    Received: hidden
    Timeout:  5000ms

    Call log:
      - Expect "toBeVisible" with timeout 5000ms
      - waiting for locator('text=Dashboard').first()
        6 × locator resolved to <span>Dashboard</span>
          - unexpected value "hidden"


      76 | 		// Find and expand Dashboard header section
      77 | 		const dashboardHeader = page.locator('text=Dashboard').first();
    > 78 | 		await expect(dashboardHeader).toBeVisible();
         | 		                              ^
      79 |
      80 | 		// Check for subtitle
      81 | 		await expect(
        at /Users/cmuir/P1Import-apps/oauth-playground/tests/e2e/dashboard-groups.spec.ts:78:33

    attachment #1: screenshot (image/png) ──────────────────────────────────────────────────────────
    ../../test-results/dashboard-groups-Dashboard-7385c-oard-header-section-content-Mobile-Chrome/test-failed-1.png
    ────────────────────────────────────────────────────────────────────────────────────────────────

    attachment #2: video (video/webm) ──────────────────────────────────────────────────────────────
    ../../test-results/dashboard-groups-Dashboard-7385c-oard-header-section-content-Mobile-Chrome/video.webm
    ────────────────────────────────────────────────────────────────────────────────────────────────

    Error Context: ../../test-results/dashboard-groups-Dashboard-7385c-oard-header-section-content-Mobile-Chrome/error-context.md
]]>
</failure>
<system-out>
<![CDATA[
[[ATTACHMENT|dashboard-groups-Dashboard-7385c-oard-header-section-content-Mobile-Chrome/test-failed-1.png]]

[[ATTACHMENT|dashboard-groups-Dashboard-7385c-oard-header-section-content-Mobile-Chrome/video.webm]]

[[ATTACHMENT|dashboard-groups-Dashboard-7385c-oard-header-section-content-Mobile-Chrome/error-context.md]]
]]>
</system-out>
</testcase>
<testcase name="Dashboard Groups - Core Functionality › API Status section functionality" classname="dashboard-groups.spec.ts" time="6.707">
<failure message="dashboard-groups.spec.ts:94:2 API Status section functionality" type="FAILURE">
<![CDATA[  [Mobile Chrome] › dashboard-groups.spec.ts:94:2 › Dashboard Groups - Core Functionality › API Status section functionality 

    Error: expect(locator).toBeVisible() failed

    Locator:  locator('text=API Status').first()
    Expected: visible
    Received: hidden
    Timeout:  5000ms

    Call log:
      - Expect "toBeVisible" with timeout 5000ms
      - waiting for locator('text=API Status').first()
        7 × locator resolved to <span>API Status</span>
          - unexpected value "hidden"


       95 | 		// Find API Status section
       96 | 		const apiStatusHeader = page.locator('text=API Status').first();
    >  97 | 		await expect(apiStatusHeader).toBeVisible();
          | 		                              ^
       98 |
       99 | 		// Expand if collapsed
      100 | 		const isCollapsed = (await apiStatusHeader.getAttribute('aria-expanded')) === 'false';
        at /Users/cmuir/P1Import-apps/oauth-playground/tests/e2e/dashboard-groups.spec.ts:97:33

    attachment #1: screenshot (image/png) ──────────────────────────────────────────────────────────
    ../../test-results/dashboard-groups-Dashboard-24af3-tatus-section-functionality-Mobile-Chrome/test-failed-1.png
    ────────────────────────────────────────────────────────────────────────────────────────────────

    attachment #2: video (video/webm) ──────────────────────────────────────────────────────────────
    ../../test-results/dashboard-groups-Dashboard-24af3-tatus-section-functionality-Mobile-Chrome/video.webm
    ────────────────────────────────────────────────────────────────────────────────────────────────

    Error Context: ../../test-results/dashboard-groups-Dashboard-24af3-tatus-section-functionality-Mobile-Chrome/error-context.md
]]>
</failure>
<system-out>
<![CDATA[
[[ATTACHMENT|dashboard-groups-Dashboard-24af3-tatus-section-functionality-Mobile-Chrome/test-failed-1.png]]

[[ATTACHMENT|dashboard-groups-Dashboard-24af3-tatus-section-functionality-Mobile-Chrome/video.webm]]

[[ATTACHMENT|dashboard-groups-Dashboard-24af3-tatus-section-functionality-Mobile-Chrome/error-context.md]]
]]>
</system-out>
</testcase>
<testcase name="Dashboard Groups - Core Functionality › Custom Domain Config section" classname="dashboard-groups.spec.ts" time="2.801">
<failure message="dashboard-groups.spec.ts:124:2 Custom Domain Config section" type="FAILURE">
<![CDATA[  [Mobile Chrome] › dashboard-groups.spec.ts:124:2 › Dashboard Groups - Core Functionality › Custom Domain Config section 

    Error: expect(locator).toBeVisible() failed

    Locator: getByText(/App URL and custom domain|HTTPS|domain/i)
    Expected: visible
    Error: strict mode violation: getByText(/App URL and custom domain|HTTPS|domain/i) resolved to 13 elements:
        1) <span class="sidebar-ping__item-label">Custom Domain & API Test</span> aka getByRole('link', { name: 'Custom Domain & API Test ADMIN' })
        2) <span>3000 (HTTPS)</span> aka getByText('3000 (HTTPS)')
        3) <span>3001 (HTTPS)</span> aka getByText('3001 (HTTPS)')
        4) <h3 class="sc-hLwbit bHZzOJ">Custom Domain Config</h3> aka getByRole('button', { name: 'Custom Domain Config App URL' })
        5) <p class="sc-duAPiq lcTxkG">App URL and custom domain (always HTTPS)</p> aka getByRole('button', { name: 'Custom Domain Config App URL' })
        6) <span class="fw-600 text-muted">App URL (HTTPS):</span> aka getByText('App URL (HTTPS):')
        7) <code class="text-small fw-600">https://api.pingdemo.com:3000</code> aka getByText('https://api.pingdemo.com:')
        8) <label for="dashboard-custom-domain" class="fw-600 text-muted text-small">Custom domain (hostname only)</label> aka getByText('Custom domain (hostname only)')
        9) <button type="button" class="btn btn-oauth align-self-start" aria-label="Save custom domain and open app at new URL">…</button> aka getByRole('button', { name: 'Save custom domain and open' })
        10) <code class="text-small fw-600">/api/settings/custom-domain</code> aka getByText('/api/settings/custom-domain').first()
        ...

    Call log:
      - Expect "toBeVisible" with timeout 5000ms
      - waiting for getByText(/App URL and custom domain|HTTPS|domain/i)


      135 |
      136 | 		// Check for domain configuration content
    > 137 | 		await expect(page.getByText(/App URL and custom domain|HTTPS|domain/i)).toBeVisible({
          | 		                                                                        ^
      138 | 			timeout: 5000,
      139 | 		});
      140 |
        at /Users/cmuir/P1Import-apps/oauth-playground/tests/e2e/dashboard-groups.spec.ts:137:75

    attachment #1: screenshot (image/png) ──────────────────────────────────────────────────────────
    ../../test-results/dashboard-groups-Dashboard-1dd9f-ustom-Domain-Config-section-Mobile-Chrome/test-failed-1.png
    ────────────────────────────────────────────────────────────────────────────────────────────────

    attachment #2: video (video/webm) ──────────────────────────────────────────────────────────────
    ../../test-results/dashboard-groups-Dashboard-1dd9f-ustom-Domain-Config-section-Mobile-Chrome/video.webm
    ────────────────────────────────────────────────────────────────────────────────────────────────

    Error Context: ../../test-results/dashboard-groups-Dashboard-1dd9f-ustom-Domain-Config-section-Mobile-Chrome/error-context.md
]]>
</failure>
<system-out>
<![CDATA[
[[ATTACHMENT|dashboard-groups-Dashboard-1dd9f-ustom-Domain-Config-section-Mobile-Chrome/test-failed-1.png]]

[[ATTACHMENT|dashboard-groups-Dashboard-1dd9f-ustom-Domain-Config-section-Mobile-Chrome/video.webm]]

[[ATTACHMENT|dashboard-groups-Dashboard-1dd9f-ustom-Domain-Config-section-Mobile-Chrome/error-context.md]]
]]>
</system-out>
</testcase>
<testcase name="Dashboard Groups - Core Functionality › API Endpoints section displays endpoints" classname="dashboard-groups.spec.ts" time="2.131">
<failure message="dashboard-groups.spec.ts:156:2 API Endpoints section displays endpoints" type="FAILURE">
<![CDATA[  [Mobile Chrome] › dashboard-groups.spec.ts:156:2 › Dashboard Groups - Core Functionality › API Endpoints section displays endpoints 

    Error: expect(locator).toBeVisible() failed

    Locator: getByText(/Backend API endpoints|OAuth|OIDC/i)
    Expected: visible
    Error: strict mode violation: getByText(/Backend API endpoints|OAuth|OIDC/i) resolved to 26 elements:
        1) <span>OIDC Discovery</span> aka getByLabel('OIDC Discovery tool').getByText('OIDC Discovery')
        2) <span class="sidebar-ping__item-label">OIDC Discovery</span> aka getByRole('link', { name: 'OIDC Discovery V9 v9.16.23' })
        3) <span class="sidebar-ping__item-label">Unified OAuth & OIDC</span> aka getByRole('link', { name: 'Unified OAuth & OIDC LIVE' })
        4) <span class="sidebar-ping__item-label">OIDC Overview</span> aka getByRole('link', { name: 'OIDC Overview DOCS' })
        5) <span class="sidebar-ping__item-label">OAuth 2.1 Specification</span> aka getByRole('link', { name: 'OAuth 2.1 Specification DOCS' })
        6) <span class="sidebar-ping__item-label">OAuth 2.0 Security Best Practices</span> aka getByRole('link', { name: 'OAuth 2.0 Security Best' })
        7) <span class="sidebar-ping__item-label">OAuth Education</span> aka getByRole('link', { name: 'OAuth Education DOCS' })
        8) <span class="sidebar-ping__item-label">Advanced OAuth Parameters Demo</span> aka getByRole('link', { name: 'Advanced OAuth Parameters' })
        9) <span class="sidebar-ping__item-label">OAuth Scopes Reference</span> aka getByRole('link', { name: 'OAuth Scopes Reference DOCS' })
        10) <span class="sidebar-ping__item-label">OIDC Specifications</span> aka getByRole('link', { name: 'OIDC Specifications DOCS' })
        ...

    Call log:
      - Expect "toBeVisible" with timeout 5000ms
      - waiting for getByText(/Backend API endpoints|OAuth|OIDC/i)


      167 |
      168 | 		// Check for API endpoints content
    > 169 | 		await expect(page.getByText(/Backend API endpoints|OAuth|OIDC/i)).toBeVisible({
          | 		                                                                  ^
      170 | 			timeout: 5000,
      171 | 		});
      172 |
        at /Users/cmuir/P1Import-apps/oauth-playground/tests/e2e/dashboard-groups.spec.ts:169:69

    attachment #1: screenshot (image/png) ──────────────────────────────────────────────────────────
    ../../test-results/dashboard-groups-Dashboard-8d65a--section-displays-endpoints-Mobile-Chrome/test-failed-1.png
    ────────────────────────────────────────────────────────────────────────────────────────────────

    attachment #2: video (video/webm) ──────────────────────────────────────────────────────────────
    ../../test-results/dashboard-groups-Dashboard-8d65a--section-displays-endpoints-Mobile-Chrome/video.webm
    ────────────────────────────────────────────────────────────────────────────────────────────────

    Error Context: ../../test-results/dashboard-groups-Dashboard-8d65a--section-displays-endpoints-Mobile-Chrome/error-context.md
]]>
</failure>
<system-out>
<![CDATA[
[[ATTACHMENT|dashboard-groups-Dashboard-8d65a--section-displays-endpoints-Mobile-Chrome/test-failed-1.png]]

[[ATTACHMENT|dashboard-groups-Dashboard-8d65a--section-displays-endpoints-Mobile-Chrome/video.webm]]

[[ATTACHMENT|dashboard-groups-Dashboard-8d65a--section-displays-endpoints-Mobile-Chrome/error-context.md]]
]]>
</system-out>
</testcase>
<testcase name="Dashboard Groups - Core Functionality › Quick Access Flows section" classname="dashboard-groups.spec.ts" time="2.134">
<failure message="dashboard-groups.spec.ts:195:2 Quick Access Flows section" type="FAILURE">
<![CDATA[  [Mobile Chrome] › dashboard-groups.spec.ts:195:2 › Dashboard Groups - Core Functionality › Quick Access Flows section 

    Error: expect(locator).toBeVisible() failed

    Locator: getByText(/OAuth 2\.0|OpenID Connect|flows/i)
    Expected: visible
    Error: strict mode violation: getByText(/OAuth 2\.0|OpenID Connect|flows/i) resolved to 12 elements:
        1) <span>…</span> aka getByRole('button', { name: 'Mock Flows' })
        2) <span class="sidebar-ping__item-label">OAuth 2.0 Security Best Practices</span> aka getByRole('link', { name: 'OAuth 2.0 Security Best' })
        3) <p class="sc-fatcLE dMpeTv">Monitor system status, explore OAuth flows, and t…</p> aka getByRole('button', { name: 'Dashboard Monitor system' })
        4) <h3 class="sc-lgjHQT bCIGuJ">Quick Access Flows</h3> aka getByRole('button', { name: 'Quick Access Flows Explore' })
        5) <p class="sc-fatcLE dMpeTv">Explore OAuth 2.0 and OpenID Connect flows</p> aka getByRole('button', { name: 'Quick Access Flows Explore' })
        6) <p class="text-muted mb-3">Explore OAuth 2.0 and OpenID Connect flows. Defau…</p> aka getByText('Explore OAuth 2.0 and OpenID Connect flows. Defaults are secure-by-default (')
        7) <h3>OAuth 2.0</h3> aka getByRole('heading', { name: 'OAuth' })
        8) <p>Standards-based authorization flows. Recommended:…</p> aka getByText('Standards-based authorization')
        9) <h3>OpenID Connect</h3> aka getByRole('heading', { name: 'OpenID Connect' })
        10) <p>Identity layer on top of OAuth 2.0.</p> aka getByText('Identity layer on top of OAuth')
        ...

    Call log:
      - Expect "toBeVisible" with timeout 5000ms
      - waiting for getByText(/OAuth 2\.0|OpenID Connect|flows/i)


      206 |
      207 | 		// Check for flows content
    > 208 | 		await expect(page.getByText(/OAuth 2\.0|OpenID Connect|flows/i)).toBeVisible({ timeout: 5000 });
          | 		                                                                 ^
      209 |
      210 | 		// Look for flow links or buttons
      211 | 		const flowLinks = page.locator(
        at /Users/cmuir/P1Import-apps/oauth-playground/tests/e2e/dashboard-groups.spec.ts:208:68

    attachment #1: screenshot (image/png) ──────────────────────────────────────────────────────────
    ../../test-results/dashboard-groups-Dashboard-1dc4e--Quick-Access-Flows-section-Mobile-Chrome/test-failed-1.png
    ────────────────────────────────────────────────────────────────────────────────────────────────

    attachment #2: video (video/webm) ──────────────────────────────────────────────────────────────
    ../../test-results/dashboard-groups-Dashboard-1dc4e--Quick-Access-Flows-section-Mobile-Chrome/video.webm
    ────────────────────────────────────────────────────────────────────────────────────────────────

    Error Context: ../../test-results/dashboard-groups-Dashboard-1dc4e--Quick-Access-Flows-section-Mobile-Chrome/error-context.md
]]>
</failure>
<system-out>
<![CDATA[
[[ATTACHMENT|dashboard-groups-Dashboard-1dc4e--Quick-Access-Flows-section-Mobile-Chrome/test-failed-1.png]]

[[ATTACHMENT|dashboard-groups-Dashboard-1dc4e--Quick-Access-Flows-section-Mobile-Chrome/video.webm]]

[[ATTACHMENT|dashboard-groups-Dashboard-1dc4e--Quick-Access-Flows-section-Mobile-Chrome/error-context.md]]
]]>
</system-out>
</testcase>
<testcase name="Dashboard Groups - Core Functionality › Recent Activity section" classname="dashboard-groups.spec.ts" time="2.056">
<system-out>
<![CDATA[Found 4 activity items
✅ Refresh button found
]]>
</system-out>
</testcase>
<testcase name="Dashboard Groups - Interaction Tests › can toggle multiple sections independently" classname="dashboard-groups.spec.ts" time="7.242">
<failure message="dashboard-groups.spec.ts:277:2 can toggle multiple sections independently" type="FAILURE">
<![CDATA[  [Mobile Chrome] › dashboard-groups.spec.ts:277:2 › Dashboard Groups - Interaction Tests › can toggle multiple sections independently 

    Error: expect(locator).toBeVisible() failed

    Locator:  locator('text=Dashboard').first()
    Expected: visible
    Received: hidden
    Timeout:  5000ms

    Call log:
      - Expect "toBeVisible" with timeout 5000ms
      - waiting for locator('text=Dashboard').first()
        6 × locator resolved to <span>Dashboard</span>
          - unexpected value "hidden"


      289 | 		for (const sectionName of sections) {
      290 | 			const sectionHeader = page.locator(`text=${sectionName}`).first();
    > 291 | 			await expect(sectionHeader).toBeVisible();
          | 			                            ^
      292 |
      293 | 			// Get initial state
      294 | 			const initialState = await sectionHeader.getAttribute('aria-expanded');
        at /Users/cmuir/P1Import-apps/oauth-playground/tests/e2e/dashboard-groups.spec.ts:291:32

    attachment #1: screenshot (image/png) ──────────────────────────────────────────────────────────
    ../../test-results/dashboard-groups-Dashboard-88950-iple-sections-independently-Mobile-Chrome/test-failed-1.png
    ────────────────────────────────────────────────────────────────────────────────────────────────

    attachment #2: video (video/webm) ──────────────────────────────────────────────────────────────
    ../../test-results/dashboard-groups-Dashboard-88950-iple-sections-independently-Mobile-Chrome/video.webm
    ────────────────────────────────────────────────────────────────────────────────────────────────

    Error Context: ../../test-results/dashboard-groups-Dashboard-88950-iple-sections-independently-Mobile-Chrome/error-context.md
]]>
</failure>
<system-out>
<![CDATA[
[[ATTACHMENT|dashboard-groups-Dashboard-88950-iple-sections-independently-Mobile-Chrome/test-failed-1.png]]

[[ATTACHMENT|dashboard-groups-Dashboard-88950-iple-sections-independently-Mobile-Chrome/video.webm]]

[[ATTACHMENT|dashboard-groups-Dashboard-88950-iple-sections-independently-Mobile-Chrome/error-context.md]]
]]>
</system-out>
</testcase>
<testcase name="Dashboard Groups - Interaction Tests › section states persist during page interactions" classname="dashboard-groups.spec.ts" time="60.373">
<failure message="dashboard-groups.spec.ts:308:2 section states persist during page interactions" type="FAILURE">
<![CDATA[  [Mobile Chrome] › dashboard-groups.spec.ts:308:2 › Dashboard Groups - Interaction Tests › section states persist during page interactions 

    Test timeout of 60000ms exceeded.

    Error: locator.click: Test timeout of 60000ms exceeded.
    Call log:
      - waiting for locator('text=API Status').first()
        - locator resolved to <span>API Status</span>
      - attempting click action
        2 × waiting for element to be visible, enabled and stable
          - element is not visible
        - retrying click action
        - waiting 20ms
        2 × waiting for element to be visible, enabled and stable
          - element is not visible
        - retrying click action
          - waiting 100ms
        113 × waiting for element to be visible, enabled and stable
            - element is not visible
          - retrying click action
            - waiting 500ms


      309 | 		// Expand API Status section
      310 | 		const apiStatusHeader = page.locator('text=API Status').first();
    > 311 | 		await apiStatusHeader.click();
          | 		                      ^
      312 | 		await page.waitForTimeout(500);
      313 |
      314 | 		// Verify it's expanded
        at /Users/cmuir/P1Import-apps/oauth-playground/tests/e2e/dashboard-groups.spec.ts:311:25

    attachment #1: screenshot (image/png) ──────────────────────────────────────────────────────────
    ../../test-results/dashboard-groups-Dashboard-d52a5-st-during-page-interactions-Mobile-Chrome/test-failed-1.png
    ────────────────────────────────────────────────────────────────────────────────────────────────

    attachment #2: video (video/webm) ──────────────────────────────────────────────────────────────
    ../../test-results/dashboard-groups-Dashboard-d52a5-st-during-page-interactions-Mobile-Chrome/video.webm
    ────────────────────────────────────────────────────────────────────────────────────────────────

    Error Context: ../../test-results/dashboard-groups-Dashboard-d52a5-st-during-page-interactions-Mobile-Chrome/error-context.md
]]>
</failure>
<system-out>
<![CDATA[
[[ATTACHMENT|dashboard-groups-Dashboard-d52a5-st-during-page-interactions-Mobile-Chrome/test-failed-1.png]]

[[ATTACHMENT|dashboard-groups-Dashboard-d52a5-st-during-page-interactions-Mobile-Chrome/video.webm]]

[[ATTACHMENT|dashboard-groups-Dashboard-d52a5-st-during-page-interactions-Mobile-Chrome/error-context.md]]
]]>
</system-out>
</testcase>
<testcase name="Dashboard Groups - Interaction Tests › all sections have proper accessibility attributes" classname="dashboard-groups.spec.ts" time="1.861">
<failure message="dashboard-groups.spec.ts:330:2 all sections have proper accessibility attributes" type="FAILURE">
<![CDATA[  [Mobile Chrome] › dashboard-groups.spec.ts:330:2 › Dashboard Groups - Interaction Tests › all sections have proper accessibility attributes 

    Error: expect(received).toBeGreaterThan(expected)

    Expected: > 0
    Received:   0

      333 | 		const headerCount = await headers.count();
      334 |
    > 335 | 		expect(headerCount).toBeGreaterThan(0);
          | 		                    ^
      336 |
      337 | 		// Check accessibility attributes
      338 | 		for (let i = 0; i < Math.min(headerCount, 6); i++) {
        at /Users/cmuir/P1Import-apps/oauth-playground/tests/e2e/dashboard-groups.spec.ts:335:23

    attachment #1: screenshot (image/png) ──────────────────────────────────────────────────────────
    ../../test-results/dashboard-groups-Dashboard-2791d-er-accessibility-attributes-Mobile-Chrome/test-failed-1.png
    ────────────────────────────────────────────────────────────────────────────────────────────────

    attachment #2: video (video/webm) ──────────────────────────────────────────────────────────────
    ../../test-results/dashboard-groups-Dashboard-2791d-er-accessibility-attributes-Mobile-Chrome/video.webm
    ────────────────────────────────────────────────────────────────────────────────────────────────

    Error Context: ../../test-results/dashboard-groups-Dashboard-2791d-er-accessibility-attributes-Mobile-Chrome/error-context.md
]]>
</failure>
<system-out>
<![CDATA[
[[ATTACHMENT|dashboard-groups-Dashboard-2791d-er-accessibility-attributes-Mobile-Chrome/test-failed-1.png]]

[[ATTACHMENT|dashboard-groups-Dashboard-2791d-er-accessibility-attributes-Mobile-Chrome/video.webm]]

[[ATTACHMENT|dashboard-groups-Dashboard-2791d-er-accessibility-attributes-Mobile-Chrome/error-context.md]]
]]>
</system-out>
</testcase>
<testcase name="Dashboard Groups - Interaction Tests › sections work with keyboard navigation" classname="dashboard-groups.spec.ts" time="2.279">
<failure message="dashboard-groups.spec.ts:363:2 sections work with keyboard navigation" type="FAILURE">
<![CDATA[  [Mobile Chrome] › dashboard-groups.spec.ts:363:2 › Dashboard Groups - Interaction Tests › sections work with keyboard navigation 

    Error: expect(received).toBeTruthy()

    Received: false

      368 | 		// Verify focus
      369 | 		const isFocused = await firstHeader.evaluate((el) => document.activeElement === el);
    > 370 | 		expect(isFocused).toBeTruthy();
          | 		                  ^
      371 |
      372 | 		// Test Enter key to toggle
      373 | 		await page.keyboard.press('Enter');
        at /Users/cmuir/P1Import-apps/oauth-playground/tests/e2e/dashboard-groups.spec.ts:370:21

    attachment #1: screenshot (image/png) ──────────────────────────────────────────────────────────
    ../../test-results/dashboard-groups-Dashboard-00b73-rk-with-keyboard-navigation-Mobile-Chrome/test-failed-1.png
    ────────────────────────────────────────────────────────────────────────────────────────────────

    attachment #2: video (video/webm) ──────────────────────────────────────────────────────────────
    ../../test-results/dashboard-groups-Dashboard-00b73-rk-with-keyboard-navigation-Mobile-Chrome/video.webm
    ────────────────────────────────────────────────────────────────────────────────────────────────

    Error Context: ../../test-results/dashboard-groups-Dashboard-00b73-rk-with-keyboard-navigation-Mobile-Chrome/error-context.md
]]>
</failure>
<system-out>
<![CDATA[
[[ATTACHMENT|dashboard-groups-Dashboard-00b73-rk-with-keyboard-navigation-Mobile-Chrome/test-failed-1.png]]

[[ATTACHMENT|dashboard-groups-Dashboard-00b73-rk-with-keyboard-navigation-Mobile-Chrome/video.webm]]

[[ATTACHMENT|dashboard-groups-Dashboard-00b73-rk-with-keyboard-navigation-Mobile-Chrome/error-context.md]]
]]>
</system-out>
</testcase>
<testcase name="Dashboard Groups - Content Validation › all sections contain meaningful content" classname="dashboard-groups.spec.ts" time="60.278">
<failure message="dashboard-groups.spec.ts:405:2 all sections contain meaningful content" type="FAILURE">
<![CDATA[  [Mobile Chrome] › dashboard-groups.spec.ts:405:2 › Dashboard Groups - Content Validation › all sections contain meaningful content 

    Test timeout of 60000ms exceeded.

    Error: locator.click: Test timeout of 60000ms exceeded.
    Call log:
      - waiting for locator('text=Dashboard').first()
        - locator resolved to <span>Dashboard</span>
      - attempting click action
        2 × waiting for element to be visible, enabled and stable
          - element is not visible
        - retrying click action
        - waiting 20ms
        2 × waiting for element to be visible, enabled and stable
          - element is not visible
        - retrying click action
          - waiting 100ms
        107 × waiting for element to be visible, enabled and stable
            - element is not visible
          - retrying click action
            - waiting 500ms
        - waiting for element to be visible, enabled and stable


      416 | 			// Find and expand section
      417 | 			const header = page.locator(`text=${section.name}`).first();
    > 418 | 			await header.click();
          | 			             ^
      419 | 			await page.waitForTimeout(500);
      420 |
      421 | 			// Check for expected content
        at /Users/cmuir/P1Import-apps/oauth-playground/tests/e2e/dashboard-groups.spec.ts:418:17

    attachment #1: screenshot (image/png) ──────────────────────────────────────────────────────────
    ../../test-results/dashboard-groups-Dashboard-a9373--contain-meaningful-content-Mobile-Chrome/test-failed-1.png
    ────────────────────────────────────────────────────────────────────────────────────────────────

    attachment #2: video (video/webm) ──────────────────────────────────────────────────────────────
    ../../test-results/dashboard-groups-Dashboard-a9373--contain-meaningful-content-Mobile-Chrome/video.webm
    ────────────────────────────────────────────────────────────────────────────────────────────────

    Error Context: ../../test-results/dashboard-groups-Dashboard-a9373--contain-meaningful-content-Mobile-Chrome/error-context.md
]]>
</failure>
<system-out>
<![CDATA[
[[ATTACHMENT|dashboard-groups-Dashboard-a9373--contain-meaningful-content-Mobile-Chrome/test-failed-1.png]]

[[ATTACHMENT|dashboard-groups-Dashboard-a9373--contain-meaningful-content-Mobile-Chrome/video.webm]]

[[ATTACHMENT|dashboard-groups-Dashboard-a9373--contain-meaningful-content-Mobile-Chrome/error-context.md]]
]]>
</system-out>
</testcase>
<testcase name="Dashboard Groups - Content Validation › sections display appropriate icons and visual elements" classname="dashboard-groups.spec.ts" time="4.965">
<system-out>
<![CDATA[Found 118 icons in dashboard sections
✅ Found chart-box icon
✅ Found cog icon
✅ Found lightning-bolt icon
]]>
</system-out>
</testcase>
<testcase name="Dashboard Groups - Content Validation › sections are responsive and adapt to screen size" classname="dashboard-groups.spec.ts" time="7.504">
<failure message="dashboard-groups.spec.ts:455:2 sections are responsive and adapt to screen size" type="FAILURE">
<![CDATA[  [Mobile Chrome] › dashboard-groups.spec.ts:455:2 › Dashboard Groups - Content Validation › sections are responsive and adapt to screen size 

    Error: expect(received).toBeGreaterThan(expected)

    Expected: > 0
    Received:   0

      475 |
      476 | 		// All sections should be visible across screen sizes
    > 477 | 		expect(desktopVisible).toBeGreaterThan(0);
          | 		                       ^
      478 | 		expect(tabletVisible).toBeGreaterThan(0);
      479 | 		expect(mobileVisible).toBeGreaterThan(0);
      480 |
        at /Users/cmuir/P1Import-apps/oauth-playground/tests/e2e/dashboard-groups.spec.ts:477:26

    attachment #1: screenshot (image/png) ──────────────────────────────────────────────────────────
    ../../test-results/dashboard-groups-Dashboard-ec111-ve-and-adapt-to-screen-size-Mobile-Chrome/test-failed-1.png
    ────────────────────────────────────────────────────────────────────────────────────────────────

    attachment #2: video (video/webm) ──────────────────────────────────────────────────────────────
    ../../test-results/dashboard-groups-Dashboard-ec111-ve-and-adapt-to-screen-size-Mobile-Chrome/video.webm
    ────────────────────────────────────────────────────────────────────────────────────────────────

    Error Context: ../../test-results/dashboard-groups-Dashboard-ec111-ve-and-adapt-to-screen-size-Mobile-Chrome/error-context.md
]]>
</failure>
<system-out>
<![CDATA[
[[ATTACHMENT|dashboard-groups-Dashboard-ec111-ve-and-adapt-to-screen-size-Mobile-Chrome/test-failed-1.png]]

[[ATTACHMENT|dashboard-groups-Dashboard-ec111-ve-and-adapt-to-screen-size-Mobile-Chrome/video.webm]]

[[ATTACHMENT|dashboard-groups-Dashboard-ec111-ve-and-adapt-to-screen-size-Mobile-Chrome/error-context.md]]
]]>
</system-out>
</testcase>
</testsuite>
<testsuite name="mock-flows-comprehensive-validation.spec.ts" timestamp="2026-03-22T13:31:33.877Z" hostname="Mobile Chrome" tests="2" failures="0" skipped="0" time="37.843" errors="0">
<testcase name="Mock Flows - Comprehensive Field Validation › comprehensive field validation for all mock flows" classname="mock-flows-comprehensive-validation.spec.ts" time="28.884">
<system-out>
<![CDATA[
=== Testing: /flows/oidc-authorization-code-v9 ===
Found 9 input fields in container: main
✅ Filled: ac-client-id = "v7m-client"
✅ Filled: ac-redirect-uri = "/callback"
✅ Filled: ac-scope = "openid profile email offline_a..."
✅ Filled: ac-state = "abc123state"
✅ Filled: ac-nonce = "n-0S6_WzA2Mj"
✅ Filled: ac-user = "jane.doe@example.com"
✅ Filled: ac-method = "S256 (recommended)"
✅ Filled: ac-verifier = "sample-code-verifier-123456789..."
✅ Filled: ac-secret = "topsecret"
Summary for /flows/oidc-authorization-code-v9:
  Fields found: Yes
  Total fields: 9
  Filled: 9
  Empty: 0
  Empty required: 0

=== Testing: /flows/client-credentials-v9 ===
Found 4 input fields in container: main
✅ Filled: field-0 = "v7m-client-credentials"
✅ Filled: field-1 = "topsecret"
✅ Filled: field-2 = "read write"
⚠️  Empty optional: https://api.example.com (input) - https://api.example.com
Summary for /flows/client-credentials-v9:
  Fields found: Yes
  Total fields: 4
  Filled: 3
  Empty: 1
  Empty required: 0

=== Testing: /flows/device-authorization-v9 ===
Found 4 input fields in container: main
✅ Filled: field-0 = "v7m-device-client"
✅ Filled: field-1 = "read write"
✅ Filled: field-2 = "jane.doe@example.com"
✅ Filled: field-3 = "topsecret"
Summary for /flows/device-authorization-v9:
  Fields found: Yes
  Total fields: 4
  Filled: 4
  Empty: 0
  Empty required: 0

=== Testing: /flows/implicit-v9 ===
Found 5 input fields in container: main
✅ Filled: field-0 = "v7m-client"
✅ Filled: field-1 = "/implicit-callback"
✅ Filled: field-2 = "read write"
✅ Filled: field-3 = "abc123state"
✅ Filled: field-4 = "jane.doe@example.com"
Summary for /flows/implicit-v9:
  Fields found: Yes
  Total fields: 5
  Filled: 5
  Empty: 0
  Empty required: 0

=== Testing: /flows/oidc-hybrid-v9 ===
Found 9 input fields in container: main
✅ Filled: responseType = "checked"
⚠️  Empty optional: responseType (radio) - 
⚠️  Empty optional: responseType (radio) - 
✅ Filled: field-3 = "v7m-hybrid-client"
✅ Filled: field-4 = "/hybrid-callback"
✅ Filled: field-5 = "openid profile email"
✅ Filled: field-6 = "hybrid-state-xyz"
✅ Filled: field-7 = "hybrid-nonce-abc"
✅ Filled: field-8 = "jane.doe@example.com"
Summary for /flows/oidc-hybrid-v9:
  Fields found: Yes
  Total fields: 9
  Filled: 7
  Empty: 2
  Empty required: 0

=== Testing: /flows/dpop-authorization-code-v9 ===
Found 30 input fields in container: main
⚠️  Empty optional: field-0 (checkbox) - 
✅ Filled: specVersion = "checked"
⚠️  Empty optional: specVersion (radio) - 
⚠️  Empty optional: specVersion (radio) - 
✅ Filled: flowTypeSelect = "Authorization Code"
✅ Filled: client-type = "checked"
⚠️  Empty optional: client-type (radio) - 
✅ Filled: application-type = "Web Application"
✅ Filled: environment-id = "b9817c16-9910-4415-b67e-4ac687..."
✅ Filled: field-9 = "checked"
✅ Filled: field-10 = "checked"
⚠️  Empty optional: client-id (text) - abc123def456...
⚠️  Empty optional: client-secret (password) - ••••••••••••••••
✅ Filled: field-13 = "🔓 OPTIONAL - PKCE is optional..."
⚠️  Empty optional: issuer-url (text) - Using: b9817c16-9910-4415-b67e-4ac687da74d9 (or enter custom)
✅ Filled: field-15 = "📝 Client Secret Post (Form Bo..."
✅ Filled: field-16 = "🔐 code (Recommended)"
✅ Filled: redirect-uris = "https://api.pingdemo.com:3000/..."
✅ Filled: field-18 = "🔗 Query String (Recommended)"
✅ Filled: openid = "openid"
⚠️  Empty optional: field-20 (checkbox) - 
✅ Filled: field-21 = "🟡 Optional"
✅ Filled: field-22 = "🔗 Query String (Recommended)"
⚠️  Empty optional: field-23 (checkbox) - 
⚠️  Empty optional: https://auth.example.com (text) - https://auth.example.com
⚠️  Empty optional: login-hint-dropdown (text) - Worker token required
✅ Filled: field-26 = "✏️ Custom value..."
⚠️  Empty optional: Enter seconds (e.g., 300 for 5 minutes) (number) - Enter seconds (e.g., 300 for 5 minutes)
✅ Filled: display-mode-select = "Default (page)"
✅ Filled: field-29 = "Default (server decides)"
Summary for /flows/dpop-authorization-code-v9:
  Fields found: Yes
  Total fields: 30
  Filled: 18
  Empty: 12
  Empty required: 0

=== Testing: /flows/mock-mcp-agent-flow ===
Found 1 input fields in container: body
⚠️  Empty optional: Search flows and pages... (⌘K) (text) - Search flows and pages... (⌘K)
Summary for /flows/mock-mcp-agent-flow:
  Fields found: Yes
  Total fields: 1
  Filled: 0
  Empty: 1
  Empty required: 0

=== COMPREHENSIVE VALIDATION SUMMARY ===
Total flows tested: 7
Flows with input fields: 7
Flows without input fields: 0
Total input fields: 62
Total filled fields: 46
Total empty fields: 16
Total empty required fields: 0

=== DETAILED BREAKDOWN ===

/flows/oidc-authorization-code-v9:
  Fields: 9 total, 9 filled, 0 empty

/flows/client-credentials-v9:
  Fields: 4 total, 3 filled, 1 empty
  Empty fields:
    - https://api.example.com (input) - optional - "https://api.example.com"

/flows/device-authorization-v9:
  Fields: 4 total, 4 filled, 0 empty

/flows/implicit-v9:
  Fields: 5 total, 5 filled, 0 empty

/flows/oidc-hybrid-v9:
  Fields: 9 total, 7 filled, 2 empty
  Empty fields:
    - responseType (radio) - optional - ""
    - responseType (radio) - optional - ""

/flows/dpop-authorization-code-v9:
  Fields: 30 total, 18 filled, 12 empty
  Empty fields:
    - field-0 (checkbox) - optional - ""
    - specVersion (radio) - optional - ""
    - specVersion (radio) - optional - ""
    - client-type (radio) - optional - ""
    - client-id (text) - optional - "abc123def456..."
    - client-secret (password) - optional - "••••••••••••••••"
    - issuer-url (text) - optional - "Using: b9817c16-9910-4415-b67e-4ac687da74d9 (or enter custom)"
    - field-20 (checkbox) - optional - ""
    - field-23 (checkbox) - optional - ""
    - https://auth.example.com (text) - optional - "https://auth.example.com"
    - login-hint-dropdown (text) - optional - "Worker token required"
    - Enter seconds (e.g., 300 for 5 minutes) (number) - optional - "Enter seconds (e.g., 300 for 5 minutes)"

/flows/mock-mcp-agent-flow:
  Fields: 1 total, 0 filled, 1 empty
  Empty fields:
    - Search flows and pages... (⌘K) (text) - optional - "Search flows and pages... (⌘K)"

Field fill rate: 74.2%
🎉 All required fields are filled in all mock flows!
]]>
</system-out>
</testcase>
<testcase name="Mock Flows - Comprehensive Field Validation › mock flows work without user interaction" classname="mock-flows-comprehensive-validation.spec.ts" time="8.959">
<system-out>
<![CDATA[
Testing flow without user interaction: /flows/oidc-authorization-code-v9
  ✅ Flow already shows token/results
  ✅ Flow is ready to use without user input

Testing flow without user interaction: /flows/client-credentials-v9
  ✅ Found actionable button: "Request Access Token"
  ✅ Flow already shows token/results
  ✅ Flow is ready to use without user input
]]>
</system-out>
</testcase>
</testsuite>
<testsuite name="mock-flows-field-validation.spec.ts" timestamp="2026-03-22T13:31:33.877Z" hostname="Mobile Chrome" tests="2" failures="0" skipped="0" time="54.337" errors="0">
<testcase name="Mock Flows - Field Validation › all mock flows have pre-filled values in all fields" classname="mock-flows-field-validation.spec.ts" time="34.189">
<system-out>
<![CDATA[
=== Testing: /flows/oidc-authorization-code-v9 ===
Found 9 input fields
✅ Filled: ac-client-id = "v7m-client"
✅ Filled: ac-redirect-uri = "/callback"
✅ Filled: ac-scope = "openid profile email offline_a..."
✅ Filled: ac-state = "abc123state"
✅ Filled: ac-nonce = "n-0S6_WzA2Mj"
✅ Filled: ac-user = "jane.doe@example.com"
✅ Filled: ac-method = "S256 (recommended)"
✅ Filled: ac-verifier = "sample-code-verifier-123456789..."
✅ Filled: ac-secret = "topsecret"
Summary for /flows/oidc-authorization-code-v9:
  Total fields: 9
  Filled fields: 9
  Empty fields: 0
  Empty required fields: 0

=== Testing: /flows/client-credentials-v9 ===
Found 4 input fields
✅ Filled: field-0 = "v7m-client-credentials"
✅ Filled: field-1 = "topsecret"
✅ Filled: field-2 = "read write"
⚠️  Empty optional field: field-3 (input) - https://api.example.com
Summary for /flows/client-credentials-v9:
  Total fields: 4
  Filled fields: 3
  Empty fields: 1
  Empty required fields: 0

=== Testing: /flows/device-authorization-v9 ===
Found 4 input fields
✅ Filled: field-0 = "v7m-device-client"
✅ Filled: field-1 = "read write"
✅ Filled: field-2 = "jane.doe@example.com"
✅ Filled: field-3 = "topsecret"
Summary for /flows/device-authorization-v9:
  Total fields: 4
  Filled fields: 4
  Empty fields: 0
  Empty required fields: 0

=== Testing: /flows/implicit-v9 ===
Found 5 input fields
✅ Filled: field-0 = "v7m-client"
✅ Filled: field-1 = "/implicit-callback"
✅ Filled: field-2 = "read write"
✅ Filled: field-3 = "abc123state"
✅ Filled: field-4 = "jane.doe@example.com"
Summary for /flows/implicit-v9:
  Total fields: 5
  Filled fields: 5
  Empty fields: 0
  Empty required fields: 0

=== Testing: /flows/oidc-hybrid-v9 ===
Found 9 input fields
✅ Filled: responseType = "code id_token"
✅ Filled: responseType = "code token"
✅ Filled: responseType = "code id_token token"
✅ Filled: field-3 = "v7m-hybrid-client"
✅ Filled: field-4 = "/hybrid-callback"
✅ Filled: field-5 = "openid profile email"
✅ Filled: field-6 = "hybrid-state-xyz"
✅ Filled: field-7 = "hybrid-nonce-abc"
✅ Filled: field-8 = "jane.doe@example.com"
Summary for /flows/oidc-hybrid-v9:
  Total fields: 9
  Filled fields: 9
  Empty fields: 0
  Empty required fields: 0

=== Testing: /flows/dpop-authorization-code-v9 ===
Found 30 input fields
✅ Filled: field-0 = "on"
✅ Filled: specVersion = "oauth2.0"
✅ Filled: specVersion = "oidc"
✅ Filled: specVersion = "oauth2.1"
✅ Filled: flowTypeSelect = "Authorization Code"
✅ Filled: client-type = "public"
✅ Filled: client-type = "confidential"
✅ Filled: application-type = "Web Application"
✅ Filled: environment-id = "b9817c16-9910-4415-b67e-4ac687..."
✅ Filled: field-9 = "on"
✅ Filled: field-10 = "on"
⚠️  Empty optional field: client-id (text) - abc123def456...
⚠️  Empty optional field: client-secret (password) - ••••••••••••••••
✅ Filled: field-13 = "🔓 OPTIONAL - PKCE is optional..."
⚠️  Empty optional field: issuer-url (text) - Using: b9817c16-9910-4415-b67e-4ac687da74d9 (or enter custom)
✅ Filled: field-15 = "📝 Client Secret Post (Form Bo..."
✅ Filled: field-16 = "🔐 code (Recommended)"
✅ Filled: redirect-uris = "https://api.pingdemo.com:3000/..."
✅ Filled: field-18 = "🔗 Query String (Recommended)"
✅ Filled: field-19 = "openid"
✅ Filled: field-20 = "on"
✅ Filled: field-21 = "🟡 Optional"
✅ Filled: field-22 = "🔗 Query String (Recommended)"
✅ Filled: field-23 = "on"
⚠️  Empty optional field: field-24 (text) - https://auth.example.com
⚠️  Empty optional field: login-hint-dropdown (text) - Worker token required
✅ Filled: field-26 = "✏️ Custom value..."
⚠️  Empty optional field: field-27 (number) - Enter seconds (e.g., 300 for 5 minutes)
✅ Filled: display-mode-select = "Default (page)"
✅ Filled: field-29 = "Default (server decides)"
Summary for /flows/dpop-authorization-code-v9:
  Total fields: 30
  Filled fields: 24
  Empty fields: 6
  Empty required fields: 0

=== Testing: /flows/mock-mcp-agent-flow ===
Found 0 input fields
Summary for /flows/mock-mcp-agent-flow:
  Total fields: 0
  Filled fields: 0
  Empty fields: 0
  Empty required fields: 0

=== OVERALL VALIDATION SUMMARY ===
Total fields across all flows: 61
Total filled fields: 54
Total empty fields: 7
Total empty required fields: 0

⚠️  Found 7 empty optional fields (this may be acceptable)

/flows/client-credentials-v9 - 1 empty optional fields:
  - field-3 (input)

/flows/dpop-authorization-code-v9 - 6 empty optional fields:
  - client-id (text)
  - client-secret (password)
  - issuer-url (text)
  - field-24 (text)
  - login-hint-dropdown (text)
  - field-27 (number)
]]>
</system-out>
</testcase>
<testcase name="Mock Flows - Field Validation › mock flows display educational/mock indicators" classname="mock-flows-field-validation.spec.ts" time="20.148">
<system-out>
<![CDATA[
Checking mock indicators for: /flows/oidc-authorization-code-v9
✅ Found mock indicator: "Educational Mock Mode"

Checking mock indicators for: /flows/client-credentials-v9
✅ Found mock indicator: "Educational Mock Mode"

Checking mock indicators for: /flows/device-authorization-v9
✅ Found mock indicator: "Educational Mock Mode"

Checking mock indicators for: /flows/implicit-v9
✅ Found mock indicator: "Educational Mock Mode"

Checking mock indicators for: /flows/oidc-hybrid-v9
✅ Found mock indicator: "Educational Mock Mode"

Checking mock indicators for: /flows/dpop-authorization-code-v9
✅ Found mock indicator: "EDUCATIONAL"

Checking mock indicators for: /flows/mock-mcp-agent-flow
✅ Found mock indicator: "Educational Mock Mode"
]]>
</system-out>
</testcase>
</testsuite>
<testsuite name="mock-flows-final.spec.ts" timestamp="2026-03-22T13:31:33.877Z" hostname="Mobile Chrome" tests="4" failures="1" skipped="0" time="35.445" errors="0">
<testcase name="Mock Flows - Core Functionality › all mock flows load successfully" classname="mock-flows-final.spec.ts" time="17.875">
<system-out>
<![CDATA[Testing: /flows/oidc-authorization-code-v9
✓ /flows/oidc-authorization-code-v9 loaded successfully
Testing: /flows/client-credentials-v9
✓ /flows/client-credentials-v9 loaded successfully
Testing: /flows/device-authorization-v9
✓ /flows/device-authorization-v9 loaded successfully
Testing: /flows/implicit-v9
✓ /flows/implicit-v9 loaded successfully
Testing: /flows/oidc-hybrid-v9
✓ /flows/oidc-hybrid-v9 loaded successfully
Testing: /flows/dpop-authorization-code-v9
✓ /flows/dpop-authorization-code-v9 loaded successfully
Testing: /flows/mock-mcp-agent-flow
✓ /flows/mock-mcp-agent-flow loaded successfully
]]>
</system-out>
</testcase>
<testcase name="Mock Flows - Core Functionality › mock flows have pre-filled form data" classname="mock-flows-final.spec.ts" time="8.224">
<system-out>
<![CDATA[✓ /flows/oidc-authorization-code-v9 has pre-filled data: v7m-client...
✓ /flows/oidc-authorization-code-v9 - Form data check completed
✓ /flows/client-credentials-v9 has pre-filled data: v7m-client-credentia...
✓ /flows/client-credentials-v9 - Form data check completed
]]>
</system-out>
</testcase>
<testcase name="Mock Flows - Core Functionality › mock flows do not require user credentials" classname="mock-flows-final.spec.ts" time="4.732">
<failure message="mock-flows-final.spec.ts:80:2 mock flows do not require user credentials" type="FAILURE">
<![CDATA[  [Mobile Chrome] › mock-flows-final.spec.ts:80:2 › Mock Flows - Core Functionality › mock flows do not require user credentials 

    Error: locator.isVisible: Error: strict mode violation: getByText(/access_token|id_token|code=/) resolved to 3 elements:
        1) <pre class="sc-itktkX iKlOV">{↵  "redirect_uri": "https://api.pingdemo.com/cal…</pre> aka getByText('{ "redirect_uri": "https://')
        2) <pre class="sc-itktkX iKlOV">{↵  "access_token": "eyJhbGciOiJSUzI1NiIsImtpZCI6…</pre> aka getByText('{ "access_token": "')
        3) <li>The response includes <ParameterHighlight>access_…</li> aka getByText('The response includes <')

    Call log:
        - checking visibility of getByText(/access_token|id_token|code=/)


      105 | 		} else {
      106 | 			// Check if flow already shows results/tokens
    > 107 | 			const hasTokens = await page.getByText(/access_token|id_token|code=/).isVisible();
          | 			                                                                      ^
      108 | 			if (hasTokens) {
      109 | 				console.log('✓ Flow already shows token results');
      110 | 			} else {
        at /Users/cmuir/P1Import-apps/oauth-playground/tests/e2e/mock-flows-final.spec.ts:107:74

    attachment #1: screenshot (image/png) ──────────────────────────────────────────────────────────
    ../../test-results/mock-flows-final-Mock-Flow-06f7d-ot-require-user-credentials-Mobile-Chrome/test-failed-1.png
    ────────────────────────────────────────────────────────────────────────────────────────────────

    attachment #2: video (video/webm) ──────────────────────────────────────────────────────────────
    ../../test-results/mock-flows-final-Mock-Flow-06f7d-ot-require-user-credentials-Mobile-Chrome/video.webm
    ────────────────────────────────────────────────────────────────────────────────────────────────

    Error Context: ../../test-results/mock-flows-final-Mock-Flow-06f7d-ot-require-user-credentials-Mobile-Chrome/error-context.md
]]>
</failure>
<system-out>
<![CDATA[
[[ATTACHMENT|mock-flows-final-Mock-Flow-06f7d-ot-require-user-credentials-Mobile-Chrome/test-failed-1.png]]

[[ATTACHMENT|mock-flows-final-Mock-Flow-06f7d-ot-require-user-credentials-Mobile-Chrome/video.webm]]

[[ATTACHMENT|mock-flows-final-Mock-Flow-06f7d-ot-require-user-credentials-Mobile-Chrome/error-context.md]]
]]>
</system-out>
</testcase>
<testcase name="Mock Flows - Core Functionality › mock flows handle navigation gracefully" classname="mock-flows-final.spec.ts" time="4.614">
<system-out>
<![CDATA[✓ /flows/client-credentials-v9 navigation handled gracefully
]]>
</system-out>
</testcase>
</testsuite>
<testsuite name="mock-flows-simple.spec.ts" timestamp="2026-03-22T13:31:33.877Z" hostname="Mobile Chrome" tests="3" failures="0" skipped="0" time="15.083" errors="0">
<testcase name="Mock Flows - Basic Connectivity › can access frontend server" classname="mock-flows-simple.spec.ts" time="1.288">
</testcase>
<testcase name="Mock Flows - Basic Connectivity › can access a mock flow route" classname="mock-flows-simple.spec.ts" time="5.396">
<system-out>
<![CDATA[Page content length: [33m958523[39m
Has mock content: [33mtrue[39m
Has inputs/buttons: [33mtrue[39m
]]>
</system-out>
</testcase>
<testcase name="Mock Flows - Basic Connectivity › test multiple mock flow routes for basic loading" classname="mock-flows-simple.spec.ts" time="8.399">
<system-out>
<![CDATA[Testing: /flows/oidc-authorization-code-v9
  Title: MasterFlow API - PingOne Integration Platform
  Has errors: true
  ✓ Page loaded successfully
Testing: /flows/client-credentials-v9
  Title: MasterFlow API - PingOne Integration Platform
  Has errors: true
  ✓ Page loaded successfully
Testing: /flows/device-authorization-v9
  Title: MasterFlow API - PingOne Integration Platform
  Has errors: true
  ✓ Page loaded successfully
]]>
</system-out>
</testcase>
</testsuite>
<testsuite name="mock-flows.spec.ts" timestamp="2026-03-22T13:31:33.877Z" hostname="Mobile Chrome" tests="9" failures="4" skipped="0" time="109.045" errors="0">
<testcase name="Mock Flows - OIDC › Authorization Code Flow › loads and displays pre-filled mock data" classname="mock-flows.spec.ts" time="6.461">
</testcase>
<testcase name="Mock Flows - OIDC › Authorization Code Flow › can navigate to authorization endpoint" classname="mock-flows.spec.ts" time="4.354">
</testcase>
<testcase name="Mock Flows - OIDC › Hybrid Flow › loads with pre-filled mock credentials" classname="mock-flows.spec.ts" time="6.671">
<system-out>
<![CDATA[Empty input found: Search flows and pages... (⌘K)
]]>
</system-out>
</testcase>
<testcase name="Mock Flows - OIDC › Implicit Flow › loads implicit grant flow with mock data" classname="mock-flows.spec.ts" time="4.991">
<failure message="mock-flows.spec.ts:133:3 loads implicit grant flow with mock data" type="FAILURE">
<![CDATA[  [Mobile Chrome] › mock-flows.spec.ts:133:3 › Mock Flows - OIDC › Implicit Flow › loads implicit grant flow with mock data 

    Error: locator.isVisible: Error: strict mode violation: locator('main, .main-content, .flow-container, .container').first().getByText(/OAuth|OIDC|Token/i) resolved to 12 elements:
        1) <p>This flow simulates OAuth/OIDC endpoints for lear…</p> aka getByText('This flow simulates OAuth/')
        2) <p>…</p> aka getByText('The Implicit Flow is')
        3) <p class="sc-hKosrq gwnpvx">⚡ V9: Implicit Flow with OAuth 2.0 and OIDC varia…</p> aka getByText('⚡ V9: Implicit Flow with')
        4) <p>Implicit flow returns access tokens (and optional…</p> aka getByText('Implicit flow returns access')
        5) <p>Tokens appear in the redirect URL fragment (#...)…</p> aka getByText('Tokens appear in the redirect')
        6) <p>OAuth 2.0 Implicit Grant (RFC 6749 §4.2). Depreca…</p> aka getByText('OAuth 2.0 Implicit Grant (RFC')
        7) <li>Fewer round trips than authorization code (no tok…</li> aka getByText('Fewer round trips than')
        8) <li>Fragment keeps tokens out of server logs and refe…</li> aka getByText('Fragment keeps tokens out of')
        9) <p>…</p> aka getByText('Educational implementation: This is a mock implementation. No external IdP is')
        10) <button type="button">OAuth 2.0</button> aka getByRole('button', { name: 'OAuth' })
        ...

    Call log:
        - checking visibility of locator('main, .main-content, .flow-container, .container').first().getByText(/OAuth|OIDC|Token/i)


      145 | 				} else {
      146 | 					// Check if the page has any OAuth content as fallback
    > 147 | 					const hasOAuthContent = await mainContent.getByText(/OAuth|OIDC|Token/i).isVisible();
          | 					                                                                         ^
      148 | 					expect(hasOAuthContent).toBeTruthy();
      149 | 				}
      150 | 			} else {
        at /Users/cmuir/P1Import-apps/oauth-playground/tests/e2e/mock-flows.spec.ts:147:79

    attachment #1: screenshot (image/png) ──────────────────────────────────────────────────────────
    ../../test-results/mock-flows-Mock-Flows---OI-960ef-t-grant-flow-with-mock-data-Mobile-Chrome/test-failed-1.png
    ────────────────────────────────────────────────────────────────────────────────────────────────

    attachment #2: video (video/webm) ──────────────────────────────────────────────────────────────
    ../../test-results/mock-flows-Mock-Flows---OI-960ef-t-grant-flow-with-mock-data-Mobile-Chrome/video.webm
    ────────────────────────────────────────────────────────────────────────────────────────────────

    Error Context: ../../test-results/mock-flows-Mock-Flows---OI-960ef-t-grant-flow-with-mock-data-Mobile-Chrome/error-context.md
]]>
</failure>
<system-out>
<![CDATA[
[[ATTACHMENT|mock-flows-Mock-Flows---OI-960ef-t-grant-flow-with-mock-data-Mobile-Chrome/test-failed-1.png]]

[[ATTACHMENT|mock-flows-Mock-Flows---OI-960ef-t-grant-flow-with-mock-data-Mobile-Chrome/video.webm]]

[[ATTACHMENT|mock-flows-Mock-Flows---OI-960ef-t-grant-flow-with-mock-data-Mobile-Chrome/error-context.md]]
]]>
</system-out>
</testcase>
<testcase name="Mock Flows - OIDC › DPoP Flow › loads DPoP Authorization Code flow" classname="mock-flows.spec.ts" time="6.821">
</testcase>
<testcase name="Mock Flows - MCP &amp; Agent › Mock MCP Agent Flow › loads MCP agent flow with mock data" classname="mock-flows.spec.ts" time="4.792">
<failure message="mock-flows.spec.ts:206:3 loads MCP agent flow with mock data" type="FAILURE">
<![CDATA[  [Mobile Chrome] › mock-flows.spec.ts:206:3 › Mock Flows - MCP & Agent › Mock MCP Agent Flow › loads MCP agent flow with mock data 

    Error: locator.isVisible: Error: strict mode violation: locator('main, .main-content, .flow-container, .container').first().getByText(/Agent|AI|Model/i) resolved to 15 elements:
        1) <p>This flow simulates an AI Agent using MCP tools a…</p> aka getByText('This flow simulates an AI')
        2) <h1 class="sc-gVJvzG lbZpzN">Mock MCP Agent Flow</h1> aka getByRole('heading', { name: 'Mock MCP Agent Flow' })
        3) <p class="sc-dOoqMn jEJFFf">🤖 Educational: Simulated Agent, MCP server, and T…</p> aka getByText('🤖 Educational: Simulated')
        4) <h3 class="sc-pKqrn cvMsGw">Secure AI Agent Authentication</h3> aka getByRole('button', { name: '🔐 Secure AI Agent' })
        5) <p class="sc-gvPdwM gHlQFt">Token storage, exchange, and MCP consent — read b…</p> aka getByRole('button', { name: '🔐 Secure AI Agent' })
        6) <p>…</p> aka getByText('Token storage: Never store')
        7) <p>…</p> aka getByText('MCP spec: Hosts must obtain')
        8) <p>Simulated Agent requests a worker token from the …</p> aka getByText('Simulated Agent requests a')
        9) <p>Agent exchanges the subject token for a new token…</p> aka getByText('Agent exchanges the subject')
        10) <p>Agent calls list-users with the exchanged token.</p> aka getByText('Agent calls list-users with')
        ...

    Call log:
        - checking visibility of locator('main, .main-content, .flow-container, .container').first().getByText(/Agent|AI|Model/i)


      218 | 				} else {
      219 | 					// Check if the page has any agent content as fallback
    > 220 | 					const hasAgentContent = await mainContent.getByText(/Agent|AI|Model/i).isVisible();
          | 					                                                                       ^
      221 | 					expect(hasAgentContent).toBeTruthy();
      222 | 				}
      223 | 			} else {
        at /Users/cmuir/P1Import-apps/oauth-playground/tests/e2e/mock-flows.spec.ts:220:77

    attachment #1: screenshot (image/png) ──────────────────────────────────────────────────────────
    ../../test-results/mock-flows-Mock-Flows---MC-757fb-P-agent-flow-with-mock-data-Mobile-Chrome/test-failed-1.png
    ────────────────────────────────────────────────────────────────────────────────────────────────

    attachment #2: video (video/webm) ──────────────────────────────────────────────────────────────
    ../../test-results/mock-flows-Mock-Flows---MC-757fb-P-agent-flow-with-mock-data-Mobile-Chrome/video.webm
    ────────────────────────────────────────────────────────────────────────────────────────────────

    Error Context: ../../test-results/mock-flows-Mock-Flows---MC-757fb-P-agent-flow-with-mock-data-Mobile-Chrome/error-context.md
]]>
</failure>
<system-out>
<![CDATA[
[[ATTACHMENT|mock-flows-Mock-Flows---MC-757fb-P-agent-flow-with-mock-data-Mobile-Chrome/test-failed-1.png]]

[[ATTACHMENT|mock-flows-Mock-Flows---MC-757fb-P-agent-flow-with-mock-data-Mobile-Chrome/video.webm]]

[[ATTACHMENT|mock-flows-Mock-Flows---MC-757fb-P-agent-flow-with-mock-data-Mobile-Chrome/error-context.md]]
]]>
</system-out>
</testcase>
<testcase name="Mock Flows - Error Handling › all mock flows handle navigation gracefully" classname="mock-flows.spec.ts" time="60.633">
<failure message="mock-flows.spec.ts:241:2 all mock flows handle navigation gracefully" type="FAILURE">
<![CDATA[  [Mobile Chrome] › mock-flows.spec.ts:241:2 › Mock Flows - Error Handling › all mock flows handle navigation gracefully 

    Test timeout of 60000ms exceeded.

    attachment #1: screenshot (image/png) ──────────────────────────────────────────────────────────
    ../../test-results/mock-flows-Mock-Flows---Er-9be93-andle-navigation-gracefully-Mobile-Chrome/test-failed-1.png
    ────────────────────────────────────────────────────────────────────────────────────────────────

    attachment #2: video (video/webm) ──────────────────────────────────────────────────────────────
    ../../test-results/mock-flows-Mock-Flows---Er-9be93-andle-navigation-gracefully-Mobile-Chrome/video.webm
    ────────────────────────────────────────────────────────────────────────────────────────────────

    Error Context: ../../test-results/mock-flows-Mock-Flows---Er-9be93-andle-navigation-gracefully-Mobile-Chrome/error-context.md
]]>
</failure>
<system-out>
<![CDATA[✗ /flows/oidc-authorization-code-v9 - Error: Error: locator.isVisible: Error: strict mode violation: locator('main, .main-content, .flow-container, .container').first().getByText(/OAuth|OIDC|Authorization|Client|Token|Flow|Mock|Educational/i) resolved to 51 elements:
    1) <strong>📚 Educational Mock Mode</strong> aka getByText('📚 Educational Mock Mode')
    2) <p>This flow is a simulated sandbox — no real networ…</p> aka getByText('This flow is a simulated')
    3) <h1 class="sc-gHCuMo gaKhVK">Authorization Code Flow (V9)</h1> aka getByRole('heading', { name: 'Authorization Code Flow (V9)' })
    4) <p class="sc-dkkA-Db iMQAPf">🔐 V9: Production-grade Authorization Code Flow wi…</p> aka getByText('🔐 V9: Production-grade')
    5) <div class="sc-eRdibq dgqIrI">PingOne MasterFlow API v9.16.23</div> aka getByText('PingOne MasterFlow API v9.16.')
    6) <button type="button" title="Reset flow">↻ Reset Flow</button> aka getByRole('button', { name: '↻ Reset Flow' })
    7) <h2>How Authorization Code Flow Works</h2> aka getByRole('heading', { name: 'How Authorization Code Flow' })
    8) <strong>authorization server</strong> aka getByText('authorization server')
    9) <div>Step 1 — Build the Authorization URL</div> aka getByText('Step 1 — Build the')
    10) <div>Your app redirects the user to PingOne with param…</div> aka getByText('Your app redirects the user')
    ...

Call log:
[2m    - checking visibility of locator('main, .main-content, .flow-container, .container').first().getByText(/OAuth|OIDC|Authorization|Client|Token|Flow|Mock|Educational/i)[22m

✗ /flows/oidc-hybrid-v9 - Error: Error: locator.isVisible: Error: strict mode violation: locator('main, .main-content, .flow-container, .container').first().getByText(/OAuth|OIDC|Authorization|Client|Token|Flow|Mock|Educational/i) resolved to 47 elements:
    1) <strong>📚 Educational Mock Mode</strong> aka getByText('📚 Educational Mock Mode')
    2) <p>Simulates OIDC Hybrid Flow in-browser. No externa…</p> aka getByText('Simulates OIDC Hybrid Flow in')
    3) <p>…</p> aka getByText('OIDC Hybrid Flow is')
    4) <h1 class="sc-gVcfYx jOAyXA">Hybrid Flow - Unified OAuth/OIDC</h1> aka getByRole('heading', { name: 'Hybrid Flow - Unified OAuth/' })
    5) <p class="sc-iBUNwM dikIpr">🔄 Unified OAuth/OIDC hybrid flow implementation -…</p> aka getByText('🔄 Unified OAuth/OIDC hybrid')
    6) <div class="sc-bguTAo gvuZNz">PingOne MasterFlow API v9.16.23</div> aka getByText('PingOne MasterFlow API v9.16.')
    7) <button type="button" title="Reset flow">↻ Reset Flow</button> aka getByRole('button', { name: '↻ Reset Flow' })
    8) <header>…</header> aka getByText('ℹ️ About this flow')
    9) <p>OIDC Hybrid flow returns both an authorization co…</p> aka getByText('OIDC Hybrid flow returns both')
    10) <p>The id_token in the front-channel response includ…</p> aka getByText('The id_token in the front-channel response includes a c_hash binding it to the')
    ...

Call log:
[2m    - checking visibility of locator('main, .main-content, .flow-container, .container').first().getByText(/OAuth|OIDC|Authorization|Client|Token|Flow|Mock|Educational/i)[22m

✗ /flows/ciba-v9 - Error: Error: locator.isVisible: Error: strict mode violation: locator('main, .main-content, .flow-container, .container').first().getByText(/OAuth|OIDC|Authorization|Client|Token|Flow|Mock|Educational/i) resolved to 17 elements:
    1) <strong>📚 Educational Mock Mode</strong> aka getByText('📚 Educational Mock Mode')
    2) <p>Simulates OIDC CIBA Core 1.0 in-browser. No exter…</p> aka getByText('Simulates OIDC CIBA Core 1.0')
    3) <h1 class="sc-cKccrY krYSpS">CIBA Flow (V9) — Client Initiated Backchannel Aut…</h1> aka getByRole('heading', { name: 'CIBA Flow (V9) — Client' })
    4) <p class="sc-cheYLD llesBS">🛡️ V9: Backchannel authentication flow for decoup…</p> aka getByText('🛡️ V9: Backchannel')
    5) <div class="sc-ebjlnS dKtRzF">PingOne MasterFlow API v9.16.23</div> aka getByText('PingOne MasterFlow API v9.16.')
    6) <button type="button" title="Reset flow">↻ Reset Flow</button> aka getByRole('button', { name: '↻ Reset Flow' })
    7) <header>…</header> aka getByText('ℹ️ About this flow')
    8) <p>CIBA (Client-Initiated Backchannel Authentication…</p> aka getByText('CIBA (Client-Initiated')
    9) <p>No browser redirect in the requesting app. The us…</p> aka getByText('No browser redirect in the requesting app. The user approves or denies on their')
    10) <p>OpenID Connect CIBA Core 1.0 (Client-Initiated Ba…</p> aka getByText('OpenID Connect CIBA Core 1.0')
    ...

Call log:
[2m    - checking visibility of locator('main, .main-content, .flow-container, .container').first().getByText(/OAuth|OIDC|Authorization|Client|Token|Flow|Mock|Educational/i)[22m

✗ /flows/client-credentials-v9 - Error: Error: locator.isVisible: Error: strict mode violation: locator('main, .main-content, .flow-container, .container').first().getByText(/OAuth|OIDC|Authorization|Client|Token|Flow|Mock|Educational/i) resolved to 33 elements:
    1) <strong>📚 Educational Mock Mode</strong> aka getByText('📚 Educational Mock Mode')
    2) <p>This flow simulates OAuth Client Credentials (RFC…</p> aka getByText('This flow simulates OAuth')
    3) <h1 class="sc-gHCuMo gaKhVK">Client Credentials Flow (V9)</h1> aka getByRole('heading', { name: 'Client Credentials Flow (V9)' })
    4) <p class="sc-dkkA-Db iMQAPf">🔑 V9: Machine-to-machine authentication for backe…</p> aka getByText('🔑 V9: Machine-to-machine')
    5) <div class="sc-eRdibq dgqIrI">PingOne MasterFlow API v9.16.23</div> aka getByText('PingOne MasterFlow API v9.16.')
    6) <button type="button" title="Reset flow">↻ Reset Flow</button> aka getByRole('button', { name: '↻ Reset Flow' })
    7) <header>…</header> aka getByText('ℹ️ About this flow')
    8) <p>The client credentials grant is used when the cli…</p> aka getByText('The client credentials grant')
    9) <p>No user is present; the client is the resource ow…</p> aka getByText('No user is present; the')
    10) <p>OAuth 2.0 Client Credentials Grant (RFC 6749 §4.4…</p> aka getByText('OAuth 2.0 Client Credentials')
    ...

Call log:
[2m    - checking visibility of locator('main, .main-content, .flow-container, .container').first().getByText(/OAuth|OIDC|Authorization|Client|Token|Flow|Mock|Educational/i)[22m

✗ /flows/device-authorization-v9 - Error: Error: locator.isVisible: Error: strict mode violation: locator('main, .main-content, .flow-container, .container').first().getByText(/OAuth|OIDC|Authorization|Client|Token|Flow|Mock|Educational/i) resolved to 20 elements:
    1) <strong>📚 Educational Mock Mode</strong> aka getByText('📚 Educational Mock Mode')
    2) <p>This flow simulates OAuth Device Authorization (R…</p> aka getByText('This flow simulates OAuth')
    3) <h1 class="sc-gHCuMo gaKhVK">Device Authorization Flow (V9)</h1> aka getByRole('heading', { name: 'Device Authorization Flow (V9)' })
    4) <p class="sc-dkkA-Db iMQAPf">📱 V9: Device Authorization Grant for TVs, IoT dev…</p> aka getByText('📱 V9: Device Authorization')
    5) <div class="sc-eRdibq dgqIrI">PingOne MasterFlow API v9.16.23</div> aka getByText('PingOne MasterFlow API v9.16.')
    6) <button type="button" title="Reset flow">↻ Reset Flow</button> aka getByRole('button', { name: '↻ Reset Flow' })
    7) <header>…</header> aka getByText('ℹ️ About this flow')
    8) <p>Device authorization is designed for input-constr…</p> aka getByText('Device authorization is')
    9) <p>Two steps: (1) device requests a user_code and ve…</p> aka getByText('Two steps: (1) device')
    10) <p>OAuth 2.0 Device Authorization Grant (RFC 8628).</p> aka getByText('OAuth 2.0 Device')
    ...

Call log:
[2m    - checking visibility of locator('main, .main-content, .flow-container, .container').first().getByText(/OAuth|OIDC|Authorization|Client|Token|Flow|Mock|Educational/i)[22m

✓ /flows/ropc-v9 loaded with content
✗ /flows/implicit-v9 - Error: Error: locator.isVisible: Error: strict mode violation: locator('main, .main-content, .flow-container, .container').first().getByText(/OAuth|OIDC|Authorization|Client|Token|Flow|Mock|Educational/i) resolved to 22 elements:
    1) <strong>📚 Educational Mock Mode</strong> aka getByText('📚 Educational Mock Mode')
    2) <p>This flow simulates OAuth/OIDC endpoints for lear…</p> aka getByText('This flow simulates OAuth/')
    3) <p>…</p> aka getByText('The Implicit Flow is')
    4) <h1 class="sc-fCmSaN dFHpUh">Implicit Flow (V9)</h1> aka getByRole('heading', { name: 'Implicit Flow (V9)' })
    5) <p class="sc-hKosrq gwnpvx">⚡ V9: Implicit Flow with OAuth 2.0 and OIDC varia…</p> aka getByText('⚡ V9: Implicit Flow with')
    6) <div class="sc-QKHsT gVmDGA">PingOne MasterFlow API v9.16.23</div> aka getByText('PingOne MasterFlow API v9.16.')
    7) <button type="button" title="Reset flow">↻ Reset Flow</button> aka getByRole('button', { name: '↻ Reset Flow' })
    8) <header>…</header> aka getByText('ℹ️ About this flow')
    9) <p>Implicit flow returns access tokens (and optional…</p> aka getByText('Implicit flow returns access')
    10) <p>Tokens appear in the redirect URL fragment (#...)…</p> aka getByText('Tokens appear in the redirect')
    ...

Call log:
[2m    - checking visibility of locator('main, .main-content, .flow-container, .container').first().getByText(/OAuth|OIDC|Authorization|Client|Token|Flow|Mock|Educational/i)[22m

✗ /flows/saml-bearer-assertion-v9 - Error: Error: locator.isVisible: Error: strict mode violation: locator('main, .main-content, .flow-container, .container').first().getByText(/OAuth|OIDC|Authorization|Client|Token|Flow|Mock|Educational/i) resolved to 21 elements:
    1) <strong>📚 Educational Mock Mode</strong> aka getByText('📚 Educational Mock Mode')
    2) <p>This flow simulates the OAuth 2.0 SAML Bearer Ass…</p> aka getByText('This flow simulates the OAuth')
    3) <p class="sc-dRGYJU byKcyG">🛡️ SAML Bearer with PingFederate/PingOne AIS exam…</p> aka getByText('🛡️ SAML Bearer with')
    4) <div class="sc-gbvfcT dmHHbz">PingOne MasterFlow API v9.16.23</div> aka getByText('PingOne MasterFlow API v9.16.')
    5) <button type="button" title="Reset flow">↻ Reset Flow</button> aka getByRole('button', { name: '↻ Reset Flow' })
    6) <div class="sc-flYmRq bCOqsq">The Environment ID will be used to auto-populate …</div> aka getByText('The Environment ID will be')
    7) <label class="sc-dgtOuY faPXFM">Client ID *</label> aka getByText('Client ID *')
    8) <label class="sc-dgtOuY faPXFM">Token Endpoint *</label> aka getByText('Token Endpoint *')
    9) <div class="sc-jGvJua kTzFMO">Configure the SAML assertion that will be used as…</div> aka getByText('Configure the SAML assertion')
    10) <label class="sc-dgtOuY faPXFM">Audience (Token Endpoint) *</label> aka getByText('Audience (Token Endpoint) *')
    ...

Call log:
[2m    - checking visibility of locator('main, .main-content, .flow-container, .container').first().getByText(/OAuth|OIDC|Authorization|Client|Token|Flow|Mock|Educational/i)[22m

✗ /flows/par-v9 - Error: Error: locator.isVisible: Error: strict mode violation: locator('main, .main-content, .flow-container, .container').first().getByText(/OAuth|OIDC|Authorization|Client|Token|Flow|Mock|Educational/i) resolved to 20 elements:
    1) <strong>📚 Educational Mock Mode</strong> aka getByText('📚 Educational Mock Mode')
    2) <p>This flow demonstrates Pushed Authorization Reque…</p> aka getByText('This flow demonstrates Pushed')
    3) <h1 class="sc-behkuy hkpNMR">Pushed Authorization Requests (PAR) Flow V9</h1> aka getByRole('heading', { name: 'Pushed Authorization Requests (PAR) Flow V9' })
    4) <p class="sc-jztukb fSEOKF">Push authorization parameters to the AS before re…</p> aka getByText('Push authorization parameters')
    5) <div class="sc-OIPhL kgFJBb">PingOne MasterFlow API v9.16.23</div> aka getByText('PingOne MasterFlow API v9.16.')
    6) <button type="button" title="Reset flow">↻ Reset Flow</button> aka getByRole('button', { name: '↻ Reset Flow' })
    7) <div>Authorization URL</div> aka getByRole('button', { name: 'Authorization URL 4 of' })
    8) <div>Token Exchange</div> aka getByRole('button', { name: 'Token Exchange 5 of' })
    9) <div>Flow Completion</div> aka getByRole('button', { name: 'Flow Completion 6 of' })
    10) <p>Understanding Pushed Authorization Requests</p> aka getByRole('main').getByText('Understanding Pushed')
    ...

Call log:
[2m    - checking visibility of locator('main, .main-content, .flow-container, .container').first().getByText(/OAuth|OIDC|Authorization|Client|Token|Flow|Mock|Educational/i)[22m

✗ /flows/rar-v9 - Error: Error: locator.isVisible: Error: strict mode violation: locator('main, .main-content, .flow-container, .container').first().getByText(/OAuth|OIDC|Authorization|Client|Token|Flow|Mock|Educational/i) resolved to 21 elements:
    1) <strong>📚 Educational Mock Mode</strong> aka getByText('📚 Educational Mock Mode')
    2) <p>This is a mock/educational implementation demonst…</p> aka getByText('This is a mock/educational').first()
    3) <h1 class="sc-behkuy hkpNMR">Rich Authorization Requests (RAR) Flow V9</h1> aka getByRole('heading', { name: 'Rich Authorization Requests (RAR) Flow V9' })
    4) <p class="sc-jztukb fSEOKF">Fine-grained OAuth authorization with structured …</p> aka getByText('Fine-grained OAuth')
    5) <div class="sc-OIPhL kgFJBb">PingOne MasterFlow API v9.16.23</div> aka getByText('PingOne MasterFlow API v9.16.')
    6) <button type="button" title="Reset flow">↻ Reset Flow</button> aka getByRole('button', { name: '↻ Reset Flow' })
    7) <div>Authorization Request</div> aka getByRole('button', { name: 'Authorization Request 3 of' })
    8) <div>Token Exchange</div> aka getByRole('button', { name: 'Token Exchange 4 of' })
    9) <div>Flow Completion</div> aka getByRole('button', { name: 'Flow Completion 5 of' })
    10) <p>Understanding Rich Authorization Requests</p> aka getByRole('main').getByText('Understanding Rich')
    ...

Call log:
[2m    - checking visibility of locator('main, .main-content, .flow-container, .container').first().getByText(/OAuth|OIDC|Authorization|Client|Token|Flow|Mock|Educational/i)[22m

✗ /flows/dpop-authorization-code-v9 - Error: Error: locator.isVisible: Error: strict mode violation: locator('main, .main-content, .flow-container, .container').first().getByText(/OAuth|OIDC|Authorization|Client|Token|Flow|Mock|Educational/i) resolved to 201 elements:
    1) <div>Worker Token Missing — API calls will fail until …</div> aka getByText('Worker Token Missing — API')
    2) <div>No worker token found.</div> aka locator('div').filter({ hasText: /^No worker token found\.$/ })
    3) <button type="button">🔑 Fix Token</button> aka getByRole('button', { name: '🔑 Fix Token' })
    4) <h1 class="sc-iBBJcU gqErUg">Unified OAuth/OIDC Flow</h1> aka getByRole('heading', { name: 'Unified OAuth/OIDC Flow' })
    5) <p class="sc-fHsjtB eNqpvI">Single UI for all OAuth 2.0, OAuth 2.1 / OIDC 2.1…</p> aka getByText('Single UI for all OAuth 2.0,')
    6) <div class="sc-behkuy exEuPd">PingOne MasterFlow API v9.16.23</div> aka getByText('PingOne MasterFlow API v9.16.')
    7) <button type="button" title="View comprehensive comparison guide for OAuth/OIDC specifications and flow types">…</button> aka getByRole('button', { name: '📖 📚 Flow & Spec Comparison' })
    8) <button type="button" title="Download comprehensive Postman collection for all Unified flows (Authorization Code, Implicit, Client Credentials, Device Code, Hybrid) grouped by Registration and Authentication">…</button> aka getByRole('button', { name: '📦 Postman Unified Flows' })
    9) <div class="sc-fnLEGL hNVabM">Show all educational content with detailed explan…</div> aka getByText('Show all educational content')
    10) <span>Educational Content</span> aka getByRole('button', { name: '📖 Educational Content ➡️' })
    ...

Call log:
[2m    - checking visibility of locator('main, .main-content, .flow-container, .container').first().getByText(/OAuth|OIDC|Authorization|Client|Token|Flow|Mock|Educational/i)[22m

✗ /flows/mock-mcp-agent-flow - Error: Error: page.waitForTimeout: Test timeout of 60000ms exceeded.

[[ATTACHMENT|mock-flows-Mock-Flows---Er-9be93-andle-navigation-gracefully-Mobile-Chrome/test-failed-1.png]]

[[ATTACHMENT|mock-flows-Mock-Flows---Er-9be93-andle-navigation-gracefully-Mobile-Chrome/video.webm]]

[[ATTACHMENT|mock-flows-Mock-Flows---Er-9be93-andle-navigation-gracefully-Mobile-Chrome/error-context.md]]
]]>
</system-out>
</testcase>
<testcase name="Mock Flows - Error Handling › mock flows do not require user credentials" classname="mock-flows.spec.ts" time="12.039">
<system-out>
<![CDATA[✓ /flows/oidc-authorization-code-v9 - All required fields pre-filled
✓ /flows/client-credentials-v9 - All required fields pre-filled
✓ /flows/device-authorization-v9 - All required fields pre-filled
]]>
</system-out>
</testcase>
<testcase name="Mock Flows - UI Consistency › all mock flows have consistent styling and layout" classname="mock-flows.spec.ts" time="2.283">
<failure message="mock-flows.spec.ts:341:2 all mock flows have consistent styling and layout" type="FAILURE">
<![CDATA[  [Mobile Chrome] › mock-flows.spec.ts:341:2 › Mock Flows - UI Consistency › all mock flows have consistent styling and layout 

    Error: expect(received).toBeTruthy()

    Received: false

      356 | 				.locator('h1, h2')
      357 | 				.evaluateAll((els) => els.some((el) => el.getBoundingClientRect().height > 0));
    > 358 | 			expect(hasVisibleHeading).toBeTruthy();
          | 			                          ^
      359 |
      360 | 			// V9 flow pages use styled-components — class names are hash-based, not semantic.
      361 | 			// Confirm styled-component rendering via button count (checked fully below).
        at /Users/cmuir/P1Import-apps/oauth-playground/tests/e2e/mock-flows.spec.ts:358:30

    attachment #1: screenshot (image/png) ──────────────────────────────────────────────────────────
    ../../test-results/mock-flows-Mock-Flows---UI-d708a-nsistent-styling-and-layout-Mobile-Chrome/test-failed-1.png
    ────────────────────────────────────────────────────────────────────────────────────────────────

    attachment #2: video (video/webm) ──────────────────────────────────────────────────────────────
    ../../test-results/mock-flows-Mock-Flows---UI-d708a-nsistent-styling-and-layout-Mobile-Chrome/video.webm
    ────────────────────────────────────────────────────────────────────────────────────────────────

    Error Context: ../../test-results/mock-flows-Mock-Flows---UI-d708a-nsistent-styling-and-layout-Mobile-Chrome/error-context.md
]]>
</failure>
<system-out>
<![CDATA[
[[ATTACHMENT|mock-flows-Mock-Flows---UI-d708a-nsistent-styling-and-layout-Mobile-Chrome/test-failed-1.png]]

[[ATTACHMENT|mock-flows-Mock-Flows---UI-d708a-nsistent-styling-and-layout-Mobile-Chrome/video.webm]]

[[ATTACHMENT|mock-flows-Mock-Flows---UI-d708a-nsistent-styling-and-layout-Mobile-Chrome/error-context.md]]
]]>
</system-out>
</testcase>
</testsuite>
<testsuite name="playwright-setup.spec.ts" timestamp="2026-03-22T13:31:33.877Z" hostname="Mobile Chrome" tests="3" failures="0" skipped="0" time="3.591" errors="0">
<testcase name="Playwright Setup Verification › Playwright is properly installed and configured" classname="playwright-setup.spec.ts" time="1.565">
</testcase>
<testcase name="Playwright Setup Verification › Can access local development server" classname="playwright-setup.spec.ts" time="1.182">
<system-out>
<![CDATA[Development server not running - this is expected for setup verification
]]>
</system-out>
</testcase>
<testcase name="Playwright Setup Verification › Playwright configuration is valid" classname="playwright-setup.spec.ts" time="0.844">
</testcase>
</testsuite>
<testsuite name="simple-server-test.spec.ts" timestamp="2026-03-22T13:31:33.877Z" hostname="Mobile Chrome" tests="6" failures="0" skipped="0" time="23.759" errors="0">
<testcase name="Server Connectivity Tests › frontend server responds" classname="simple-server-test.spec.ts" time="2.352">
</testcase>
<testcase name="Server Connectivity Tests › backend API health check" classname="simple-server-test.spec.ts" time="0.928">
</testcase>
<testcase name="Server Connectivity Tests › can access simple page without React errors" classname="simple-server-test.spec.ts" time="2.895">
<system-out>
<![CDATA[Page title: MasterFlow API - PingOne Integration Platform
]]>
</system-out>
</testcase>
<testcase name="Server Connectivity Tests › can handle navigation to MFA route" classname="simple-server-test.spec.ts" time="10.167">
<system-out>
<![CDATA[Page content length: [33m953021[39m
Has MFA content: [33mtrue[39m
]]>
</system-out>
</testcase>
<testcase name="Error Handling Tests › handles 404 routes gracefully" classname="simple-server-test.spec.ts" time="2.293">
<system-out>
<![CDATA[404 route status: [33m200[39m
]]>
</system-out>
</testcase>
<testcase name="Error Handling Tests › can access AI Identity routes" classname="simple-server-test.spec.ts" time="5.124">
<system-out>
<![CDATA[Has AI content: [33mtrue[39m
]]>
</system-out>
</testcase>
</testsuite>
<testsuite name="unified-mfa.spec.ts" timestamp="2026-03-22T13:31:33.877Z" hostname="Mobile Chrome" tests="24" failures="0" skipped="0" time="55.787" errors="0">
<testcase name="Unified MFA Flow - Navigation &amp; UI › loads Unified MFA page with proper title and content" classname="unified-mfa.spec.ts" time="2.767">
</testcase>
<testcase name="Unified MFA Flow - Navigation &amp; UI › displays device type selection screen" classname="unified-mfa.spec.ts" time="1.988">
</testcase>
<testcase name="Unified MFA Flow - Navigation &amp; UI › shows proper flow navigation elements" classname="unified-mfa.spec.ts" time="1.188">
</testcase>
<testcase name="Unified MFA - Device Type Selection › can select SMS device type" classname="unified-mfa.spec.ts" time="1.916">
</testcase>
<testcase name="Unified MFA - Device Type Selection › can select Email device type" classname="unified-mfa.spec.ts" time="1.572">
</testcase>
<testcase name="Unified MFA - Device Type Selection › can select TOTP device type" classname="unified-mfa.spec.ts" time="1.859">
</testcase>
<testcase name="Unified MFA - Device Type Selection › can select Mobile Push device type" classname="unified-mfa.spec.ts" time="1.668">
</testcase>
<testcase name="Unified MFA - Device Type Selection › can select WhatsApp device type" classname="unified-mfa.spec.ts" time="1.53">
</testcase>
<testcase name="Unified MFA - Device Type Selection › can select FIDO2 device type" classname="unified-mfa.spec.ts" time="2.166">
</testcase>
<testcase name="Unified MFA - Registration Flow › SMS registration flow works" classname="unified-mfa.spec.ts" time="1.904">
</testcase>
<testcase name="Unified MFA - Registration Flow › Email registration flow works" classname="unified-mfa.spec.ts" time="2.243">
</testcase>
<testcase name="Unified MFA - Registration Flow › TOTP registration flow shows QR code" classname="unified-mfa.spec.ts" time="4.321">
</testcase>
<testcase name="Unified MFA - Registration Flow › FIDO2 registration flow shows security key prompt" classname="unified-mfa.spec.ts" time="2.806">
</testcase>
<testcase name="Unified MFA - Form Validation › validates required fields" classname="unified-mfa.spec.ts" time="2.128">
</testcase>
<testcase name="Unified MFA - Form Validation › validates phone number format" classname="unified-mfa.spec.ts" time="1.72">
</testcase>
<testcase name="Unified MFA - Form Validation › validates email format" classname="unified-mfa.spec.ts" time="1.87">
</testcase>
<testcase name="Unified MFA - Error Handling › handles network errors gracefully" classname="unified-mfa.spec.ts" time="2.571">
</testcase>
<testcase name="Unified MFA - Error Handling › displays helpful error messages" classname="unified-mfa.spec.ts" time="2.434">
</testcase>
<testcase name="Unified MFA - Accessibility › has proper heading structure" classname="unified-mfa.spec.ts" time="2.384">
</testcase>
<testcase name="Unified MFA - Accessibility › has accessible form controls" classname="unified-mfa.spec.ts" time="2.487">
</testcase>
<testcase name="Unified MFA - Accessibility › supports keyboard navigation" classname="unified-mfa.spec.ts" time="4.067">
</testcase>
<testcase name="Unified MFA - Responsive Design › displays properly on mobile viewport" classname="unified-mfa.spec.ts" time="1.674">
</testcase>
<testcase name="Unified MFA - Responsive Design › displays properly on tablet viewport" classname="unified-mfa.spec.ts" time="2.708">
</testcase>
<testcase name="Unified MFA - Responsive Design › displays properly on desktop viewport" classname="unified-mfa.spec.ts" time="3.816">
</testcase>
</testsuite>
<testsuite name="unified-oauth-comprehensive.spec.ts" timestamp="2026-03-22T13:31:33.877Z" hostname="Mobile Chrome" tests="16" failures="1" skipped="0" time="40.859" errors="0">
<testcase name="Unified OAuth - Core Functionality › unified oauth page loads successfully" classname="unified-oauth-comprehensive.spec.ts" time="2.004">
<failure message="unified-oauth-comprehensive.spec.ts:32:2 unified oauth page loads successfully" type="FAILURE">
<![CDATA[  [Mobile Chrome] › unified-oauth-comprehensive.spec.ts:32:2 › Unified OAuth - Core Functionality › unified oauth page loads successfully 

    Error: expect(locator).toBeVisible() failed

    Locator: getByText(/Unified OAuth|OAuth Flow|Authorization/i)
    Expected: visible
    Error: strict mode violation: getByText(/Unified OAuth|OAuth Flow|Authorization/i) resolved to 3 elements:
        1) <span class="sidebar-ping__item-label">Unified OAuth & OIDC</span> aka getByRole('link', { name: 'Unified OAuth & OIDC LIVE' })
        2) <span class="sidebar-ping__item-label">CIBA vs Device Authorization Guide</span> aka getByRole('link', { name: 'CIBA vs Device Authorization' })
        3) <div class="sc-gEkIjA jTVGlF">Loading Unified OAuth Flow...</div> aka getByText('Loading Unified OAuth Flow...')

    Call log:
      - Expect "toBeVisible" with timeout 10000ms
      - waiting for getByText(/Unified OAuth|OAuth Flow|Authorization/i)


      35 |
      36 | 		// Look for main unified flow elements
    > 37 | 		await expect(page.getByText(/Unified OAuth|OAuth Flow|Authorization/i)).toBeVisible({
         | 		                                                                        ^
      38 | 			timeout: 10000,
      39 | 		});
      40 |
        at /Users/cmuir/P1Import-apps/oauth-playground/tests/e2e/unified-oauth-comprehensive.spec.ts:37:75

    attachment #1: screenshot (image/png) ──────────────────────────────────────────────────────────
    ../../test-results/unified-oauth-comprehensiv-0bf31-uth-page-loads-successfully-Mobile-Chrome/test-failed-1.png
    ────────────────────────────────────────────────────────────────────────────────────────────────

    attachment #2: video (video/webm) ──────────────────────────────────────────────────────────────
    ../../test-results/unified-oauth-comprehensiv-0bf31-uth-page-loads-successfully-Mobile-Chrome/video.webm
    ────────────────────────────────────────────────────────────────────────────────────────────────

    Error Context: ../../test-results/unified-oauth-comprehensiv-0bf31-uth-page-loads-successfully-Mobile-Chrome/error-context.md
]]>
</failure>
<system-out>
<![CDATA[
[[ATTACHMENT|unified-oauth-comprehensiv-0bf31-uth-page-loads-successfully-Mobile-Chrome/test-failed-1.png]]

[[ATTACHMENT|unified-oauth-comprehensiv-0bf31-uth-page-loads-successfully-Mobile-Chrome/video.webm]]

[[ATTACHMENT|unified-oauth-comprehensiv-0bf31-uth-page-loads-successfully-Mobile-Chrome/error-context.md]]
]]>
</system-out>
</testcase>
<testcase name="Unified OAuth - Core Functionality › all flow types are available in selector" classname="unified-oauth-comprehensive.spec.ts" time="1.963">
</testcase>
<testcase name="Unified OAuth - Core Functionality › all spec versions are available in selector" classname="unified-oauth-comprehensive.spec.ts" time="2.133">
</testcase>
<testcase name="Unified OAuth - Core Functionality › can navigate to different flow types via URL" classname="unified-oauth-comprehensive.spec.ts" time="2.854">
<system-out>
<![CDATA[Testing flow type: oauth-authz
⚠️  oauth-authz content not immediately visible
Testing flow type: implicit
⚠️  implicit content not immediately visible
Testing flow type: client-credentials
⚠️  client-credentials content not immediately visible
Testing flow type: device-code
⚠️  device-code content not immediately visible
Testing flow type: hybrid
⚠️  hybrid content not immediately visible
]]>
</system-out>
</testcase>
<testcase name="Unified OAuth - Core Functionality › authorization code flow loads with proper components" classname="unified-oauth-comprehensive.spec.ts" time="1.811">
<system-out>
<![CDATA[⚠️  Element not found: text=Authorization Code Flow
⚠️  Element not found: text=Client ID
⚠️  Element not found: text=Client Secret
⚠️  Element not found: text=Redirect URI
⚠️  Element not found: text=Scope
⚠️  Element not found: text=PKCE
Found 0 input fields
Found 0 action buttons
]]>
</system-out>
</testcase>
<testcase name="Unified OAuth - Core Functionality › client credentials flow loads with proper components" classname="unified-oauth-comprehensive.spec.ts" time="1.931">
<system-out>
<![CDATA[⚠️  Element not found: text=Client Credentials Flow
⚠️  Element not found: text=Client ID
⚠️  Element not found: text=Client Secret
⚠️  Element not found: text=Scope
⚠️  Element not found: text=Token Endpoint
✅ Redirect URI correctly absent in client credentials flow
]]>
</system-out>
</testcase>
<testcase name="Unified OAuth - Core Functionality › implicit flow loads with proper components" classname="unified-oauth-comprehensive.spec.ts" time="1.963">
<system-out>
<![CDATA[⚠️  Element not found: text=Implicit Flow
⚠️  Element not found: text=Client ID
⚠️  Element not found: text=Redirect URI
⚠️  Element not found: text=Response Type
⚠️  Element not found: text=token
]]>
</system-out>
</testcase>
<testcase name="Unified OAuth - Core Functionality › device code flow loads with proper components" classname="unified-oauth-comprehensive.spec.ts" time="1.554">
<system-out>
<![CDATA[⚠️  Element not found: text=Device Code Flow
⚠️  Element not found: text=Device Code
⚠️  Element not found: text=User Code
⚠️  Element not found: text=Verification URI
⚠️  Element not found: text=Poll
]]>
</system-out>
</testcase>
<testcase name="Unified OAuth - Core Functionality › hybrid flow loads with proper components" classname="unified-oauth-comprehensive.spec.ts" time="8.319">
<system-out>
<![CDATA[⚠️  Element not found: text=Hybrid Flow
⚠️  Element not found: text=Authorization Code
⚠️  Element not found: text=ID Token
⚠️  Element not found: text=Response Type
⚠️  Element not found: text=code id_token
]]>
</system-out>
</testcase>
<testcase name="Unified OAuth - Core Functionality › spec version filtering works correctly" classname="unified-oauth-comprehensive.spec.ts" time="2.25">
</testcase>
<testcase name="Unified OAuth - Flow Type Changes › can switch between flow types" classname="unified-oauth-comprehensive.spec.ts" time="1.23">
</testcase>
<testcase name="Unified OAuth - Flow Type Changes › can change spec versions" classname="unified-oauth-comprehensive.spec.ts" time="1.258">
</testcase>
<testcase name="Unified OAuth - Form Interactions › authorization code form accepts input" classname="unified-oauth-comprehensive.spec.ts" time="2.436">
</testcase>
<testcase name="Unified OAuth - Form Interactions › form validation works" classname="unified-oauth-comprehensive.spec.ts" time="1.93">
</testcase>
<testcase name="Unified OAuth - Token Display › token display area exists" classname="unified-oauth-comprehensive.spec.ts" time="2.771">
</testcase>
<testcase name="Unified OAuth - Token Display › can copy token to clipboard" classname="unified-oauth-comprehensive.spec.ts" time="4.452">
</testcase>
</testsuite>
<testsuite name="unified-oauth-simple.spec.ts" timestamp="2026-03-22T13:31:33.877Z" hostname="Mobile Chrome" tests="17" failures="2" skipped="0" time="65.305" errors="0">
<testcase name="Unified OAuth - Simple Tests › unified oauth page loads" classname="unified-oauth-simple.spec.ts" time="5.329">
<failure message="unified-oauth-simple.spec.ts:17:2 unified oauth page loads" type="FAILURE">
<![CDATA[  [Mobile Chrome] › unified-oauth-simple.spec.ts:17:2 › Unified OAuth - Simple Tests › unified oauth page loads 

    Error: expect(received).toBeGreaterThan(expected)

    Expected: > 0
    Received:   0

      28 | 		const forms = page.locator('form, input, select, button');
      29 | 		const formCount = await forms.count();
    > 30 | 		expect(formCount).toBeGreaterThan(0);
         | 		                  ^
      31 | 		console.log(`Found ${formCount} form elements`);
      32 | 	});
      33 |
        at /Users/cmuir/P1Import-apps/oauth-playground/tests/e2e/unified-oauth-simple.spec.ts:30:21

    attachment #1: screenshot (image/png) ──────────────────────────────────────────────────────────
    ../../test-results/unified-oauth-simple-Unifi-a0108-ts-unified-oauth-page-loads-Mobile-Chrome/test-failed-1.png
    ────────────────────────────────────────────────────────────────────────────────────────────────

    attachment #2: video (video/webm) ──────────────────────────────────────────────────────────────
    ../../test-results/unified-oauth-simple-Unifi-a0108-ts-unified-oauth-page-loads-Mobile-Chrome/video.webm
    ────────────────────────────────────────────────────────────────────────────────────────────────

    Error Context: ../../test-results/unified-oauth-simple-Unifi-a0108-ts-unified-oauth-page-loads-Mobile-Chrome/error-context.md
]]>
</failure>
<system-out>
<![CDATA[
[[ATTACHMENT|unified-oauth-simple-Unifi-a0108-ts-unified-oauth-page-loads-Mobile-Chrome/test-failed-1.png]]

[[ATTACHMENT|unified-oauth-simple-Unifi-a0108-ts-unified-oauth-page-loads-Mobile-Chrome/video.webm]]

[[ATTACHMENT|unified-oauth-simple-Unifi-a0108-ts-unified-oauth-page-loads-Mobile-Chrome/error-context.md]]
]]>
</system-out>
</testcase>
<testcase name="Unified OAuth - Simple Tests › can navigate to authorization code flow" classname="unified-oauth-simple.spec.ts" time="3.282">
</testcase>
<testcase name="Unified OAuth - Simple Tests › can navigate to client credentials flow" classname="unified-oauth-simple.spec.ts" time="3.18">
</testcase>
<testcase name="Unified OAuth - Simple Tests › can navigate to implicit flow" classname="unified-oauth-simple.spec.ts" time="3.47">
</testcase>
<testcase name="Unified OAuth - Simple Tests › can navigate to device code flow" classname="unified-oauth-simple.spec.ts" time="3.886">
</testcase>
<testcase name="Unified OAuth - Simple Tests › can navigate to hybrid flow" classname="unified-oauth-simple.spec.ts" time="1.983">
</testcase>
<testcase name="Unified OAuth - Simple Tests › can navigate with spec versions" classname="unified-oauth-simple.spec.ts" time="3.19">
</testcase>
<testcase name="Unified OAuth - Simple Tests › forms have input fields" classname="unified-oauth-simple.spec.ts" time="2.219">
<failure message="unified-oauth-simple.spec.ts:149:2 forms have input fields" type="FAILURE">
<![CDATA[  [Mobile Chrome] › unified-oauth-simple.spec.ts:149:2 › Unified OAuth - Simple Tests › forms have input fields 

    Error: expect(received).toBeGreaterThan(expected)

    Expected: > 0
    Received:   0

      168 | 		// Should have at least some input fields
      169 | 		const totalInputs = textCount + passwordCount + textareaCount + selectCount;
    > 170 | 		expect(totalInputs).toBeGreaterThan(0);
          | 		                    ^
      171 | 	});
      172 |
      173 | 	test('has action buttons', async ({ page }) => {
        at /Users/cmuir/P1Import-apps/oauth-playground/tests/e2e/unified-oauth-simple.spec.ts:170:23

    attachment #1: screenshot (image/png) ──────────────────────────────────────────────────────────
    ../../test-results/unified-oauth-simple-Unifi-c8abf-sts-forms-have-input-fields-Mobile-Chrome/test-failed-1.png
    ────────────────────────────────────────────────────────────────────────────────────────────────

    attachment #2: video (video/webm) ──────────────────────────────────────────────────────────────
    ../../test-results/unified-oauth-simple-Unifi-c8abf-sts-forms-have-input-fields-Mobile-Chrome/video.webm
    ────────────────────────────────────────────────────────────────────────────────────────────────

    Error Context: ../../test-results/unified-oauth-simple-Unifi-c8abf-sts-forms-have-input-fields-Mobile-Chrome/error-context.md
]]>
</failure>
<system-out>
<![CDATA[Found: 0 text inputs, 0 password inputs, 0 textareas, 0 selects

[[ATTACHMENT|unified-oauth-simple-Unifi-c8abf-sts-forms-have-input-fields-Mobile-Chrome/test-failed-1.png]]

[[ATTACHMENT|unified-oauth-simple-Unifi-c8abf-sts-forms-have-input-fields-Mobile-Chrome/video.webm]]

[[ATTACHMENT|unified-oauth-simple-Unifi-c8abf-sts-forms-have-input-fields-Mobile-Chrome/error-context.md]]
]]>
</system-out>
</testcase>
<testcase name="Unified OAuth - Simple Tests › has action buttons" classname="unified-oauth-simple.spec.ts" time="4.491">
</testcase>
<testcase name="Unified OAuth - Simple Tests › has flow type selection mechanism" classname="unified-oauth-simple.spec.ts" time="2.105">
</testcase>
<testcase name="Unified OAuth - Simple Tests › has spec version selection mechanism" classname="unified-oauth-simple.spec.ts" time="2.386">
</testcase>
<testcase name="Unified OAuth - Simple Tests › handles invalid URLs gracefully" classname="unified-oauth-simple.spec.ts" time="7.553">
</testcase>
<testcase name="Unified OAuth - Simple Tests › page is responsive" classname="unified-oauth-simple.spec.ts" time="10.292">
<system-out>
<![CDATA[✅ Desktop size: 1200x800 - page loads
✅ Tablet size: 768x1024 - page loads
✅ Mobile size: 375x667 - page loads
]]>
</system-out>
</testcase>
<testcase name="Unified OAuth - Simple Tests › has token display area" classname="unified-oauth-simple.spec.ts" time="3.695">
</testcase>
<testcase name="Unified OAuth - Simple Tests › has help or documentation elements" classname="unified-oauth-simple.spec.ts" time="3.085">
</testcase>
<testcase name="Unified OAuth - Simple Tests › has navigation elements" classname="unified-oauth-simple.spec.ts" time="2.659">
</testcase>
<testcase name="Unified OAuth - Simple Tests › has status or feedback elements" classname="unified-oauth-simple.spec.ts" time="2.5">
</testcase>
</testsuite>
<testsuite name="unified-oauth.spec.ts" timestamp="2026-03-22T13:31:33.877Z" hostname="Mobile Chrome" tests="7" failures="2" skipped="0" time="29.967" errors="0">
<testcase name="Unified OAuth - Navigation &amp; UI › loads Unified OAuth page and shows flow content" classname="unified-oauth.spec.ts" time="3.635">
<failure message="unified-oauth.spec.ts:14:2 loads Unified OAuth page and shows flow content" type="FAILURE">
<![CDATA[  [Mobile Chrome] › unified-oauth.spec.ts:14:2 › Unified OAuth - Navigation & UI › loads Unified OAuth page and shows flow content 

    Error: expect(locator).toBeVisible() failed

    Locator: getByRole('combobox', { name: /Flow Type|Grant type/i }).or(getByText(/Unified OAuth|Configure Credentials|Authorization Code/i))
    Expected: visible
    Error: strict mode violation: getByRole('combobox', { name: /Flow Type|Grant type/i }).or(getByText(/Unified OAuth|Configure Credentials|Authorization Code/i)) resolved to 2 elements:
        1) <span class="sidebar-ping__item-label">Unified OAuth & OIDC</span> aka getByRole('link', { name: 'Unified OAuth & OIDC LIVE' })
        2) <div class="sc-gEkIjA jTVGlF">Loading Unified OAuth Flow...</div> aka getByText('Loading Unified OAuth Flow...')

    Call log:
      - Expect "toBeVisible" with timeout 10000ms
      - waiting for getByRole('combobox', { name: /Flow Type|Grant type/i }).or(getByText(/Unified OAuth|Configure Credentials|Authorization Code/i))


      19 | 				page.getByText(/Unified OAuth|Configure Credentials|Authorization Code/i)
      20 | 			)
    > 21 | 		).toBeVisible({ timeout: 10000 });
         | 		  ^
      22 | 	});
      23 |
      24 | 	test('navigates to Authorization Code flow', async ({ page }) => {
        at /Users/cmuir/P1Import-apps/oauth-playground/tests/e2e/unified-oauth.spec.ts:21:5

    attachment #1: screenshot (image/png) ──────────────────────────────────────────────────────────
    ../../test-results/unified-oauth-Unified-OAut-12899-page-and-shows-flow-content-Mobile-Chrome/test-failed-1.png
    ────────────────────────────────────────────────────────────────────────────────────────────────

    attachment #2: video (video/webm) ──────────────────────────────────────────────────────────────
    ../../test-results/unified-oauth-Unified-OAut-12899-page-and-shows-flow-content-Mobile-Chrome/video.webm
    ────────────────────────────────────────────────────────────────────────────────────────────────

    Error Context: ../../test-results/unified-oauth-Unified-OAut-12899-page-and-shows-flow-content-Mobile-Chrome/error-context.md
]]>
</failure>
<system-out>
<![CDATA[
[[ATTACHMENT|unified-oauth-Unified-OAut-12899-page-and-shows-flow-content-Mobile-Chrome/test-failed-1.png]]

[[ATTACHMENT|unified-oauth-Unified-OAut-12899-page-and-shows-flow-content-Mobile-Chrome/video.webm]]

[[ATTACHMENT|unified-oauth-Unified-OAut-12899-page-and-shows-flow-content-Mobile-Chrome/error-context.md]]
]]>
</system-out>
</testcase>
<testcase name="Unified OAuth - Navigation &amp; UI › navigates to Authorization Code flow" classname="unified-oauth.spec.ts" time="3.916">
<failure message="unified-oauth.spec.ts:24:2 navigates to Authorization Code flow" type="FAILURE">
<![CDATA[  [Mobile Chrome] › unified-oauth.spec.ts:24:2 › Unified OAuth - Navigation & UI › navigates to Authorization Code flow 

    Error: expect(locator).toBeVisible() failed

    Locator: getByText(/Authorization Code|Configure|Credentials/i)
    Expected: visible
    Error: strict mode violation: getByText(/Authorization Code|Configure|Credentials/i) resolved to 29 elements:
        1) <strong>Authorization Code Flow</strong> aka getByRole('strong').filter({ hasText: /^Authorization Code Flow$/ })
        2) <strong>Client Credentials Flow</strong> aka getByText('Client Credentials Flow')
        3) <button type="button" class="nav-link-btn nav-btn-authz active" title="OAuth 2.0 Authorization Code Flow">🔐 Authorization Code</button> aka getByRole('button', { name: '🔐 Authorization Code' })
        4) <button type="button" title="OAuth 2.0 Client Credentials Flow" class="nav-link-btn nav-btn-client-creds ">🔑 Client Credentials</button> aka getByRole('button', { name: '🔑 Client Credentials' })
        5) <option value="oauth-authz">Authorization Code</option> aka getByLabel('Flow Type (Grant type)')
        6) <option value="client-credentials">Client Credentials</option> aka getByLabel('Flow Type (Grant type)')
        7) <a target="_blank" rel="noopener noreferrer" href="https://apidocs.pingidentity.com/pingone/platform/v1/api/#authorization-and-authentication-apis-authorize-authorization-code">View PingOne API Docs for Authorization Code Flow</a> aka getByRole('link', { name: 'View PingOne API Docs for' })
        8) <a target="_blank" rel="noopener noreferrer" href="https://datatracker.ietf.org/doc/html/rfc6749#section-4.1">Section 4.1 - Authorization Code Grant</a> aka getByRole('link', { name: 'Section 4.1 - Authorization' })
        9) <span>…</span> aka getByText('Flow Type Security: Authorization code flow is secure')
        10) <span>Configuration & Credentials</span> aka getByRole('button', { name: '🔧 Configuration &' })
        ...

    Call log:
      - Expect "toBeVisible" with timeout 5000ms
      - waiting for getByText(/Authorization Code|Configure|Credentials/i)


      27 | 		await expect(
      28 | 			page.getByText(/Authorization Code|Configure|Credentials/i)
    > 29 | 		).toBeVisible({ timeout: 5000 });
         | 		  ^
      30 | 	});
      31 |
      32 | 	test('navigates to Implicit flow', async ({ page }) => {
        at /Users/cmuir/P1Import-apps/oauth-playground/tests/e2e/unified-oauth.spec.ts:29:5

    attachment #1: screenshot (image/png) ──────────────────────────────────────────────────────────
    ../../test-results/unified-oauth-Unified-OAut-7a777--to-Authorization-Code-flow-Mobile-Chrome/test-failed-1.png
    ────────────────────────────────────────────────────────────────────────────────────────────────

    attachment #2: video (video/webm) ──────────────────────────────────────────────────────────────
    ../../test-results/unified-oauth-Unified-OAut-7a777--to-Authorization-Code-flow-Mobile-Chrome/video.webm
    ────────────────────────────────────────────────────────────────────────────────────────────────

    Error Context: ../../test-results/unified-oauth-Unified-OAut-7a777--to-Authorization-Code-flow-Mobile-Chrome/error-context.md
]]>
</failure>
<system-out>
<![CDATA[
[[ATTACHMENT|unified-oauth-Unified-OAut-7a777--to-Authorization-Code-flow-Mobile-Chrome/test-failed-1.png]]

[[ATTACHMENT|unified-oauth-Unified-OAut-7a777--to-Authorization-Code-flow-Mobile-Chrome/video.webm]]

[[ATTACHMENT|unified-oauth-Unified-OAut-7a777--to-Authorization-Code-flow-Mobile-Chrome/error-context.md]]
]]>
</system-out>
</testcase>
<testcase name="Unified OAuth - Navigation &amp; UI › navigates to Implicit flow" classname="unified-oauth.spec.ts" time="5.622">
</testcase>
<testcase name="Unified OAuth - Navigation &amp; UI › navigates to Client Credentials flow" classname="unified-oauth.spec.ts" time="3.99">
</testcase>
<testcase name="Unified OAuth - Navigation &amp; UI › navigates to Device Code flow" classname="unified-oauth.spec.ts" time="3.003">
</testcase>
<testcase name="Unified OAuth - Navigation &amp; UI › sidebar link to Unified OAuth works" classname="unified-oauth.spec.ts" time="4.979">
</testcase>
<testcase name="Unified OAuth - Flow Type Selector › changing flow type updates URL" classname="unified-oauth.spec.ts" time="4.822">
</testcase>
</testsuite>
<testsuite name="ai-identity-flows.spec.ts" timestamp="2026-03-22T13:31:33.877Z" hostname="Mobile Safari" tests="12" failures="1" skipped="0" time="141.613" errors="0">
<testcase name="AI Identity Flows - Navigation &amp; UI › AI Identity Architectures › loads AI Identity Architectures page with V9 styling" classname="ai-identity-flows.spec.ts" time="6.978">
</testcase>
<testcase name="AI Identity Flows - Navigation &amp; UI › AI Identity Architectures › displays collapsible sections properly" classname="ai-identity-flows.spec.ts" time="75.287">
<failure message="ai-identity-flows.spec.ts:22:3 displays collapsible sections properly" type="FAILURE">
<![CDATA[  [Mobile Safari] › ai-identity-flows.spec.ts:22:3 › AI Identity Flows - Navigation & UI › AI Identity Architectures › displays collapsible sections properly 

    Test timeout of 60000ms exceeded.

    Error: locator.click: Test timeout of 60000ms exceeded.
    Call log:
      - waiting for locator('text=AI Agent Identity Patterns').first()
        - locator resolved to <h3 class="sc-bHnlcV gSggVX">AI Agent Identity Patterns</h3>
      - attempting click action
        - waiting for element to be visible, enabled and stable
        - element is visible, enabled and stable
        - scrolling into view if needed
        - done scrolling
        - <a class="sidebar-ping__item " href="/flows/oidc-authorization-code-v9">…</a> from <div class="sc-ggpjZP cFafLi sidebar--ping sidebar--ping-admin">…</div> subtree intercepts pointer events
      - retrying click action
        - waiting for element to be visible, enabled and stable
        - element is visible, enabled and stable
        - scrolling into view if needed
        - done scrolling
        - <span class="sidebar-ping__item-label">Authorization Code</span> from <div class="sc-ggpjZP cFafLi sidebar--ping sidebar--ping-admin">…</div> subtree intercepts pointer events
      - retrying click action
        - waiting 20ms
        - waiting for element to be visible, enabled and stable
        - element is visible, enabled and stable
        - scrolling into view if needed
        - done scrolling
        - <span class="version-badge" title="V9 Modern Messaging + Ping UI v9.16.23">V9 v9.16.23</span> from <div class="sc-ggpjZP cFafLi sidebar--ping sidebar--ping-admin">…</div> subtree intercepts pointer events
      2 × retrying click action
          - waiting 100ms
          - waiting for element to be visible, enabled and stable
          - element is visible, enabled and stable
          - scrolling into view if needed
          - done scrolling
          - element is outside of the viewport
      20 × retrying click action
           - waiting 500ms
           - waiting for element to be visible, enabled and stable
           - element is visible, enabled and stable
           - scrolling into view if needed
           - done scrolling
           - <span class="sidebar-ping__item-label">Authorization Code</span> from <div class="sc-ggpjZP cFafLi sidebar--ping sidebar--ping-admin">…</div> subtree intercepts pointer events
         - retrying click action
           - waiting 500ms
           - waiting for element to be visible, enabled and stable
           - element is visible, enabled and stable
           - scrolling into view if needed
           - done scrolling
           - <span class="version-badge" title="V9 Modern Messaging + Ping UI v9.16.23">V9 v9.16.23</span> from <div class="sc-ggpjZP cFafLi sidebar--ping sidebar--ping-admin">…</div> subtree intercepts pointer events
         - retrying click action
           - waiting 500ms
           - waiting for element to be visible, enabled and stable
           - element is visible, enabled and stable
           - scrolling into view if needed
           - done scrolling
           - element is outside of the viewport
         - retrying click action
           - waiting 500ms
           - waiting for element to be visible, enabled and stable
           - element is visible, enabled and stable
           - scrolling into view if needed
           - done scrolling
           - element is outside of the viewport
      - retrying click action
        - waiting 500ms
        - waiting for element to be visible, enabled and stable
        - element is visible, enabled and stable
        - scrolling into view if needed
        - done scrolling
        - <span class="sidebar-ping__item-label">Authorization Code</span> from <div class="sc-ggpjZP cFafLi sidebar--ping sidebar--ping-admin">…</div> subtree intercepts pointer events
      - retrying click action
        - waiting 500ms
        - waiting for element to be visible, enabled and stable
        - element is visible, enabled and stable
        - scrolling into view if needed
        - done scrolling
        - <span class="version-badge" title="V9 Modern Messaging + Ping UI v9.16.23">V9 v9.16.23</span> from <div class="sc-ggpjZP cFafLi sidebar--ping sidebar--ping-admin">…</div> subtree intercepts pointer events
      - retrying click action
        - waiting 500ms
        - waiting for element to be visible, enabled and stable
        - element is visible, enabled and stable
        - scrolling into view if needed
        - done scrolling
        - element is outside of the viewport
      - retrying click action
        - waiting 500ms


      26 |
      27 | 			// Click to expand/collapse
    > 28 | 			await firstHeader.click();
         | 			                  ^
      29 | 			await expect(page.getByText(/OAuth Assertion Grant/i)).toBeVisible();
      30 | 		});
      31 | 	});
        at /Users/cmuir/P1Import-apps/oauth-playground/tests/e2e/ai-identity-flows.spec.ts:28:22

    attachment #1: screenshot (image/png) ──────────────────────────────────────────────────────────
    ../../test-results/ai-identity-flows-AI-Ident-5ee0f-llapsible-sections-properly-Mobile-Safari/test-failed-1.png
    ────────────────────────────────────────────────────────────────────────────────────────────────

    attachment #2: video (video/webm) ──────────────────────────────────────────────────────────────
    ../../test-results/ai-identity-flows-AI-Ident-5ee0f-llapsible-sections-properly-Mobile-Safari/video.webm
    ────────────────────────────────────────────────────────────────────────────────────────────────

    Error Context: ../../test-results/ai-identity-flows-AI-Ident-5ee0f-llapsible-sections-properly-Mobile-Safari/error-context.md
]]>
</failure>
<system-out>
<![CDATA[
[[ATTACHMENT|ai-identity-flows-AI-Ident-5ee0f-llapsible-sections-properly-Mobile-Safari/test-failed-1.png]]

[[ATTACHMENT|ai-identity-flows-AI-Ident-5ee0f-llapsible-sections-properly-Mobile-Safari/video.webm]]

[[ATTACHMENT|ai-identity-flows-AI-Ident-5ee0f-llapsible-sections-properly-Mobile-Safari/error-context.md]]
]]>
</system-out>
</testcase>
<testcase name="AI Identity Flows - Navigation &amp; UI › OIDC for AI › loads OIDC for AI page with V9 styling" classname="ai-identity-flows.spec.ts" time="4.253">
</testcase>
<testcase name="AI Identity Flows - Navigation &amp; UI › OIDC for AI › shows proper OIDC content and links" classname="ai-identity-flows.spec.ts" time="4.737">
</testcase>
<testcase name="AI Identity Flows - Navigation &amp; UI › OAuth for AI › loads OAuth for AI page with V9 styling" classname="ai-identity-flows.spec.ts" time="2.656">
</testcase>
<testcase name="AI Identity Flows - Navigation &amp; UI › OAuth for AI › displays OAuth compatibility table" classname="ai-identity-flows.spec.ts" time="5.44">
</testcase>
<testcase name="AI Identity Flows - Navigation &amp; UI › PingOne AI Perspective › loads PingOne AI Perspective page with V9 styling" classname="ai-identity-flows.spec.ts" time="3.341">
</testcase>
<testcase name="AI Identity Flows - Navigation &amp; UI › PingOne AI Perspective › shows PingOne-specific content" classname="ai-identity-flows.spec.ts" time="5.515">
</testcase>
<testcase name="AI Identity Flows - Navigation &amp; UI › Ping AI Resources › loads Ping AI Resources page with V9 styling" classname="ai-identity-flows.spec.ts" time="6.584">
</testcase>
<testcase name="AI Identity Flows - Navigation &amp; UI › Ping AI Resources › displays resource cards and links" classname="ai-identity-flows.spec.ts" time="7.056">
</testcase>
<testcase name="AI Identity Flows - Navigation &amp; UI › Cross-navigation between AI flows › can navigate between all AI flows" classname="ai-identity-flows.spec.ts" time="12.417">
</testcase>
<testcase name="AI Identity Flows - Navigation &amp; UI › Cross-navigation between AI flows › all AI flows have proper V9 fluid layout" classname="ai-identity-flows.spec.ts" time="7.349">
</testcase>
</testsuite>
<testsuite name="dashboard-groups-simple.spec.ts" timestamp="2026-03-22T13:31:33.877Z" hostname="Mobile Safari" tests="13" failures="0" skipped="0" time="128.952" errors="0">
<testcase name="Dashboard Groups - Simple Tests › dashboard loads with all section headers" classname="dashboard-groups-simple.spec.ts" time="9.378">
<system-out>
<![CDATA[✅ Found 6 elements with selector: button[id^="header-"]
✅ Found 1 elements with selector: h3:has-text("Dashboard")
✅ Found 1 elements with selector: h3:has-text("API Status")
✅ Found 1 elements with selector: h3:has-text("Custom Domain")
✅ Found 1 elements with selector: h3:has-text("API Endpoints")
✅ Found 1 elements with selector: h3:has-text("Quick Access")
✅ Found 1 elements with selector: h3:has-text("Recent Activity")
Total dashboard sections found: 12
]]>
</system-out>
</testcase>
<testcase name="Dashboard Groups - Simple Tests › can find and interact with Dashboard section" classname="dashboard-groups-simple.spec.ts" time="9.247">
<system-out>
<![CDATA[Found Dashboard header by ID
✅ Dashboard section header is visible
]]>
</system-out>
</testcase>
<testcase name="Dashboard Groups - Simple Tests › can find API Status section" classname="dashboard-groups-simple.spec.ts" time="12.146">
<system-out>
<![CDATA[✅ Found API Status with selector: #header-api-status
]]>
</system-out>
</testcase>
<testcase name="Dashboard Groups - Simple Tests › can find Custom Domain Config section" classname="dashboard-groups-simple.spec.ts" time="14.96">
<system-out>
<![CDATA[✅ Found Custom Domain Config with selector: #header-custom-domain-config
]]>
</system-out>
</testcase>
<testcase name="Dashboard Groups - Simple Tests › can find API Endpoints section" classname="dashboard-groups-simple.spec.ts" time="12.149">
<system-out>
<![CDATA[✅ Found API Endpoints with selector: #header-available-api-endpoints
]]>
</system-out>
</testcase>
<testcase name="Dashboard Groups - Simple Tests › can find Quick Access Flows section" classname="dashboard-groups-simple.spec.ts" time="6.818">
<system-out>
<![CDATA[✅ Found Quick Access Flows with selector: #header-quick-access-flows
]]>
</system-out>
</testcase>
<testcase name="Dashboard Groups - Simple Tests › can find Recent Activity section" classname="dashboard-groups-simple.spec.ts" time="7.602">
<system-out>
<![CDATA[✅ Found Recent Activity with selector: #header-recent-activity
]]>
</system-out>
</testcase>
<testcase name="Dashboard Groups - Simple Tests › sections have proper structure with titles and subtitles" classname="dashboard-groups-simple.spec.ts" time="10.807">
<system-out>
<![CDATA[✅ Found title: Dashboard
✅ Found title: API Status
✅ Found title: Custom Domain Config
✅ Found title: Available API Endpoints
✅ Found title: Quick Access Flows
✅ Found title: Recent Activity
Found 6 out of 6 expected titles
]]>
</system-out>
</testcase>
<testcase name="Dashboard Groups - Simple Tests › page contains dashboard-related content" classname="dashboard-groups-simple.spec.ts" time="8.882">
<system-out>
<![CDATA[✅ Found content: text=Monitor system status
✅ Found content: text=explore OAuth flows
✅ Found content: text=track recent activity
✅ Found content: text=Server health
✅ Found content: text=API endpoints
✅ Found content: text=OAuth 2.0
✅ Found content: text=OpenID Connect
Found 7 dashboard content elements
]]>
</system-out>
</testcase>
<testcase name="Dashboard Groups - Simple Tests › sections have interactive elements" classname="dashboard-groups-simple.spec.ts" time="8.681">
<system-out>
<![CDATA[✅ Found 27 button elements
✅ Found 131 a[href] elements
✅ Found 14 .btn elements
Total interactive elements found: 172
]]>
</system-out>
</testcase>
<testcase name="Dashboard Groups - Simple Tests › dashboard has proper visual structure" classname="dashboard-groups-simple.spec.ts" time="8.68">
<system-out>
<![CDATA[✅ Found 6 .section-wrap elements
✅ Found 6 [class*="section"] elements
✅ Found 19 [class*="header"] elements
✅ Found 2 .card elements
Total visual structure elements found: 33
]]>
</system-out>
</testcase>
<testcase name="Dashboard Groups - Simple Tests › dashboard contains status indicators or badges" classname="dashboard-groups-simple.spec.ts" time="8.25">
<system-out>
<![CDATA[✅ Found 3 .badge elements
✅ Found 94 .version-badge elements
✅ Found 4 [class*="success"] elements
✅ Found 1 [class*="danger"] elements
Found 102 status indicators
]]>
</system-out>
</testcase>
<testcase name="Dashboard Groups - Simple Tests › dashboard is accessible and keyboard navigable" classname="dashboard-groups-simple.spec.ts" time="11.352">
<system-out>
<![CDATA[✅ Found 27 keyboard-navigable button:not([disabled]) elements
✅ Found 131 keyboard-navigable a[href] elements
✅ Found 2 keyboard-navigable input:not([disabled]) elements
✅ Found 1 keyboard-navigable select:not([disabled]) elements
Total keyboard-navigable elements found: 161
]]>
</system-out>
</testcase>
</testsuite>
<testsuite name="dashboard-groups-targeted.spec.ts" timestamp="2026-03-22T13:31:33.877Z" hostname="Mobile Safari" tests="12" failures="4" skipped="0" time="200.464" errors="0">
<testcase name="Dashboard Groups - Targeted Tests › dashboard page loads with all six main sections" classname="dashboard-groups-targeted.spec.ts" time="4.23">
<failure message="dashboard-groups-targeted.spec.ts:15:2 dashboard page loads with all six main sections" type="FAILURE">
<![CDATA[  [Mobile Safari] › dashboard-groups-targeted.spec.ts:15:2 › Dashboard Groups - Targeted Tests › dashboard page loads with all six main sections 

    Error: expect(received).toBe(expected) // Object.is equality

    Expected: 6
    Received: 0

      21 | 		const headerCount = await sectionHeaders.count();
      22 |
    > 23 | 		expect(headerCount).toBe(6); // Should have exactly 6 sections
         | 		                    ^
      24 | 		console.log(`Found ${headerCount} dashboard sections`);
      25 |
      26 | 		// Verify specific section titles
        at /Users/cmuir/P1Import-apps/oauth-playground/tests/e2e/dashboard-groups-targeted.spec.ts:23:23

    attachment #1: screenshot (image/png) ──────────────────────────────────────────────────────────
    ../../test-results/dashboard-groups-targeted--6b2d3--with-all-six-main-sections-Mobile-Safari/test-failed-1.png
    ────────────────────────────────────────────────────────────────────────────────────────────────

    attachment #2: video (video/webm) ──────────────────────────────────────────────────────────────
    ../../test-results/dashboard-groups-targeted--6b2d3--with-all-six-main-sections-Mobile-Safari/video.webm
    ────────────────────────────────────────────────────────────────────────────────────────────────

    Error Context: ../../test-results/dashboard-groups-targeted--6b2d3--with-all-six-main-sections-Mobile-Safari/error-context.md
]]>
</failure>
<system-out>
<![CDATA[
[[ATTACHMENT|dashboard-groups-targeted--6b2d3--with-all-six-main-sections-Mobile-Safari/test-failed-1.png]]

[[ATTACHMENT|dashboard-groups-targeted--6b2d3--with-all-six-main-sections-Mobile-Safari/video.webm]]

[[ATTACHMENT|dashboard-groups-targeted--6b2d3--with-all-six-main-sections-Mobile-Safari/error-context.md]]
]]>
</system-out>
</testcase>
<testcase name="Dashboard Groups - Targeted Tests › each section has proper CollapsibleHeader structure" classname="dashboard-groups-targeted.spec.ts" time="4.965">
</testcase>
<testcase name="Dashboard Groups - Targeted Tests › all sections are collapsible and expandable" classname="dashboard-groups-targeted.spec.ts" time="4.157">
</testcase>
<testcase name="Dashboard Groups - Targeted Tests › Dashboard section content validation" classname="dashboard-groups-targeted.spec.ts" time="5.717">
<system-out>
<![CDATA[✅ Dashboard section has icon
]]>
</system-out>
</testcase>
<testcase name="Dashboard Groups - Targeted Tests › API Status section functionality" classname="dashboard-groups-targeted.spec.ts" time="6.282">
<system-out>
<![CDATA[Found 3 status indicators in API Status
]]>
</system-out>
</testcase>
<testcase name="Dashboard Groups - Targeted Tests › Custom Domain Config section" classname="dashboard-groups-targeted.spec.ts" time="6.807">
<system-out>
<![CDATA[Found 2 configuration inputs
✅ Custom Domain Config has action buttons
]]>
</system-out>
</testcase>
<testcase name="Dashboard Groups - Targeted Tests › API Endpoints section displays endpoints" classname="dashboard-groups-targeted.spec.ts" time="71.009">
<failure message="dashboard-groups-targeted.spec.ts:202:2 API Endpoints section displays endpoints" type="FAILURE">
<![CDATA[  [Mobile Safari] › dashboard-groups-targeted.spec.ts:202:2 › Dashboard Groups - Targeted Tests › API Endpoints section displays endpoints 

    Test timeout of 60000ms exceeded.

    Error: locator.click: Test timeout of 60000ms exceeded.
    Call log:
      - waiting for locator('#header-available-api-endpoints')
        - locator resolved to <button aria-expanded="false" class="sc-ivgJue iNeQQC" id="header-available-api-endpoints" aria-controls="content-available-api-endpoints">…</button>
      - attempting click action
        - waiting for element to be visible, enabled and stable
        - element is visible, enabled and stable
        - scrolling into view if needed
        - done scrolling
        - <div class="sc-cmaqme jAwPgd" title="Drag to resize sidebar"></div> from <div class="sc-ggpjZP cFafLi sidebar--ping sidebar--ping-admin">…</div> subtree intercepts pointer events
      - retrying click action
        - waiting for element to be visible, enabled and stable
        - element is visible, enabled and stable
        - scrolling into view if needed
        - done scrolling
        - <a href="/environments" class="sidebar-ping__item ">…</a> from <div class="sc-ggpjZP cFafLi sidebar--ping sidebar--ping-admin">…</div> subtree intercepts pointer events
      - retrying click action
        - waiting 20ms
        - waiting for element to be visible, enabled and stable
        - element is visible, enabled and stable
        - scrolling into view if needed
        - done scrolling
        - <div class="sc-cmaqme jAwPgd" title="Drag to resize sidebar"></div> from <div class="sc-ggpjZP cFafLi sidebar--ping sidebar--ping-admin">…</div> subtree intercepts pointer events
      2 × retrying click action
          - waiting 100ms
          - waiting for element to be visible, enabled and stable
          - element is visible, enabled and stable
          - scrolling into view if needed
          - done scrolling
          - element is outside of the viewport
      22 × retrying click action
           - waiting 500ms
           - waiting for element to be visible, enabled and stable
           - element is visible, enabled and stable
           - scrolling into view if needed
           - done scrolling
           - <a href="/environments" class="sidebar-ping__item ">…</a> from <div class="sc-ggpjZP cFafLi sidebar--ping sidebar--ping-admin">…</div> subtree intercepts pointer events
         - retrying click action
           - waiting 500ms
           - waiting for element to be visible, enabled and stable
           - element is visible, enabled and stable
           - scrolling into view if needed
           - done scrolling
           - <div class="sc-cmaqme jAwPgd" title="Drag to resize sidebar"></div> from <div class="sc-ggpjZP cFafLi sidebar--ping sidebar--ping-admin">…</div> subtree intercepts pointer events
         - retrying click action
           - waiting 500ms
           - waiting for element to be visible, enabled and stable
           - element is visible, enabled and stable
           - scrolling into view if needed
           - done scrolling
           - element is outside of the viewport
         - retrying click action
           - waiting 500ms
           - waiting for element to be visible, enabled and stable
           - element is visible, enabled and stable
           - scrolling into view if needed
           - done scrolling
           - element is outside of the viewport
      - retrying click action
        - waiting 500ms
        - waiting for element to be visible, enabled and stable
        - element is visible, enabled and stable
        - scrolling into view if needed
        - done scrolling
        - <a href="/environments" class="sidebar-ping__item ">…</a> from <div class="sc-ggpjZP cFafLi sidebar--ping sidebar--ping-admin">…</div> subtree intercepts pointer events
      - retrying click action
        - waiting 500ms
        - waiting for element to be visible, enabled and stable
        - element is visible, enabled and stable
        - scrolling into view if needed
        - done scrolling
        - <div class="sc-cmaqme jAwPgd" title="Drag to resize sidebar"></div> from <div class="sc-ggpjZP cFafLi sidebar--ping sidebar--ping-admin">…</div> subtree intercepts pointer events
      - retrying click action
        - waiting 500ms
        - waiting for element to be visible, enabled and stable
        - element is visible, enabled and stable
        - scrolling into view if needed
        - done scrolling
        - element is outside of the viewport
      - retrying click action
        - waiting 500ms


      207 | 		const isExpanded = await endpointsHeader.getAttribute('aria-expanded');
      208 | 		if (isExpanded === 'false') {
    > 209 | 			await endpointsHeader.click();
          | 			                      ^
      210 | 			await page.waitForTimeout(500);
      211 | 		}
      212 |
        at /Users/cmuir/P1Import-apps/oauth-playground/tests/e2e/dashboard-groups-targeted.spec.ts:209:26

    attachment #1: screenshot (image/png) ──────────────────────────────────────────────────────────
    ../../test-results/dashboard-groups-targeted--d0626--section-displays-endpoints-Mobile-Safari/test-failed-1.png
    ────────────────────────────────────────────────────────────────────────────────────────────────

    attachment #2: video (video/webm) ──────────────────────────────────────────────────────────────
    ../../test-results/dashboard-groups-targeted--d0626--section-displays-endpoints-Mobile-Safari/video.webm
    ────────────────────────────────────────────────────────────────────────────────────────────────

    Error Context: ../../test-results/dashboard-groups-targeted--d0626--section-displays-endpoints-Mobile-Safari/error-context.md
]]>
</failure>
<system-out>
<![CDATA[
[[ATTACHMENT|dashboard-groups-targeted--d0626--section-displays-endpoints-Mobile-Safari/test-failed-1.png]]

[[ATTACHMENT|dashboard-groups-targeted--d0626--section-displays-endpoints-Mobile-Safari/video.webm]]

[[ATTACHMENT|dashboard-groups-targeted--d0626--section-displays-endpoints-Mobile-Safari/error-context.md]]
]]>
</system-out>
</testcase>
<testcase name="Dashboard Groups - Targeted Tests › Quick Access Flows section" classname="dashboard-groups-targeted.spec.ts" time="5.69">
<system-out>
<![CDATA[Found 11 flow links/buttons
✅ Found Authorization Code flow
✅ Found Client Credentials flow
✅ Found Implicit flow
✅ Found Device flow
]]>
</system-out>
</testcase>
<testcase name="Dashboard Groups - Targeted Tests › Recent Activity section" classname="dashboard-groups-targeted.spec.ts" time="4.766">
<system-out>
<![CDATA[Found 2 activity items
]]>
</system-out>
</testcase>
<testcase name="Dashboard Groups - Targeted Tests › section independence - toggling one doesn&apos;t affect others" classname="dashboard-groups-targeted.spec.ts" time="75.559">
<failure message="dashboard-groups-targeted.spec.ts:308:2 section independence - toggling one doesn&apos;t affect others" type="FAILURE">
<![CDATA[  [Mobile Safari] › dashboard-groups-targeted.spec.ts:308:2 › Dashboard Groups - Targeted Tests › section independence - toggling one doesn't affect others 

    Test timeout of 60000ms exceeded.

    Error: locator.click: Test timeout of 60000ms exceeded.
    Call log:
      - waiting for locator('button[id^="header-"]').first()
        - locator resolved to <button aria-expanded="true" id="header-dashboard" class="sc-ivgJue iNeQQC" aria-controls="content-dashboard">…</button>
      - attempting click action
        - waiting for element to be visible, enabled and stable
        - element is visible, enabled and stable
        - scrolling into view if needed
        - done scrolling
        - <div class="sc-cmaqme jAwPgd" title="Drag to resize sidebar"></div> from <div class="sc-ggpjZP cFafLi sidebar--ping sidebar--ping-admin">…</div> subtree intercepts pointer events
      - retrying click action
        - waiting for element to be visible, enabled and stable
        - element is visible, enabled and stable
        - scrolling into view if needed
        - done scrolling
        - <span class="version-badge" title="V9 Modern Messaging + Ping UI v9.16.23">V9 v9.16.23</span> from <div class="sc-ggpjZP cFafLi sidebar--ping sidebar--ping-admin">…</div> subtree intercepts pointer events
      - retrying click action
        - waiting 20ms
        - waiting for element to be visible, enabled and stable
        - element is visible, enabled and stable
        - scrolling into view if needed
        - done scrolling
        - <div class="sc-cmaqme jAwPgd" title="Drag to resize sidebar"></div> from <div class="sc-ggpjZP cFafLi sidebar--ping sidebar--ping-admin">…</div> subtree intercepts pointer events
      2 × retrying click action
          - waiting 100ms
          - waiting for element to be visible, enabled and stable
          - element is visible, enabled and stable
          - scrolling into view if needed
          - done scrolling
          - element is outside of the viewport
      23 × retrying click action
           - waiting 500ms
           - waiting for element to be visible, enabled and stable
           - element is visible, enabled and stable
           - scrolling into view if needed
           - done scrolling
           - <span class="version-badge" title="V9 Modern Messaging + Ping UI v9.16.23">V9 v9.16.23</span> from <div class="sc-ggpjZP cFafLi sidebar--ping sidebar--ping-admin">…</div> subtree intercepts pointer events
         - retrying click action
           - waiting 500ms
           - waiting for element to be visible, enabled and stable
           - element is visible, enabled and stable
           - scrolling into view if needed
           - done scrolling
           - <div class="sc-cmaqme jAwPgd" title="Drag to resize sidebar"></div> from <div class="sc-ggpjZP cFafLi sidebar--ping sidebar--ping-admin">…</div> subtree intercepts pointer events
         - retrying click action
           - waiting 500ms
           - waiting for element to be visible, enabled and stable
           - element is visible, enabled and stable
           - scrolling into view if needed
           - done scrolling
           - element is outside of the viewport
         - retrying click action
           - waiting 500ms
           - waiting for element to be visible, enabled and stable
           - element is visible, enabled and stable
           - scrolling into view if needed
           - done scrolling
           - element is outside of the viewport
      - retrying click action
        - waiting 500ms


      320 | 		// Toggle the first section
      321 | 		const firstHeader = sectionHeaders.first();
    > 322 | 		await firstHeader.click();
          | 		                  ^
      323 | 		await page.waitForTimeout(500);
      324 |
      325 | 		// Verify only the first section changed
        at /Users/cmuir/P1Import-apps/oauth-playground/tests/e2e/dashboard-groups-targeted.spec.ts:322:21

    attachment #1: screenshot (image/png) ──────────────────────────────────────────────────────────
    ../../test-results/dashboard-groups-targeted--4f8b6-g-one-doesn-t-affect-others-Mobile-Safari/test-failed-1.png
    ────────────────────────────────────────────────────────────────────────────────────────────────

    attachment #2: video (video/webm) ──────────────────────────────────────────────────────────────
    ../../test-results/dashboard-groups-targeted--4f8b6-g-one-doesn-t-affect-others-Mobile-Safari/video.webm
    ────────────────────────────────────────────────────────────────────────────────────────────────

    Error Context: ../../test-results/dashboard-groups-targeted--4f8b6-g-one-doesn-t-affect-others-Mobile-Safari/error-context.md
]]>
</failure>
<system-out>
<![CDATA[
[[ATTACHMENT|dashboard-groups-targeted--4f8b6-g-one-doesn-t-affect-others-Mobile-Safari/test-failed-1.png]]

[[ATTACHMENT|dashboard-groups-targeted--4f8b6-g-one-doesn-t-affect-others-Mobile-Safari/video.webm]]

[[ATTACHMENT|dashboard-groups-targeted--4f8b6-g-one-doesn-t-affect-others-Mobile-Safari/error-context.md]]
]]>
</system-out>
</testcase>
<testcase name="Dashboard Groups - Targeted Tests › keyboard navigation works for all sections" classname="dashboard-groups-targeted.spec.ts" time="5.527">
<system-out>
<![CDATA[✅ Keyboard navigation works for all sections
]]>
</system-out>
</testcase>
<testcase name="Dashboard Groups - Targeted Tests › responsive behavior across screen sizes" classname="dashboard-groups-targeted.spec.ts" time="5.755">
<failure message="dashboard-groups-targeted.spec.ts:387:2 responsive behavior across screen sizes" type="FAILURE">
<![CDATA[  [Mobile Safari] › dashboard-groups-targeted.spec.ts:387:2 › Dashboard Groups - Targeted Tests › responsive behavior across screen sizes 

    Error: expect(received).toBe(expected) // Object.is equality

    Expected: 6
    Received: 0

      404 |
      405 | 		// All sections should be visible across all screen sizes
    > 406 | 		expect(desktopCount).toBe(6);
          | 		                     ^
      407 | 		expect(tabletCount).toBe(6);
      408 | 		expect(mobileCount).toBe(6);
      409 |
        at /Users/cmuir/P1Import-apps/oauth-playground/tests/e2e/dashboard-groups-targeted.spec.ts:406:24

    attachment #1: screenshot (image/png) ──────────────────────────────────────────────────────────
    ../../test-results/dashboard-groups-targeted--7d0bd-ehavior-across-screen-sizes-Mobile-Safari/test-failed-1.png
    ────────────────────────────────────────────────────────────────────────────────────────────────

    attachment #2: video (video/webm) ──────────────────────────────────────────────────────────────
    ../../test-results/dashboard-groups-targeted--7d0bd-ehavior-across-screen-sizes-Mobile-Safari/video.webm
    ────────────────────────────────────────────────────────────────────────────────────────────────

    Error Context: ../../test-results/dashboard-groups-targeted--7d0bd-ehavior-across-screen-sizes-Mobile-Safari/error-context.md
]]>
</failure>
<system-out>
<![CDATA[
[[ATTACHMENT|dashboard-groups-targeted--7d0bd-ehavior-across-screen-sizes-Mobile-Safari/test-failed-1.png]]

[[ATTACHMENT|dashboard-groups-targeted--7d0bd-ehavior-across-screen-sizes-Mobile-Safari/video.webm]]

[[ATTACHMENT|dashboard-groups-targeted--7d0bd-ehavior-across-screen-sizes-Mobile-Safari/error-context.md]]
]]>
</system-out>
</testcase>
</testsuite>
<testsuite name="dashboard-groups.spec.ts" timestamp="2026-03-22T13:31:33.877Z" hostname="Mobile Safari" tests="15" failures="13" skipped="0" time="261.186" errors="0">
<testcase name="Dashboard Groups - Core Functionality › dashboard page loads with all sections" classname="dashboard-groups.spec.ts" time="11.168">
<failure message="dashboard-groups.spec.ts:15:2 dashboard page loads with all sections" type="FAILURE">
<![CDATA[  [Mobile Safari] › dashboard-groups.spec.ts:15:2 › Dashboard Groups - Core Functionality › dashboard page loads with all sections 

    Error: expect(locator).toBeVisible() failed

    Locator:  getByText(/Dashboard/i).first()
    Expected: visible
    Received: hidden
    Timeout:  5000ms

    Call log:
      - Expect "toBeVisible" with timeout 5000ms
      - waiting for getByText(/Dashboard/i).first()
        7 × locator resolved to <span>Dashboard</span>
          - unexpected value "hidden"


      18 |
      19 | 		// Look for main dashboard title (use first() to avoid strict mode violation)
    > 20 | 		await expect(page.getByText(/Dashboard/i).first()).toBeVisible();
         | 		                                                   ^
      21 |
      22 | 		// Check for all main section headers
      23 | 		const expectedSections = [
        at /Users/cmuir/P1Import-apps/oauth-playground/tests/e2e/dashboard-groups.spec.ts:20:54

    attachment #1: screenshot (image/png) ──────────────────────────────────────────────────────────
    ../../test-results/dashboard-groups-Dashboard-99c72-age-loads-with-all-sections-Mobile-Safari/test-failed-1.png
    ────────────────────────────────────────────────────────────────────────────────────────────────

    attachment #2: video (video/webm) ──────────────────────────────────────────────────────────────
    ../../test-results/dashboard-groups-Dashboard-99c72-age-loads-with-all-sections-Mobile-Safari/video.webm
    ────────────────────────────────────────────────────────────────────────────────────────────────

    Error Context: ../../test-results/dashboard-groups-Dashboard-99c72-age-loads-with-all-sections-Mobile-Safari/error-context.md
]]>
</failure>
<system-out>
<![CDATA[
[[ATTACHMENT|dashboard-groups-Dashboard-99c72-age-loads-with-all-sections-Mobile-Safari/test-failed-1.png]]

[[ATTACHMENT|dashboard-groups-Dashboard-99c72-age-loads-with-all-sections-Mobile-Safari/video.webm]]

[[ATTACHMENT|dashboard-groups-Dashboard-99c72-age-loads-with-all-sections-Mobile-Safari/error-context.md]]
]]>
</system-out>
</testcase>
<testcase name="Dashboard Groups - Core Functionality › all dashboard groups are collapsible" classname="dashboard-groups.spec.ts" time="4.692">
<failure message="dashboard-groups.spec.ts:39:2 all dashboard groups are collapsible" type="FAILURE">
<![CDATA[  [Mobile Safari] › dashboard-groups.spec.ts:39:2 › Dashboard Groups - Core Functionality › all dashboard groups are collapsible 

    Error: expect(received).toBeGreaterThan(expected)

    Expected: > 0
    Received:   0

      44 | 		const headerCount = await collapsibleHeaders.count();
      45 |
    > 46 | 		expect(headerCount).toBeGreaterThan(0);
         | 		                    ^
      47 | 		console.log(`Found ${headerCount} collapsible headers`);
      48 |
      49 | 		// Test each collapsible section
        at /Users/cmuir/P1Import-apps/oauth-playground/tests/e2e/dashboard-groups.spec.ts:46:23

    attachment #1: screenshot (image/png) ──────────────────────────────────────────────────────────
    ../../test-results/dashboard-groups-Dashboard-37e98-oard-groups-are-collapsible-Mobile-Safari/test-failed-1.png
    ────────────────────────────────────────────────────────────────────────────────────────────────

    attachment #2: video (video/webm) ──────────────────────────────────────────────────────────────
    ../../test-results/dashboard-groups-Dashboard-37e98-oard-groups-are-collapsible-Mobile-Safari/video.webm
    ────────────────────────────────────────────────────────────────────────────────────────────────

    Error Context: ../../test-results/dashboard-groups-Dashboard-37e98-oard-groups-are-collapsible-Mobile-Safari/error-context.md
]]>
</failure>
<system-out>
<![CDATA[
[[ATTACHMENT|dashboard-groups-Dashboard-37e98-oard-groups-are-collapsible-Mobile-Safari/test-failed-1.png]]

[[ATTACHMENT|dashboard-groups-Dashboard-37e98-oard-groups-are-collapsible-Mobile-Safari/video.webm]]

[[ATTACHMENT|dashboard-groups-Dashboard-37e98-oard-groups-are-collapsible-Mobile-Safari/error-context.md]]
]]>
</system-out>
</testcase>
<testcase name="Dashboard Groups - Core Functionality › dashboard header section content" classname="dashboard-groups.spec.ts" time="8.982">
<failure message="dashboard-groups.spec.ts:75:2 dashboard header section content" type="FAILURE">
<![CDATA[  [Mobile Safari] › dashboard-groups.spec.ts:75:2 › Dashboard Groups - Core Functionality › dashboard header section content 

    Error: expect(locator).toBeVisible() failed

    Locator:  locator('text=Dashboard').first()
    Expected: visible
    Received: hidden
    Timeout:  5000ms

    Call log:
      - Expect "toBeVisible" with timeout 5000ms
      - waiting for locator('text=Dashboard').first()
        5 × locator resolved to <span>Dashboard</span>
          - unexpected value "hidden"


      76 | 		// Find and expand Dashboard header section
      77 | 		const dashboardHeader = page.locator('text=Dashboard').first();
    > 78 | 		await expect(dashboardHeader).toBeVisible();
         | 		                              ^
      79 |
      80 | 		// Check for subtitle
      81 | 		await expect(
        at /Users/cmuir/P1Import-apps/oauth-playground/tests/e2e/dashboard-groups.spec.ts:78:33

    attachment #1: screenshot (image/png) ──────────────────────────────────────────────────────────
    ../../test-results/dashboard-groups-Dashboard-7385c-oard-header-section-content-Mobile-Safari/test-failed-1.png
    ────────────────────────────────────────────────────────────────────────────────────────────────

    attachment #2: video (video/webm) ──────────────────────────────────────────────────────────────
    ../../test-results/dashboard-groups-Dashboard-7385c-oard-header-section-content-Mobile-Safari/video.webm
    ────────────────────────────────────────────────────────────────────────────────────────────────

    Error Context: ../../test-results/dashboard-groups-Dashboard-7385c-oard-header-section-content-Mobile-Safari/error-context.md
]]>
</failure>
<system-out>
<![CDATA[
[[ATTACHMENT|dashboard-groups-Dashboard-7385c-oard-header-section-content-Mobile-Safari/test-failed-1.png]]

[[ATTACHMENT|dashboard-groups-Dashboard-7385c-oard-header-section-content-Mobile-Safari/video.webm]]

[[ATTACHMENT|dashboard-groups-Dashboard-7385c-oard-header-section-content-Mobile-Safari/error-context.md]]
]]>
</system-out>
</testcase>
<testcase name="Dashboard Groups - Core Functionality › API Status section functionality" classname="dashboard-groups.spec.ts" time="9.438">
<failure message="dashboard-groups.spec.ts:94:2 API Status section functionality" type="FAILURE">
<![CDATA[  [Mobile Safari] › dashboard-groups.spec.ts:94:2 › Dashboard Groups - Core Functionality › API Status section functionality 

    Error: expect(locator).toBeVisible() failed

    Locator:  locator('text=API Status').first()
    Expected: visible
    Received: hidden
    Timeout:  5000ms

    Call log:
      - Expect "toBeVisible" with timeout 5000ms
      - waiting for locator('text=API Status').first()
        6 × locator resolved to <span>API Status</span>
          - unexpected value "hidden"


       95 | 		// Find API Status section
       96 | 		const apiStatusHeader = page.locator('text=API Status').first();
    >  97 | 		await expect(apiStatusHeader).toBeVisible();
          | 		                              ^
       98 |
       99 | 		// Expand if collapsed
      100 | 		const isCollapsed = (await apiStatusHeader.getAttribute('aria-expanded')) === 'false';
        at /Users/cmuir/P1Import-apps/oauth-playground/tests/e2e/dashboard-groups.spec.ts:97:33

    attachment #1: screenshot (image/png) ──────────────────────────────────────────────────────────
    ../../test-results/dashboard-groups-Dashboard-24af3-tatus-section-functionality-Mobile-Safari/test-failed-1.png
    ────────────────────────────────────────────────────────────────────────────────────────────────

    attachment #2: video (video/webm) ──────────────────────────────────────────────────────────────
    ../../test-results/dashboard-groups-Dashboard-24af3-tatus-section-functionality-Mobile-Safari/video.webm
    ────────────────────────────────────────────────────────────────────────────────────────────────

    Error Context: ../../test-results/dashboard-groups-Dashboard-24af3-tatus-section-functionality-Mobile-Safari/error-context.md
]]>
</failure>
<system-out>
<![CDATA[
[[ATTACHMENT|dashboard-groups-Dashboard-24af3-tatus-section-functionality-Mobile-Safari/test-failed-1.png]]

[[ATTACHMENT|dashboard-groups-Dashboard-24af3-tatus-section-functionality-Mobile-Safari/video.webm]]

[[ATTACHMENT|dashboard-groups-Dashboard-24af3-tatus-section-functionality-Mobile-Safari/error-context.md]]
]]>
</system-out>
</testcase>
<testcase name="Dashboard Groups - Core Functionality › Custom Domain Config section" classname="dashboard-groups.spec.ts" time="5.505">
<failure message="dashboard-groups.spec.ts:124:2 Custom Domain Config section" type="FAILURE">
<![CDATA[  [Mobile Safari] › dashboard-groups.spec.ts:124:2 › Dashboard Groups - Core Functionality › Custom Domain Config section 

    Error: expect(locator).toBeVisible() failed

    Locator: getByText(/App URL and custom domain|HTTPS|domain/i)
    Expected: visible
    Error: strict mode violation: getByText(/App URL and custom domain|HTTPS|domain/i) resolved to 13 elements:
        1) <span class="sidebar-ping__item-label">Custom Domain & API Test</span> aka getByRole('link', { name: 'Custom Domain & API Test ADMIN' })
        2) <span>3000 (HTTPS)</span> aka getByText('3000 (HTTPS)')
        3) <span>3001 (HTTPS)</span> aka getByText('3001 (HTTPS)')
        4) <h3 class="sc-hLwbit bHZzOJ">Custom Domain Config</h3> aka getByRole('button', { name: 'Custom Domain Config App URL' })
        5) <p class="sc-duAPiq lcTxkG">App URL and custom domain (always HTTPS)</p> aka getByRole('button', { name: 'Custom Domain Config App URL' })
        6) <span class="fw-600 text-muted">App URL (HTTPS):</span> aka getByText('App URL (HTTPS):')
        7) <code class="text-small fw-600">https://api.pingdemo.com:3000</code> aka getByText('https://api.pingdemo.com:')
        8) <label for="dashboard-custom-domain" class="fw-600 text-muted text-small">Custom domain (hostname only)</label> aka getByText('Custom domain (hostname only)')
        9) <button type="button" class="btn btn-oauth align-self-start" aria-label="Save custom domain and open app at new URL">…</button> aka getByRole('button', { name: 'Save custom domain and open' })
        10) <code class="text-small fw-600">/api/settings/custom-domain</code> aka getByText('/api/settings/custom-domain').first()
        ...

    Call log:
      - Expect "toBeVisible" with timeout 5000ms
      - waiting for getByText(/App URL and custom domain|HTTPS|domain/i)


      135 |
      136 | 		// Check for domain configuration content
    > 137 | 		await expect(page.getByText(/App URL and custom domain|HTTPS|domain/i)).toBeVisible({
          | 		                                                                        ^
      138 | 			timeout: 5000,
      139 | 		});
      140 |
        at /Users/cmuir/P1Import-apps/oauth-playground/tests/e2e/dashboard-groups.spec.ts:137:75

    attachment #1: screenshot (image/png) ──────────────────────────────────────────────────────────
    ../../test-results/dashboard-groups-Dashboard-1dd9f-ustom-Domain-Config-section-Mobile-Safari/test-failed-1.png
    ────────────────────────────────────────────────────────────────────────────────────────────────

    attachment #2: video (video/webm) ──────────────────────────────────────────────────────────────
    ../../test-results/dashboard-groups-Dashboard-1dd9f-ustom-Domain-Config-section-Mobile-Safari/video.webm
    ────────────────────────────────────────────────────────────────────────────────────────────────

    Error Context: ../../test-results/dashboard-groups-Dashboard-1dd9f-ustom-Domain-Config-section-Mobile-Safari/error-context.md
]]>
</failure>
<system-out>
<![CDATA[
[[ATTACHMENT|dashboard-groups-Dashboard-1dd9f-ustom-Domain-Config-section-Mobile-Safari/test-failed-1.png]]

[[ATTACHMENT|dashboard-groups-Dashboard-1dd9f-ustom-Domain-Config-section-Mobile-Safari/video.webm]]

[[ATTACHMENT|dashboard-groups-Dashboard-1dd9f-ustom-Domain-Config-section-Mobile-Safari/error-context.md]]
]]>
</system-out>
</testcase>
<testcase name="Dashboard Groups - Core Functionality › API Endpoints section displays endpoints" classname="dashboard-groups.spec.ts" time="5.955">
<failure message="dashboard-groups.spec.ts:156:2 API Endpoints section displays endpoints" type="FAILURE">
<![CDATA[  [Mobile Safari] › dashboard-groups.spec.ts:156:2 › Dashboard Groups - Core Functionality › API Endpoints section displays endpoints 

    Error: expect(locator).toBeVisible() failed

    Locator: getByText(/Backend API endpoints|OAuth|OIDC/i)
    Expected: visible
    Error: strict mode violation: getByText(/Backend API endpoints|OAuth|OIDC/i) resolved to 26 elements:
        1) <span>OIDC Discovery</span> aka getByLabel('OIDC Discovery tool').getByText('OIDC Discovery')
        2) <span class="sidebar-ping__item-label">OIDC Discovery</span> aka getByRole('link', { name: 'OIDC Discovery V9 v9.16.23' })
        3) <span class="sidebar-ping__item-label">Unified OAuth & OIDC</span> aka getByRole('link', { name: 'Unified OAuth & OIDC LIVE' })
        4) <span class="sidebar-ping__item-label">OIDC Overview</span> aka getByRole('link', { name: 'OIDC Overview DOCS' })
        5) <span class="sidebar-ping__item-label">OAuth 2.1 Specification</span> aka getByRole('link', { name: 'OAuth 2.1 Specification DOCS' })
        6) <span class="sidebar-ping__item-label">OAuth 2.0 Security Best Practices</span> aka getByRole('link', { name: 'OAuth 2.0 Security Best' })
        7) <span class="sidebar-ping__item-label">OAuth Education</span> aka getByRole('link', { name: 'OAuth Education DOCS' })
        8) <span class="sidebar-ping__item-label">Advanced OAuth Parameters Demo</span> aka getByRole('link', { name: 'Advanced OAuth Parameters' })
        9) <span class="sidebar-ping__item-label">OAuth Scopes Reference</span> aka getByRole('link', { name: 'OAuth Scopes Reference DOCS' })
        10) <span class="sidebar-ping__item-label">OIDC Specifications</span> aka getByRole('link', { name: 'OIDC Specifications DOCS' })
        ...

    Call log:
      - Expect "toBeVisible" with timeout 5000ms
      - waiting for getByText(/Backend API endpoints|OAuth|OIDC/i)


      167 |
      168 | 		// Check for API endpoints content
    > 169 | 		await expect(page.getByText(/Backend API endpoints|OAuth|OIDC/i)).toBeVisible({
          | 		                                                                  ^
      170 | 			timeout: 5000,
      171 | 		});
      172 |
        at /Users/cmuir/P1Import-apps/oauth-playground/tests/e2e/dashboard-groups.spec.ts:169:69

    attachment #1: screenshot (image/png) ──────────────────────────────────────────────────────────
    ../../test-results/dashboard-groups-Dashboard-8d65a--section-displays-endpoints-Mobile-Safari/test-failed-1.png
    ────────────────────────────────────────────────────────────────────────────────────────────────

    attachment #2: video (video/webm) ──────────────────────────────────────────────────────────────
    ../../test-results/dashboard-groups-Dashboard-8d65a--section-displays-endpoints-Mobile-Safari/video.webm
    ────────────────────────────────────────────────────────────────────────────────────────────────

    Error Context: ../../test-results/dashboard-groups-Dashboard-8d65a--section-displays-endpoints-Mobile-Safari/error-context.md
]]>
</failure>
<system-out>
<![CDATA[
[[ATTACHMENT|dashboard-groups-Dashboard-8d65a--section-displays-endpoints-Mobile-Safari/test-failed-1.png]]

[[ATTACHMENT|dashboard-groups-Dashboard-8d65a--section-displays-endpoints-Mobile-Safari/video.webm]]

[[ATTACHMENT|dashboard-groups-Dashboard-8d65a--section-displays-endpoints-Mobile-Safari/error-context.md]]
]]>
</system-out>
</testcase>
<testcase name="Dashboard Groups - Core Functionality › Quick Access Flows section" classname="dashboard-groups.spec.ts" time="8.581">
<failure message="dashboard-groups.spec.ts:195:2 Quick Access Flows section" type="FAILURE">
<![CDATA[  [Mobile Safari] › dashboard-groups.spec.ts:195:2 › Dashboard Groups - Core Functionality › Quick Access Flows section 

    Error: expect(locator).toBeVisible() failed

    Locator: getByText(/OAuth 2\.0|OpenID Connect|flows/i)
    Expected: visible
    Error: strict mode violation: getByText(/OAuth 2\.0|OpenID Connect|flows/i) resolved to 12 elements:
        1) <span>…</span> aka getByRole('button', { name: 'Mock Flows' })
        2) <span class="sidebar-ping__item-label">OAuth 2.0 Security Best Practices</span> aka getByRole('link', { name: 'OAuth 2.0 Security Best' })
        3) <p class="sc-duAPiq lcTxkG">Monitor system status, explore OAuth flows, and t…</p> aka getByRole('button', { name: 'Dashboard Monitor system' })
        4) <h3 class="sc-hLwbit bHZzOJ">Quick Access Flows</h3> aka getByRole('button', { name: 'Quick Access Flows Explore' })
        5) <p class="sc-duAPiq lcTxkG">Explore OAuth 2.0 and OpenID Connect flows</p> aka getByRole('button', { name: 'Quick Access Flows Explore' })
        6) <p class="text-muted mb-3">Explore OAuth 2.0 and OpenID Connect flows. Defau…</p> aka getByText('Explore OAuth 2.0 and OpenID Connect flows. Defaults are secure-by-default (')
        7) <h3>OAuth 2.0</h3> aka getByRole('heading', { name: 'OAuth' })
        8) <p>Standards-based authorization flows. Recommended:…</p> aka getByText('Standards-based authorization')
        9) <h3>OpenID Connect</h3> aka getByRole('heading', { name: 'OpenID Connect' })
        10) <p>Identity layer on top of OAuth 2.0.</p> aka getByText('Identity layer on top of OAuth')
        ...

    Call log:
      - Expect "toBeVisible" with timeout 5000ms
      - waiting for getByText(/OAuth 2\.0|OpenID Connect|flows/i)


      206 |
      207 | 		// Check for flows content
    > 208 | 		await expect(page.getByText(/OAuth 2\.0|OpenID Connect|flows/i)).toBeVisible({ timeout: 5000 });
          | 		                                                                 ^
      209 |
      210 | 		// Look for flow links or buttons
      211 | 		const flowLinks = page.locator(
        at /Users/cmuir/P1Import-apps/oauth-playground/tests/e2e/dashboard-groups.spec.ts:208:68

    attachment #1: screenshot (image/png) ──────────────────────────────────────────────────────────
    ../../test-results/dashboard-groups-Dashboard-1dc4e--Quick-Access-Flows-section-Mobile-Safari/test-failed-1.png
    ────────────────────────────────────────────────────────────────────────────────────────────────

    attachment #2: video (video/webm) ──────────────────────────────────────────────────────────────
    ../../test-results/dashboard-groups-Dashboard-1dc4e--Quick-Access-Flows-section-Mobile-Safari/video.webm
    ────────────────────────────────────────────────────────────────────────────────────────────────

    Error Context: ../../test-results/dashboard-groups-Dashboard-1dc4e--Quick-Access-Flows-section-Mobile-Safari/error-context.md
]]>
</failure>
<system-out>
<![CDATA[
[[ATTACHMENT|dashboard-groups-Dashboard-1dc4e--Quick-Access-Flows-section-Mobile-Safari/test-failed-1.png]]

[[ATTACHMENT|dashboard-groups-Dashboard-1dc4e--Quick-Access-Flows-section-Mobile-Safari/video.webm]]

[[ATTACHMENT|dashboard-groups-Dashboard-1dc4e--Quick-Access-Flows-section-Mobile-Safari/error-context.md]]
]]>
</system-out>
</testcase>
<testcase name="Dashboard Groups - Core Functionality › Recent Activity section" classname="dashboard-groups.spec.ts" time="9.254">
<system-out>
<![CDATA[Found 4 activity items
✅ Refresh button found
]]>
</system-out>
</testcase>
<testcase name="Dashboard Groups - Interaction Tests › can toggle multiple sections independently" classname="dashboard-groups.spec.ts" time="12.636">
<failure message="dashboard-groups.spec.ts:277:2 can toggle multiple sections independently" type="FAILURE">
<![CDATA[  [Mobile Safari] › dashboard-groups.spec.ts:277:2 › Dashboard Groups - Interaction Tests › can toggle multiple sections independently 

    Error: expect(locator).toBeVisible() failed

    Locator:  locator('text=Dashboard').first()
    Expected: visible
    Received: hidden
    Timeout:  5000ms

    Call log:
      - Expect "toBeVisible" with timeout 5000ms
      - waiting for locator('text=Dashboard').first()
        4 × locator resolved to <span>Dashboard</span>
          - unexpected value "hidden"


      289 | 		for (const sectionName of sections) {
      290 | 			const sectionHeader = page.locator(`text=${sectionName}`).first();
    > 291 | 			await expect(sectionHeader).toBeVisible();
          | 			                            ^
      292 |
      293 | 			// Get initial state
      294 | 			const initialState = await sectionHeader.getAttribute('aria-expanded');
        at /Users/cmuir/P1Import-apps/oauth-playground/tests/e2e/dashboard-groups.spec.ts:291:32

    attachment #1: screenshot (image/png) ──────────────────────────────────────────────────────────
    ../../test-results/dashboard-groups-Dashboard-88950-iple-sections-independently-Mobile-Safari/test-failed-1.png
    ────────────────────────────────────────────────────────────────────────────────────────────────

    attachment #2: video (video/webm) ──────────────────────────────────────────────────────────────
    ../../test-results/dashboard-groups-Dashboard-88950-iple-sections-independently-Mobile-Safari/video.webm
    ────────────────────────────────────────────────────────────────────────────────────────────────

    Error Context: ../../test-results/dashboard-groups-Dashboard-88950-iple-sections-independently-Mobile-Safari/error-context.md
]]>
</failure>
<system-out>
<![CDATA[
[[ATTACHMENT|dashboard-groups-Dashboard-88950-iple-sections-independently-Mobile-Safari/test-failed-1.png]]

[[ATTACHMENT|dashboard-groups-Dashboard-88950-iple-sections-independently-Mobile-Safari/video.webm]]

[[ATTACHMENT|dashboard-groups-Dashboard-88950-iple-sections-independently-Mobile-Safari/error-context.md]]
]]>
</system-out>
</testcase>
<testcase name="Dashboard Groups - Interaction Tests › section states persist during page interactions" classname="dashboard-groups.spec.ts" time="69.431">
<failure message="dashboard-groups.spec.ts:308:2 section states persist during page interactions" type="FAILURE">
<![CDATA[  [Mobile Safari] › dashboard-groups.spec.ts:308:2 › Dashboard Groups - Interaction Tests › section states persist during page interactions 

    Test timeout of 60000ms exceeded.

    Error: locator.click: Test timeout of 60000ms exceeded.
    Call log:
      - waiting for locator('text=API Status').first()
        - locator resolved to <span>API Status</span>
      - attempting click action
        2 × waiting for element to be visible, enabled and stable
          - element is not visible
        - retrying click action
        - waiting 20ms
        2 × waiting for element to be visible, enabled and stable
          - element is not visible
        - retrying click action
          - waiting 100ms
        96 × waiting for element to be visible, enabled and stable
           - element is not visible
         - retrying click action
           - waiting 500ms


      309 | 		// Expand API Status section
      310 | 		const apiStatusHeader = page.locator('text=API Status').first();
    > 311 | 		await apiStatusHeader.click();
          | 		                      ^
      312 | 		await page.waitForTimeout(500);
      313 |
      314 | 		// Verify it's expanded
        at /Users/cmuir/P1Import-apps/oauth-playground/tests/e2e/dashboard-groups.spec.ts:311:25

    attachment #1: screenshot (image/png) ──────────────────────────────────────────────────────────
    ../../test-results/dashboard-groups-Dashboard-d52a5-st-during-page-interactions-Mobile-Safari/test-failed-1.png
    ────────────────────────────────────────────────────────────────────────────────────────────────

    attachment #2: video (video/webm) ──────────────────────────────────────────────────────────────
    ../../test-results/dashboard-groups-Dashboard-d52a5-st-during-page-interactions-Mobile-Safari/video.webm
    ────────────────────────────────────────────────────────────────────────────────────────────────

    Error Context: ../../test-results/dashboard-groups-Dashboard-d52a5-st-during-page-interactions-Mobile-Safari/error-context.md
]]>
</failure>
<system-out>
<![CDATA[
[[ATTACHMENT|dashboard-groups-Dashboard-d52a5-st-during-page-interactions-Mobile-Safari/test-failed-1.png]]

[[ATTACHMENT|dashboard-groups-Dashboard-d52a5-st-during-page-interactions-Mobile-Safari/video.webm]]

[[ATTACHMENT|dashboard-groups-Dashboard-d52a5-st-during-page-interactions-Mobile-Safari/error-context.md]]
]]>
</system-out>
</testcase>
<testcase name="Dashboard Groups - Interaction Tests › all sections have proper accessibility attributes" classname="dashboard-groups.spec.ts" time="7.287">
<failure message="dashboard-groups.spec.ts:330:2 all sections have proper accessibility attributes" type="FAILURE">
<![CDATA[  [Mobile Safari] › dashboard-groups.spec.ts:330:2 › Dashboard Groups - Interaction Tests › all sections have proper accessibility attributes 

    TypeError: header.isTabbable is not a function

      354 |
      355 | 			// Should be keyboard navigable
    > 356 | 			const isTabbable = await header.isTabbable();
          | 			                                ^
      357 | 			if (isTabbable) {
      358 | 				console.log(`✅ Header ${i + 1} is keyboard navigable`);
      359 | 			}
        at /Users/cmuir/P1Import-apps/oauth-playground/tests/e2e/dashboard-groups.spec.ts:356:36

    attachment #1: screenshot (image/png) ──────────────────────────────────────────────────────────
    ../../test-results/dashboard-groups-Dashboard-2791d-er-accessibility-attributes-Mobile-Safari/test-failed-1.png
    ────────────────────────────────────────────────────────────────────────────────────────────────

    attachment #2: video (video/webm) ──────────────────────────────────────────────────────────────
    ../../test-results/dashboard-groups-Dashboard-2791d-er-accessibility-attributes-Mobile-Safari/video.webm
    ────────────────────────────────────────────────────────────────────────────────────────────────

    Error Context: ../../test-results/dashboard-groups-Dashboard-2791d-er-accessibility-attributes-Mobile-Safari/error-context.md
]]>
</failure>
<system-out>
<![CDATA[✅ Header 1 has aria-expanded
✅ Header 1 has proper interactive role

[[ATTACHMENT|dashboard-groups-Dashboard-2791d-er-accessibility-attributes-Mobile-Safari/test-failed-1.png]]

[[ATTACHMENT|dashboard-groups-Dashboard-2791d-er-accessibility-attributes-Mobile-Safari/video.webm]]

[[ATTACHMENT|dashboard-groups-Dashboard-2791d-er-accessibility-attributes-Mobile-Safari/error-context.md]]
]]>
</system-out>
</testcase>
<testcase name="Dashboard Groups - Interaction Tests › sections work with keyboard navigation" classname="dashboard-groups.spec.ts" time="4.346">
<failure message="dashboard-groups.spec.ts:363:2 sections work with keyboard navigation" type="FAILURE">
<![CDATA[  [Mobile Safari] › dashboard-groups.spec.ts:363:2 › Dashboard Groups - Interaction Tests › sections work with keyboard navigation 

    Error: expect(received).toBeTruthy()

    Received: false

      368 | 		// Verify focus
      369 | 		const isFocused = await firstHeader.evaluate((el) => document.activeElement === el);
    > 370 | 		expect(isFocused).toBeTruthy();
          | 		                  ^
      371 |
      372 | 		// Test Enter key to toggle
      373 | 		await page.keyboard.press('Enter');
        at /Users/cmuir/P1Import-apps/oauth-playground/tests/e2e/dashboard-groups.spec.ts:370:21

    attachment #1: screenshot (image/png) ──────────────────────────────────────────────────────────
    ../../test-results/dashboard-groups-Dashboard-00b73-rk-with-keyboard-navigation-Mobile-Safari/test-failed-1.png
    ────────────────────────────────────────────────────────────────────────────────────────────────

    attachment #2: video (video/webm) ──────────────────────────────────────────────────────────────
    ../../test-results/dashboard-groups-Dashboard-00b73-rk-with-keyboard-navigation-Mobile-Safari/video.webm
    ────────────────────────────────────────────────────────────────────────────────────────────────

    Error Context: ../../test-results/dashboard-groups-Dashboard-00b73-rk-with-keyboard-navigation-Mobile-Safari/error-context.md
]]>
</failure>
<system-out>
<![CDATA[
[[ATTACHMENT|dashboard-groups-Dashboard-00b73-rk-with-keyboard-navigation-Mobile-Safari/test-failed-1.png]]

[[ATTACHMENT|dashboard-groups-Dashboard-00b73-rk-with-keyboard-navigation-Mobile-Safari/video.webm]]

[[ATTACHMENT|dashboard-groups-Dashboard-00b73-rk-with-keyboard-navigation-Mobile-Safari/error-context.md]]
]]>
</system-out>
</testcase>
<testcase name="Dashboard Groups - Content Validation › all sections contain meaningful content" classname="dashboard-groups.spec.ts" time="75.747">
<failure message="dashboard-groups.spec.ts:405:2 all sections contain meaningful content" type="FAILURE">
<![CDATA[  [Mobile Safari] › dashboard-groups.spec.ts:405:2 › Dashboard Groups - Content Validation › all sections contain meaningful content 

    Test timeout of 60000ms exceeded.

    Error: locator.click: Test timeout of 60000ms exceeded.
    Call log:
      - waiting for locator('text=Dashboard').first()
        - locator resolved to <span>Dashboard</span>
      - attempting click action
        2 × waiting for element to be visible, enabled and stable
          - element is not visible
        - retrying click action
        - waiting 20ms
        2 × waiting for element to be visible, enabled and stable
          - element is not visible
        - retrying click action
          - waiting 100ms
        85 × waiting for element to be visible, enabled and stable
           - element is not visible
         - retrying click action
           - waiting 500ms


      416 | 			// Find and expand section
      417 | 			const header = page.locator(`text=${section.name}`).first();
    > 418 | 			await header.click();
          | 			             ^
      419 | 			await page.waitForTimeout(500);
      420 |
      421 | 			// Check for expected content
        at /Users/cmuir/P1Import-apps/oauth-playground/tests/e2e/dashboard-groups.spec.ts:418:17

    attachment #1: screenshot (image/png) ──────────────────────────────────────────────────────────
    ../../test-results/dashboard-groups-Dashboard-a9373--contain-meaningful-content-Mobile-Safari/test-failed-1.png
    ────────────────────────────────────────────────────────────────────────────────────────────────

    attachment #2: video (video/webm) ──────────────────────────────────────────────────────────────
    ../../test-results/dashboard-groups-Dashboard-a9373--contain-meaningful-content-Mobile-Safari/video.webm
    ────────────────────────────────────────────────────────────────────────────────────────────────

    Error Context: ../../test-results/dashboard-groups-Dashboard-a9373--contain-meaningful-content-Mobile-Safari/error-context.md
]]>
</failure>
<system-out>
<![CDATA[
[[ATTACHMENT|dashboard-groups-Dashboard-a9373--contain-meaningful-content-Mobile-Safari/test-failed-1.png]]

[[ATTACHMENT|dashboard-groups-Dashboard-a9373--contain-meaningful-content-Mobile-Safari/video.webm]]

[[ATTACHMENT|dashboard-groups-Dashboard-a9373--contain-meaningful-content-Mobile-Safari/error-context.md]]
]]>
</system-out>
</testcase>
<testcase name="Dashboard Groups - Content Validation › sections display appropriate icons and visual elements" classname="dashboard-groups.spec.ts" time="12.681">
<system-out>
<![CDATA[Found 118 icons in dashboard sections
]]>
</system-out>
</testcase>
<testcase name="Dashboard Groups - Content Validation › sections are responsive and adapt to screen size" classname="dashboard-groups.spec.ts" time="15.483">
<failure message="dashboard-groups.spec.ts:455:2 sections are responsive and adapt to screen size" type="FAILURE">
<![CDATA[  [Mobile Safari] › dashboard-groups.spec.ts:455:2 › Dashboard Groups - Content Validation › sections are responsive and adapt to screen size 

    Error: expect(received).toBeGreaterThan(expected)

    Expected: > 0
    Received:   0

      475 |
      476 | 		// All sections should be visible across screen sizes
    > 477 | 		expect(desktopVisible).toBeGreaterThan(0);
          | 		                       ^
      478 | 		expect(tabletVisible).toBeGreaterThan(0);
      479 | 		expect(mobileVisible).toBeGreaterThan(0);
      480 |
        at /Users/cmuir/P1Import-apps/oauth-playground/tests/e2e/dashboard-groups.spec.ts:477:26

    attachment #1: screenshot (image/png) ──────────────────────────────────────────────────────────
    ../../test-results/dashboard-groups-Dashboard-ec111-ve-and-adapt-to-screen-size-Mobile-Safari/test-failed-1.png
    ────────────────────────────────────────────────────────────────────────────────────────────────

    attachment #2: video (video/webm) ──────────────────────────────────────────────────────────────
    ../../test-results/dashboard-groups-Dashboard-ec111-ve-and-adapt-to-screen-size-Mobile-Safari/video.webm
    ────────────────────────────────────────────────────────────────────────────────────────────────

    Error Context: ../../test-results/dashboard-groups-Dashboard-ec111-ve-and-adapt-to-screen-size-Mobile-Safari/error-context.md
]]>
</failure>
<system-out>
<![CDATA[
[[ATTACHMENT|dashboard-groups-Dashboard-ec111-ve-and-adapt-to-screen-size-Mobile-Safari/test-failed-1.png]]

[[ATTACHMENT|dashboard-groups-Dashboard-ec111-ve-and-adapt-to-screen-size-Mobile-Safari/video.webm]]

[[ATTACHMENT|dashboard-groups-Dashboard-ec111-ve-and-adapt-to-screen-size-Mobile-Safari/error-context.md]]
]]>
</system-out>
</testcase>
</testsuite>
<testsuite name="mock-flows-comprehensive-validation.spec.ts" timestamp="2026-03-22T13:31:33.877Z" hostname="Mobile Safari" tests="2" failures="0" skipped="0" time="78.644" errors="0">
<testcase name="Mock Flows - Comprehensive Field Validation › comprehensive field validation for all mock flows" classname="mock-flows-comprehensive-validation.spec.ts" time="54.855">
<system-out>
<![CDATA[
=== Testing: /flows/oidc-authorization-code-v9 ===
Found 9 input fields in container: main
✅ Filled: ac-client-id = "v7m-client"
✅ Filled: ac-redirect-uri = "/callback"
✅ Filled: ac-scope = "openid profile email offline_a..."
✅ Filled: ac-state = "abc123state"
✅ Filled: ac-nonce = "n-0S6_WzA2Mj"
✅ Filled: ac-user = "jane.doe@example.com"
✅ Filled: ac-method = "S256 (recommended)"
✅ Filled: ac-verifier = "sample-code-verifier-123456789..."
✅ Filled: ac-secret = "topsecret"
Summary for /flows/oidc-authorization-code-v9:
  Fields found: Yes
  Total fields: 9
  Filled: 9
  Empty: 0
  Empty required: 0

=== Testing: /flows/client-credentials-v9 ===
Found 4 input fields in container: main
✅ Filled: field-0 = "v7m-client-credentials"
✅ Filled: field-1 = "topsecret"
✅ Filled: field-2 = "read write"
⚠️  Empty optional: https://api.example.com (input) - https://api.example.com
Summary for /flows/client-credentials-v9:
  Fields found: Yes
  Total fields: 4
  Filled: 3
  Empty: 1
  Empty required: 0

=== Testing: /flows/device-authorization-v9 ===
Found 4 input fields in container: main
✅ Filled: field-0 = "v7m-device-client"
✅ Filled: field-1 = "read write"
✅ Filled: field-2 = "jane.doe@example.com"
✅ Filled: field-3 = "topsecret"
Summary for /flows/device-authorization-v9:
  Fields found: Yes
  Total fields: 4
  Filled: 4
  Empty: 0
  Empty required: 0

=== Testing: /flows/implicit-v9 ===
Found 5 input fields in container: main
✅ Filled: field-0 = "v7m-client"
✅ Filled: field-1 = "/implicit-callback"
✅ Filled: field-2 = "read write"
✅ Filled: field-3 = "abc123state"
✅ Filled: field-4 = "jane.doe@example.com"
Summary for /flows/implicit-v9:
  Fields found: Yes
  Total fields: 5
  Filled: 5
  Empty: 0
  Empty required: 0

=== Testing: /flows/oidc-hybrid-v9 ===
Found 9 input fields in container: main
✅ Filled: responseType = "checked"
⚠️  Empty optional: responseType (radio) - 
⚠️  Empty optional: responseType (radio) - 
✅ Filled: field-3 = "v7m-hybrid-client"
✅ Filled: field-4 = "/hybrid-callback"
✅ Filled: field-5 = "openid profile email"
✅ Filled: field-6 = "hybrid-state-xyz"
✅ Filled: field-7 = "hybrid-nonce-abc"
✅ Filled: field-8 = "jane.doe@example.com"
Summary for /flows/oidc-hybrid-v9:
  Fields found: Yes
  Total fields: 9
  Filled: 7
  Empty: 2
  Empty required: 0

=== Testing: /flows/dpop-authorization-code-v9 ===
Found 30 input fields in container: main
⚠️  Empty optional: field-0 (checkbox) - 
✅ Filled: specVersion = "checked"
⚠️  Empty optional: specVersion (radio) - 
⚠️  Empty optional: specVersion (radio) - 
✅ Filled: flowTypeSelect = "Authorization Code"
✅ Filled: client-type = "checked"
⚠️  Empty optional: client-type (radio) - 
✅ Filled: application-type = "Web Application"
✅ Filled: environment-id = "b9817c16-9910-4415-b67e-4ac687..."
✅ Filled: field-9 = "checked"
✅ Filled: field-10 = "checked"
⚠️  Empty optional: client-id (text) - abc123def456...
⚠️  Empty optional: client-secret (password) - ••••••••••••••••
✅ Filled: field-13 = "🔓 OPTIONAL - PKCE is optional..."
⚠️  Empty optional: issuer-url (text) - Using: b9817c16-9910-4415-b67e-4ac687da74d9 (or enter custom)
✅ Filled: field-15 = "📝 Client Secret Post (Form Bo..."
✅ Filled: field-16 = "🔐 code (Recommended)"
✅ Filled: redirect-uris = "https://api.pingdemo.com:3000/..."
✅ Filled: field-18 = "🔗 Query String (Recommended)"
✅ Filled: openid = "openid"
⚠️  Empty optional: field-20 (checkbox) - 
✅ Filled: field-21 = "🟡 Optional"
✅ Filled: field-22 = "🔗 Query String (Recommended)"
⚠️  Empty optional: field-23 (checkbox) - 
⚠️  Empty optional: https://auth.example.com (text) - https://auth.example.com
⚠️  Empty optional: login-hint-dropdown (text) - Worker token required
✅ Filled: field-26 = "✏️ Custom value..."
⚠️  Empty optional: Enter seconds (e.g., 300 for 5 minutes) (number) - Enter seconds (e.g., 300 for 5 minutes)
✅ Filled: display-mode-select = "Default (page)"
✅ Filled: field-29 = "Default (server decides)"
Summary for /flows/dpop-authorization-code-v9:
  Fields found: Yes
  Total fields: 30
  Filled: 18
  Empty: 12
  Empty required: 0

=== Testing: /flows/mock-mcp-agent-flow ===
Found 1 input fields in container: body
⚠️  Empty optional: Search flows and pages... (⌘K) (text) - Search flows and pages... (⌘K)
Summary for /flows/mock-mcp-agent-flow:
  Fields found: Yes
  Total fields: 1
  Filled: 0
  Empty: 1
  Empty required: 0

=== COMPREHENSIVE VALIDATION SUMMARY ===
Total flows tested: 7
Flows with input fields: 7
Flows without input fields: 0
Total input fields: 62
Total filled fields: 46
Total empty fields: 16
Total empty required fields: 0

=== DETAILED BREAKDOWN ===

/flows/oidc-authorization-code-v9:
  Fields: 9 total, 9 filled, 0 empty

/flows/client-credentials-v9:
  Fields: 4 total, 3 filled, 1 empty
  Empty fields:
    - https://api.example.com (input) - optional - "https://api.example.com"

/flows/device-authorization-v9:
  Fields: 4 total, 4 filled, 0 empty

/flows/implicit-v9:
  Fields: 5 total, 5 filled, 0 empty

/flows/oidc-hybrid-v9:
  Fields: 9 total, 7 filled, 2 empty
  Empty fields:
    - responseType (radio) - optional - ""
    - responseType (radio) - optional - ""

/flows/dpop-authorization-code-v9:
  Fields: 30 total, 18 filled, 12 empty
  Empty fields:
    - field-0 (checkbox) - optional - ""
    - specVersion (radio) - optional - ""
    - specVersion (radio) - optional - ""
    - client-type (radio) - optional - ""
    - client-id (text) - optional - "abc123def456..."
    - client-secret (password) - optional - "••••••••••••••••"
    - issuer-url (text) - optional - "Using: b9817c16-9910-4415-b67e-4ac687da74d9 (or enter custom)"
    - field-20 (checkbox) - optional - ""
    - field-23 (checkbox) - optional - ""
    - https://auth.example.com (text) - optional - "https://auth.example.com"
    - login-hint-dropdown (text) - optional - "Worker token required"
    - Enter seconds (e.g., 300 for 5 minutes) (number) - optional - "Enter seconds (e.g., 300 for 5 minutes)"

/flows/mock-mcp-agent-flow:
  Fields: 1 total, 0 filled, 1 empty
  Empty fields:
    - Search flows and pages... (⌘K) (text) - optional - "Search flows and pages... (⌘K)"

Field fill rate: 74.2%
🎉 All required fields are filled in all mock flows!
]]>
</system-out>
</testcase>
<testcase name="Mock Flows - Comprehensive Field Validation › mock flows work without user interaction" classname="mock-flows-comprehensive-validation.spec.ts" time="23.789">
<system-out>
<![CDATA[
Testing flow without user interaction: /flows/oidc-authorization-code-v9
  ✅ Flow already shows token/results
  ✅ Flow is ready to use without user input

Testing flow without user interaction: /flows/client-credentials-v9
  ✅ Found actionable button: "Request Access Token"
  ✅ Flow already shows token/results
  ✅ Flow is ready to use without user input
]]>
</system-out>
</testcase>
</testsuite>
<testsuite name="mock-flows-field-validation.spec.ts" timestamp="2026-03-22T13:31:33.877Z" hostname="Mobile Safari" tests="2" failures="0" skipped="0" time="76.215" errors="0">
<testcase name="Mock Flows - Field Validation › all mock flows have pre-filled values in all fields" classname="mock-flows-field-validation.spec.ts" time="52.628">
<system-out>
<![CDATA[
=== Testing: /flows/oidc-authorization-code-v9 ===
Found 9 input fields
✅ Filled: ac-client-id = "v7m-client"
✅ Filled: ac-redirect-uri = "/callback"
✅ Filled: ac-scope = "openid profile email offline_a..."
✅ Filled: ac-state = "abc123state"
✅ Filled: ac-nonce = "n-0S6_WzA2Mj"
✅ Filled: ac-user = "jane.doe@example.com"
✅ Filled: ac-method = "S256 (recommended)"
✅ Filled: ac-verifier = "sample-code-verifier-123456789..."
✅ Filled: ac-secret = "topsecret"
Summary for /flows/oidc-authorization-code-v9:
  Total fields: 9
  Filled fields: 9
  Empty fields: 0
  Empty required fields: 0

=== Testing: /flows/client-credentials-v9 ===
Found 4 input fields
✅ Filled: field-0 = "v7m-client-credentials"
✅ Filled: field-1 = "topsecret"
✅ Filled: field-2 = "read write"
⚠️  Empty optional field: field-3 (input) - https://api.example.com
Summary for /flows/client-credentials-v9:
  Total fields: 4
  Filled fields: 3
  Empty fields: 1
  Empty required fields: 0

=== Testing: /flows/device-authorization-v9 ===
Found 4 input fields
✅ Filled: field-0 = "v7m-device-client"
✅ Filled: field-1 = "read write"
✅ Filled: field-2 = "jane.doe@example.com"
✅ Filled: field-3 = "topsecret"
Summary for /flows/device-authorization-v9:
  Total fields: 4
  Filled fields: 4
  Empty fields: 0
  Empty required fields: 0

=== Testing: /flows/implicit-v9 ===
Found 5 input fields
✅ Filled: field-0 = "v7m-client"
✅ Filled: field-1 = "/implicit-callback"
✅ Filled: field-2 = "read write"
✅ Filled: field-3 = "abc123state"
✅ Filled: field-4 = "jane.doe@example.com"
Summary for /flows/implicit-v9:
  Total fields: 5
  Filled fields: 5
  Empty fields: 0
  Empty required fields: 0

=== Testing: /flows/oidc-hybrid-v9 ===
Found 9 input fields
✅ Filled: responseType = "code id_token"
✅ Filled: responseType = "code token"
✅ Filled: responseType = "code id_token token"
✅ Filled: field-3 = "v7m-hybrid-client"
✅ Filled: field-4 = "/hybrid-callback"
✅ Filled: field-5 = "openid profile email"
✅ Filled: field-6 = "hybrid-state-xyz"
✅ Filled: field-7 = "hybrid-nonce-abc"
✅ Filled: field-8 = "jane.doe@example.com"
Summary for /flows/oidc-hybrid-v9:
  Total fields: 9
  Filled fields: 9
  Empty fields: 0
  Empty required fields: 0

=== Testing: /flows/dpop-authorization-code-v9 ===
Found 30 input fields
✅ Filled: field-0 = "on"
✅ Filled: specVersion = "oauth2.0"
✅ Filled: specVersion = "oidc"
✅ Filled: specVersion = "oauth2.1"
✅ Filled: flowTypeSelect = "Authorization Code"
✅ Filled: client-type = "public"
✅ Filled: client-type = "confidential"
✅ Filled: application-type = "Web Application"
✅ Filled: environment-id = "b9817c16-9910-4415-b67e-4ac687..."
✅ Filled: field-9 = "on"
✅ Filled: field-10 = "on"
⚠️  Empty optional field: client-id (text) - abc123def456...
⚠️  Empty optional field: client-secret (password) - ••••••••••••••••
✅ Filled: field-13 = "🔓 OPTIONAL - PKCE is optional..."
⚠️  Empty optional field: issuer-url (text) - Using: b9817c16-9910-4415-b67e-4ac687da74d9 (or enter custom)
✅ Filled: field-15 = "📝 Client Secret Post (Form Bo..."
✅ Filled: field-16 = "🔐 code (Recommended)"
✅ Filled: redirect-uris = "https://api.pingdemo.com:3000/..."
✅ Filled: field-18 = "🔗 Query String (Recommended)"
✅ Filled: field-19 = "openid"
✅ Filled: field-20 = "on"
✅ Filled: field-21 = "🟡 Optional"
✅ Filled: field-22 = "🔗 Query String (Recommended)"
✅ Filled: field-23 = "on"
⚠️  Empty optional field: field-24 (text) - https://auth.example.com
⚠️  Empty optional field: login-hint-dropdown (text) - Worker token required
✅ Filled: field-26 = "✏️ Custom value..."
⚠️  Empty optional field: field-27 (number) - Enter seconds (e.g., 300 for 5 minutes)
✅ Filled: display-mode-select = "Default (page)"
✅ Filled: field-29 = "Default (server decides)"
Summary for /flows/dpop-authorization-code-v9:
  Total fields: 30
  Filled fields: 24
  Empty fields: 6
  Empty required fields: 0

=== Testing: /flows/mock-mcp-agent-flow ===
Found 0 input fields
Summary for /flows/mock-mcp-agent-flow:
  Total fields: 0
  Filled fields: 0
  Empty fields: 0
  Empty required fields: 0

=== OVERALL VALIDATION SUMMARY ===
Total fields across all flows: 61
Total filled fields: 54
Total empty fields: 7
Total empty required fields: 0

⚠️  Found 7 empty optional fields (this may be acceptable)

/flows/client-credentials-v9 - 1 empty optional fields:
  - field-3 (input)

/flows/dpop-authorization-code-v9 - 6 empty optional fields:
  - client-id (text)
  - client-secret (password)
  - issuer-url (text)
  - field-24 (text)
  - login-hint-dropdown (text)
  - field-27 (number)
]]>
</system-out>
</testcase>
<testcase name="Mock Flows - Field Validation › mock flows display educational/mock indicators" classname="mock-flows-field-validation.spec.ts" time="23.587">
<system-out>
<![CDATA[
Checking mock indicators for: /flows/oidc-authorization-code-v9
✅ Found mock indicator: "Educational Mock Mode"

Checking mock indicators for: /flows/client-credentials-v9
✅ Found mock indicator: "Educational Mock Mode"

Checking mock indicators for: /flows/device-authorization-v9
✅ Found mock indicator: "Educational Mock Mode"

Checking mock indicators for: /flows/implicit-v9
✅ Found mock indicator: "Educational Mock Mode"

Checking mock indicators for: /flows/oidc-hybrid-v9
✅ Found mock indicator: "Educational Mock Mode"

Checking mock indicators for: /flows/dpop-authorization-code-v9
⚠️  No explicit mock indicator found for /flows/dpop-authorization-code-v9

Checking mock indicators for: /flows/mock-mcp-agent-flow
✅ Found mock indicator: "Educational Mock Mode"
]]>
</system-out>
</testcase>
</testsuite>
<testsuite name="mock-flows-final.spec.ts" timestamp="2026-03-22T13:31:33.877Z" hostname="Mobile Safari" tests="4" failures="1" skipped="0" time="47.233" errors="0">
<testcase name="Mock Flows - Core Functionality › all mock flows load successfully" classname="mock-flows-final.spec.ts" time="22.609">
<system-out>
<![CDATA[Testing: /flows/oidc-authorization-code-v9
✓ /flows/oidc-authorization-code-v9 loaded successfully
Testing: /flows/client-credentials-v9
✓ /flows/client-credentials-v9 loaded successfully
Testing: /flows/device-authorization-v9
✓ /flows/device-authorization-v9 loaded successfully
Testing: /flows/implicit-v9
✓ /flows/implicit-v9 loaded successfully
Testing: /flows/oidc-hybrid-v9
✓ /flows/oidc-hybrid-v9 loaded successfully
Testing: /flows/dpop-authorization-code-v9
✓ /flows/dpop-authorization-code-v9 loaded successfully
Testing: /flows/mock-mcp-agent-flow
✓ /flows/mock-mcp-agent-flow loaded successfully
]]>
</system-out>
</testcase>
<testcase name="Mock Flows - Core Functionality › mock flows have pre-filled form data" classname="mock-flows-final.spec.ts" time="9.923">
<system-out>
<![CDATA[✓ /flows/oidc-authorization-code-v9 has pre-filled data: v7m-client...
✓ /flows/oidc-authorization-code-v9 - Form data check completed
✓ /flows/client-credentials-v9 has pre-filled data: v7m-client-credentia...
✓ /flows/client-credentials-v9 - Form data check completed
]]>
</system-out>
</testcase>
<testcase name="Mock Flows - Core Functionality › mock flows do not require user credentials" classname="mock-flows-final.spec.ts" time="8.833">
<failure message="mock-flows-final.spec.ts:80:2 mock flows do not require user credentials" type="FAILURE">
<![CDATA[  [Mobile Safari] › mock-flows-final.spec.ts:80:2 › Mock Flows - Core Functionality › mock flows do not require user credentials 

    Error: locator.isVisible: Error: strict mode violation: getByText(/access_token|id_token|code=/) resolved to 3 elements:
        1) <pre class="sc-itktkX iKlOV">{↵  "redirect_uri": "https://api.pingdemo.com/cal…</pre> aka getByText('{ "redirect_uri": "https://')
        2) <pre class="sc-itktkX iKlOV">{↵  "access_token": "eyJhbGciOiJSUzI1NiIsImtpZCI6…</pre> aka getByText('{ "access_token": "')
        3) <li>The response includes <ParameterHighlight>access_…</li> aka getByText('The response includes <')

    Call log:
        - checking visibility of getByText(/access_token|id_token|code=/)


      105 | 		} else {
      106 | 			// Check if flow already shows results/tokens
    > 107 | 			const hasTokens = await page.getByText(/access_token|id_token|code=/).isVisible();
          | 			                                                                      ^
      108 | 			if (hasTokens) {
      109 | 				console.log('✓ Flow already shows token results');
      110 | 			} else {
        at /Users/cmuir/P1Import-apps/oauth-playground/tests/e2e/mock-flows-final.spec.ts:107:74

    attachment #1: screenshot (image/png) ──────────────────────────────────────────────────────────
    ../../test-results/mock-flows-final-Mock-Flow-06f7d-ot-require-user-credentials-Mobile-Safari/test-failed-1.png
    ────────────────────────────────────────────────────────────────────────────────────────────────

    attachment #2: video (video/webm) ──────────────────────────────────────────────────────────────
    ../../test-results/mock-flows-final-Mock-Flow-06f7d-ot-require-user-credentials-Mobile-Safari/video.webm
    ────────────────────────────────────────────────────────────────────────────────────────────────

    Error Context: ../../test-results/mock-flows-final-Mock-Flow-06f7d-ot-require-user-credentials-Mobile-Safari/error-context.md
]]>
</failure>
<system-out>
<![CDATA[
[[ATTACHMENT|mock-flows-final-Mock-Flow-06f7d-ot-require-user-credentials-Mobile-Safari/test-failed-1.png]]

[[ATTACHMENT|mock-flows-final-Mock-Flow-06f7d-ot-require-user-credentials-Mobile-Safari/video.webm]]

[[ATTACHMENT|mock-flows-final-Mock-Flow-06f7d-ot-require-user-credentials-Mobile-Safari/error-context.md]]
]]>
</system-out>
</testcase>
<testcase name="Mock Flows - Core Functionality › mock flows handle navigation gracefully" classname="mock-flows-final.spec.ts" time="5.868">
<system-out>
<![CDATA[✓ /flows/client-credentials-v9 navigation handled gracefully
]]>
</system-out>
</testcase>
</testsuite>
<testsuite name="mock-flows-simple.spec.ts" timestamp="2026-03-22T13:31:33.877Z" hostname="Mobile Safari" tests="3" failures="0" skipped="0" time="26.854" errors="0">
<testcase name="Mock Flows - Basic Connectivity › can access frontend server" classname="mock-flows-simple.spec.ts" time="4.648">
</testcase>
<testcase name="Mock Flows - Basic Connectivity › can access a mock flow route" classname="mock-flows-simple.spec.ts" time="12.342">
<system-out>
<![CDATA[Page content length: [33m958501[39m
Has mock content: [33mtrue[39m
Has inputs/buttons: [33mtrue[39m
]]>
</system-out>
</testcase>
<testcase name="Mock Flows - Basic Connectivity › test multiple mock flow routes for basic loading" classname="mock-flows-simple.spec.ts" time="9.864">
<system-out>
<![CDATA[Testing: /flows/oidc-authorization-code-v9
  Title: MasterFlow API - PingOne Integration Platform
  Has errors: true
  ✓ Page loaded successfully
Testing: /flows/client-credentials-v9
  Title: MasterFlow API - PingOne Integration Platform
  Has errors: true
  ✓ Page loaded successfully
Testing: /flows/device-authorization-v9
  Title: MasterFlow API - PingOne Integration Platform
  Has errors: true
  ✓ Page loaded successfully
]]>
</system-out>
</testcase>
</testsuite>
<testsuite name="mock-flows.spec.ts" timestamp="2026-03-22T13:31:33.877Z" hostname="Mobile Safari" tests="9" failures="4" skipped="0" time="126.365" errors="0">
<testcase name="Mock Flows - OIDC › Authorization Code Flow › loads and displays pre-filled mock data" classname="mock-flows.spec.ts" time="8.13">
</testcase>
<testcase name="Mock Flows - OIDC › Authorization Code Flow › can navigate to authorization endpoint" classname="mock-flows.spec.ts" time="5.052">
</testcase>
<testcase name="Mock Flows - OIDC › Hybrid Flow › loads with pre-filled mock credentials" classname="mock-flows.spec.ts" time="8.996">
<system-out>
<![CDATA[Empty input found: Search flows and pages... (⌘K)
]]>
</system-out>
</testcase>
<testcase name="Mock Flows - OIDC › Implicit Flow › loads implicit grant flow with mock data" classname="mock-flows.spec.ts" time="5.285">
<failure message="mock-flows.spec.ts:133:3 loads implicit grant flow with mock data" type="FAILURE">
<![CDATA[  [Mobile Safari] › mock-flows.spec.ts:133:3 › Mock Flows - OIDC › Implicit Flow › loads implicit grant flow with mock data 

    Error: locator.isVisible: Error: strict mode violation: locator('main, .main-content, .flow-container, .container').first().getByText(/OAuth|OIDC|Token/i) resolved to 12 elements:
        1) <p>This flow simulates OAuth/OIDC endpoints for lear…</p> aka getByText('This flow simulates OAuth/')
        2) <p>…</p> aka getByText('The Implicit Flow is')
        3) <p class="sc-hKosrq gwnpvx">⚡ V9: Implicit Flow with OAuth 2.0 and OIDC varia…</p> aka getByText('⚡ V9: Implicit Flow with')
        4) <p>Implicit flow returns access tokens (and optional…</p> aka getByText('Implicit flow returns access')
        5) <p>Tokens appear in the redirect URL fragment (#...)…</p> aka getByText('Tokens appear in the redirect')
        6) <p>OAuth 2.0 Implicit Grant (RFC 6749 §4.2). Depreca…</p> aka getByText('OAuth 2.0 Implicit Grant (RFC')
        7) <li>Fewer round trips than authorization code (no tok…</li> aka getByText('Fewer round trips than')
        8) <li>Fragment keeps tokens out of server logs and refe…</li> aka getByText('Fragment keeps tokens out of')
        9) <p>…</p> aka getByText('Educational implementation: This is a mock implementation. No external IdP is')
        10) <button type="button">OAuth 2.0</button> aka getByRole('button', { name: 'OAuth' })
        ...

    Call log:
        - checking visibility of locator('main, .main-content, .flow-container, .container').first().getByText(/OAuth|OIDC|Token/i)


      145 | 				} else {
      146 | 					// Check if the page has any OAuth content as fallback
    > 147 | 					const hasOAuthContent = await mainContent.getByText(/OAuth|OIDC|Token/i).isVisible();
          | 					                                                                         ^
      148 | 					expect(hasOAuthContent).toBeTruthy();
      149 | 				}
      150 | 			} else {
        at /Users/cmuir/P1Import-apps/oauth-playground/tests/e2e/mock-flows.spec.ts:147:79

    attachment #1: screenshot (image/png) ──────────────────────────────────────────────────────────
    ../../test-results/mock-flows-Mock-Flows---OI-960ef-t-grant-flow-with-mock-data-Mobile-Safari/test-failed-1.png
    ────────────────────────────────────────────────────────────────────────────────────────────────

    attachment #2: video (video/webm) ──────────────────────────────────────────────────────────────
    ../../test-results/mock-flows-Mock-Flows---OI-960ef-t-grant-flow-with-mock-data-Mobile-Safari/video.webm
    ────────────────────────────────────────────────────────────────────────────────────────────────

    Error Context: ../../test-results/mock-flows-Mock-Flows---OI-960ef-t-grant-flow-with-mock-data-Mobile-Safari/error-context.md
]]>
</failure>
<system-out>
<![CDATA[
[[ATTACHMENT|mock-flows-Mock-Flows---OI-960ef-t-grant-flow-with-mock-data-Mobile-Safari/test-failed-1.png]]

[[ATTACHMENT|mock-flows-Mock-Flows---OI-960ef-t-grant-flow-with-mock-data-Mobile-Safari/video.webm]]

[[ATTACHMENT|mock-flows-Mock-Flows---OI-960ef-t-grant-flow-with-mock-data-Mobile-Safari/error-context.md]]
]]>
</system-out>
</testcase>
<testcase name="Mock Flows - OIDC › DPoP Flow › loads DPoP Authorization Code flow" classname="mock-flows.spec.ts" time="8.235">
</testcase>
<testcase name="Mock Flows - MCP &amp; Agent › Mock MCP Agent Flow › loads MCP agent flow with mock data" classname="mock-flows.spec.ts" time="7.633">
<failure message="mock-flows.spec.ts:206:3 loads MCP agent flow with mock data" type="FAILURE">
<![CDATA[  [Mobile Safari] › mock-flows.spec.ts:206:3 › Mock Flows - MCP & Agent › Mock MCP Agent Flow › loads MCP agent flow with mock data 

    Error: locator.isVisible: Error: strict mode violation: locator('main, .main-content, .flow-container, .container').first().getByText(/Agent|AI|Model/i) resolved to 15 elements:
        1) <p>This flow simulates an AI Agent using MCP tools a…</p> aka getByText('This flow simulates an AI')
        2) <h1 class="sc-gVJvzG lbZpzN">Mock MCP Agent Flow</h1> aka getByRole('heading', { name: 'Mock MCP Agent Flow' })
        3) <p class="sc-dOoqMn jEJFFf">🤖 Educational: Simulated Agent, MCP server, and T…</p> aka getByText('🤖 Educational: Simulated')
        4) <h3 class="sc-pKqrn cvMsGw">Secure AI Agent Authentication</h3> aka getByRole('button', { name: '🔐 Secure AI Agent' })
        5) <p class="sc-gvPdwM gHlQFt">Token storage, exchange, and MCP consent — read b…</p> aka getByRole('button', { name: '🔐 Secure AI Agent' })
        6) <p>…</p> aka getByText('Token storage: Never store')
        7) <p>…</p> aka getByText('MCP spec: Hosts must obtain')
        8) <p>Simulated Agent requests a worker token from the …</p> aka getByText('Simulated Agent requests a')
        9) <p>Agent exchanges the subject token for a new token…</p> aka getByText('Agent exchanges the subject')
        10) <p>Agent calls list-users with the exchanged token.</p> aka getByText('Agent calls list-users with')
        ...

    Call log:
        - checking visibility of locator('main, .main-content, .flow-container, .container').first().getByText(/Agent|AI|Model/i)


      218 | 				} else {
      219 | 					// Check if the page has any agent content as fallback
    > 220 | 					const hasAgentContent = await mainContent.getByText(/Agent|AI|Model/i).isVisible();
          | 					                                                                       ^
      221 | 					expect(hasAgentContent).toBeTruthy();
      222 | 				}
      223 | 			} else {
        at /Users/cmuir/P1Import-apps/oauth-playground/tests/e2e/mock-flows.spec.ts:220:77

    attachment #1: screenshot (image/png) ──────────────────────────────────────────────────────────
    ../../test-results/mock-flows-Mock-Flows---MC-757fb-P-agent-flow-with-mock-data-Mobile-Safari/test-failed-1.png
    ────────────────────────────────────────────────────────────────────────────────────────────────

    attachment #2: video (video/webm) ──────────────────────────────────────────────────────────────
    ../../test-results/mock-flows-Mock-Flows---MC-757fb-P-agent-flow-with-mock-data-Mobile-Safari/video.webm
    ────────────────────────────────────────────────────────────────────────────────────────────────

    Error Context: ../../test-results/mock-flows-Mock-Flows---MC-757fb-P-agent-flow-with-mock-data-Mobile-Safari/error-context.md
]]>
</failure>
<system-out>
<![CDATA[
[[ATTACHMENT|mock-flows-Mock-Flows---MC-757fb-P-agent-flow-with-mock-data-Mobile-Safari/test-failed-1.png]]

[[ATTACHMENT|mock-flows-Mock-Flows---MC-757fb-P-agent-flow-with-mock-data-Mobile-Safari/video.webm]]

[[ATTACHMENT|mock-flows-Mock-Flows---MC-757fb-P-agent-flow-with-mock-data-Mobile-Safari/error-context.md]]
]]>
</system-out>
</testcase>
<testcase name="Mock Flows - Error Handling › all mock flows handle navigation gracefully" classname="mock-flows.spec.ts" time="60.708">
<failure message="mock-flows.spec.ts:241:2 all mock flows handle navigation gracefully" type="FAILURE">
<![CDATA[  [Mobile Safari] › mock-flows.spec.ts:241:2 › Mock Flows - Error Handling › all mock flows handle navigation gracefully 

    Test timeout of 60000ms exceeded.

    attachment #1: screenshot (image/png) ──────────────────────────────────────────────────────────
    ../../test-results/mock-flows-Mock-Flows---Er-9be93-andle-navigation-gracefully-Mobile-Safari/test-failed-1.png
    ────────────────────────────────────────────────────────────────────────────────────────────────

    attachment #2: video (video/webm) ──────────────────────────────────────────────────────────────
    ../../test-results/mock-flows-Mock-Flows---Er-9be93-andle-navigation-gracefully-Mobile-Safari/video.webm
    ────────────────────────────────────────────────────────────────────────────────────────────────

    Error Context: ../../test-results/mock-flows-Mock-Flows---Er-9be93-andle-navigation-gracefully-Mobile-Safari/error-context.md
]]>
</failure>
<system-out>
<![CDATA[✗ /flows/oidc-authorization-code-v9 - Error: Error: locator.isVisible: Error: strict mode violation: locator('main, .main-content, .flow-container, .container').first().getByText(/OAuth|OIDC|Authorization|Client|Token|Flow|Mock|Educational/i) resolved to 51 elements:
    1) <strong>📚 Educational Mock Mode</strong> aka getByText('📚 Educational Mock Mode')
    2) <p>This flow is a simulated sandbox — no real networ…</p> aka getByText('This flow is a simulated')
    3) <h1 class="sc-gHCuMo gaKhVK">Authorization Code Flow (V9)</h1> aka getByRole('heading', { name: 'Authorization Code Flow (V9)' })
    4) <p class="sc-dkkA-Db iMQAPf">🔐 V9: Production-grade Authorization Code Flow wi…</p> aka getByText('🔐 V9: Production-grade')
    5) <div class="sc-eRdibq dgqIrI">PingOne MasterFlow API v9.16.23</div> aka getByText('PingOne MasterFlow API v9.16.')
    6) <button type="button" title="Reset flow">↻ Reset Flow</button> aka getByRole('button', { name: '↻ Reset Flow' })
    7) <h2>How Authorization Code Flow Works</h2> aka getByRole('heading', { name: 'How Authorization Code Flow' })
    8) <strong>authorization server</strong> aka getByText('authorization server')
    9) <div>Step 1 — Build the Authorization URL</div> aka getByText('Step 1 — Build the')
    10) <div>Your app redirects the user to PingOne with param…</div> aka getByText('Your app redirects the user')
    ...

Call log:
[2m    - checking visibility of locator('main, .main-content, .flow-container, .container').first().getByText(/OAuth|OIDC|Authorization|Client|Token|Flow|Mock|Educational/i)[22m

✗ /flows/oidc-hybrid-v9 - Error: Error: locator.isVisible: Error: strict mode violation: locator('main, .main-content, .flow-container, .container').first().getByText(/OAuth|OIDC|Authorization|Client|Token|Flow|Mock|Educational/i) resolved to 47 elements:
    1) <strong>📚 Educational Mock Mode</strong> aka getByText('📚 Educational Mock Mode')
    2) <p>Simulates OIDC Hybrid Flow in-browser. No externa…</p> aka getByText('Simulates OIDC Hybrid Flow in')
    3) <p>…</p> aka getByText('OIDC Hybrid Flow is')
    4) <h1 class="sc-gVcfYx jOAyXA">Hybrid Flow - Unified OAuth/OIDC</h1> aka getByRole('heading', { name: 'Hybrid Flow - Unified OAuth/' })
    5) <p class="sc-iBUNwM dikIpr">🔄 Unified OAuth/OIDC hybrid flow implementation -…</p> aka getByText('🔄 Unified OAuth/OIDC hybrid')
    6) <div class="sc-bguTAo gvuZNz">PingOne MasterFlow API v9.16.23</div> aka getByText('PingOne MasterFlow API v9.16.')
    7) <button type="button" title="Reset flow">↻ Reset Flow</button> aka getByRole('button', { name: '↻ Reset Flow' })
    8) <header>…</header> aka getByText('ℹ️ About this flow')
    9) <p>OIDC Hybrid flow returns both an authorization co…</p> aka getByText('OIDC Hybrid flow returns both')
    10) <p>The id_token in the front-channel response includ…</p> aka getByText('The id_token in the front-channel response includes a c_hash binding it to the')
    ...

Call log:
[2m    - checking visibility of locator('main, .main-content, .flow-container, .container').first().getByText(/OAuth|OIDC|Authorization|Client|Token|Flow|Mock|Educational/i)[22m

✗ /flows/ciba-v9 - Error: Error: locator.isVisible: Error: strict mode violation: locator('main, .main-content, .flow-container, .container').first().getByText(/OAuth|OIDC|Authorization|Client|Token|Flow|Mock|Educational/i) resolved to 17 elements:
    1) <strong>📚 Educational Mock Mode</strong> aka getByText('📚 Educational Mock Mode')
    2) <p>Simulates OIDC CIBA Core 1.0 in-browser. No exter…</p> aka getByText('Simulates OIDC CIBA Core 1.0')
    3) <h1 class="sc-cKccrY krYSpS">CIBA Flow (V9) — Client Initiated Backchannel Aut…</h1> aka getByRole('heading', { name: 'CIBA Flow (V9) — Client' })
    4) <p class="sc-cheYLD llesBS">🛡️ V9: Backchannel authentication flow for decoup…</p> aka getByText('🛡️ V9: Backchannel')
    5) <div class="sc-ebjlnS dKtRzF">PingOne MasterFlow API v9.16.23</div> aka getByText('PingOne MasterFlow API v9.16.')
    6) <button type="button" title="Reset flow">↻ Reset Flow</button> aka getByRole('button', { name: '↻ Reset Flow' })
    7) <header>…</header> aka getByText('ℹ️ About this flow')
    8) <p>CIBA (Client-Initiated Backchannel Authentication…</p> aka getByText('CIBA (Client-Initiated')
    9) <p>No browser redirect in the requesting app. The us…</p> aka getByText('No browser redirect in the requesting app. The user approves or denies on their')
    10) <p>OpenID Connect CIBA Core 1.0 (Client-Initiated Ba…</p> aka getByText('OpenID Connect CIBA Core 1.0')
    ...

Call log:
[2m    - checking visibility of locator('main, .main-content, .flow-container, .container').first().getByText(/OAuth|OIDC|Authorization|Client|Token|Flow|Mock|Educational/i)[22m

✗ /flows/client-credentials-v9 - Error: Error: locator.isVisible: Error: strict mode violation: locator('main, .main-content, .flow-container, .container').first().getByText(/OAuth|OIDC|Authorization|Client|Token|Flow|Mock|Educational/i) resolved to 33 elements:
    1) <strong>📚 Educational Mock Mode</strong> aka getByText('📚 Educational Mock Mode')
    2) <p>This flow simulates OAuth Client Credentials (RFC…</p> aka getByText('This flow simulates OAuth')
    3) <h1 class="sc-gHCuMo gaKhVK">Client Credentials Flow (V9)</h1> aka getByRole('heading', { name: 'Client Credentials Flow (V9)' })
    4) <p class="sc-dkkA-Db iMQAPf">🔑 V9: Machine-to-machine authentication for backe…</p> aka getByText('🔑 V9: Machine-to-machine')
    5) <div class="sc-eRdibq dgqIrI">PingOne MasterFlow API v9.16.23</div> aka getByText('PingOne MasterFlow API v9.16.')
    6) <button type="button" title="Reset flow">↻ Reset Flow</button> aka getByRole('button', { name: '↻ Reset Flow' })
    7) <header>…</header> aka getByText('ℹ️ About this flow')
    8) <p>The client credentials grant is used when the cli…</p> aka getByText('The client credentials grant')
    9) <p>No user is present; the client is the resource ow…</p> aka getByText('No user is present; the')
    10) <p>OAuth 2.0 Client Credentials Grant (RFC 6749 §4.4…</p> aka getByText('OAuth 2.0 Client Credentials')
    ...

Call log:
[2m    - checking visibility of locator('main, .main-content, .flow-container, .container').first().getByText(/OAuth|OIDC|Authorization|Client|Token|Flow|Mock|Educational/i)[22m

✗ /flows/device-authorization-v9 - Error: Error: locator.isVisible: Error: strict mode violation: locator('main, .main-content, .flow-container, .container').first().getByText(/OAuth|OIDC|Authorization|Client|Token|Flow|Mock|Educational/i) resolved to 20 elements:
    1) <strong>📚 Educational Mock Mode</strong> aka getByText('📚 Educational Mock Mode')
    2) <p>This flow simulates OAuth Device Authorization (R…</p> aka getByText('This flow simulates OAuth')
    3) <h1 class="sc-gHCuMo gaKhVK">Device Authorization Flow (V9)</h1> aka getByRole('heading', { name: 'Device Authorization Flow (V9)' })
    4) <p class="sc-dkkA-Db iMQAPf">📱 V9: Device Authorization Grant for TVs, IoT dev…</p> aka getByText('📱 V9: Device Authorization')
    5) <div class="sc-eRdibq dgqIrI">PingOne MasterFlow API v9.16.23</div> aka getByText('PingOne MasterFlow API v9.16.')
    6) <button type="button" title="Reset flow">↻ Reset Flow</button> aka getByRole('button', { name: '↻ Reset Flow' })
    7) <header>…</header> aka getByText('ℹ️ About this flow')
    8) <p>Device authorization is designed for input-constr…</p> aka getByText('Device authorization is')
    9) <p>Two steps: (1) device requests a user_code and ve…</p> aka getByText('Two steps: (1) device')
    10) <p>OAuth 2.0 Device Authorization Grant (RFC 8628).</p> aka getByText('OAuth 2.0 Device')
    ...

Call log:
[2m    - checking visibility of locator('main, .main-content, .flow-container, .container').first().getByText(/OAuth|OIDC|Authorization|Client|Token|Flow|Mock|Educational/i)[22m

✓ /flows/ropc-v9 loaded with content
✗ /flows/implicit-v9 - Error: Error: locator.isVisible: Error: strict mode violation: locator('main, .main-content, .flow-container, .container').first().getByText(/OAuth|OIDC|Authorization|Client|Token|Flow|Mock|Educational/i) resolved to 22 elements:
    1) <strong>📚 Educational Mock Mode</strong> aka getByText('📚 Educational Mock Mode')
    2) <p>This flow simulates OAuth/OIDC endpoints for lear…</p> aka getByText('This flow simulates OAuth/')
    3) <p>…</p> aka getByText('The Implicit Flow is')
    4) <h1 class="sc-fCmSaN dFHpUh">Implicit Flow (V9)</h1> aka getByRole('heading', { name: 'Implicit Flow (V9)' })
    5) <p class="sc-hKosrq gwnpvx">⚡ V9: Implicit Flow with OAuth 2.0 and OIDC varia…</p> aka getByText('⚡ V9: Implicit Flow with')
    6) <div class="sc-QKHsT gVmDGA">PingOne MasterFlow API v9.16.23</div> aka getByText('PingOne MasterFlow API v9.16.')
    7) <button type="button" title="Reset flow">↻ Reset Flow</button> aka getByRole('button', { name: '↻ Reset Flow' })
    8) <header>…</header> aka getByText('ℹ️ About this flow')
    9) <p>Implicit flow returns access tokens (and optional…</p> aka getByText('Implicit flow returns access')
    10) <p>Tokens appear in the redirect URL fragment (#...)…</p> aka getByText('Tokens appear in the redirect')
    ...

Call log:
[2m    - checking visibility of locator('main, .main-content, .flow-container, .container').first().getByText(/OAuth|OIDC|Authorization|Client|Token|Flow|Mock|Educational/i)[22m

✗ /flows/saml-bearer-assertion-v9 - Error: Error: locator.isVisible: Error: strict mode violation: locator('main, .main-content, .flow-container, .container').first().getByText(/OAuth|OIDC|Authorization|Client|Token|Flow|Mock|Educational/i) resolved to 21 elements:
    1) <strong>📚 Educational Mock Mode</strong> aka getByText('📚 Educational Mock Mode')
    2) <p>This flow simulates the OAuth 2.0 SAML Bearer Ass…</p> aka getByText('This flow simulates the OAuth')
    3) <p class="sc-dRGYJU byKcyG">🛡️ SAML Bearer with PingFederate/PingOne AIS exam…</p> aka getByText('🛡️ SAML Bearer with')
    4) <div class="sc-gbvfcT dmHHbz">PingOne MasterFlow API v9.16.23</div> aka getByText('PingOne MasterFlow API v9.16.')
    5) <button type="button" title="Reset flow">↻ Reset Flow</button> aka getByRole('button', { name: '↻ Reset Flow' })
    6) <div class="sc-flYmRq bCOqsq">The Environment ID will be used to auto-populate …</div> aka getByText('The Environment ID will be')
    7) <label class="sc-dgtOuY faPXFM">Client ID *</label> aka getByText('Client ID *')
    8) <label class="sc-dgtOuY faPXFM">Token Endpoint *</label> aka getByText('Token Endpoint *')
    9) <div class="sc-jGvJua kTzFMO">Configure the SAML assertion that will be used as…</div> aka getByText('Configure the SAML assertion')
    10) <label class="sc-dgtOuY faPXFM">Audience (Token Endpoint) *</label> aka getByText('Audience (Token Endpoint) *')
    ...

Call log:
[2m    - checking visibility of locator('main, .main-content, .flow-container, .container').first().getByText(/OAuth|OIDC|Authorization|Client|Token|Flow|Mock|Educational/i)[22m

✗ /flows/par-v9 - Error: Error: locator.isVisible: Error: strict mode violation: locator('main, .main-content, .flow-container, .container').first().getByText(/OAuth|OIDC|Authorization|Client|Token|Flow|Mock|Educational/i) resolved to 20 elements:
    1) <strong>📚 Educational Mock Mode</strong> aka getByText('📚 Educational Mock Mode')
    2) <p>This flow demonstrates Pushed Authorization Reque…</p> aka getByText('This flow demonstrates Pushed')
    3) <h1 class="sc-behkuy hkpNMR">Pushed Authorization Requests (PAR) Flow V9</h1> aka getByRole('heading', { name: 'Pushed Authorization Requests (PAR) Flow V9' })
    4) <p class="sc-jztukb fSEOKF">Push authorization parameters to the AS before re…</p> aka getByText('Push authorization parameters')
    5) <div class="sc-OIPhL kgFJBb">PingOne MasterFlow API v9.16.23</div> aka getByText('PingOne MasterFlow API v9.16.')
    6) <button type="button" title="Reset flow">↻ Reset Flow</button> aka getByRole('button', { name: '↻ Reset Flow' })
    7) <div>Authorization URL</div> aka getByRole('button', { name: 'Authorization URL 4 of' })
    8) <div>Token Exchange</div> aka getByRole('button', { name: 'Token Exchange 5 of' })
    9) <div>Flow Completion</div> aka getByRole('button', { name: 'Flow Completion 6 of' })
    10) <p>Understanding Pushed Authorization Requests</p> aka getByRole('main').getByText('Understanding Pushed')
    ...

Call log:
[2m    - checking visibility of locator('main, .main-content, .flow-container, .container').first().getByText(/OAuth|OIDC|Authorization|Client|Token|Flow|Mock|Educational/i)[22m

✗ /flows/rar-v9 - Error: Error: locator.isVisible: Error: strict mode violation: locator('main, .main-content, .flow-container, .container').first().getByText(/OAuth|OIDC|Authorization|Client|Token|Flow|Mock|Educational/i) resolved to 21 elements:
    1) <strong>📚 Educational Mock Mode</strong> aka getByText('📚 Educational Mock Mode')
    2) <p>This is a mock/educational implementation demonst…</p> aka getByText('This is a mock/educational').first()
    3) <h1 class="sc-behkuy hkpNMR">Rich Authorization Requests (RAR) Flow V9</h1> aka getByRole('heading', { name: 'Rich Authorization Requests (RAR) Flow V9' })
    4) <p class="sc-jztukb fSEOKF">Fine-grained OAuth authorization with structured …</p> aka getByText('Fine-grained OAuth')
    5) <div class="sc-OIPhL kgFJBb">PingOne MasterFlow API v9.16.23</div> aka getByText('PingOne MasterFlow API v9.16.')
    6) <button type="button" title="Reset flow">↻ Reset Flow</button> aka getByRole('button', { name: '↻ Reset Flow' })
    7) <div>Authorization Request</div> aka getByRole('button', { name: 'Authorization Request 3 of' })
    8) <div>Token Exchange</div> aka getByRole('button', { name: 'Token Exchange 4 of' })
    9) <div>Flow Completion</div> aka getByRole('button', { name: 'Flow Completion 5 of' })
    10) <p>Understanding Rich Authorization Requests</p> aka getByRole('main').getByText('Understanding Rich')
    ...

Call log:
[2m    - checking visibility of locator('main, .main-content, .flow-container, .container').first().getByText(/OAuth|OIDC|Authorization|Client|Token|Flow|Mock|Educational/i)[22m

✗ /flows/dpop-authorization-code-v9 - Error: Error: page.waitForTimeout: Test timeout of 60000ms exceeded.
✗ /flows/mock-mcp-agent-flow - Error: Error: page.goto: Target page, context or browser has been closed

[[ATTACHMENT|mock-flows-Mock-Flows---Er-9be93-andle-navigation-gracefully-Mobile-Safari/test-failed-1.png]]

[[ATTACHMENT|mock-flows-Mock-Flows---Er-9be93-andle-navigation-gracefully-Mobile-Safari/video.webm]]

[[ATTACHMENT|mock-flows-Mock-Flows---Er-9be93-andle-navigation-gracefully-Mobile-Safari/error-context.md]]
]]>
</system-out>
</testcase>
<testcase name="Mock Flows - Error Handling › mock flows do not require user credentials" classname="mock-flows.spec.ts" time="17.754">
<system-out>
<![CDATA[✓ /flows/oidc-authorization-code-v9 - All required fields pre-filled
✓ /flows/client-credentials-v9 - All required fields pre-filled
✓ /flows/device-authorization-v9 - All required fields pre-filled
]]>
</system-out>
</testcase>
<testcase name="Mock Flows - UI Consistency › all mock flows have consistent styling and layout" classname="mock-flows.spec.ts" time="4.572">
<failure message="mock-flows.spec.ts:341:2 all mock flows have consistent styling and layout" type="FAILURE">
<![CDATA[  [Mobile Safari] › mock-flows.spec.ts:341:2 › Mock Flows - UI Consistency › all mock flows have consistent styling and layout 

    Error: expect(received).toBeTruthy()

    Received: false

      356 | 				.locator('h1, h2')
      357 | 				.evaluateAll((els) => els.some((el) => el.getBoundingClientRect().height > 0));
    > 358 | 			expect(hasVisibleHeading).toBeTruthy();
          | 			                          ^
      359 |
      360 | 			// V9 flow pages use styled-components — class names are hash-based, not semantic.
      361 | 			// Confirm styled-component rendering via button count (checked fully below).
        at /Users/cmuir/P1Import-apps/oauth-playground/tests/e2e/mock-flows.spec.ts:358:30

    attachment #1: screenshot (image/png) ──────────────────────────────────────────────────────────
    ../../test-results/mock-flows-Mock-Flows---UI-d708a-nsistent-styling-and-layout-Mobile-Safari/test-failed-1.png
    ────────────────────────────────────────────────────────────────────────────────────────────────

    attachment #2: video (video/webm) ──────────────────────────────────────────────────────────────
    ../../test-results/mock-flows-Mock-Flows---UI-d708a-nsistent-styling-and-layout-Mobile-Safari/video.webm
    ────────────────────────────────────────────────────────────────────────────────────────────────

    Error Context: ../../test-results/mock-flows-Mock-Flows---UI-d708a-nsistent-styling-and-layout-Mobile-Safari/error-context.md
]]>
</failure>
<system-out>
<![CDATA[
[[ATTACHMENT|mock-flows-Mock-Flows---UI-d708a-nsistent-styling-and-layout-Mobile-Safari/test-failed-1.png]]

[[ATTACHMENT|mock-flows-Mock-Flows---UI-d708a-nsistent-styling-and-layout-Mobile-Safari/video.webm]]

[[ATTACHMENT|mock-flows-Mock-Flows---UI-d708a-nsistent-styling-and-layout-Mobile-Safari/error-context.md]]
]]>
</system-out>
</testcase>
</testsuite>
<testsuite name="playwright-setup.spec.ts" timestamp="2026-03-22T13:31:33.877Z" hostname="Mobile Safari" tests="3" failures="0" skipped="0" time="4.945" errors="0">
<testcase name="Playwright Setup Verification › Playwright is properly installed and configured" classname="playwright-setup.spec.ts" time="3.2">
</testcase>
<testcase name="Playwright Setup Verification › Can access local development server" classname="playwright-setup.spec.ts" time="0.708">
<system-out>
<![CDATA[Development server not running - this is expected for setup verification
]]>
</system-out>
</testcase>
<testcase name="Playwright Setup Verification › Playwright configuration is valid" classname="playwright-setup.spec.ts" time="1.037">
</testcase>
</testsuite>
<testsuite name="simple-server-test.spec.ts" timestamp="2026-03-22T13:31:33.877Z" hostname="Mobile Safari" tests="6" failures="0" skipped="0" time="40.152" errors="0">
<testcase name="Server Connectivity Tests › frontend server responds" classname="simple-server-test.spec.ts" time="4.485">
</testcase>
<testcase name="Server Connectivity Tests › backend API health check" classname="simple-server-test.spec.ts" time="1.111">
</testcase>
<testcase name="Server Connectivity Tests › can access simple page without React errors" classname="simple-server-test.spec.ts" time="6.112">
<system-out>
<![CDATA[Page title: MasterFlow API - PingOne Integration Platform
]]>
</system-out>
</testcase>
<testcase name="Server Connectivity Tests › can handle navigation to MFA route" classname="simple-server-test.spec.ts" time="15.335">
<system-out>
<![CDATA[Page content length: [33m952942[39m
Has MFA content: [33mtrue[39m
]]>
</system-out>
</testcase>
<testcase name="Error Handling Tests › handles 404 routes gracefully" classname="simple-server-test.spec.ts" time="4.015">
<system-out>
<![CDATA[404 route status: [33m200[39m
]]>
</system-out>
</testcase>
<testcase name="Error Handling Tests › can access AI Identity routes" classname="simple-server-test.spec.ts" time="9.094">
<system-out>
<![CDATA[Has AI content: [33mtrue[39m
]]>
</system-out>
</testcase>
</testsuite>
<testsuite name="unified-mfa.spec.ts" timestamp="2026-03-22T13:31:33.877Z" hostname="Mobile Safari" tests="24" failures="0" skipped="0" time="103.56" errors="0">
<testcase name="Unified MFA Flow - Navigation &amp; UI › loads Unified MFA page with proper title and content" classname="unified-mfa.spec.ts" time="3.846">
</testcase>
<testcase name="Unified MFA Flow - Navigation &amp; UI › displays device type selection screen" classname="unified-mfa.spec.ts" time="3.861">
</testcase>
<testcase name="Unified MFA Flow - Navigation &amp; UI › shows proper flow navigation elements" classname="unified-mfa.spec.ts" time="4.456">
</testcase>
<testcase name="Unified MFA - Device Type Selection › can select SMS device type" classname="unified-mfa.spec.ts" time="5.127">
</testcase>
<testcase name="Unified MFA - Device Type Selection › can select Email device type" classname="unified-mfa.spec.ts" time="5.015">
</testcase>
<testcase name="Unified MFA - Device Type Selection › can select TOTP device type" classname="unified-mfa.spec.ts" time="5.098">
</testcase>
<testcase name="Unified MFA - Device Type Selection › can select Mobile Push device type" classname="unified-mfa.spec.ts" time="2.908">
</testcase>
<testcase name="Unified MFA - Device Type Selection › can select WhatsApp device type" classname="unified-mfa.spec.ts" time="2.978">
</testcase>
<testcase name="Unified MFA - Device Type Selection › can select FIDO2 device type" classname="unified-mfa.spec.ts" time="3.284">
</testcase>
<testcase name="Unified MFA - Registration Flow › SMS registration flow works" classname="unified-mfa.spec.ts" time="3.413">
</testcase>
<testcase name="Unified MFA - Registration Flow › Email registration flow works" classname="unified-mfa.spec.ts" time="4.345">
</testcase>
<testcase name="Unified MFA - Registration Flow › TOTP registration flow shows QR code" classname="unified-mfa.spec.ts" time="7.769">
</testcase>
<testcase name="Unified MFA - Registration Flow › FIDO2 registration flow shows security key prompt" classname="unified-mfa.spec.ts" time="6.276">
</testcase>
<testcase name="Unified MFA - Form Validation › validates required fields" classname="unified-mfa.spec.ts" time="3.56">
</testcase>
<testcase name="Unified MFA - Form Validation › validates phone number format" classname="unified-mfa.spec.ts" time="6.157">
</testcase>
<testcase name="Unified MFA - Form Validation › validates email format" classname="unified-mfa.spec.ts" time="5.132">
</testcase>
<testcase name="Unified MFA - Error Handling › handles network errors gracefully" classname="unified-mfa.spec.ts" time="4.298">
</testcase>
<testcase name="Unified MFA - Error Handling › displays helpful error messages" classname="unified-mfa.spec.ts" time="4.559">
</testcase>
<testcase name="Unified MFA - Accessibility › has proper heading structure" classname="unified-mfa.spec.ts" time="3.058">
</testcase>
<testcase name="Unified MFA - Accessibility › has accessible form controls" classname="unified-mfa.spec.ts" time="3.278">
</testcase>
<testcase name="Unified MFA - Accessibility › supports keyboard navigation" classname="unified-mfa.spec.ts" time="5.662">
</testcase>
<testcase name="Unified MFA - Responsive Design › displays properly on mobile viewport" classname="unified-mfa.spec.ts" time="2.975">
</testcase>
<testcase name="Unified MFA - Responsive Design › displays properly on tablet viewport" classname="unified-mfa.spec.ts" time="3.003">
</testcase>
<testcase name="Unified MFA - Responsive Design › displays properly on desktop viewport" classname="unified-mfa.spec.ts" time="3.502">
</testcase>
</testsuite>
<testsuite name="unified-oauth-comprehensive.spec.ts" timestamp="2026-03-22T13:31:33.877Z" hostname="Mobile Safari" tests="16" failures="1" skipped="0" time="83.872" errors="0">
<testcase name="Unified OAuth - Core Functionality › unified oauth page loads successfully" classname="unified-oauth-comprehensive.spec.ts" time="4.852">
<failure message="unified-oauth-comprehensive.spec.ts:32:2 unified oauth page loads successfully" type="FAILURE">
<![CDATA[  [Mobile Safari] › unified-oauth-comprehensive.spec.ts:32:2 › Unified OAuth - Core Functionality › unified oauth page loads successfully 

    Error: expect(locator).toBeVisible() failed

    Locator: getByText(/Unified OAuth|OAuth Flow|Authorization/i)
    Expected: visible
    Error: strict mode violation: getByText(/Unified OAuth|OAuth Flow|Authorization/i) resolved to 3 elements:
        1) <span class="sidebar-ping__item-label">Unified OAuth & OIDC</span> aka getByRole('link', { name: 'Unified OAuth & OIDC LIVE' })
        2) <span class="sidebar-ping__item-label">CIBA vs Device Authorization Guide</span> aka getByRole('link', { name: 'CIBA vs Device Authorization' })
        3) <div class="sc-gEkIjA jTVGlF">Loading Unified OAuth Flow...</div> aka getByText('Loading Unified OAuth Flow...')

    Call log:
      - Expect "toBeVisible" with timeout 10000ms
      - waiting for getByText(/Unified OAuth|OAuth Flow|Authorization/i)


      35 |
      36 | 		// Look for main unified flow elements
    > 37 | 		await expect(page.getByText(/Unified OAuth|OAuth Flow|Authorization/i)).toBeVisible({
         | 		                                                                        ^
      38 | 			timeout: 10000,
      39 | 		});
      40 |
        at /Users/cmuir/P1Import-apps/oauth-playground/tests/e2e/unified-oauth-comprehensive.spec.ts:37:75

    attachment #1: screenshot (image/png) ──────────────────────────────────────────────────────────
    ../../test-results/unified-oauth-comprehensiv-0bf31-uth-page-loads-successfully-Mobile-Safari/test-failed-1.png
    ────────────────────────────────────────────────────────────────────────────────────────────────

    attachment #2: video (video/webm) ──────────────────────────────────────────────────────────────
    ../../test-results/unified-oauth-comprehensiv-0bf31-uth-page-loads-successfully-Mobile-Safari/video.webm
    ────────────────────────────────────────────────────────────────────────────────────────────────

    Error Context: ../../test-results/unified-oauth-comprehensiv-0bf31-uth-page-loads-successfully-Mobile-Safari/error-context.md
]]>
</failure>
<system-out>
<![CDATA[
[[ATTACHMENT|unified-oauth-comprehensiv-0bf31-uth-page-loads-successfully-Mobile-Safari/test-failed-1.png]]

[[ATTACHMENT|unified-oauth-comprehensiv-0bf31-uth-page-loads-successfully-Mobile-Safari/video.webm]]

[[ATTACHMENT|unified-oauth-comprehensiv-0bf31-uth-page-loads-successfully-Mobile-Safari/error-context.md]]
]]>
</system-out>
</testcase>
<testcase name="Unified OAuth - Core Functionality › all flow types are available in selector" classname="unified-oauth-comprehensive.spec.ts" time="3.077">
</testcase>
<testcase name="Unified OAuth - Core Functionality › all spec versions are available in selector" classname="unified-oauth-comprehensive.spec.ts" time="8.491">
</testcase>
<testcase name="Unified OAuth - Core Functionality › can navigate to different flow types via URL" classname="unified-oauth-comprehensive.spec.ts" time="9.798">
<system-out>
<![CDATA[Testing flow type: oauth-authz
⚠️  oauth-authz content not immediately visible
Testing flow type: implicit
⚠️  implicit content not immediately visible
Testing flow type: client-credentials
⚠️  client-credentials content not immediately visible
Testing flow type: device-code
⚠️  device-code content not immediately visible
Testing flow type: hybrid
⚠️  hybrid content not immediately visible
]]>
</system-out>
</testcase>
<testcase name="Unified OAuth - Core Functionality › authorization code flow loads with proper components" classname="unified-oauth-comprehensive.spec.ts" time="7.862">
<system-out>
<![CDATA[⚠️  Element not found: text=Authorization Code Flow
⚠️  Element not found: text=Client ID
⚠️  Element not found: text=Client Secret
⚠️  Element not found: text=Redirect URI
⚠️  Element not found: text=Scope
⚠️  Element not found: text=PKCE
Found 1 input fields
Found 0 action buttons
]]>
</system-out>
</testcase>
<testcase name="Unified OAuth - Core Functionality › client credentials flow loads with proper components" classname="unified-oauth-comprehensive.spec.ts" time="7.14">
<system-out>
<![CDATA[⚠️  Element not found: text=Client Credentials Flow
⚠️  Element not found: text=Client ID
⚠️  Element not found: text=Client Secret
⚠️  Element not found: text=Scope
⚠️  Element not found: text=Token Endpoint
✅ Redirect URI correctly absent in client credentials flow
]]>
</system-out>
</testcase>
<testcase name="Unified OAuth - Core Functionality › implicit flow loads with proper components" classname="unified-oauth-comprehensive.spec.ts" time="6.563">
<system-out>
<![CDATA[⚠️  Element not found: text=Implicit Flow
⚠️  Element not found: text=Client ID
⚠️  Element not found: text=Redirect URI
⚠️  Element not found: text=Response Type
⚠️  Element not found: text=token
]]>
</system-out>
</testcase>
<testcase name="Unified OAuth - Core Functionality › device code flow loads with proper components" classname="unified-oauth-comprehensive.spec.ts" time="6.625">
<system-out>
<![CDATA[⚠️  Element not found: text=Device Code Flow
⚠️  Element not found: text=Device Code
⚠️  Element not found: text=User Code
⚠️  Element not found: text=Verification URI
⚠️  Element not found: text=Poll
]]>
</system-out>
</testcase>
<testcase name="Unified OAuth - Core Functionality › hybrid flow loads with proper components" classname="unified-oauth-comprehensive.spec.ts" time="5.651">
<system-out>
<![CDATA[⚠️  Element not found: text=Hybrid Flow
⚠️  Element not found: text=Authorization Code
⚠️  Element not found: text=ID Token
⚠️  Element not found: text=Response Type
⚠️  Element not found: text=code id_token
]]>
</system-out>
</testcase>
<testcase name="Unified OAuth - Core Functionality › spec version filtering works correctly" classname="unified-oauth-comprehensive.spec.ts" time="6.188">
</testcase>
<testcase name="Unified OAuth - Flow Type Changes › can switch between flow types" classname="unified-oauth-comprehensive.spec.ts" time="2.455">
</testcase>
<testcase name="Unified OAuth - Flow Type Changes › can change spec versions" classname="unified-oauth-comprehensive.spec.ts" time="2.071">
</testcase>
<testcase name="Unified OAuth - Form Interactions › authorization code form accepts input" classname="unified-oauth-comprehensive.spec.ts" time="1.941">
</testcase>
<testcase name="Unified OAuth - Form Interactions › form validation works" classname="unified-oauth-comprehensive.spec.ts" time="4.11">
</testcase>
<testcase name="Unified OAuth - Token Display › token display area exists" classname="unified-oauth-comprehensive.spec.ts" time="4.092">
</testcase>
<testcase name="Unified OAuth - Token Display › can copy token to clipboard" classname="unified-oauth-comprehensive.spec.ts" time="2.956">
</testcase>
</testsuite>
<testsuite name="unified-oauth-simple.spec.ts" timestamp="2026-03-22T13:31:33.877Z" hostname="Mobile Safari" tests="17" failures="2" skipped="0" time="112.521" errors="0">
<testcase name="Unified OAuth - Simple Tests › unified oauth page loads" classname="unified-oauth-simple.spec.ts" time="2.6">
<failure message="unified-oauth-simple.spec.ts:17:2 unified oauth page loads" type="FAILURE">
<![CDATA[  [Mobile Safari] › unified-oauth-simple.spec.ts:17:2 › Unified OAuth - Simple Tests › unified oauth page loads 

    Error: expect(received).toBeGreaterThan(expected)

    Expected: > 0
    Received:   0

      28 | 		const forms = page.locator('form, input, select, button');
      29 | 		const formCount = await forms.count();
    > 30 | 		expect(formCount).toBeGreaterThan(0);
         | 		                  ^
      31 | 		console.log(`Found ${formCount} form elements`);
      32 | 	});
      33 |
        at /Users/cmuir/P1Import-apps/oauth-playground/tests/e2e/unified-oauth-simple.spec.ts:30:21

    attachment #1: screenshot (image/png) ──────────────────────────────────────────────────────────
    ../../test-results/unified-oauth-simple-Unifi-a0108-ts-unified-oauth-page-loads-Mobile-Safari/test-failed-1.png
    ────────────────────────────────────────────────────────────────────────────────────────────────

    attachment #2: video (video/webm) ──────────────────────────────────────────────────────────────
    ../../test-results/unified-oauth-simple-Unifi-a0108-ts-unified-oauth-page-loads-Mobile-Safari/video.webm
    ────────────────────────────────────────────────────────────────────────────────────────────────
]]>
</failure>
<system-out>
<![CDATA[
[[ATTACHMENT|unified-oauth-simple-Unifi-a0108-ts-unified-oauth-page-loads-Mobile-Safari/test-failed-1.png]]

[[ATTACHMENT|unified-oauth-simple-Unifi-a0108-ts-unified-oauth-page-loads-Mobile-Safari/video.webm]]
]]>
</system-out>
</testcase>
<testcase name="Unified OAuth - Simple Tests › can navigate to authorization code flow" classname="unified-oauth-simple.spec.ts" time="4.999">
</testcase>
<testcase name="Unified OAuth - Simple Tests › can navigate to client credentials flow" classname="unified-oauth-simple.spec.ts" time="3.416">
</testcase>
<testcase name="Unified OAuth - Simple Tests › can navigate to implicit flow" classname="unified-oauth-simple.spec.ts" time="2.77">
</testcase>
<testcase name="Unified OAuth - Simple Tests › can navigate to device code flow" classname="unified-oauth-simple.spec.ts" time="5.111">
</testcase>
<testcase name="Unified OAuth - Simple Tests › can navigate to hybrid flow" classname="unified-oauth-simple.spec.ts" time="4.219">
</testcase>
<testcase name="Unified OAuth - Simple Tests › can navigate with spec versions" classname="unified-oauth-simple.spec.ts" time="5.695">
</testcase>
<testcase name="Unified OAuth - Simple Tests › forms have input fields" classname="unified-oauth-simple.spec.ts" time="4.769">
<failure message="unified-oauth-simple.spec.ts:149:2 forms have input fields" type="FAILURE">
<![CDATA[  [Mobile Safari] › unified-oauth-simple.spec.ts:149:2 › Unified OAuth - Simple Tests › forms have input fields 

    Error: expect(received).toBeGreaterThan(expected)

    Expected: > 0
    Received:   0

      168 | 		// Should have at least some input fields
      169 | 		const totalInputs = textCount + passwordCount + textareaCount + selectCount;
    > 170 | 		expect(totalInputs).toBeGreaterThan(0);
          | 		                    ^
      171 | 	});
      172 |
      173 | 	test('has action buttons', async ({ page }) => {
        at /Users/cmuir/P1Import-apps/oauth-playground/tests/e2e/unified-oauth-simple.spec.ts:170:23

    attachment #1: screenshot (image/png) ──────────────────────────────────────────────────────────
    ../../test-results/unified-oauth-simple-Unifi-c8abf-sts-forms-have-input-fields-Mobile-Safari/test-failed-1.png
    ────────────────────────────────────────────────────────────────────────────────────────────────

    attachment #2: video (video/webm) ──────────────────────────────────────────────────────────────
    ../../test-results/unified-oauth-simple-Unifi-c8abf-sts-forms-have-input-fields-Mobile-Safari/video.webm
    ────────────────────────────────────────────────────────────────────────────────────────────────

    Error Context: ../../test-results/unified-oauth-simple-Unifi-c8abf-sts-forms-have-input-fields-Mobile-Safari/error-context.md
]]>
</failure>
<system-out>
<![CDATA[Found: 0 text inputs, 0 password inputs, 0 textareas, 0 selects

[[ATTACHMENT|unified-oauth-simple-Unifi-c8abf-sts-forms-have-input-fields-Mobile-Safari/test-failed-1.png]]

[[ATTACHMENT|unified-oauth-simple-Unifi-c8abf-sts-forms-have-input-fields-Mobile-Safari/video.webm]]

[[ATTACHMENT|unified-oauth-simple-Unifi-c8abf-sts-forms-have-input-fields-Mobile-Safari/error-context.md]]
]]>
</system-out>
</testcase>
<testcase name="Unified OAuth - Simple Tests › has action buttons" classname="unified-oauth-simple.spec.ts" time="25.845">
</testcase>
<testcase name="Unified OAuth - Simple Tests › has flow type selection mechanism" classname="unified-oauth-simple.spec.ts" time="9.214">
</testcase>
<testcase name="Unified OAuth - Simple Tests › has spec version selection mechanism" classname="unified-oauth-simple.spec.ts" time="5.914">
</testcase>
<testcase name="Unified OAuth - Simple Tests › handles invalid URLs gracefully" classname="unified-oauth-simple.spec.ts" time="8.8">
</testcase>
<testcase name="Unified OAuth - Simple Tests › page is responsive" classname="unified-oauth-simple.spec.ts" time="13.267">
<system-out>
<![CDATA[✅ Desktop size: 1200x800 - page loads
✅ Tablet size: 768x1024 - page loads
✅ Mobile size: 375x667 - page loads
]]>
</system-out>
</testcase>
<testcase name="Unified OAuth - Simple Tests › has token display area" classname="unified-oauth-simple.spec.ts" time="4.271">
</testcase>
<testcase name="Unified OAuth - Simple Tests › has help or documentation elements" classname="unified-oauth-simple.spec.ts" time="3.216">
</testcase>
<testcase name="Unified OAuth - Simple Tests › has navigation elements" classname="unified-oauth-simple.spec.ts" time="3.858">
</testcase>
<testcase name="Unified OAuth - Simple Tests › has status or feedback elements" classname="unified-oauth-simple.spec.ts" time="4.557">
</testcase>
</testsuite>
<testsuite name="unified-oauth.spec.ts" timestamp="2026-03-22T13:31:33.877Z" hostname="Mobile Safari" tests="7" failures="2" skipped="0" time="43.971" errors="0">
<testcase name="Unified OAuth - Navigation &amp; UI › loads Unified OAuth page and shows flow content" classname="unified-oauth.spec.ts" time="4.542">
<failure message="unified-oauth.spec.ts:14:2 loads Unified OAuth page and shows flow content" type="FAILURE">
<![CDATA[  [Mobile Safari] › unified-oauth.spec.ts:14:2 › Unified OAuth - Navigation & UI › loads Unified OAuth page and shows flow content 

    Error: expect(locator).toBeVisible() failed

    Locator: getByRole('combobox', { name: /Flow Type|Grant type/i }).or(getByText(/Unified OAuth|Configure Credentials|Authorization Code/i))
    Expected: visible
    Error: strict mode violation: getByRole('combobox', { name: /Flow Type|Grant type/i }).or(getByText(/Unified OAuth|Configure Credentials|Authorization Code/i)) resolved to 2 elements:
        1) <span class="sidebar-ping__item-label">Unified OAuth & OIDC</span> aka getByRole('link', { name: 'Unified OAuth & OIDC LIVE' })
        2) <div class="sc-gEkIjA jTVGlF">Loading Unified OAuth Flow...</div> aka getByText('Loading Unified OAuth Flow...')

    Call log:
      - Expect "toBeVisible" with timeout 10000ms
      - waiting for getByRole('combobox', { name: /Flow Type|Grant type/i }).or(getByText(/Unified OAuth|Configure Credentials|Authorization Code/i))


      19 | 				page.getByText(/Unified OAuth|Configure Credentials|Authorization Code/i)
      20 | 			)
    > 21 | 		).toBeVisible({ timeout: 10000 });
         | 		  ^
      22 | 	});
      23 |
      24 | 	test('navigates to Authorization Code flow', async ({ page }) => {
        at /Users/cmuir/P1Import-apps/oauth-playground/tests/e2e/unified-oauth.spec.ts:21:5

    attachment #1: screenshot (image/png) ──────────────────────────────────────────────────────────
    ../../test-results/unified-oauth-Unified-OAut-12899-page-and-shows-flow-content-Mobile-Safari/test-failed-1.png
    ────────────────────────────────────────────────────────────────────────────────────────────────

    attachment #2: video (video/webm) ──────────────────────────────────────────────────────────────
    ../../test-results/unified-oauth-Unified-OAut-12899-page-and-shows-flow-content-Mobile-Safari/video.webm
    ────────────────────────────────────────────────────────────────────────────────────────────────

    Error Context: ../../test-results/unified-oauth-Unified-OAut-12899-page-and-shows-flow-content-Mobile-Safari/error-context.md
]]>
</failure>
<system-out>
<![CDATA[
[[ATTACHMENT|unified-oauth-Unified-OAut-12899-page-and-shows-flow-content-Mobile-Safari/test-failed-1.png]]

[[ATTACHMENT|unified-oauth-Unified-OAut-12899-page-and-shows-flow-content-Mobile-Safari/video.webm]]

[[ATTACHMENT|unified-oauth-Unified-OAut-12899-page-and-shows-flow-content-Mobile-Safari/error-context.md]]
]]>
</system-out>
</testcase>
<testcase name="Unified OAuth - Navigation &amp; UI › navigates to Authorization Code flow" classname="unified-oauth.spec.ts" time="6.99">
<failure message="unified-oauth.spec.ts:24:2 navigates to Authorization Code flow" type="FAILURE">
<![CDATA[  [Mobile Safari] › unified-oauth.spec.ts:24:2 › Unified OAuth - Navigation & UI › navigates to Authorization Code flow 

    Error: expect(locator).toBeVisible() failed

    Locator: getByText(/Authorization Code|Configure|Credentials/i)
    Expected: visible
    Error: strict mode violation: getByText(/Authorization Code|Configure|Credentials/i) resolved to 34 elements:
        1) <strong>Authorization Code Flow</strong> aka getByRole('strong').filter({ hasText: /^Authorization Code Flow$/ })
        2) <strong>Client Credentials Flow</strong> aka getByText('Client Credentials Flow')
        3) <button type="button" class="nav-link-btn nav-btn-authz active" title="OAuth 2.0 Authorization Code Flow">🔐 Authorization Code</button> aka getByRole('button', { name: '🔐 Authorization Code' })
        4) <button type="button" title="OAuth 2.0 Client Credentials Flow" class="nav-link-btn nav-btn-client-creds ">🔑 Client Credentials</button> aka getByRole('button', { name: '🔑 Client Credentials' })
        5) <option value="oauth-authz">Authorization Code</option> aka getByLabel('Flow Type (Grant type)')
        6) <option value="client-credentials">Client Credentials</option> aka getByLabel('Flow Type (Grant type)')
        7) <a target="_blank" rel="noopener noreferrer" href="https://apidocs.pingidentity.com/pingone/platform/v1/api/#authorization-and-authentication-apis-authorize-authorization-code">View PingOne API Docs for Authorization Code Flow</a> aka getByRole('link', { name: 'View PingOne API Docs for' })
        8) <a target="_blank" rel="noopener noreferrer" href="https://datatracker.ietf.org/doc/html/rfc6749#section-4.1">Section 4.1 - Authorization Code Grant</a> aka getByRole('link', { name: 'Section 4.1 - Authorization' })
        9) <span>…</span> aka getByText('Flow Type Security: Authorization code flow is secure')
        10) <span>Configuration & Credentials</span> aka getByRole('button', { name: '🔧 Configuration &' })
        ...

    Call log:
      - Expect "toBeVisible" with timeout 5000ms
      - waiting for getByText(/Authorization Code|Configure|Credentials/i)


      27 | 		await expect(
      28 | 			page.getByText(/Authorization Code|Configure|Credentials/i)
    > 29 | 		).toBeVisible({ timeout: 5000 });
         | 		  ^
      30 | 	});
      31 |
      32 | 	test('navigates to Implicit flow', async ({ page }) => {
        at /Users/cmuir/P1Import-apps/oauth-playground/tests/e2e/unified-oauth.spec.ts:29:5

    attachment #1: screenshot (image/png) ──────────────────────────────────────────────────────────
    ../../test-results/unified-oauth-Unified-OAut-7a777--to-Authorization-Code-flow-Mobile-Safari/test-failed-1.png
    ────────────────────────────────────────────────────────────────────────────────────────────────

    attachment #2: video (video/webm) ──────────────────────────────────────────────────────────────
    ../../test-results/unified-oauth-Unified-OAut-7a777--to-Authorization-Code-flow-Mobile-Safari/video.webm
    ────────────────────────────────────────────────────────────────────────────────────────────────

    Error Context: ../../test-results/unified-oauth-Unified-OAut-7a777--to-Authorization-Code-flow-Mobile-Safari/error-context.md
]]>
</failure>
<system-out>
<![CDATA[
[[ATTACHMENT|unified-oauth-Unified-OAut-7a777--to-Authorization-Code-flow-Mobile-Safari/test-failed-1.png]]

[[ATTACHMENT|unified-oauth-Unified-OAut-7a777--to-Authorization-Code-flow-Mobile-Safari/video.webm]]

[[ATTACHMENT|unified-oauth-Unified-OAut-7a777--to-Authorization-Code-flow-Mobile-Safari/error-context.md]]
]]>
</system-out>
</testcase>
<testcase name="Unified OAuth - Navigation &amp; UI › navigates to Implicit flow" classname="unified-oauth.spec.ts" time="6.038">
</testcase>
<testcase name="Unified OAuth - Navigation &amp; UI › navigates to Client Credentials flow" classname="unified-oauth.spec.ts" time="4.602">
</testcase>
<testcase name="Unified OAuth - Navigation &amp; UI › navigates to Device Code flow" classname="unified-oauth.spec.ts" time="5.662">
</testcase>
<testcase name="Unified OAuth - Navigation &amp; UI › sidebar link to Unified OAuth works" classname="unified-oauth.spec.ts" time="7.514">
</testcase>
<testcase name="Unified OAuth - Flow Type Selector › changing flow type updates URL" classname="unified-oauth.spec.ts" time="8.623">
</testcase>
</testsuite>
</testsuites>